Wed Nov 19 19:47:16 2025: Running xcd server. This server was built by gradle.
Wed Nov 19 19:47:16 2025: Server was asked to start on port: '39631'
Wed Nov 19 19:47:16 2025: Server is using token UUID: '0525692c-5dc9-440e-86d7-99cf12dd2ddd'
Wed Nov 19 19:47:16 2025: SESSION_MGR: creating session with session uuid: '6d04a3e9-ade5-4ab9-8d63-1f78fcd2ec76' and name 'default'
Wed Nov 19 19:47:16 2025: Attempting to start server on port '39631'
Wed Nov 19 19:47:16 2025: XCD main fifo: created main fifo '/tmp/xcdmain0525692c-5dc9-440e-86d7-99cf12dd2ddd', fd read = 15
Wed Nov 19 19:47:16 2025: Running Dispatch Server
Wed Nov 19 19:47:16 2025: Version 2.2.0
Wed Nov 19 19:47:17 2025: Dispatch Server: Accepted socket connection from client
Wed Nov 19 19:47:17 2025: Starting Socket connection
Wed Nov 19 19:47:17 2025: EXCHANGE_TOKEN received, server token: 0525692c-5dc9-440e-86d7-99cf12dd2ddd, passed token: 0525692c-5dc9-440e-86d7-99cf12dd2ddd
Wed Nov 19 19:47:17 2025: SESSION_MGR: creating session with session uuid: '5b47b107-3ed8-4ea5-9bf7-3486fbf43815' and name 'vitis_hls'
Wed Nov 19 19:47:17 2025: KERNEL_SVC: creating session with uuid: '5b47b107-3ed8-4ea5-9bf7-3486fbf43815' and name 'vitis_hls'
Wed Nov 19 19:47:17 2025: GUIDANCE_SMGR: creating guidance session with uuid: '5b47b107-3ed8-4ea5-9bf7-3486fbf43815' and name 'vitis_hls'
Wed Nov 19 19:47:30 2025: Running xcd server. This server was built by gradle.
Wed Nov 19 19:47:30 2025: Server was asked to start on port: '37063'
Wed Nov 19 19:47:30 2025: Server is using token UUID: 'ce0a67fd-8721-422e-9dde-25d6ea901970'
Wed Nov 19 19:47:30 2025: SESSION_MGR: creating session with session uuid: '6d04a3e9-ade5-4ab9-8d63-1f78fcd2ec76' and name 'default'
Wed Nov 19 19:47:30 2025: Attempting to start server on port '37063'
Wed Nov 19 19:47:30 2025: XCD main fifo: created main fifo '/tmp/xcdmaince0a67fd-8721-422e-9dde-25d6ea901970', fd read = 16
Wed Nov 19 19:47:30 2025: Running Dispatch Server
Wed Nov 19 19:47:30 2025: Version 2.2.0
Wed Nov 19 19:47:31 2025: Dispatch Server: Accepted socket connection from client
Wed Nov 19 19:47:31 2025: Starting Socket connection
Wed Nov 19 19:47:31 2025: EXCHANGE_TOKEN received, server token: ce0a67fd-8721-422e-9dde-25d6ea901970, passed token: ce0a67fd-8721-422e-9dde-25d6ea901970
Wed Nov 19 19:47:31 2025: SESSION_MGR: creating session with session uuid: '3b928d20-ad36-455d-987c-9f115bcd9a2a' and name 'vitis_hls'
Wed Nov 19 19:47:31 2025: KERNEL_SVC: creating session with uuid: '3b928d20-ad36-455d-987c-9f115bcd9a2a' and name 'vitis_hls'
Wed Nov 19 19:47:31 2025: GUIDANCE_SMGR: creating guidance session with uuid: '3b928d20-ad36-455d-987c-9f115bcd9a2a' and name 'vitis_hls'
Wed Nov 19 19:47:31 2025: STOP_SERVER received, server token: 0525692c-5dc9-440e-86d7-99cf12dd2ddd, passed token: 0525692c-5dc9-440e-86d7-99cf12dd2ddd
Wed Nov 19 19:47:31 2025: Socket received request to stop server.
Wed Nov 19 19:47:31 2025: Dispatch Server: do_await_stop
Wed Nov 19 19:47:31 2025: Dispatch Server: stopping mainFifo_
Wed Nov 19 19:47:31 2025: XCD main fifo: Stopping
Wed Nov 19 19:47:31 2025: XCD main fifo: do_read error code: Operation canceled
Wed Nov 19 19:47:31 2025: XCD main fifo: bytes_transferred: 0
Wed Nov 19 19:47:31 2025: SERVER: destructor for server bound to port 39631
Wed Nov 19 19:47:31 2025: XCD main fifo: Good unlink of /tmp/xcdmain0525692c-5dc9-440e-86d7-99cf12dd2ddd
Wed Nov 19 19:47:31 2025: Server exiting with status 0.
Wed Nov 19 19:47:31 2025: Closing log file.
Wed Nov 19 19:47:58 2025: STOP_SERVER received, server token: ce0a67fd-8721-422e-9dde-25d6ea901970, passed token: ce0a67fd-8721-422e-9dde-25d6ea901970
Wed Nov 19 19:47:58 2025: Socket received request to stop server.
Wed Nov 19 19:47:58 2025: Dispatch Server: do_await_stop
Wed Nov 19 19:47:58 2025: Dispatch Server: stopping mainFifo_
Wed Nov 19 19:47:58 2025: XCD main fifo: Stopping
Wed Nov 19 19:47:58 2025: XCD main fifo: do_read error code: Operation canceled
Wed Nov 19 19:47:58 2025: XCD main fifo: bytes_transferred: 0
Wed Nov 19 19:47:58 2025: SERVER: destructor for server bound to port 37063
Wed Nov 19 19:47:58 2025: XCD main fifo: Good unlink of /tmp/xcdmaince0a67fd-8721-422e-9dde-25d6ea901970
Wed Nov 19 19:47:58 2025: Server exiting with status 0.
Wed Nov 19 19:47:58 2025: Closing log file.
