

================================================================
== Vitis HLS Report for 'mult_mxint_mant'
================================================================
* Date:           Wed Nov 12 13:37:20 2025

* Version:        2025.1 (Build 6135595 on May 21 2025)
* Project:        solution_multiplication_mant_component
* Solution:       hls (Vivado IP Flow Target)
* Product family: zynq
* Target device:  xc7z020-clg400-1


================================================================
== Performance Estimates
================================================================
+ Timing: 
    * Summary: 
    +--------+----------+----------+------------+
    |  Clock |  Target  | Estimated| Uncertainty|
    +--------+----------+----------+------------+
    |ap_clk  |  1.00 sec|  2.340 ns|    0.27 sec|
    +--------+----------+----------+------------+

+ Latency: 
    * Summary: 
    +---------+---------+----------+----------+-----+-----+---------+
    |  Latency (cycles) |  Latency (absolute) |  Interval | Pipeline|
    |   min   |   max   |    min   |    max   | min | max |   Type  |
    +---------+---------+----------+----------+-----+-----+---------+
    |        0|        0|      0 ns|      0 ns|    1|    1|       no|
    +---------+---------+----------+----------+-----+-----+---------+

    + Detail: 
        * Instance: 
        N/A

        * Loop: 
        N/A



================================================================
== Utilization Estimates
================================================================
* Summary: 
+-----------------+---------+-----+--------+-------+-----+
|       Name      | BRAM_18K| DSP |   FF   |  LUT  | URAM|
+-----------------+---------+-----+--------+-------+-----+
|DSP              |        -|    -|       -|      -|    -|
|Expression       |        -|    -|       -|      -|    -|
|FIFO             |        -|    -|       -|      -|    -|
|Instance         |        -|    0|       0|     13|    -|
|Memory           |        -|    -|       -|      -|    -|
|Multiplexer      |        -|    -|       -|      -|    -|
|Register         |        -|    -|       -|      -|    -|
+-----------------+---------+-----+--------+-------+-----+
|Total            |        0|    0|       0|     13|    0|
+-----------------+---------+-----+--------+-------+-----+
|Available        |      280|  220|  106400|  53200|    0|
+-----------------+---------+-----+--------+-------+-----+
|Utilization (%)  |        0|    0|       0|     ~0|    0|
+-----------------+---------+-----+--------+-------+-----+

+ Detail: 
    * Instance: 
    +--------------------+-----------------+---------+----+---+----+-----+
    |      Instance      |      Module     | BRAM_18K| DSP| FF| LUT| URAM|
    +--------------------+-----------------+---------+----+---+----+-----+
    |mul_4s_4s_4_1_1_U1  |mul_4s_4s_4_1_1  |        0|   0|  0|  13|    0|
    +--------------------+-----------------+---------+----+---+----+-----+
    |Total               |                 |        0|   0|  0|  13|    0|
    +--------------------+-----------------+---------+----+---+----+-----+

    * DSP: 
    N/A

    * Memory: 
    N/A

    * FIFO: 
    N/A

    * Expression: 
    N/A

    * Multiplexer: 
    N/A

    * Register: 
    N/A



================================================================
== Interface
================================================================
* Summary: 
+-----------+-----+-----+------------+-----------------+--------------+
| RTL Ports | Dir | Bits|  Protocol  |  Source Object  |    C Type    |
+-----------+-----+-----+------------+-----------------+--------------+
|ap_start   |   in|    1|  ap_ctrl_hs|  mult_mxint_mant|  return value|
|ap_done    |  out|    1|  ap_ctrl_hs|  mult_mxint_mant|  return value|
|ap_idle    |  out|    1|  ap_ctrl_hs|  mult_mxint_mant|  return value|
|ap_ready   |  out|    1|  ap_ctrl_hs|  mult_mxint_mant|  return value|
|ap_return  |  out|    4|  ap_ctrl_hs|  mult_mxint_mant|  return value|
|ap_rst     |   in|    1|  ap_ctrl_hs|  mult_mxint_mant|  return value|
|m1         |   in|    4|     ap_none|               m1|        scalar|
|m2         |   in|    4|     ap_none|               m2|        scalar|
+-----------+-----+-----+------------+-----------------+--------------+

