Wed Nov 19 15:20:09 2025: Running xcd server. This server was built by gradle.
Wed Nov 19 15:20:09 2025: Server was asked to start on port: '35533'
Wed Nov 19 15:20:09 2025: Server is using token UUID: 'b7ed2739-8ed1-4abf-a08e-0309fdfa0a01'
Wed Nov 19 15:20:09 2025: SESSION_MGR: creating session with session uuid: '6d04a3e9-ade5-4ab9-8d63-1f78fcd2ec76' and name 'default'
Wed Nov 19 15:20:09 2025: Attempting to start server on port '35533'
Wed Nov 19 15:20:09 2025: XCD main fifo: created main fifo '/tmp/xcdmainb7ed2739-8ed1-4abf-a08e-0309fdfa0a01', fd read = 15
Wed Nov 19 15:20:09 2025: Running Dispatch Server
Wed Nov 19 15:20:09 2025: Version 2.2.0
Wed Nov 19 15:20:10 2025: Dispatch Server: Accepted socket connection from client
Wed Nov 19 15:20:10 2025: Starting Socket connection
Wed Nov 19 15:20:10 2025: EXCHANGE_TOKEN received, server token: b7ed2739-8ed1-4abf-a08e-0309fdfa0a01, passed token: b7ed2739-8ed1-4abf-a08e-0309fdfa0a01
Wed Nov 19 15:20:10 2025: SESSION_MGR: creating session with session uuid: '26a22c2a-7bff-4625-be1a-b94e31f2edf8' and name 'vitis_hls'
Wed Nov 19 15:20:10 2025: KERNEL_SVC: creating session with uuid: '26a22c2a-7bff-4625-be1a-b94e31f2edf8' and name 'vitis_hls'
Wed Nov 19 15:20:10 2025: GUIDANCE_SMGR: creating guidance session with uuid: '26a22c2a-7bff-4625-be1a-b94e31f2edf8' and name 'vitis_hls'
Wed Nov 19 15:20:23 2025: Running xcd server. This server was built by gradle.
Wed Nov 19 15:20:23 2025: Server was asked to start on port: '39397'
Wed Nov 19 15:20:23 2025: Server is using token UUID: '20e1d213-d0c4-4e5f-bf5b-e2bda9d644a4'
Wed Nov 19 15:20:23 2025: SESSION_MGR: creating session with session uuid: '6d04a3e9-ade5-4ab9-8d63-1f78fcd2ec76' and name 'default'
Wed Nov 19 15:20:23 2025: Attempting to start server on port '39397'
Wed Nov 19 15:20:23 2025: XCD main fifo: created main fifo '/tmp/xcdmain20e1d213-d0c4-4e5f-bf5b-e2bda9d644a4', fd read = 16
Wed Nov 19 15:20:23 2025: Running Dispatch Server
Wed Nov 19 15:20:23 2025: Version 2.2.0
Wed Nov 19 15:20:24 2025: Dispatch Server: Accepted socket connection from client
Wed Nov 19 15:20:24 2025: Starting Socket connection
Wed Nov 19 15:20:24 2025: EXCHANGE_TOKEN received, server token: 20e1d213-d0c4-4e5f-bf5b-e2bda9d644a4, passed token: 20e1d213-d0c4-4e5f-bf5b-e2bda9d644a4
Wed Nov 19 15:20:24 2025: SESSION_MGR: creating session with session uuid: 'b23befcd-fb42-4947-b286-5f98d7e48b26' and name 'vitis_hls'
Wed Nov 19 15:20:24 2025: KERNEL_SVC: creating session with uuid: 'b23befcd-fb42-4947-b286-5f98d7e48b26' and name 'vitis_hls'
Wed Nov 19 15:20:24 2025: GUIDANCE_SMGR: creating guidance session with uuid: 'b23befcd-fb42-4947-b286-5f98d7e48b26' and name 'vitis_hls'
Wed Nov 19 15:20:24 2025: STOP_SERVER received, server token: b7ed2739-8ed1-4abf-a08e-0309fdfa0a01, passed token: b7ed2739-8ed1-4abf-a08e-0309fdfa0a01
Wed Nov 19 15:20:24 2025: Socket received request to stop server.
Wed Nov 19 15:20:24 2025: Dispatch Server: do_await_stop
Wed Nov 19 15:20:24 2025: Dispatch Server: stopping mainFifo_
Wed Nov 19 15:20:24 2025: XCD main fifo: Stopping
Wed Nov 19 15:20:24 2025: XCD main fifo: do_read error code: Operation canceled
Wed Nov 19 15:20:24 2025: XCD main fifo: bytes_transferred: 0
Wed Nov 19 15:20:24 2025: SERVER: destructor for server bound to port 35533
Wed Nov 19 15:20:24 2025: XCD main fifo: Good unlink of /tmp/xcdmainb7ed2739-8ed1-4abf-a08e-0309fdfa0a01
Wed Nov 19 15:20:24 2025: Server exiting with status 0.
Wed Nov 19 15:20:24 2025: Closing log file.
Wed Nov 19 15:20:51 2025: STOP_SERVER received, server token: 20e1d213-d0c4-4e5f-bf5b-e2bda9d644a4, passed token: 20e1d213-d0c4-4e5f-bf5b-e2bda9d644a4
Wed Nov 19 15:20:51 2025: Socket received request to stop server.
Wed Nov 19 15:20:51 2025: Dispatch Server: do_await_stop
Wed Nov 19 15:20:51 2025: Dispatch Server: stopping mainFifo_
Wed Nov 19 15:20:51 2025: XCD main fifo: Stopping
Wed Nov 19 15:20:51 2025: XCD main fifo: do_read error code: Operation canceled
Wed Nov 19 15:20:51 2025: XCD main fifo: bytes_transferred: 0
Wed Nov 19 15:20:51 2025: SERVER: destructor for server bound to port 39397
Wed Nov 19 15:20:51 2025: XCD main fifo: Good unlink of /tmp/xcdmain20e1d213-d0c4-4e5f-bf5b-e2bda9d644a4
Wed Nov 19 15:20:51 2025: Server exiting with status 0.
Wed Nov 19 15:20:51 2025: Closing log file.
