Execute         source -notrace -encoding utf-8 /tools/Xilinx/2025.1/Vitis/tps/tcl/tcl8.6/clock.tcl 
Execute           source -encoding utf-8 /tools/Xilinx/2025.1/tps/tcl/tcl8/8.5/msgcat-1.6.1.tm 
INFO-FLOW: Workspace /home/joe/Desktop/Uni/Year_4/Dissertation/Program-Synthesis-for-Efficient-ML/results/HLS/solution_addition_alignment/solution_addition_alignment_component/hls opened at Tue Nov 04 11:49:41 GMT 2025
Execute         send_msg_by_id INFO @200-1505@%s%s  vivado 
INFO: [HLS 200-1505] Using flow_target 'vivado'
Execute         write_component 
Execute           source /tools/Xilinx/2025.1/Vitis/tps/tcl/tcllib2.0/yaml/huddle.tcl 
Execute             source /tools/Xilinx/2025.1/tps/tcl/tcllib2.0/yaml/huddle_types.tcl 
Execute           source /tools/Xilinx/2025.1/Vitis/tps/tcl/tcllib2.0/yaml/json2huddle.tcl 
Execute             source /tools/Xilinx/2025.1/Vitis/tps/tcl/tcllib2.0/try/try.tcl 
Execute           send_msg_by_id INFO @200-2176@%s /home/joe/Desktop/Uni/Year_4/Dissertation/Program-Synthesis-for-Efficient-ML/results/HLS/solution_addition_alignment/solution_addition_alignment_component/vitis-comp.json 
INFO: [HLS 200-2176] Writing Vitis IDE component file /home/joe/Desktop/Uni/Year_4/Dissertation/Program-Synthesis-for-Efficient-ML/results/HLS/solution_addition_alignment/solution_addition_alignment_component/vitis-comp.json
Execute         write_ini /home/joe/Desktop/Uni/Year_4/Dissertation/Program-Synthesis-for-Efficient-ML/results/HLS/solution_addition_alignment/solution_addition_alignment_component/hls_config.cfg -apsfile /home/joe/Desktop/Uni/Year_4/Dissertation/Program-Synthesis-for-Efficient-ML/results/HLS/solution_addition_alignment/solution_addition_alignment_component/hls/hls.aps -filepaths relative 
Execute           send_msg_by_id INFO @200-1915@%s /home/joe/Desktop/Uni/Year_4/Dissertation/Program-Synthesis-for-Efficient-ML/results/HLS/solution_addition_alignment/solution_addition_alignment_component/hls_config.cfg 
INFO: [HLS 200-1915] Writing HLS config ini file /home/joe/Desktop/Uni/Year_4/Dissertation/Program-Synthesis-for-Efficient-ML/results/HLS/solution_addition_alignment/solution_addition_alignment_component/hls_config.cfg
Execute     set_top select_exponent 
INFO: [HLS 200-1510] Running: set_top select_exponent 
Execute     add_files /home/joe/Desktop/Uni/Year_4/Dissertation/Program-Synthesis-for-Efficient-ML/results/cpp/solution_addition_alignment.cpp 
INFO: [HLS 200-1510] Running: add_files /home/joe/Desktop/Uni/Year_4/Dissertation/Program-Synthesis-for-Efficient-ML/results/cpp/solution_addition_alignment.cpp 
INFO: [HLS 200-10] Adding design file '/home/joe/Desktop/Uni/Year_4/Dissertation/Program-Synthesis-for-Efficient-ML/results/cpp/solution_addition_alignment.cpp' to the project
Execute     set_part xc7z020clg400-1 
INFO: [HLS 200-1510] Running: set_part xc7z020clg400-1 
Execute       create_platform xc7z020clg400-1 -board  
DBG:HLSDevice: Trying to load device library: /tools/Xilinx/2025.1/Vitis/lib/lnx64.o/libxv_hlsvwrap.so
DBG:HLSDevice: first parts/arch.xml in RDI_DATADIR: /tools/Xilinx/2025.1/Vivado/data/parts/arch.xml
DBG:HLSDevice: init success
INFO: [HLS 200-1611] Setting target device to 'xc7z020-clg400-1'
Command       create_platform done; 0.67 sec.
Execute       source /tools/Xilinx/2025.1/Vitis/common/technology/xilinx/common/xilinx.gen 
Execute         source /tools/Xilinx/2025.1/Vitis/common/technology/xilinx/interface/plb46.gen 
Execute         source /tools/Xilinx/2025.1/Vitis/common/technology/xilinx/interface/axi4.gen 
Execute         source /tools/Xilinx/2025.1/Vitis/common/technology/xilinx/interface/nativeAXI4.gen 
Execute           source /tools/Xilinx/2025.1/Vitis/common/technology/xilinx/interface/saxilite.gen 
Execute         source /tools/Xilinx/2025.1/Vitis/common/technology/xilinx/scripts/xilinxcoregen.gen 
Execute         source /tools/Xilinx/2025.1/Vitis/common/technology/xilinx/interface/XilEDKCoreGen.gen 
Execute         source /tools/Xilinx/2025.1/Vitis/common/technology/xilinx/ip/util.gen 
Execute         source /tools/Xilinx/2025.1/Vitis/common/technology/xilinx/ip/dds_compiler.gen 
Execute         source /tools/Xilinx/2025.1/Vitis/common/technology/xilinx/ip/xfft.gen 
Execute         source /tools/Xilinx/2025.1/Vitis/common/technology/xilinx/ip/xfir.gen 
Execute         source /tools/Xilinx/2025.1/Vitis/common/technology/xilinx/DSP48/dsp48.gen 
Execute       ap_part_info -name xc7z020-clg400-1 -data info 
Execute       config_compile -quiet -complex-mul-dsp=0 
Command     set_part done; 0.76 sec.
Execute     create_clock -period 1000000000ns 
INFO: [HLS 200-1510] Running: create_clock -period 1000000000ns 
Execute       ap_set_clock -name default -period 1000000000 -unit ns -default=false 
INFO: [SYN 201-201] Setting up clock 'default' with a period of 1e+09ns.
Execute     csynth_design 
INFO: [HLS 200-1510] Running: csynth_design 
Execute       ::AP::init_summary_file csynth 
Execute         AP::app_get_file_relativeroot [AP::app_get_root] {}
Command       AP::init_summary_file done; 2.52 sec.
Execute       write_ini /home/joe/Desktop/Uni/Year_4/Dissertation/Program-Synthesis-for-Efficient-ML/results/HLS/solution_addition_alignment/solution_addition_alignment_component/hls_config.cfg -apsfile /home/joe/Desktop/Uni/Year_4/Dissertation/Program-Synthesis-for-Efficient-ML/results/HLS/solution_addition_alignment/solution_addition_alignment_component/hls/hls.aps -filepaths relative 
Execute         send_msg_by_id INFO @200-1915@%s /home/joe/Desktop/Uni/Year_4/Dissertation/Program-Synthesis-for-Efficient-ML/results/HLS/solution_addition_alignment/solution_addition_alignment_component/hls_config.cfg 
INFO: [HLS 200-1915] Writing HLS config ini file /home/joe/Desktop/Uni/Year_4/Dissertation/Program-Synthesis-for-Efficient-ML/results/HLS/solution_addition_alignment/solution_addition_alignment_component/hls_config.cfg
Execute       ap_part_info -name xc7z020-clg400-1 -data info 
INFO-FLOW: run_clang exec: /tools/Xilinx/2025.1/Vitis/lnx64/tools/clang-3.9-csynth/bin/xilinx-performance-pragma-detector /home/joe/Desktop/Uni/Year_4/Dissertation/Program-Synthesis-for-Efficient-ML/results/cpp/solution_addition_alignment.cpp -- -fhls -D__VITIS_HLS__ -DAESL_SYN -D__SYNTHESIS__ -D__HLS_SYN__ -I /tools/Xilinx/2025.1/Vitis/common/technology/autopilot -I /tools/Xilinx/2025.1/Vitis/common/technology/autopilot/ap_sysc -include etc/autopilot_ssdm_op.h -D__DSP48E1__ -I /usr/include/x86_64-linux-gnu > /home/joe/Desktop/Uni/Year_4/Dissertation/Program-Synthesis-for-Efficient-ML/results/HLS/solution_addition_alignment/solution_addition_alignment_component/hls/.autopilot/db/solution_addition_alignment.cpp.xilinx-performance-pragma-detector.out.log 2> /home/joe/Desktop/Uni/Year_4/Dissertation/Program-Synthesis-for-Efficient-ML/results/HLS/solution_addition_alignment/solution_addition_alignment_component/hls/.autopilot/db/solution_addition_alignment.cpp.xilinx-performance-pragma-detector.err.log
INFO-FLOW: Running SLX 'csynth' proc: ::SLX::run_csynth
Execute       elaborate -effort=medium -skip_syncheck=0 -keep_printf=0 -skip_cdt=0 -skip_transform=0 -ng=0 -g=0 -from_csynth_design=1 
INFO: [HLS 200-111] Finished File checks and directory preparation: CPU user time: 0.45 seconds. CPU system time: 0.04 seconds. Elapsed time: 3.08 seconds; current allocated memory: 264.738 MB.
Execute         set_directive_top select_exponent -name=select_exponent 
INFO: [HLS 200-10] Analyzing design file '/home/joe/Desktop/Uni/Year_4/Dissertation/Program-Synthesis-for-Efficient-ML/results/cpp/solution_addition_alignment.cpp' ... 
INFO-FLOW: Compiling one TU...
INFO-FLOW: Handling /home/joe/Desktop/Uni/Year_4/Dissertation/Program-Synthesis-for-Efficient-ML/results/cpp/solution_addition_alignment.cpp as C++
Execute         ap_part_info -name xc7z020-clg400-1 -data info 
INFO-FLOW: Running: GCC PP 39
INFO-FLOW: Source preprocessing
INFO-FLOW: run_clang exec: /tools/Xilinx/2025.1/Vitis/lnx64/tools/clang-3.9-csynth/bin/clang /home/joe/Desktop/Uni/Year_4/Dissertation/Program-Synthesis-for-Efficient-ML/results/cpp/solution_addition_alignment.cpp -foptimization-record-file=/home/joe/Desktop/Uni/Year_4/Dissertation/Program-Synthesis-for-Efficient-ML/results/HLS/solution_addition_alignment/solution_addition_alignment_component/hls/.autopilot/db/solution_addition_alignment.cpp.clang.diag.yml -mllvm -pass-remarks-missed=reflow|pasta|unroll|inline -mllvm -pass-remarks=reflow|pasta|unroll|inline -fno-limit-debug-info --gcc-toolchain=/tools/Xilinx/2025.1/Vitis/tps/lnx64/gcc-8.3.0 -fhls -fno-exceptions -insert-hls-directive=/home/joe/Desktop/Uni/Year_4/Dissertation/Program-Synthesis-for-Efficient-ML/results/HLS/solution_addition_alignment/solution_addition_alignment_component/hls/.autopilot/db/all.directive.json -E -fno-math-errno -c -emit-llvm -mllvm -disable-llvm-optzns -Werror=implicit-function-declaration -Werror=implicit-hls-streams -Werror=return-type -Wpragmas -Wunused-parameter -Wdump-hls-pragmas -Wno-error=dump-hls-pragmas -hls-clock-period=1000000000 -fno-threadsafe-statics -fno-use-cxa-atexit -target fpga64-xilinx-linux-gnu -fno-threadsafe-statics -fno-use-cxa-atexit -D__VITIS_HLS__ -DAESL_SYN -D__SYNTHESIS__ -D__HLS_SYN__ -I /tools/Xilinx/2025.1/Vitis/common/technology/autopilot -I /tools/Xilinx/2025.1/Vitis/common/technology/autopilot/ap_sysc -include etc/autopilot_ssdm_op.h -D__DSP48E1__ -I /usr/include/x86_64-linux-gnu -o /home/joe/Desktop/Uni/Year_4/Dissertation/Program-Synthesis-for-Efficient-ML/results/HLS/solution_addition_alignment/solution_addition_alignment_component/hls/.autopilot/db/solution_addition_alignment.pp.0.cpp -hls-platform-db-name=/tools/Xilinx/2025.1/Vitis/common/technology/xilinx/common/platform.db -hls-platform-name=zynq_slow -device-resource-info=BRAM_280.000000_DSP_220.000000_FF_106400.000000_LUT_53200.000000_SLICE_13300.000000_URAM_0.000000 -device-name-info=xc7z020clg400-1 > /home/joe/Desktop/Uni/Year_4/Dissertation/Program-Synthesis-for-Efficient-ML/results/HLS/solution_addition_alignment/solution_addition_alignment_component/hls/.autopilot/db/solution_addition_alignment.cpp.clang.out.log 2> /home/joe/Desktop/Uni/Year_4/Dissertation/Program-Synthesis-for-Efficient-ML/results/HLS/solution_addition_alignment/solution_addition_alignment_component/hls/.autopilot/db/solution_addition_alignment.cpp.clang.err.log
INFO-FLOW: Done: GCC PP 39 time: 0.3 seconds per iteration
INFO-FLOW: Source syntax check for synthesis
INFO-FLOW: run_clang exec: /tools/Xilinx/2025.1/Vitis/lnx64/tools/clang-3.9-csynth/bin/clang -foptimization-record-file=/home/joe/Desktop/Uni/Year_4/Dissertation/Program-Synthesis-for-Efficient-ML/results/HLS/solution_addition_alignment/solution_addition_alignment_component/hls/.autopilot/db/clang.diag.yml -mllvm -pass-remarks-missed=reflow|pasta|unroll|inline -mllvm -pass-remarks=reflow|pasta|unroll|inline -fsyntax-only -fhls -target fpga64-xilinx-linux-gnu /home/joe/Desktop/Uni/Year_4/Dissertation/Program-Synthesis-for-Efficient-ML/results/HLS/solution_addition_alignment/solution_addition_alignment_component/hls/.autopilot/db/solution_addition_alignment.pp.0.cpp -hls-platform-db-name=/tools/Xilinx/2025.1/Vitis/common/technology/xilinx/common/platform.db -hls-platform-name=zynq_slow -device-resource-info=BRAM_280.000000_DSP_220.000000_FF_106400.000000_LUT_53200.000000_SLICE_13300.000000_URAM_0.000000 -device-name-info=xc7z020clg400-1 > /home/joe/Desktop/Uni/Year_4/Dissertation/Program-Synthesis-for-Efficient-ML/results/HLS/solution_addition_alignment/solution_addition_alignment_component/hls/.autopilot/db/clang.out.log 2> /home/joe/Desktop/Uni/Year_4/Dissertation/Program-Synthesis-for-Efficient-ML/results/HLS/solution_addition_alignment/solution_addition_alignment_component/hls/.autopilot/db/clang.err.log
Execute         clang_tidy xilinx-systemc-detector -desc systemc-detector /home/joe/Desktop/Uni/Year_4/Dissertation/Program-Synthesis-for-Efficient-ML/results/HLS/solution_addition_alignment/solution_addition_alignment_component/hls/.autopilot/db/solution_addition_alignment.pp.0.cpp  -target fpga  -directive=/home/joe/Desktop/Uni/Year_4/Dissertation/Program-Synthesis-for-Efficient-ML/results/HLS/solution_addition_alignment/solution_addition_alignment_component/hls/.autopilot/db/.systemc_flag 
INFO-FLOW: exec /tools/Xilinx/2025.1/Vitis/lnx64/tools/clang-3.9-csynth/bin/clang-tidy -header-filter=.* --checks=-*,xilinx-systemc-detector -import-directive=/home/joe/Desktop/Uni/Year_4/Dissertation/Program-Synthesis-for-Efficient-ML/results/HLS/solution_addition_alignment/solution_addition_alignment_component/hls/.autopilot/db/.systemc_flag -fix-errors /home/joe/Desktop/Uni/Year_4/Dissertation/Program-Synthesis-for-Efficient-ML/results/HLS/solution_addition_alignment/solution_addition_alignment_component/hls/.autopilot/db/solution_addition_alignment.pp.0.cpp -- - -target fpga -fhls -ferror-limit=0
Command         clang_tidy done; 0.42 sec.
INFO-FLOW: Running: clang-tidy CDT preprocess 39
Execute         clang_tidy xilinx-directive2pragma -desc directive2pragma /home/joe/Desktop/Uni/Year_4/Dissertation/Program-Synthesis-for-Efficient-ML/results/HLS/solution_addition_alignment/solution_addition_alignment_component/hls/.autopilot/db/solution_addition_alignment.pp.0.cpp  -target fpga  -directive=/home/joe/Desktop/Uni/Year_4/Dissertation/Program-Synthesis-for-Efficient-ML/results/HLS/solution_addition_alignment/solution_addition_alignment_component/hls/.autopilot/db/all.directive.json 
INFO-FLOW: exec /tools/Xilinx/2025.1/Vitis/lnx64/tools/clang-3.9-csynth/bin/clang-tidy -header-filter=.* --checks=-*,xilinx-directive2pragma -import-directive=/home/joe/Desktop/Uni/Year_4/Dissertation/Program-Synthesis-for-Efficient-ML/results/HLS/solution_addition_alignment/solution_addition_alignment_component/hls/.autopilot/db/all.directive.json -fix-errors /home/joe/Desktop/Uni/Year_4/Dissertation/Program-Synthesis-for-Efficient-ML/results/HLS/solution_addition_alignment/solution_addition_alignment_component/hls/.autopilot/db/solution_addition_alignment.pp.0.cpp -- - -target fpga -fhls -ferror-limit=0
Command         clang_tidy done; 0.56 sec.
INFO-FLOW: Done: clang-tidy CDT preprocess 39 time: 0.6 seconds per iteration
INFO-FLOW: Calling xilinx-label-all-loops ... 
INFO-FLOW: Calling xilinx-aggregate-on-hls-vector ... 
Execute         clang_tidy -errorcheck -desc loop-label xilinx-label-all-loops,xilinx-aggregate-on-hls-vector,,xilinx-warn-mayneed-no-ctor-attribute /home/joe/Desktop/Uni/Year_4/Dissertation/Program-Synthesis-for-Efficient-ML/results/HLS/solution_addition_alignment/solution_addition_alignment_component/hls/.autopilot/db/solution_addition_alignment.pp.0.cpp  -target fpga  
INFO-FLOW: run_clang exec: /tools/Xilinx/2025.1/Vitis/lnx64/tools/clang-3.9-csynth/bin/clang-tidy -export-fixes=/home/joe/Desktop/Uni/Year_4/Dissertation/Program-Synthesis-for-Efficient-ML/results/HLS/solution_addition_alignment/solution_addition_alignment_component/hls/.autopilot/db/solution_addition_alignment.pp.0.cpp.clang-tidy.loop-label.diag.yml -header-filter=.* --checks=-*,xilinx-label-all-loops,xilinx-aggregate-on-hls-vector,,xilinx-warn-mayneed-no-ctor-attribute -fix-errors /home/joe/Desktop/Uni/Year_4/Dissertation/Program-Synthesis-for-Efficient-ML/results/HLS/solution_addition_alignment/solution_addition_alignment_component/hls/.autopilot/db/solution_addition_alignment.pp.0.cpp -- - -target fpga -fhls -ferror-limit=0 > /home/joe/Desktop/Uni/Year_4/Dissertation/Program-Synthesis-for-Efficient-ML/results/HLS/solution_addition_alignment/solution_addition_alignment_component/hls/.autopilot/db/solution_addition_alignment.pp.0.cpp.clang-tidy.loop-label.out.log 2> /home/joe/Desktop/Uni/Year_4/Dissertation/Program-Synthesis-for-Efficient-ML/results/HLS/solution_addition_alignment/solution_addition_alignment_component/hls/.autopilot/db/solution_addition_alignment.pp.0.cpp.clang-tidy.loop-label.err.log
Execute           source /tools/Xilinx/2025.1/Vitis/tps/tcl/tcllib2.0/yaml/yaml.tcl 
Command         clang_tidy done; 0.61 sec.
INFO-FLOW: run_clang exec: /tools/Xilinx/2025.1/Vitis/lnx64/tools/clang-3.9-csynth/bin/xilinx-dataflow-lawyer -export-fixes=/home/joe/Desktop/Uni/Year_4/Dissertation/Program-Synthesis-for-Efficient-ML/results/HLS/solution_addition_alignment/solution_addition_alignment_component/hls/.autopilot/db/solution_addition_alignment.pp.0.cpp.xilinx-dataflow-lawyer.diag.yml /home/joe/Desktop/Uni/Year_4/Dissertation/Program-Synthesis-for-Efficient-ML/results/HLS/solution_addition_alignment/solution_addition_alignment_component/hls/.autopilot/db/solution_addition_alignment.pp.0.cpp -- - -target fpga -fhls -ferror-limit=0 -fstrict-dataflow > /home/joe/Desktop/Uni/Year_4/Dissertation/Program-Synthesis-for-Efficient-ML/results/HLS/solution_addition_alignment/solution_addition_alignment_component/hls/.autopilot/db/solution_addition_alignment.pp.0.cpp.xilinx-dataflow-lawyer.out.log 2> /home/joe/Desktop/Uni/Year_4/Dissertation/Program-Synthesis-for-Efficient-ML/results/HLS/solution_addition_alignment/solution_addition_alignment_component/hls/.autopilot/db/solution_addition_alignment.pp.0.cpp.xilinx-dataflow-lawyer.err.log
Execute         ap_part_info -name xc7z020-clg400-1 -data info 
INFO-FLOW: compiling source code to llvm bc
INFO-FLOW: run_clang exec: /tools/Xilinx/2025.1/Vitis/lnx64/tools/clang-3.9-csynth/bin/clang -foptimization-record-file=/home/joe/Desktop/Uni/Year_4/Dissertation/Program-Synthesis-for-Efficient-ML/results/HLS/solution_addition_alignment/solution_addition_alignment_component/hls/.autopilot/db/solution_addition_alignment.pp.0.cpp.clang.diag.yml -mllvm -pass-remarks-missed=reflow|pasta|unroll|inline -mllvm -pass-remarks=reflow|pasta|unroll|inline -fno-limit-debug-info -fhls -flto -fno-exceptions -Wno-error=c++11-narrowing -hls-emit-hint-scope /home/joe/Desktop/Uni/Year_4/Dissertation/Program-Synthesis-for-Efficient-ML/results/HLS/solution_addition_alignment/solution_addition_alignment_component/hls/.autopilot/db/solution_addition_alignment.pp.0.cpp -fno-math-errno -c -emit-llvm -mllvm -disable-llvm-optzns -Werror=implicit-function-declaration -Werror=implicit-hls-streams -Werror=return-type -Wpragmas -Wunused-parameter -Wdump-hls-pragmas -Wno-error=dump-hls-pragmas -hls-clock-period=1000000000 -fno-threadsafe-statics -fno-use-cxa-atexit -target fpga64-xilinx-linux-gnu -D__VITIS_HLS__ -DAESL_SYN -D__SYNTHESIS__ -D__HLS_SYN__ -I /tools/Xilinx/2025.1/Vitis/common/technology/autopilot -I /tools/Xilinx/2025.1/Vitis/common/technology/autopilot/ap_sysc -include etc/autopilot_ssdm_op.h -D__DSP48E1__ -g -o /home/joe/Desktop/Uni/Year_4/Dissertation/Program-Synthesis-for-Efficient-ML/results/HLS/solution_addition_alignment/solution_addition_alignment_component/hls/.autopilot/db/solution_addition_alignment.bc -hls-platform-db-name=/tools/Xilinx/2025.1/Vitis/common/technology/xilinx/common/platform.db -hls-platform-name=zynq_slow -device-resource-info=BRAM_280.000000_DSP_220.000000_FF_106400.000000_LUT_53200.000000_SLICE_13300.000000_URAM_0.000000 -device-name-info=xc7z020clg400-1 > /home/joe/Desktop/Uni/Year_4/Dissertation/Program-Synthesis-for-Efficient-ML/results/HLS/solution_addition_alignment/solution_addition_alignment_component/hls/.autopilot/db/solution_addition_alignment.pp.0.cpp.clang.out.log 2> /home/joe/Desktop/Uni/Year_4/Dissertation/Program-Synthesis-for-Efficient-ML/results/HLS/solution_addition_alignment/solution_addition_alignment_component/hls/.autopilot/db/solution_addition_alignment.pp.0.cpp.clang.err.log
INFO: [HLS 200-111] Finished Source Code Analysis and Preprocessing: CPU user time: 2.5 seconds. CPU system time: 0.43 seconds. Elapsed time: 3.18 seconds; current allocated memory: 266.246 MB.
INFO-FLOW: Linking Debug ...
INFO-FLOW: Linking dut bc code.
Execute         run_link_or_opt -out /home/joe/Desktop/Uni/Year_4/Dissertation/Program-Synthesis-for-Efficient-ML/results/HLS/solution_addition_alignment/solution_addition_alignment_component/hls/.autopilot/db/a.g.ld.0.bc -args  "/home/joe/Desktop/Uni/Year_4/Dissertation/Program-Synthesis-for-Efficient-ML/results/HLS/solution_addition_alignment/solution_addition_alignment_component/hls/.autopilot/db/solution_addition_alignment.g.bc"  
INFO-FLOW: run_clang exec: /tools/Xilinx/2025.1/Vitis/lnx64/tools/clang-3.9-csynth/bin/llvm-link /home/joe/Desktop/Uni/Year_4/Dissertation/Program-Synthesis-for-Efficient-ML/results/HLS/solution_addition_alignment/solution_addition_alignment_component/hls/.autopilot/db/solution_addition_alignment.g.bc -o /home/joe/Desktop/Uni/Year_4/Dissertation/Program-Synthesis-for-Efficient-ML/results/HLS/solution_addition_alignment/solution_addition_alignment_component/hls/.autopilot/db/a.g.ld.0.bc > /home/joe/Desktop/Uni/Year_4/Dissertation/Program-Synthesis-for-Efficient-ML/results/HLS/solution_addition_alignment/solution_addition_alignment_component/hls/.autopilot/db/a.g.ld.0.bc.llvm-link.out.log 2> /home/joe/Desktop/Uni/Year_4/Dissertation/Program-Synthesis-for-Efficient-ML/results/HLS/solution_addition_alignment/solution_addition_alignment_component/hls/.autopilot/db/a.g.ld.0.bc.llvm-link.err.log
Execute         run_link_or_opt -opt -out /home/joe/Desktop/Uni/Year_4/Dissertation/Program-Synthesis-for-Efficient-ML/results/HLS/solution_addition_alignment/solution_addition_alignment_component/hls/.autopilot/db/a.g.ld.1.lower.bc -args /home/joe/Desktop/Uni/Year_4/Dissertation/Program-Synthesis-for-Efficient-ML/results/HLS/solution_addition_alignment/solution_addition_alignment_component/hls/.autopilot/db/a.g.ld.0.bc -reflow-lower-math-intrinsics 
INFO-FLOW: run_clang exec: /tools/Xilinx/2025.1/Vitis/lnx64/tools/clang-3.9-csynth/bin/opt -pass-remarks-missed=reflow|pasta|unroll|inline -pass-remarks=reflow|pasta|unroll|inline -pass-remarks-output=/home/joe/Desktop/Uni/Year_4/Dissertation/Program-Synthesis-for-Efficient-ML/results/HLS/solution_addition_alignment/solution_addition_alignment_component/hls/.autopilot/db/a.g.ld.1.lower.bc.opt.diag.yml /home/joe/Desktop/Uni/Year_4/Dissertation/Program-Synthesis-for-Efficient-ML/results/HLS/solution_addition_alignment/solution_addition_alignment_component/hls/.autopilot/db/a.g.ld.0.bc -reflow-lower-math-intrinsics -o /home/joe/Desktop/Uni/Year_4/Dissertation/Program-Synthesis-for-Efficient-ML/results/HLS/solution_addition_alignment/solution_addition_alignment_component/hls/.autopilot/db/a.g.ld.1.lower.bc > /home/joe/Desktop/Uni/Year_4/Dissertation/Program-Synthesis-for-Efficient-ML/results/HLS/solution_addition_alignment/solution_addition_alignment_component/hls/.autopilot/db/a.g.ld.1.lower.bc.opt.out.log 2> /home/joe/Desktop/Uni/Year_4/Dissertation/Program-Synthesis-for-Efficient-ML/results/HLS/solution_addition_alignment/solution_addition_alignment_component/hls/.autopilot/db/a.g.ld.1.lower.bc.opt.err.log
INFO-FLOW: Running: gen_design_size_report post-opt
INFO-FLOW: Done: gen_design_size_report post-opt time: 0 seconds per iteration
Command         run_link_or_opt done; 0.13 sec.
INFO-FLOW: Linking math bc lib
Execute         run_link_or_opt -out /home/joe/Desktop/Uni/Year_4/Dissertation/Program-Synthesis-for-Efficient-ML/results/HLS/solution_addition_alignment/solution_addition_alignment_component/hls/.autopilot/db/a.g.ld.2.m1.bc -args /home/joe/Desktop/Uni/Year_4/Dissertation/Program-Synthesis-for-Efficient-ML/results/HLS/solution_addition_alignment/solution_addition_alignment_component/hls/.autopilot/db/a.g.ld.1.lower.bc -only-needed /tools/Xilinx/2025.1/Vitis/lnx64/lib/libhlsm_39.bc /tools/Xilinx/2025.1/Vitis/lnx64/lib/libhlsmc++_39.bc 
INFO-FLOW: run_clang exec: /tools/Xilinx/2025.1/Vitis/lnx64/tools/clang-3.9-csynth/bin/llvm-link /home/joe/Desktop/Uni/Year_4/Dissertation/Program-Synthesis-for-Efficient-ML/results/HLS/solution_addition_alignment/solution_addition_alignment_component/hls/.autopilot/db/a.g.ld.1.lower.bc -only-needed /tools/Xilinx/2025.1/Vitis/lnx64/lib/libhlsm_39.bc /tools/Xilinx/2025.1/Vitis/lnx64/lib/libhlsmc++_39.bc -o /home/joe/Desktop/Uni/Year_4/Dissertation/Program-Synthesis-for-Efficient-ML/results/HLS/solution_addition_alignment/solution_addition_alignment_component/hls/.autopilot/db/a.g.ld.2.m1.bc > /home/joe/Desktop/Uni/Year_4/Dissertation/Program-Synthesis-for-Efficient-ML/results/HLS/solution_addition_alignment/solution_addition_alignment_component/hls/.autopilot/db/a.g.ld.2.m1.bc.llvm-link.out.log 2> /home/joe/Desktop/Uni/Year_4/Dissertation/Program-Synthesis-for-Efficient-ML/results/HLS/solution_addition_alignment/solution_addition_alignment_component/hls/.autopilot/db/a.g.ld.2.m1.bc.llvm-link.err.log
Command         run_link_or_opt done; 1.28 sec.
Execute         run_link_or_opt -opt -out /home/joe/Desktop/Uni/Year_4/Dissertation/Program-Synthesis-for-Efficient-ML/results/HLS/solution_addition_alignment/solution_addition_alignment_component/hls/.autopilot/db/a.g.ld.3.fpc.bc -args /home/joe/Desktop/Uni/Year_4/Dissertation/Program-Synthesis-for-Efficient-ML/results/HLS/solution_addition_alignment/solution_addition_alignment_component/hls/.autopilot/db/a.g.ld.2.m1.bc -reflow-globaldce -hls-top-function-name=select_exponent -reflow-float-conversion 
INFO-FLOW: run_clang exec: /tools/Xilinx/2025.1/Vitis/lnx64/tools/clang-3.9-csynth/bin/opt -pass-remarks-missed=reflow|pasta|unroll|inline -pass-remarks=reflow|pasta|unroll|inline -pass-remarks-output=/home/joe/Desktop/Uni/Year_4/Dissertation/Program-Synthesis-for-Efficient-ML/results/HLS/solution_addition_alignment/solution_addition_alignment_component/hls/.autopilot/db/a.g.ld.3.fpc.bc.opt.diag.yml /home/joe/Desktop/Uni/Year_4/Dissertation/Program-Synthesis-for-Efficient-ML/results/HLS/solution_addition_alignment/solution_addition_alignment_component/hls/.autopilot/db/a.g.ld.2.m1.bc -reflow-globaldce -hls-top-function-name=select_exponent -reflow-float-conversion -o /home/joe/Desktop/Uni/Year_4/Dissertation/Program-Synthesis-for-Efficient-ML/results/HLS/solution_addition_alignment/solution_addition_alignment_component/hls/.autopilot/db/a.g.ld.3.fpc.bc > /home/joe/Desktop/Uni/Year_4/Dissertation/Program-Synthesis-for-Efficient-ML/results/HLS/solution_addition_alignment/solution_addition_alignment_component/hls/.autopilot/db/a.g.ld.3.fpc.bc.opt.out.log 2> /home/joe/Desktop/Uni/Year_4/Dissertation/Program-Synthesis-for-Efficient-ML/results/HLS/solution_addition_alignment/solution_addition_alignment_component/hls/.autopilot/db/a.g.ld.3.fpc.bc.opt.err.log
INFO-FLOW: Running: gen_design_size_report post-opt
INFO-FLOW: Done: gen_design_size_report post-opt time: 0 seconds per iteration
Command         run_link_or_opt done; 0.6 sec.
Execute         run_link_or_opt -out /home/joe/Desktop/Uni/Year_4/Dissertation/Program-Synthesis-for-Efficient-ML/results/HLS/solution_addition_alignment/solution_addition_alignment_component/hls/.autopilot/db/a.g.ld.4.m2.bc -args /home/joe/Desktop/Uni/Year_4/Dissertation/Program-Synthesis-for-Efficient-ML/results/HLS/solution_addition_alignment/solution_addition_alignment_component/hls/.autopilot/db/a.g.ld.3.fpc.bc -only-needed /tools/Xilinx/2025.1/Vitis/lnx64/lib/libfloatconversion_39.bc 
INFO-FLOW: run_clang exec: /tools/Xilinx/2025.1/Vitis/lnx64/tools/clang-3.9-csynth/bin/llvm-link /home/joe/Desktop/Uni/Year_4/Dissertation/Program-Synthesis-for-Efficient-ML/results/HLS/solution_addition_alignment/solution_addition_alignment_component/hls/.autopilot/db/a.g.ld.3.fpc.bc -only-needed /tools/Xilinx/2025.1/Vitis/lnx64/lib/libfloatconversion_39.bc -o /home/joe/Desktop/Uni/Year_4/Dissertation/Program-Synthesis-for-Efficient-ML/results/HLS/solution_addition_alignment/solution_addition_alignment_component/hls/.autopilot/db/a.g.ld.4.m2.bc > /home/joe/Desktop/Uni/Year_4/Dissertation/Program-Synthesis-for-Efficient-ML/results/HLS/solution_addition_alignment/solution_addition_alignment_component/hls/.autopilot/db/a.g.ld.4.m2.bc.llvm-link.out.log 2> /home/joe/Desktop/Uni/Year_4/Dissertation/Program-Synthesis-for-Efficient-ML/results/HLS/solution_addition_alignment/solution_addition_alignment_component/hls/.autopilot/db/a.g.ld.4.m2.bc.llvm-link.err.log
Execute         run_link_or_opt -opt -out /home/joe/Desktop/Uni/Year_4/Dissertation/Program-Synthesis-for-Efficient-ML/results/HLS/solution_addition_alignment/solution_addition_alignment_component/hls/.autopilot/db/a.g.ld.5.gdce.bc -args /home/joe/Desktop/Uni/Year_4/Dissertation/Program-Synthesis-for-Efficient-ML/results/HLS/solution_addition_alignment/solution_addition_alignment_component/hls/.autopilot/db/a.g.ld.4.m2.bc -reflow-globaldce -hls-top-function-name=select_exponent 
INFO-FLOW: run_clang exec: /tools/Xilinx/2025.1/Vitis/lnx64/tools/clang-3.9-csynth/bin/opt -pass-remarks-missed=reflow|pasta|unroll|inline -pass-remarks=reflow|pasta|unroll|inline -pass-remarks-output=/home/joe/Desktop/Uni/Year_4/Dissertation/Program-Synthesis-for-Efficient-ML/results/HLS/solution_addition_alignment/solution_addition_alignment_component/hls/.autopilot/db/a.g.ld.5.gdce.bc.opt.diag.yml /home/joe/Desktop/Uni/Year_4/Dissertation/Program-Synthesis-for-Efficient-ML/results/HLS/solution_addition_alignment/solution_addition_alignment_component/hls/.autopilot/db/a.g.ld.4.m2.bc -reflow-globaldce -hls-top-function-name=select_exponent -o /home/joe/Desktop/Uni/Year_4/Dissertation/Program-Synthesis-for-Efficient-ML/results/HLS/solution_addition_alignment/solution_addition_alignment_component/hls/.autopilot/db/a.g.ld.5.gdce.bc > /home/joe/Desktop/Uni/Year_4/Dissertation/Program-Synthesis-for-Efficient-ML/results/HLS/solution_addition_alignment/solution_addition_alignment_component/hls/.autopilot/db/a.g.ld.5.gdce.bc.opt.out.log 2> /home/joe/Desktop/Uni/Year_4/Dissertation/Program-Synthesis-for-Efficient-ML/results/HLS/solution_addition_alignment/solution_addition_alignment_component/hls/.autopilot/db/a.g.ld.5.gdce.bc.opt.err.log
INFO-FLOW: Running: gen_design_size_report post-opt
INFO-FLOW: Done: gen_design_size_report post-opt time: 0 seconds per iteration
Execute         send_msg_by_id INFO @200-777@%s Vivado 
INFO: [HLS 200-777] Using interface defaults for 'Vivado' flow target.
Execute         is_m_axi_addr64 
INFO-FLOW: Doing LTO.
INFO-FLOW: run_clang (background poll_ms 5000) exec: /tools/Xilinx/2025.1/Vitis/lnx64/tools/clang-3.9-csynth/bin/clang -foptimization-record-file=/home/joe/Desktop/Uni/Year_4/Dissertation/Program-Synthesis-for-Efficient-ML/results/HLS/solution_addition_alignment/solution_addition_alignment_component/hls/.autopilot/db/a.g.ld.0.bc.clang.reflow.diag.yml -mllvm -pass-remarks-missed=reflow|pasta|unroll|inline -mllvm -pass-remarks=reflow|pasta|unroll|inline -fhls -mllvm -hls-top-function-name=select_exponent -mllvm -hls-db-dir -mllvm /home/joe/Desktop/Uni/Year_4/Dissertation/Program-Synthesis-for-Efficient-ML/results/HLS/solution_addition_alignment/solution_addition_alignment_component/hls/.autopilot/db -emit-llvm -c -target fpga64-xilinx-none -mllvm -xcl-xmlinfo=/home/joe/Desktop/Uni/Year_4/Dissertation/Program-Synthesis-for-Efficient-ML/results/HLS/solution_addition_alignment/solution_addition_alignment_component/hls/.autopilot/db/kernel.internal.xml -mllvm -top-io-mapping-info=/home/joe/Desktop/Uni/Year_4/Dissertation/Program-Synthesis-for-Efficient-ML/results/HLS/solution_addition_alignment/solution_addition_alignment_component/hls/.autopilot/db/top-io-fe.xml -mllvm -hls-bitcode-version=3.1 -mllvm -reflow-enable-slave-interface-default-setting=true -mllvm -gen-kernel-xml=false -mllvm -default-maxi-offset=slave -mllvm -reflow-unroll-size-threshold=10000 -mllvm -reflow-unroll-cost-threshold=1000000 -mllvm -maxi-latency=0 -mllvm -hls-maxi-data-size-in-bits=8 -mllvm -hls-maxi-max-data-size-in-bits=1024 -mllvm -hls-max-widen-size-in-bits=0 -mllvm -xcl-kernel-max-mem-ports=0 -mllvm -maxi-read-trans=16 -mllvm -maxi-write-trans=16 -mllvm -maxi-read-burst-len=16 -mllvm -maxi-write-burst-len=16 -mllvm -reflow-enable-saxi-64bits=0 -mllvm -reflow-basic-block-instr-threshold=200000 -mllvm -reflow-auto-pipeline-threshold=64 -mllvm -reflow-enable-maxi-auto-id-channel=0 -mllvm -reflow-bdd-simplify-threshold=1048576 -mllvm -reflow-fanout-threshold=16 -mllvm -reflow-force-aggressive-unroll=0 -mllvm -reflow-aggressive-unroll-adjust-factor=1.000000 -mllvm -reflow-complete-threshold=4 -mllvm -reflow-array-promotion-threshold=64 -mllvm -reflow-enable-critical-path-for-performance=1 -mllvm -assume-maxi-align=1 -mllvm -reflow-enable-dataflow-strict-mode-checking=1 -ftime-report -mllvm -time-passes -mllvm -reflow-auto-array-partition-mode=default -mllvm -reflow-enable-auto-small-array-partition=true -mllvm -reflow-enable-auto-array-promotion=true -mllvm -reflow-enable-auto-array-partition-for-flatten=true -mllvm -reflow-enable-auto-parallel-performance-driven=true -mllvm -reflow-enable-partition-for-automation=true -mllvm -reflow-aggregate-bitwidth-threshold=4096 -mllvm -reflow-reserved-saxilite-registers=0 -mllvm -enable-reflow-auto-loop-pipeline -mllvm -reflow-max-unroll-threshold=409600 -mllvm -auto-unroll-tripcount-threshold=0 -mllvm -reflow-assume-no-address-wrap=true -mllvm -reflow-enable-occurrence-inference=true -mllvm -reflow-emit-hint-scope=true -mllvm -reflow-enable-codegen-with-if=true -mllvm -reflow-enable-dataflow-canon=true -mllvm -reflow-enable-dataflow-canon2=true -mllvm -reflow-dump-extra-complexity-metric=true -mllvm -hls -mllvm -disable-inlined-alloca-merging=true -mllvm -default-clock-period=1000000000 -mllvm -use_read_first_ram_in_loop=1 -mllvm -default-clock-uncertainty=270000000 -x ir /home/joe/Desktop/Uni/Year_4/Dissertation/Program-Synthesis-for-Efficient-ML/results/HLS/solution_addition_alignment/solution_addition_alignment_component/hls/.autopilot/db/a.g.ld.5.gdce.bc -o /home/joe/Desktop/Uni/Year_4/Dissertation/Program-Synthesis-for-Efficient-ML/results/HLS/solution_addition_alignment/solution_addition_alignment_component/hls/.autopilot/db/a.g.lto.bc -hls-platform-db-name=/tools/Xilinx/2025.1/Vitis/common/technology/xilinx/common/platform.db -hls-platform-name=zynq_slow -device-resource-info=BRAM_280.000000_DSP_220.000000_FF_106400.000000_LUT_53200.000000_SLICE_13300.000000_URAM_0.000000 -device-name-info=xc7z020clg400-1 2> /home/joe/Desktop/Uni/Year_4/Dissertation/Program-Synthesis-for-Efficient-ML/results/HLS/solution_addition_alignment/solution_addition_alignment_component/hls/.autopilot/db/a.g.ld.0.bc.clang.reflow.err.log bg_poll_cmd: ::AP::poll_clang_39_closed_source
