

================================================================
== Vitis HLS Report for 'fp32_aligner'
================================================================
* Date:           Tue Nov  4 15:43:49 2025

* Version:        2025.1 (Build 6135595 on May 21 2025)
* Project:        solution_fp32addition_fp32_alignment_component
* Solution:       hls (Vivado IP Flow Target)
* Product family: zynq
* Target device:  xc7z020-clg400-1


================================================================
== Performance Estimates
================================================================
+ Timing: 
    * Summary: 
    +--------+----------+----------+------------+
    |  Clock |  Target  | Estimated| Uncertainty|
    +--------+----------+----------+------------+
    |ap_clk  |  1.00 sec|  6.813 ns|    0.27 sec|
    +--------+----------+----------+------------+

+ Latency: 
    * Summary: 
    +---------+---------+----------+----------+-----+-----+---------+
    |  Latency (cycles) |  Latency (absolute) |  Interval | Pipeline|
    |   min   |   max   |    min   |    max   | min | max |   Type  |
    +---------+---------+----------+----------+-----+-----+---------+
    |        0|        0|      0 ns|      0 ns|    1|    1|       no|
    +---------+---------+----------+----------+-----+-----+---------+

    + Detail: 
        * Instance: 
        N/A

        * Loop: 
        N/A



================================================================
== Utilization Estimates
================================================================
* Summary: 
+-----------------+---------+-----+--------+-------+-----+
|       Name      | BRAM_18K| DSP |   FF   |  LUT  | URAM|
+-----------------+---------+-----+--------+-------+-----+
|DSP              |        -|    -|       -|      -|    -|
|Expression       |        -|    -|       0|    265|    -|
|FIFO             |        -|    -|       -|      -|    -|
|Instance         |        -|    -|       -|      -|    -|
|Memory           |        -|    -|       -|      -|    -|
|Multiplexer      |        -|    -|       -|      -|    -|
|Register         |        -|    -|       -|      -|    -|
+-----------------+---------+-----+--------+-------+-----+
|Total            |        0|    0|       0|    265|    0|
+-----------------+---------+-----+--------+-------+-----+
|Available        |      280|  220|  106400|  53200|    0|
+-----------------+---------+-----+--------+-------+-----+
|Utilization (%)  |        0|    0|       0|     ~0|    0|
+-----------------+---------+-----+--------+-------+-----+

+ Detail: 
    * Instance: 
    N/A

    * DSP: 
    N/A

    * Memory: 
    N/A

    * FIFO: 
    N/A

    * Expression: 
    +----------------------+----------+----+---+----+------------+------------+
    |     Variable Name    | Operation| DSP| FF| LUT| Bitwidth P0| Bitwidth P1|
    +----------------------+----------+----+---+----+------------+------------+
    |sub_ln4_1_fu_126_p2   |         -|   0|  0|  14|           9|           9|
    |sub_ln4_fu_110_p2     |         -|   0|  0|  14|           9|           9|
    |icmp_ln4_1_fu_74_p2   |      icmp|   0|  0|  15|           8|           1|
    |icmp_ln4_2_fu_88_p2   |      icmp|   0|  0|  15|           8|           1|
    |icmp_ln4_fu_62_p2     |      icmp|   0|  0|  15|           8|           8|
    |lshr_ln4_1_fu_136_p2  |      lshr|   0|  0|  67|          24|          24|
    |lshr_ln4_fu_120_p2    |      lshr|   0|  0|  67|          24|          24|
    |select_ln4_fu_166_p3  |    select|   0|  0|   8|           1|           8|
    |tmp32_0_fu_158_p3     |    select|   0|  0|  24|           1|          24|
    |tmp_0571_fu_150_p3    |    select|   0|  0|  24|           1|          24|
    |xor_ln4_fu_68_p2      |       xor|   0|  0|   2|           1|           2|
    +----------------------+----------+----+---+----+------------+------------+
    |Total                 |          |   0|  0| 265|          94|         134|
    +----------------------+----------+----+---+----+------------+------------+

    * Multiplexer: 
    N/A

    * Register: 
    N/A



================================================================
== Interface
================================================================
* Summary: 
+-----------+-----+-----+------------+--------------+--------------+
| RTL Ports | Dir | Bits|  Protocol  | Source Object|    C Type    |
+-----------+-----+-----+------------+--------------+--------------+
|ap_start   |   in|    1|  ap_ctrl_hs|  fp32_aligner|  return value|
|ap_done    |  out|    1|  ap_ctrl_hs|  fp32_aligner|  return value|
|ap_idle    |  out|    1|  ap_ctrl_hs|  fp32_aligner|  return value|
|ap_ready   |  out|    1|  ap_ctrl_hs|  fp32_aligner|  return value|
|ap_return  |  out|   56|  ap_ctrl_hs|  fp32_aligner|  return value|
|ap_rst     |   in|    1|  ap_ctrl_hs|  fp32_aligner|  return value|
|e1         |   in|    8|     ap_none|            e1|        scalar|
|m1         |   in|   23|     ap_none|            m1|        scalar|
|e2         |   in|    8|     ap_none|            e2|        scalar|
|m2         |   in|   23|     ap_none|            m2|        scalar|
+-----------+-----+-----+------------+--------------+--------------+

============================================================
+ Verbose Summary: Synthesis Manager
============================================================
InlineROM: 1
ExposeGlobal: 0
============================================================
+ Verbose Summary: CDFG Model
============================================================
IsTopModel: 1
ResetActiveHigh: 1
IsCombinational: 1
IsDatapathOnly: 2
HasWiredReturn: 1
HasMFsm: 0
HasVarLatency: 0
IsPipeline: 0
IsRtlPipelined: 0
IsInstanceOverlapped: 0
IsDontTouch: 0
HasImplIP: 0
IsGatedGlobalClock: 0


============================================================
+ Verbose Summary: Schedule
============================================================
* Number of FSM states : 1
* Pipeline : 0
* Dataflow Pipeline: 0

* FSM state transitions: 
1 --> 

* FSM state operations: 

State 1 <SV = 0> <Delay = 6.81>
ST_1 : Operation 2 [1/1] (0.00ns)   --->   "%specbitsmap_ln0 = specbitsmap void @_ssdm_op_SpecBitsMap, i56 0"   --->   Operation 2 'specbitsmap' 'specbitsmap_ln0' <Predicate = true> <Delay = 0.00>
ST_1 : Operation 3 [1/1] (0.00ns)   --->   "%spectopmodule_ln3 = spectopmodule void @_ssdm_op_SpecTopModule, void @empty_1" [/home/joe/Desktop/Uni/Year_4/Dissertation/Program-Synthesis-for-Efficient-ML/results/cpp/solution_fp32addition_fp32_alignment.cpp:3]   --->   Operation 3 'spectopmodule' 'spectopmodule_ln3' <Predicate = true> <Delay = 0.00>
ST_1 : Operation 4 [1/1] (0.00ns)   --->   "%specbitsmap_ln0 = specbitsmap void @_ssdm_op_SpecBitsMap, i8 %e1"   --->   Operation 4 'specbitsmap' 'specbitsmap_ln0' <Predicate = true> <Delay = 0.00>
ST_1 : Operation 5 [1/1] (0.00ns)   --->   "%specinterface_ln0 = specinterface void @_ssdm_op_SpecInterface, i8 %e1, void @empty, i32 0, i32 0, void @empty_0, i32 0, i32 0, void @empty_0, void @empty_0, void @empty_0, i32 0, i32 0, i32 0, i32 0, void @empty_0, void @empty_0, i32 4294967295, i32 0, i32 0"   --->   Operation 5 'specinterface' 'specinterface_ln0' <Predicate = true> <Delay = 0.00>
ST_1 : Operation 6 [1/1] (0.00ns)   --->   "%specbitsmap_ln0 = specbitsmap void @_ssdm_op_SpecBitsMap, i23 %m1"   --->   Operation 6 'specbitsmap' 'specbitsmap_ln0' <Predicate = true> <Delay = 0.00>
ST_1 : Operation 7 [1/1] (0.00ns)   --->   "%specinterface_ln0 = specinterface void @_ssdm_op_SpecInterface, i23 %m1, void @empty, i32 0, i32 0, void @empty_0, i32 0, i32 0, void @empty_0, void @empty_0, void @empty_0, i32 0, i32 0, i32 0, i32 0, void @empty_0, void @empty_0, i32 4294967295, i32 0, i32 0"   --->   Operation 7 'specinterface' 'specinterface_ln0' <Predicate = true> <Delay = 0.00>
ST_1 : Operation 8 [1/1] (0.00ns)   --->   "%specbitsmap_ln0 = specbitsmap void @_ssdm_op_SpecBitsMap, i8 %e2"   --->   Operation 8 'specbitsmap' 'specbitsmap_ln0' <Predicate = true> <Delay = 0.00>
ST_1 : Operation 9 [1/1] (0.00ns)   --->   "%specinterface_ln0 = specinterface void @_ssdm_op_SpecInterface, i8 %e2, void @empty, i32 0, i32 0, void @empty_0, i32 0, i32 0, void @empty_0, void @empty_0, void @empty_0, i32 0, i32 0, i32 0, i32 0, void @empty_0, void @empty_0, i32 4294967295, i32 0, i32 0"   --->   Operation 9 'specinterface' 'specinterface_ln0' <Predicate = true> <Delay = 0.00>
ST_1 : Operation 10 [1/1] (0.00ns)   --->   "%specbitsmap_ln0 = specbitsmap void @_ssdm_op_SpecBitsMap, i23 %m2"   --->   Operation 10 'specbitsmap' 'specbitsmap_ln0' <Predicate = true> <Delay = 0.00>
ST_1 : Operation 11 [1/1] (0.00ns)   --->   "%specinterface_ln0 = specinterface void @_ssdm_op_SpecInterface, i23 %m2, void @empty, i32 0, i32 0, void @empty_0, i32 0, i32 0, void @empty_0, void @empty_0, void @empty_0, i32 0, i32 0, i32 0, i32 0, void @empty_0, void @empty_0, i32 4294967295, i32 0, i32 0"   --->   Operation 11 'specinterface' 'specinterface_ln0' <Predicate = true> <Delay = 0.00>
ST_1 : Operation 12 [1/1] (0.00ns)   --->   "%m2_read = read i23 @_ssdm_op_Read.ap_auto.i23, i23 %m2" [/home/joe/Desktop/Uni/Year_4/Dissertation/Program-Synthesis-for-Efficient-ML/results/cpp/solution_fp32addition_fp32_alignment.cpp:3]   --->   Operation 12 'read' 'm2_read' <Predicate = true> <Delay = 0.00>
ST_1 : Operation 13 [1/1] (0.00ns)   --->   "%e2_read = read i8 @_ssdm_op_Read.ap_auto.i8, i8 %e2" [/home/joe/Desktop/Uni/Year_4/Dissertation/Program-Synthesis-for-Efficient-ML/results/cpp/solution_fp32addition_fp32_alignment.cpp:3]   --->   Operation 13 'read' 'e2_read' <Predicate = true> <Delay = 0.00>
ST_1 : Operation 14 [1/1] (0.00ns)   --->   "%m1_read = read i23 @_ssdm_op_Read.ap_auto.i23, i23 %m1" [/home/joe/Desktop/Uni/Year_4/Dissertation/Program-Synthesis-for-Efficient-ML/results/cpp/solution_fp32addition_fp32_alignment.cpp:3]   --->   Operation 14 'read' 'm1_read' <Predicate = true> <Delay = 0.00>
ST_1 : Operation 15 [1/1] (0.00ns)   --->   "%e1_read = read i8 @_ssdm_op_Read.ap_auto.i8, i8 %e1" [/home/joe/Desktop/Uni/Year_4/Dissertation/Program-Synthesis-for-Efficient-ML/results/cpp/solution_fp32addition_fp32_alignment.cpp:3]   --->   Operation 15 'read' 'e1_read' <Predicate = true> <Delay = 0.00>
ST_1 : Operation 16 [1/1] (1.91ns)   --->   "%icmp_ln4 = icmp_ult  i8 %e1_read, i8 %e2_read" [/home/joe/Desktop/Uni/Year_4/Dissertation/Program-Synthesis-for-Efficient-ML/results/cpp/solution_fp32addition_fp32_alignment.cpp:4]   --->   Operation 16 'icmp' 'icmp_ln4' <Predicate = true> <Delay = 1.91> <CoreInst = "Cmp">   --->   Core 9 'Cmp' <Latency = 0> <II = 1> <Delay = 1.91> <FuncUnit> <Opcode : 'seteq' 'setne' 'setle' 'setge' 'setlt' 'setgt'> <InPorts = 2> <OutPorts = 1>
ST_1 : Operation 17 [1/1] (0.97ns)   --->   "%xor_ln4 = xor i1 %icmp_ln4, i1 1" [/home/joe/Desktop/Uni/Year_4/Dissertation/Program-Synthesis-for-Efficient-ML/results/cpp/solution_fp32addition_fp32_alignment.cpp:4]   --->   Operation 17 'xor' 'xor_ln4' <Predicate = true> <Delay = 0.97> <CoreInst = "LogicGate">   --->   Core 74 'LogicGate' <Latency = 0> <II = 1> <Delay = 0.97> <FuncUnit> <Opcode : 'and' 'or' 'xor'> <InPorts = 2> <OutPorts = 1>
ST_1 : Operation 18 [1/1] (1.91ns)   --->   "%icmp_ln4_1 = icmp_ne  i8 %e1_read, i8 0" [/home/joe/Desktop/Uni/Year_4/Dissertation/Program-Synthesis-for-Efficient-ML/results/cpp/solution_fp32addition_fp32_alignment.cpp:4]   --->   Operation 18 'icmp' 'icmp_ln4_1' <Predicate = true> <Delay = 1.91> <CoreInst = "Cmp">   --->   Core 9 'Cmp' <Latency = 0> <II = 1> <Delay = 1.91> <FuncUnit> <Opcode : 'seteq' 'setne' 'setle' 'setge' 'setlt' 'setgt'> <InPorts = 2> <OutPorts = 1>
ST_1 : Operation 19 [1/1] (0.00ns)   --->   "%tmp = bitconcatenate i24 @_ssdm_op_BitConcatenate.i24.i1.i23, i1 %icmp_ln4_1, i23 %m1_read" [/home/joe/Desktop/Uni/Year_4/Dissertation/Program-Synthesis-for-Efficient-ML/results/cpp/solution_fp32addition_fp32_alignment.cpp:4]   --->   Operation 19 'bitconcatenate' 'tmp' <Predicate = true> <Delay = 0.00>
ST_1 : Operation 20 [1/1] (1.91ns)   --->   "%icmp_ln4_2 = icmp_ne  i8 %e2_read, i8 0" [/home/joe/Desktop/Uni/Year_4/Dissertation/Program-Synthesis-for-Efficient-ML/results/cpp/solution_fp32addition_fp32_alignment.cpp:4]   --->   Operation 20 'icmp' 'icmp_ln4_2' <Predicate = (xor_ln4)> <Delay = 1.91> <CoreInst = "Cmp">   --->   Core 9 'Cmp' <Latency = 0> <II = 1> <Delay = 1.91> <FuncUnit> <Opcode : 'seteq' 'setne' 'setle' 'setge' 'setlt' 'setgt'> <InPorts = 2> <OutPorts = 1>
ST_1 : Operation 21 [1/1] (0.00ns)   --->   "%tmp_1 = bitconcatenate i24 @_ssdm_op_BitConcatenate.i24.i1.i23, i1 %icmp_ln4_2, i23 %m2_read" [/home/joe/Desktop/Uni/Year_4/Dissertation/Program-Synthesis-for-Efficient-ML/results/cpp/solution_fp32addition_fp32_alignment.cpp:4]   --->   Operation 21 'bitconcatenate' 'tmp_1' <Predicate = (xor_ln4)> <Delay = 0.00>
ST_1 : Operation 22 [1/1] (0.00ns)   --->   "%zext_ln4 = zext i8 %e1_read" [/home/joe/Desktop/Uni/Year_4/Dissertation/Program-Synthesis-for-Efficient-ML/results/cpp/solution_fp32addition_fp32_alignment.cpp:4]   --->   Operation 22 'zext' 'zext_ln4' <Predicate = true> <Delay = 0.00>
ST_1 : Operation 23 [1/1] (0.00ns)   --->   "%zext_ln4_1 = zext i8 %e2_read" [/home/joe/Desktop/Uni/Year_4/Dissertation/Program-Synthesis-for-Efficient-ML/results/cpp/solution_fp32addition_fp32_alignment.cpp:4]   --->   Operation 23 'zext' 'zext_ln4_1' <Predicate = true> <Delay = 0.00>
ST_1 : Operation 24 [1/1] (1.91ns)   --->   "%sub_ln4 = sub i9 %zext_ln4, i9 %zext_ln4_1" [/home/joe/Desktop/Uni/Year_4/Dissertation/Program-Synthesis-for-Efficient-ML/results/cpp/solution_fp32addition_fp32_alignment.cpp:4]   --->   Operation 24 'sub' 'sub_ln4' <Predicate = (xor_ln4)> <Delay = 1.91> <CoreInst = "Adder">   --->   Core 1 'Adder' <Latency = 0> <II = 1> <Delay = 1.82> <FuncUnit> <Opcode : 'add' 'sub'> <InPorts = 2> <OutPorts = 1>
ST_1 : Operation 25 [1/1] (0.00ns)   --->   "%sub_ln4cast = zext i9 %sub_ln4" [/home/joe/Desktop/Uni/Year_4/Dissertation/Program-Synthesis-for-Efficient-ML/results/cpp/solution_fp32addition_fp32_alignment.cpp:4]   --->   Operation 25 'zext' 'sub_ln4cast' <Predicate = (xor_ln4)> <Delay = 0.00>
ST_1 : Operation 26 [1/1] (4.20ns)   --->   "%lshr_ln4 = lshr i24 %tmp_1, i24 %sub_ln4cast" [/home/joe/Desktop/Uni/Year_4/Dissertation/Program-Synthesis-for-Efficient-ML/results/cpp/solution_fp32addition_fp32_alignment.cpp:4]   --->   Operation 26 'lshr' 'lshr_ln4' <Predicate = (xor_ln4)> <Delay = 4.20> <CoreInst = "Shifter">   --->   Core 75 'Shifter' <Latency = 0> <II = 1> <Delay = 4.20> <FuncUnit> <Opcode : 'shl' 'lshr' 'ashr'> <InPorts = 2> <OutPorts = 1>
ST_1 : Operation 27 [1/1] (1.91ns)   --->   "%sub_ln4_1 = sub i9 %zext_ln4_1, i9 %zext_ln4" [/home/joe/Desktop/Uni/Year_4/Dissertation/Program-Synthesis-for-Efficient-ML/results/cpp/solution_fp32addition_fp32_alignment.cpp:4]   --->   Operation 27 'sub' 'sub_ln4_1' <Predicate = (!xor_ln4)> <Delay = 1.91> <CoreInst = "Adder">   --->   Core 1 'Adder' <Latency = 0> <II = 1> <Delay = 1.82> <FuncUnit> <Opcode : 'add' 'sub'> <InPorts = 2> <OutPorts = 1>
ST_1 : Operation 28 [1/1] (0.00ns)   --->   "%sub_ln4_1cast = zext i9 %sub_ln4_1" [/home/joe/Desktop/Uni/Year_4/Dissertation/Program-Synthesis-for-Efficient-ML/results/cpp/solution_fp32addition_fp32_alignment.cpp:4]   --->   Operation 28 'zext' 'sub_ln4_1cast' <Predicate = (!xor_ln4)> <Delay = 0.00>
ST_1 : Operation 29 [1/1] (4.20ns)   --->   "%lshr_ln4_1 = lshr i24 %tmp, i24 %sub_ln4_1cast" [/home/joe/Desktop/Uni/Year_4/Dissertation/Program-Synthesis-for-Efficient-ML/results/cpp/solution_fp32addition_fp32_alignment.cpp:4]   --->   Operation 29 'lshr' 'lshr_ln4_1' <Predicate = (!xor_ln4)> <Delay = 4.20> <CoreInst = "Shifter">   --->   Core 75 'Shifter' <Latency = 0> <II = 1> <Delay = 4.20> <FuncUnit> <Opcode : 'shl' 'lshr' 'ashr'> <InPorts = 2> <OutPorts = 1>
ST_1 : Operation 30 [1/1] (0.00ns)   --->   "%tmp_2 = bitconcatenate i24 @_ssdm_op_BitConcatenate.i24.i1.i23, i1 1, i23 %m2_read" [/home/joe/Desktop/Uni/Year_4/Dissertation/Program-Synthesis-for-Efficient-ML/results/cpp/solution_fp32addition_fp32_alignment.cpp:4]   --->   Operation 30 'bitconcatenate' 'tmp_2' <Predicate = (!xor_ln4)> <Delay = 0.00>
ST_1 : Operation 31 [1/1] (0.69ns)   --->   "%tmp_0571 = select i1 %xor_ln4, i24 %tmp, i24 %lshr_ln4_1" [/home/joe/Desktop/Uni/Year_4/Dissertation/Program-Synthesis-for-Efficient-ML/results/cpp/solution_fp32addition_fp32_alignment.cpp:4]   --->   Operation 31 'select' 'tmp_0571' <Predicate = true> <Delay = 0.69> <CoreInst = "Sel">   --->   Core 73 'Sel' <Latency = 0> <II = 1> <Delay = 0.69> <FuncUnit> <Opcode : 'select'> <InPorts = 3> <OutPorts = 1>
ST_1 : Operation 32 [1/1] (0.69ns)   --->   "%tmp32_0 = select i1 %xor_ln4, i24 %lshr_ln4, i24 %tmp_2" [/home/joe/Desktop/Uni/Year_4/Dissertation/Program-Synthesis-for-Efficient-ML/results/cpp/solution_fp32addition_fp32_alignment.cpp:4]   --->   Operation 32 'select' 'tmp32_0' <Predicate = true> <Delay = 0.69> <CoreInst = "Sel">   --->   Core 73 'Sel' <Latency = 0> <II = 1> <Delay = 0.69> <FuncUnit> <Opcode : 'select'> <InPorts = 3> <OutPorts = 1>
ST_1 : Operation 33 [1/1] (1.24ns)   --->   "%select_ln4 = select i1 %xor_ln4, i8 %e1_read, i8 %e2_read" [/home/joe/Desktop/Uni/Year_4/Dissertation/Program-Synthesis-for-Efficient-ML/results/cpp/solution_fp32addition_fp32_alignment.cpp:4]   --->   Operation 33 'select' 'select_ln4' <Predicate = true> <Delay = 1.24> <CoreInst = "Sel">   --->   Core 73 'Sel' <Latency = 0> <II = 1> <Delay = 1.24> <FuncUnit> <Opcode : 'select'> <InPorts = 3> <OutPorts = 1>
ST_1 : Operation 34 [1/1] (0.00ns)   --->   "%tmp_4 = bitconcatenate i56 @_ssdm_op_BitConcatenate.i56.i24.i24.i8, i24 %tmp_0571, i24 %tmp32_0, i8 %select_ln4" [/home/joe/Desktop/Uni/Year_4/Dissertation/Program-Synthesis-for-Efficient-ML/results/cpp/solution_fp32addition_fp32_alignment.cpp:4]   --->   Operation 34 'bitconcatenate' 'tmp_4' <Predicate = true> <Delay = 0.00>
ST_1 : Operation 35 [1/1] (0.00ns)   --->   "%ret_ln4 = ret i56 %tmp_4" [/home/joe/Desktop/Uni/Year_4/Dissertation/Program-Synthesis-for-Efficient-ML/results/cpp/solution_fp32addition_fp32_alignment.cpp:4]   --->   Operation 35 'ret' 'ret_ln4' <Predicate = true> <Delay = 0.00>


============================================================
+ Verbose Summary: Binding
============================================================
STG Binding: 
---------------- STG Properties BEGIN ----------------
- Is combinational: 1
- Is one-state seq: 0
- Is datapath-only: 0
- Is pipelined: 0
- Is top level: 1
Port [ Return ] is wired: 1; IO mode=ap_ctrl_hs:ce=0
Port [ e1]:  wired=1; compound=0; hidden=0; nouse=0; global=0; static=0; extern=0; dir=0; type=0; pingpong=0; private_global=0; IO mode=ap_none:ce=0
Port [ m1]:  wired=1; compound=0; hidden=0; nouse=0; global=0; static=0; extern=0; dir=0; type=0; pingpong=0; private_global=0; IO mode=ap_none:ce=0
Port [ e2]:  wired=1; compound=0; hidden=0; nouse=0; global=0; static=0; extern=0; dir=0; type=0; pingpong=0; private_global=0; IO mode=ap_none:ce=0
Port [ m2]:  wired=1; compound=0; hidden=0; nouse=0; global=0; static=0; extern=0; dir=0; type=0; pingpong=0; private_global=0; IO mode=ap_none:ce=0
---------------- STG Properties END ------------------

---------------- Datapath Model BEGIN ----------------

<LifeTime>
<method=bitvector/>
specbitsmap_ln0   (specbitsmap   ) [ 00]
spectopmodule_ln3 (spectopmodule ) [ 00]
specbitsmap_ln0   (specbitsmap   ) [ 00]
specinterface_ln0 (specinterface ) [ 00]
specbitsmap_ln0   (specbitsmap   ) [ 00]
specinterface_ln0 (specinterface ) [ 00]
specbitsmap_ln0   (specbitsmap   ) [ 00]
specinterface_ln0 (specinterface ) [ 00]
specbitsmap_ln0   (specbitsmap   ) [ 00]
specinterface_ln0 (specinterface ) [ 00]
m2_read           (read          ) [ 00]
e2_read           (read          ) [ 00]
m1_read           (read          ) [ 00]
e1_read           (read          ) [ 00]
icmp_ln4          (icmp          ) [ 00]
xor_ln4           (xor           ) [ 01]
icmp_ln4_1        (icmp          ) [ 00]
tmp               (bitconcatenate) [ 00]
icmp_ln4_2        (icmp          ) [ 00]
tmp_1             (bitconcatenate) [ 00]
zext_ln4          (zext          ) [ 00]
zext_ln4_1        (zext          ) [ 00]
sub_ln4           (sub           ) [ 00]
sub_ln4cast       (zext          ) [ 00]
lshr_ln4          (lshr          ) [ 00]
sub_ln4_1         (sub           ) [ 00]
sub_ln4_1cast     (zext          ) [ 00]
lshr_ln4_1        (lshr          ) [ 00]
tmp_2             (bitconcatenate) [ 00]
tmp_0571          (select        ) [ 00]
tmp32_0           (select        ) [ 00]
select_ln4        (select        ) [ 00]
tmp_4             (bitconcatenate) [ 00]
ret_ln4           (ret           ) [ 00]
</LifeTime>

<model>

<comp_list>
<comp id="0" class="1000" name="e1">
<pin_list>
<pin id="1" dir="1" index="0" bw="1" slack="0"/>
</pin_list>
<bind>
<StgValue><ssdm name="e1"/></StgValue>
</bind>
</comp>

<comp id="2" class="1000" name="m1">
<pin_list>
<pin id="3" dir="1" index="0" bw="1" slack="0"/>
</pin_list>
<bind>
<StgValue><ssdm name="m1"/></StgValue>
</bind>
</comp>

<comp id="4" class="1000" name="e2">
<pin_list>
<pin id="5" dir="1" index="0" bw="1" slack="0"/>
</pin_list>
<bind>
<StgValue><ssdm name="e2"/></StgValue>
</bind>
</comp>

<comp id="6" class="1000" name="m2">
<pin_list>
<pin id="7" dir="1" index="0" bw="1" slack="0"/>
</pin_list>
<bind>
<StgValue><ssdm name="m2"/></StgValue>
</bind>
</comp>

<comp id="8" class="1001" name="const_8">
<pin_list>
<pin id="9" dir="1" index="0" bw="1" slack="2147483647"/>
</pin_list>
<bind>
<StgValue><ssdm name="_ssdm_op_SpecBitsMap"/></StgValue>
</bind>
</comp>

<comp id="10" class="1001" name="const_10">
<pin_list>
<pin id="11" dir="1" index="0" bw="1" slack="2147483647"/>
</pin_list>
<bind>
<StgValue><ssdm name=""/></StgValue>
</bind>
</comp>

<comp id="12" class="1001" name="const_12">
<pin_list>
<pin id="13" dir="1" index="0" bw="1" slack="2147483647"/>
</pin_list>
<bind>
<StgValue><ssdm name="_ssdm_op_SpecTopModule"/></StgValue>
</bind>
</comp>

<comp id="14" class="1001" name="const_14">
<pin_list>
<pin id="15" dir="1" index="0" bw="1" slack="2147483647"/>
</pin_list>
<bind>
<StgValue><ssdm name="empty_1"/></StgValue>
</bind>
</comp>

<comp id="16" class="1001" name="const_16">
<pin_list>
<pin id="17" dir="1" index="0" bw="1" slack="2147483647"/>
</pin_list>
<bind>
<StgValue><ssdm name="_ssdm_op_SpecInterface"/></StgValue>
</bind>
</comp>

<comp id="18" class="1001" name="const_18">
<pin_list>
<pin id="19" dir="1" index="0" bw="1" slack="2147483647"/>
</pin_list>
<bind>
<StgValue><ssdm name="empty"/></StgValue>
</bind>
</comp>

<comp id="20" class="1001" name="const_20">
<pin_list>
<pin id="21" dir="1" index="0" bw="1" slack="2147483647"/>
</pin_list>
<bind>
<StgValue><ssdm name=""/></StgValue>
</bind>
</comp>

<comp id="22" class="1001" name="const_22">
<pin_list>
<pin id="23" dir="1" index="0" bw="1" slack="2147483647"/>
</pin_list>
<bind>
<StgValue><ssdm name="empty_0"/></StgValue>
</bind>
</comp>

<comp id="24" class="1001" name="const_24">
<pin_list>
<pin id="25" dir="1" index="0" bw="1" slack="2147483647"/>
</pin_list>
<bind>
<StgValue><ssdm name=""/></StgValue>
</bind>
</comp>

<comp id="26" class="1001" name="const_26">
<pin_list>
<pin id="27" dir="1" index="0" bw="1" slack="0"/>
</pin_list>
<bind>
<StgValue><ssdm name="_ssdm_op_Read.ap_auto.i23"/></StgValue>
</bind>
</comp>

<comp id="28" class="1001" name="const_28">
<pin_list>
<pin id="29" dir="1" index="0" bw="1" slack="0"/>
</pin_list>
<bind>
<StgValue><ssdm name="_ssdm_op_Read.ap_auto.i8"/></StgValue>
</bind>
</comp>

<comp id="30" class="1001" name="const_30">
<pin_list>
<pin id="31" dir="1" index="0" bw="1" slack="0"/>
</pin_list>
<bind>
<StgValue><ssdm name=""/></StgValue>
</bind>
</comp>

<comp id="32" class="1001" name="const_32">
<pin_list>
<pin id="33" dir="1" index="0" bw="1" slack="0"/>
</pin_list>
<bind>
<StgValue><ssdm name=""/></StgValue>
</bind>
</comp>

<comp id="34" class="1001" name="const_34">
<pin_list>
<pin id="35" dir="1" index="0" bw="1" slack="0"/>
</pin_list>
<bind>
<StgValue><ssdm name="_ssdm_op_BitConcatenate.i24.i1.i23"/></StgValue>
</bind>
</comp>

<comp id="36" class="1001" name="const_36">
<pin_list>
<pin id="37" dir="1" index="0" bw="1" slack="0"/>
</pin_list>
<bind>
<StgValue><ssdm name="_ssdm_op_BitConcatenate.i56.i24.i24.i8"/></StgValue>
</bind>
</comp>

<comp id="38" class="1004" name="m2_read_read_fu_38">
<pin_list>
<pin id="39" dir="0" index="0" bw="23" slack="0"/>
<pin id="40" dir="0" index="1" bw="23" slack="0"/>
<pin id="41" dir="1" index="2" bw="23" slack="0"/>
</pin_list>
<bind>
<opcode="read(1150) " fcode="read"/>
<opset="m2_read/1 "/>
</bind>
</comp>

<comp id="44" class="1004" name="e2_read_read_fu_44">
<pin_list>
<pin id="45" dir="0" index="0" bw="8" slack="0"/>
<pin id="46" dir="0" index="1" bw="8" slack="0"/>
<pin id="47" dir="1" index="2" bw="8" slack="0"/>
</pin_list>
<bind>
<opcode="read(1150) " fcode="read"/>
<opset="e2_read/1 "/>
</bind>
</comp>

<comp id="50" class="1004" name="m1_read_read_fu_50">
<pin_list>
<pin id="51" dir="0" index="0" bw="23" slack="0"/>
<pin id="52" dir="0" index="1" bw="23" slack="0"/>
<pin id="53" dir="1" index="2" bw="23" slack="0"/>
</pin_list>
<bind>
<opcode="read(1150) " fcode="read"/>
<opset="m1_read/1 "/>
</bind>
</comp>

<comp id="56" class="1004" name="e1_read_read_fu_56">
<pin_list>
<pin id="57" dir="0" index="0" bw="8" slack="0"/>
<pin id="58" dir="0" index="1" bw="8" slack="0"/>
<pin id="59" dir="1" index="2" bw="8" slack="0"/>
</pin_list>
<bind>
<opcode="read(1150) " fcode="read"/>
<opset="e1_read/1 "/>
</bind>
</comp>

<comp id="62" class="1004" name="icmp_ln4_fu_62">
<pin_list>
<pin id="63" dir="0" index="0" bw="8" slack="0"/>
<pin id="64" dir="0" index="1" bw="8" slack="0"/>
<pin id="65" dir="1" index="2" bw="1" slack="0"/>
</pin_list>
<bind>
<opcode="icmp(45) " fcode="icmp"/>
<opset="icmp_ln4/1 "/>
</bind>
</comp>

<comp id="68" class="1004" name="xor_ln4_fu_68">
<pin_list>
<pin id="69" dir="0" index="0" bw="1" slack="0"/>
<pin id="70" dir="0" index="1" bw="1" slack="0"/>
<pin id="71" dir="1" index="2" bw="1" slack="0"/>
</pin_list>
<bind>
<opcode="xor(25) " fcode="xor"/>
<opset="xor_ln4/1 "/>
</bind>
</comp>

<comp id="74" class="1004" name="icmp_ln4_1_fu_74">
<pin_list>
<pin id="75" dir="0" index="0" bw="8" slack="0"/>
<pin id="76" dir="0" index="1" bw="8" slack="0"/>
<pin id="77" dir="1" index="2" bw="1" slack="0"/>
</pin_list>
<bind>
<opcode="icmp(45) " fcode="icmp"/>
<opset="icmp_ln4_1/1 "/>
</bind>
</comp>

<comp id="80" class="1004" name="tmp_fu_80">
<pin_list>
<pin id="81" dir="0" index="0" bw="24" slack="0"/>
<pin id="82" dir="0" index="1" bw="1" slack="0"/>
<pin id="83" dir="0" index="2" bw="23" slack="0"/>
<pin id="84" dir="1" index="3" bw="24" slack="0"/>
</pin_list>
<bind>
<opcode="bitconcatenate(1004) " fcode="bitconcatenate"/>
<opset="tmp/1 "/>
</bind>
</comp>

<comp id="88" class="1004" name="icmp_ln4_2_fu_88">
<pin_list>
<pin id="89" dir="0" index="0" bw="8" slack="0"/>
<pin id="90" dir="0" index="1" bw="8" slack="0"/>
<pin id="91" dir="1" index="2" bw="1" slack="0"/>
</pin_list>
<bind>
<opcode="icmp(45) " fcode="icmp"/>
<opset="icmp_ln4_2/1 "/>
</bind>
</comp>

<comp id="94" class="1004" name="tmp_1_fu_94">
<pin_list>
<pin id="95" dir="0" index="0" bw="24" slack="0"/>
<pin id="96" dir="0" index="1" bw="1" slack="0"/>
<pin id="97" dir="0" index="2" bw="23" slack="0"/>
<pin id="98" dir="1" index="3" bw="24" slack="0"/>
</pin_list>
<bind>
<opcode="bitconcatenate(1004) " fcode="bitconcatenate"/>
<opset="tmp_1/1 "/>
</bind>
</comp>

<comp id="102" class="1004" name="zext_ln4_fu_102">
<pin_list>
<pin id="103" dir="0" index="0" bw="8" slack="0"/>
<pin id="104" dir="1" index="1" bw="9" slack="0"/>
</pin_list>
<bind>
<opcode="zext(34) " fcode="zext"/>
<opset="zext_ln4/1 "/>
</bind>
</comp>

<comp id="106" class="1004" name="zext_ln4_1_fu_106">
<pin_list>
<pin id="107" dir="0" index="0" bw="8" slack="0"/>
<pin id="108" dir="1" index="1" bw="9" slack="0"/>
</pin_list>
<bind>
<opcode="zext(34) " fcode="zext"/>
<opset="zext_ln4_1/1 "/>
</bind>
</comp>

<comp id="110" class="1004" name="sub_ln4_fu_110">
<pin_list>
<pin id="111" dir="0" index="0" bw="8" slack="0"/>
<pin id="112" dir="0" index="1" bw="8" slack="0"/>
<pin id="113" dir="1" index="2" bw="9" slack="0"/>
</pin_list>
<bind>
<opcode="sub(10) " fcode="sub"/>
<opset="sub_ln4/1 "/>
</bind>
</comp>

<comp id="116" class="1004" name="sub_ln4cast_fu_116">
<pin_list>
<pin id="117" dir="0" index="0" bw="9" slack="0"/>
<pin id="118" dir="1" index="1" bw="24" slack="0"/>
</pin_list>
<bind>
<opcode="zext(34) " fcode="zext"/>
<opset="sub_ln4cast/1 "/>
</bind>
</comp>

<comp id="120" class="1004" name="lshr_ln4_fu_120">
<pin_list>
<pin id="121" dir="0" index="0" bw="24" slack="0"/>
<pin id="122" dir="0" index="1" bw="9" slack="0"/>
<pin id="123" dir="1" index="2" bw="24" slack="0"/>
</pin_list>
<bind>
<opcode="lshr(21) " fcode="lshr"/>
<opset="lshr_ln4/1 "/>
</bind>
</comp>

<comp id="126" class="1004" name="sub_ln4_1_fu_126">
<pin_list>
<pin id="127" dir="0" index="0" bw="8" slack="0"/>
<pin id="128" dir="0" index="1" bw="8" slack="0"/>
<pin id="129" dir="1" index="2" bw="9" slack="0"/>
</pin_list>
<bind>
<opcode="sub(10) " fcode="sub"/>
<opset="sub_ln4_1/1 "/>
</bind>
</comp>

<comp id="132" class="1004" name="sub_ln4_1cast_fu_132">
<pin_list>
<pin id="133" dir="0" index="0" bw="9" slack="0"/>
<pin id="134" dir="1" index="1" bw="24" slack="0"/>
</pin_list>
<bind>
<opcode="zext(34) " fcode="zext"/>
<opset="sub_ln4_1cast/1 "/>
</bind>
</comp>

<comp id="136" class="1004" name="lshr_ln4_1_fu_136">
<pin_list>
<pin id="137" dir="0" index="0" bw="24" slack="0"/>
<pin id="138" dir="0" index="1" bw="9" slack="0"/>
<pin id="139" dir="1" index="2" bw="24" slack="0"/>
</pin_list>
<bind>
<opcode="lshr(21) " fcode="lshr"/>
<opset="lshr_ln4_1/1 "/>
</bind>
</comp>

<comp id="142" class="1004" name="tmp_2_fu_142">
<pin_list>
<pin id="143" dir="0" index="0" bw="24" slack="0"/>
<pin id="144" dir="0" index="1" bw="1" slack="0"/>
<pin id="145" dir="0" index="2" bw="23" slack="0"/>
<pin id="146" dir="1" index="3" bw="24" slack="0"/>
</pin_list>
<bind>
<opcode="bitconcatenate(1004) " fcode="bitconcatenate"/>
<opset="tmp_2/1 "/>
</bind>
</comp>

<comp id="150" class="1004" name="tmp_0571_fu_150">
<pin_list>
<pin id="151" dir="0" index="0" bw="1" slack="0"/>
<pin id="152" dir="0" index="1" bw="24" slack="0"/>
<pin id="153" dir="0" index="2" bw="24" slack="0"/>
<pin id="154" dir="1" index="3" bw="24" slack="0"/>
</pin_list>
<bind>
<opcode="select(49) " fcode="select"/>
<opset="tmp_0571/1 "/>
</bind>
</comp>

<comp id="158" class="1004" name="tmp32_0_fu_158">
<pin_list>
<pin id="159" dir="0" index="0" bw="1" slack="0"/>
<pin id="160" dir="0" index="1" bw="24" slack="0"/>
<pin id="161" dir="0" index="2" bw="24" slack="0"/>
<pin id="162" dir="1" index="3" bw="24" slack="0"/>
</pin_list>
<bind>
<opcode="select(49) " fcode="select"/>
<opset="tmp32_0/1 "/>
</bind>
</comp>

<comp id="166" class="1004" name="select_ln4_fu_166">
<pin_list>
<pin id="167" dir="0" index="0" bw="1" slack="0"/>
<pin id="168" dir="0" index="1" bw="8" slack="0"/>
<pin id="169" dir="0" index="2" bw="8" slack="0"/>
<pin id="170" dir="1" index="3" bw="8" slack="0"/>
</pin_list>
<bind>
<opcode="select(49) " fcode="select"/>
<opset="select_ln4/1 "/>
</bind>
</comp>

<comp id="174" class="1004" name="tmp_4_fu_174">
<pin_list>
<pin id="175" dir="0" index="0" bw="56" slack="0"/>
<pin id="176" dir="0" index="1" bw="24" slack="0"/>
<pin id="177" dir="0" index="2" bw="24" slack="0"/>
<pin id="178" dir="0" index="3" bw="8" slack="0"/>
<pin id="179" dir="1" index="4" bw="56" slack="2147483647"/>
</pin_list>
<bind>
<opcode="bitconcatenate(1004) " fcode="bitconcatenate"/>
<opset="tmp_4/1 "/>
</bind>
</comp>

</comp_list>

<net_list>
<net id="42"><net_src comp="26" pin="0"/><net_sink comp="38" pin=0"/></net>

<net id="43"><net_src comp="6" pin="0"/><net_sink comp="38" pin=1"/></net>

<net id="48"><net_src comp="28" pin="0"/><net_sink comp="44" pin=0"/></net>

<net id="49"><net_src comp="4" pin="0"/><net_sink comp="44" pin=1"/></net>

<net id="54"><net_src comp="26" pin="0"/><net_sink comp="50" pin=0"/></net>

<net id="55"><net_src comp="2" pin="0"/><net_sink comp="50" pin=1"/></net>

<net id="60"><net_src comp="28" pin="0"/><net_sink comp="56" pin=0"/></net>

<net id="61"><net_src comp="0" pin="0"/><net_sink comp="56" pin=1"/></net>

<net id="66"><net_src comp="56" pin="2"/><net_sink comp="62" pin=0"/></net>

<net id="67"><net_src comp="44" pin="2"/><net_sink comp="62" pin=1"/></net>

<net id="72"><net_src comp="62" pin="2"/><net_sink comp="68" pin=0"/></net>

<net id="73"><net_src comp="30" pin="0"/><net_sink comp="68" pin=1"/></net>

<net id="78"><net_src comp="56" pin="2"/><net_sink comp="74" pin=0"/></net>

<net id="79"><net_src comp="32" pin="0"/><net_sink comp="74" pin=1"/></net>

<net id="85"><net_src comp="34" pin="0"/><net_sink comp="80" pin=0"/></net>

<net id="86"><net_src comp="74" pin="2"/><net_sink comp="80" pin=1"/></net>

<net id="87"><net_src comp="50" pin="2"/><net_sink comp="80" pin=2"/></net>

<net id="92"><net_src comp="44" pin="2"/><net_sink comp="88" pin=0"/></net>

<net id="93"><net_src comp="32" pin="0"/><net_sink comp="88" pin=1"/></net>

<net id="99"><net_src comp="34" pin="0"/><net_sink comp="94" pin=0"/></net>

<net id="100"><net_src comp="88" pin="2"/><net_sink comp="94" pin=1"/></net>

<net id="101"><net_src comp="38" pin="2"/><net_sink comp="94" pin=2"/></net>

<net id="105"><net_src comp="56" pin="2"/><net_sink comp="102" pin=0"/></net>

<net id="109"><net_src comp="44" pin="2"/><net_sink comp="106" pin=0"/></net>

<net id="114"><net_src comp="102" pin="1"/><net_sink comp="110" pin=0"/></net>

<net id="115"><net_src comp="106" pin="1"/><net_sink comp="110" pin=1"/></net>

<net id="119"><net_src comp="110" pin="2"/><net_sink comp="116" pin=0"/></net>

<net id="124"><net_src comp="94" pin="3"/><net_sink comp="120" pin=0"/></net>

<net id="125"><net_src comp="116" pin="1"/><net_sink comp="120" pin=1"/></net>

<net id="130"><net_src comp="106" pin="1"/><net_sink comp="126" pin=0"/></net>

<net id="131"><net_src comp="102" pin="1"/><net_sink comp="126" pin=1"/></net>

<net id="135"><net_src comp="126" pin="2"/><net_sink comp="132" pin=0"/></net>

<net id="140"><net_src comp="80" pin="3"/><net_sink comp="136" pin=0"/></net>

<net id="141"><net_src comp="132" pin="1"/><net_sink comp="136" pin=1"/></net>

<net id="147"><net_src comp="34" pin="0"/><net_sink comp="142" pin=0"/></net>

<net id="148"><net_src comp="30" pin="0"/><net_sink comp="142" pin=1"/></net>

<net id="149"><net_src comp="38" pin="2"/><net_sink comp="142" pin=2"/></net>

<net id="155"><net_src comp="68" pin="2"/><net_sink comp="150" pin=0"/></net>

<net id="156"><net_src comp="80" pin="3"/><net_sink comp="150" pin=1"/></net>

<net id="157"><net_src comp="136" pin="2"/><net_sink comp="150" pin=2"/></net>

<net id="163"><net_src comp="68" pin="2"/><net_sink comp="158" pin=0"/></net>

<net id="164"><net_src comp="120" pin="2"/><net_sink comp="158" pin=1"/></net>

<net id="165"><net_src comp="142" pin="3"/><net_sink comp="158" pin=2"/></net>

<net id="171"><net_src comp="68" pin="2"/><net_sink comp="166" pin=0"/></net>

<net id="172"><net_src comp="56" pin="2"/><net_sink comp="166" pin=1"/></net>

<net id="173"><net_src comp="44" pin="2"/><net_sink comp="166" pin=2"/></net>

<net id="180"><net_src comp="36" pin="0"/><net_sink comp="174" pin=0"/></net>

<net id="181"><net_src comp="150" pin="3"/><net_sink comp="174" pin=1"/></net>

<net id="182"><net_src comp="158" pin="3"/><net_sink comp="174" pin=2"/></net>

<net id="183"><net_src comp="166" pin="3"/><net_sink comp="174" pin=3"/></net>

</net_list>

</model> 
---------------- Datapath Model END ------------------

* FSMD analyzer results:
  - Output states:
 - Input state : 
	Port: fp32_aligner : e1 | {1 }
	Port: fp32_aligner : m1 | {1 }
	Port: fp32_aligner : e2 | {1 }
	Port: fp32_aligner : m2 | {1 }
  - Chain level:
	State 1
		xor_ln4 : 1
		tmp : 1
		tmp_1 : 1
		sub_ln4 : 1
		sub_ln4cast : 2
		lshr_ln4 : 3
		sub_ln4_1 : 1
		sub_ln4_1cast : 2
		lshr_ln4_1 : 3
		tmp_0571 : 4
		tmp32_0 : 4
		select_ln4 : 1
		tmp_4 : 5
		ret_ln4 : 6


============================================================
+ Verbose Summary: Datapath Resource usage 
============================================================

* Functional unit list:
|----------|----------------------|---------|---------|
| Operation|    Functional Unit   |    FF   |   LUT   |
|----------|----------------------|---------|---------|
|   lshr   |    lshr_ln4_fu_120   |    0    |    67   |
|          |   lshr_ln4_1_fu_136  |    0    |    67   |
|----------|----------------------|---------|---------|
|          |    tmp_0571_fu_150   |    0    |    24   |
|  select  |    tmp32_0_fu_158    |    0    |    24   |
|          |   select_ln4_fu_166  |    0    |    8    |
|----------|----------------------|---------|---------|
|          |    icmp_ln4_fu_62    |    0    |    15   |
|   icmp   |   icmp_ln4_1_fu_74   |    0    |    15   |
|          |   icmp_ln4_2_fu_88   |    0    |    15   |
|----------|----------------------|---------|---------|
|    sub   |    sub_ln4_fu_110    |    0    |    15   |
|          |   sub_ln4_1_fu_126   |    0    |    15   |
|----------|----------------------|---------|---------|
|    xor   |     xor_ln4_fu_68    |    0    |    2    |
|----------|----------------------|---------|---------|
|          |  m2_read_read_fu_38  |    0    |    0    |
|   read   |  e2_read_read_fu_44  |    0    |    0    |
|          |  m1_read_read_fu_50  |    0    |    0    |
|          |  e1_read_read_fu_56  |    0    |    0    |
|----------|----------------------|---------|---------|
|          |       tmp_fu_80      |    0    |    0    |
|bitconcatenate|      tmp_1_fu_94     |    0    |    0    |
|          |     tmp_2_fu_142     |    0    |    0    |
|          |     tmp_4_fu_174     |    0    |    0    |
|----------|----------------------|---------|---------|
|          |    zext_ln4_fu_102   |    0    |    0    |
|   zext   |   zext_ln4_1_fu_106  |    0    |    0    |
|          |  sub_ln4cast_fu_116  |    0    |    0    |
|          | sub_ln4_1cast_fu_132 |    0    |    0    |
|----------|----------------------|---------|---------|
|   Total  |                      |    0    |   267   |
|----------|----------------------|---------|---------|

Memories:
N/A

* Register list:
N/A

* Multiplexer (MUX) list: 
|--------|------|------|------|--------|
|  Comp  |  Pin | Size |  BW  | S x BW |
|--------|------|------|------|--------|
|  Total |      |      |      |    0   |
|--------|------|------|------|--------|



* Summary:
+-----------+--------+--------+
|           |   FF   |   LUT  |
+-----------+--------+--------+
|  Function |    0   |   267  |
|   Memory  |    -   |    -   |
|Multiplexer|    -   |    -   |
|  Register |    -   |    -   |
+-----------+--------+--------+
|   Total   |    0   |   267  |
+-----------+--------+--------+
