

================================================================
== Vitis HLS Report for 'fp32_aligner'
================================================================
* Date:           Wed Oct 29 01:02:56 2025

* Version:        2025.1 (Build 6135595 on May 21 2025)
* Project:        solution_fp32addition_fp32_alignment_component
* Solution:       hls (Vivado IP Flow Target)
* Product family: zynq
* Target device:  xc7z020-clg400-1


================================================================
== Performance Estimates
================================================================
+ Timing: 
    * Summary: 
    +--------+----------+----------+------------+
    |  Clock |  Target  | Estimated| Uncertainty|
    +--------+----------+----------+------------+
    |ap_clk  |  1.00 sec|  6.813 ns|    0.27 sec|
    +--------+----------+----------+------------+

+ Latency: 
    * Summary: 
    +---------+---------+----------+----------+-----+-----+---------+
    |  Latency (cycles) |  Latency (absolute) |  Interval | Pipeline|
    |   min   |   max   |    min   |    max   | min | max |   Type  |
    +---------+---------+----------+----------+-----+-----+---------+
    |        0|        0|      0 ns|      0 ns|    1|    1|       no|
    +---------+---------+----------+----------+-----+-----+---------+

    + Detail: 
        * Instance: 
        N/A

        * Loop: 
        N/A

============================================================
+ Verbose Summary: Synthesis Manager
============================================================
InlineROM: 1
ExposeGlobal: 0
============================================================
+ Verbose Summary: CDFG Model
============================================================
IsTopModel: 1
ResetActiveHigh: 1
IsCombinational: 0
IsDatapathOnly: 0
HasWiredReturn: 1
HasMFsm: 0
HasVarLatency: 0
IsPipeline: 0
IsRtlPipelined: 0
IsInstanceOverlapped: 0
IsDontTouch: 0
HasImplIP: 0
IsGatedGlobalClock: 0


============================================================
+ Verbose Summary: Schedule
============================================================
* Number of FSM states : 1
* Pipeline : 0
* Dataflow Pipeline: 0

* FSM state transitions: 
1 --> 

* FSM state operations: 

State 1 <SV = 0> <Delay = 6.81>
ST_1 : Operation 2 [1/1] (0.00ns)   --->   "%specbitsmap_ln0 = specbitsmap void @_ssdm_op_SpecBitsMap, i56 0"   --->   Operation 2 'specbitsmap' 'specbitsmap_ln0' <Predicate = true> <Delay = 0.00>
ST_1 : Operation 3 [1/1] (0.00ns)   --->   "%spectopmodule_ln3 = spectopmodule void @_ssdm_op_SpecTopModule, void @empty_1" [/home/joe/Desktop/Uni/Year_4/Dissertation/Program-Synthesis-for-Efficient-ML/results/cpp/solution_fp32addition_fp32_alignment.cpp:3]   --->   Operation 3 'spectopmodule' 'spectopmodule_ln3' <Predicate = true> <Delay = 0.00>
ST_1 : Operation 4 [1/1] (0.00ns)   --->   "%specbitsmap_ln0 = specbitsmap void @_ssdm_op_SpecBitsMap, i8 %e1"   --->   Operation 4 'specbitsmap' 'specbitsmap_ln0' <Predicate = true> <Delay = 0.00>
ST_1 : Operation 5 [1/1] (0.00ns)   --->   "%specinterface_ln0 = specinterface void @_ssdm_op_SpecInterface, i8 %e1, void @empty, i32 0, i32 0, void @empty_0, i32 0, i32 0, void @empty_0, void @empty_0, void @empty_0, i32 0, i32 0, i32 0, i32 0, void @empty_0, void @empty_0, i32 4294967295, i32 0, i32 0"   --->   Operation 5 'specinterface' 'specinterface_ln0' <Predicate = true> <Delay = 0.00>
ST_1 : Operation 6 [1/1] (0.00ns)   --->   "%specbitsmap_ln0 = specbitsmap void @_ssdm_op_SpecBitsMap, i23 %m1"   --->   Operation 6 'specbitsmap' 'specbitsmap_ln0' <Predicate = true> <Delay = 0.00>
ST_1 : Operation 7 [1/1] (0.00ns)   --->   "%specinterface_ln0 = specinterface void @_ssdm_op_SpecInterface, i23 %m1, void @empty, i32 0, i32 0, void @empty_0, i32 0, i32 0, void @empty_0, void @empty_0, void @empty_0, i32 0, i32 0, i32 0, i32 0, void @empty_0, void @empty_0, i32 4294967295, i32 0, i32 0"   --->   Operation 7 'specinterface' 'specinterface_ln0' <Predicate = true> <Delay = 0.00>
ST_1 : Operation 8 [1/1] (0.00ns)   --->   "%specbitsmap_ln0 = specbitsmap void @_ssdm_op_SpecBitsMap, i8 %e2"   --->   Operation 8 'specbitsmap' 'specbitsmap_ln0' <Predicate = true> <Delay = 0.00>
ST_1 : Operation 9 [1/1] (0.00ns)   --->   "%specinterface_ln0 = specinterface void @_ssdm_op_SpecInterface, i8 %e2, void @empty, i32 0, i32 0, void @empty_0, i32 0, i32 0, void @empty_0, void @empty_0, void @empty_0, i32 0, i32 0, i32 0, i32 0, void @empty_0, void @empty_0, i32 4294967295, i32 0, i32 0"   --->   Operation 9 'specinterface' 'specinterface_ln0' <Predicate = true> <Delay = 0.00>
ST_1 : Operation 10 [1/1] (0.00ns)   --->   "%specbitsmap_ln0 = specbitsmap void @_ssdm_op_SpecBitsMap, i23 %m2"   --->   Operation 10 'specbitsmap' 'specbitsmap_ln0' <Predicate = true> <Delay = 0.00>
ST_1 : Operation 11 [1/1] (0.00ns)   --->   "%specinterface_ln0 = specinterface void @_ssdm_op_SpecInterface, i23 %m2, void @empty, i32 0, i32 0, void @empty_0, i32 0, i32 0, void @empty_0, void @empty_0, void @empty_0, i32 0, i32 0, i32 0, i32 0, void @empty_0, void @empty_0, i32 4294967295, i32 0, i32 0"   --->   Operation 11 'specinterface' 'specinterface_ln0' <Predicate = true> <Delay = 0.00>
ST_1 : Operation 12 [1/1] (0.00ns)   --->   "%m2_read = read i23 @_ssdm_op_Read.ap_auto.i23, i23 %m2" [/home/joe/Desktop/Uni/Year_4/Dissertation/Program-Synthesis-for-Efficient-ML/results/cpp/solution_fp32addition_fp32_alignment.cpp:3]   --->   Operation 12 'read' 'm2_read' <Predicate = true> <Delay = 0.00>
ST_1 : Operation 13 [1/1] (0.00ns)   --->   "%e2_read = read i8 @_ssdm_op_Read.ap_auto.i8, i8 %e2" [/home/joe/Desktop/Uni/Year_4/Dissertation/Program-Synthesis-for-Efficient-ML/results/cpp/solution_fp32addition_fp32_alignment.cpp:3]   --->   Operation 13 'read' 'e2_read' <Predicate = true> <Delay = 0.00>
ST_1 : Operation 14 [1/1] (0.00ns)   --->   "%m1_read = read i23 @_ssdm_op_Read.ap_auto.i23, i23 %m1" [/home/joe/Desktop/Uni/Year_4/Dissertation/Program-Synthesis-for-Efficient-ML/results/cpp/solution_fp32addition_fp32_alignment.cpp:3]   --->   Operation 14 'read' 'm1_read' <Predicate = true> <Delay = 0.00>
ST_1 : Operation 15 [1/1] (0.00ns)   --->   "%e1_read = read i8 @_ssdm_op_Read.ap_auto.i8, i8 %e1" [/home/joe/Desktop/Uni/Year_4/Dissertation/Program-Synthesis-for-Efficient-ML/results/cpp/solution_fp32addition_fp32_alignment.cpp:3]   --->   Operation 15 'read' 'e1_read' <Predicate = true> <Delay = 0.00>
ST_1 : Operation 16 [1/1] (1.91ns)   --->   "%icmp_ln4 = icmp_ult  i8 %e1_read, i8 %e2_read" [/home/joe/Desktop/Uni/Year_4/Dissertation/Program-Synthesis-for-Efficient-ML/results/cpp/solution_fp32addition_fp32_alignment.cpp:4]   --->   Operation 16 'icmp' 'icmp_ln4' <Predicate = true> <Delay = 1.91> <CoreInst = "Cmp">   --->   Core 9 'Cmp' <Latency = 0> <II = 1> <Delay = 1.91> <FuncUnit> <Opcode : 'seteq' 'setne' 'setle' 'setge' 'setlt' 'setgt'> <InPorts = 2> <OutPorts = 1>
ST_1 : Operation 17 [1/1] (0.97ns)   --->   "%xor_ln4 = xor i1 %icmp_ln4, i1 1" [/home/joe/Desktop/Uni/Year_4/Dissertation/Program-Synthesis-for-Efficient-ML/results/cpp/solution_fp32addition_fp32_alignment.cpp:4]   --->   Operation 17 'xor' 'xor_ln4' <Predicate = true> <Delay = 0.97> <CoreInst = "LogicGate">   --->   Core 74 'LogicGate' <Latency = 0> <II = 1> <Delay = 0.97> <FuncUnit> <Opcode : 'and' 'or' 'xor'> <InPorts = 2> <OutPorts = 1>
ST_1 : Operation 18 [1/1] (1.91ns)   --->   "%icmp_ln4_1 = icmp_ne  i8 %e1_read, i8 0" [/home/joe/Desktop/Uni/Year_4/Dissertation/Program-Synthesis-for-Efficient-ML/results/cpp/solution_fp32addition_fp32_alignment.cpp:4]   --->   Operation 18 'icmp' 'icmp_ln4_1' <Predicate = true> <Delay = 1.91> <CoreInst = "Cmp">   --->   Core 9 'Cmp' <Latency = 0> <II = 1> <Delay = 1.91> <FuncUnit> <Opcode : 'seteq' 'setne' 'setle' 'setge' 'setlt' 'setgt'> <InPorts = 2> <OutPorts = 1>
ST_1 : Operation 19 [1/1] (0.00ns)   --->   "%tmp = bitconcatenate i24 @_ssdm_op_BitConcatenate.i24.i1.i23, i1 %icmp_ln4_1, i23 %m1_read" [/home/joe/Desktop/Uni/Year_4/Dissertation/Program-Synthesis-for-Efficient-ML/results/cpp/solution_fp32addition_fp32_alignment.cpp:4]   --->   Operation 19 'bitconcatenate' 'tmp' <Predicate = true> <Delay = 0.00>
ST_1 : Operation 20 [1/1] (1.91ns)   --->   "%icmp_ln4_2 = icmp_ne  i8 %e2_read, i8 0" [/home/joe/Desktop/Uni/Year_4/Dissertation/Program-Synthesis-for-Efficient-ML/results/cpp/solution_fp32addition_fp32_alignment.cpp:4]   --->   Operation 20 'icmp' 'icmp_ln4_2' <Predicate = (xor_ln4)> <Delay = 1.91> <CoreInst = "Cmp">   --->   Core 9 'Cmp' <Latency = 0> <II = 1> <Delay = 1.91> <FuncUnit> <Opcode : 'seteq' 'setne' 'setle' 'setge' 'setlt' 'setgt'> <InPorts = 2> <OutPorts = 1>
ST_1 : Operation 21 [1/1] (0.00ns)   --->   "%tmp_1 = bitconcatenate i24 @_ssdm_op_BitConcatenate.i24.i1.i23, i1 %icmp_ln4_2, i23 %m2_read" [/home/joe/Desktop/Uni/Year_4/Dissertation/Program-Synthesis-for-Efficient-ML/results/cpp/solution_fp32addition_fp32_alignment.cpp:4]   --->   Operation 21 'bitconcatenate' 'tmp_1' <Predicate = (xor_ln4)> <Delay = 0.00>
ST_1 : Operation 22 [1/1] (0.00ns)   --->   "%zext_ln4 = zext i8 %e1_read" [/home/joe/Desktop/Uni/Year_4/Dissertation/Program-Synthesis-for-Efficient-ML/results/cpp/solution_fp32addition_fp32_alignment.cpp:4]   --->   Operation 22 'zext' 'zext_ln4' <Predicate = true> <Delay = 0.00>
ST_1 : Operation 23 [1/1] (0.00ns)   --->   "%zext_ln4_1 = zext i8 %e2_read" [/home/joe/Desktop/Uni/Year_4/Dissertation/Program-Synthesis-for-Efficient-ML/results/cpp/solution_fp32addition_fp32_alignment.cpp:4]   --->   Operation 23 'zext' 'zext_ln4_1' <Predicate = true> <Delay = 0.00>
ST_1 : Operation 24 [1/1] (1.91ns)   --->   "%sub_ln4 = sub i9 %zext_ln4, i9 %zext_ln4_1" [/home/joe/Desktop/Uni/Year_4/Dissertation/Program-Synthesis-for-Efficient-ML/results/cpp/solution_fp32addition_fp32_alignment.cpp:4]   --->   Operation 24 'sub' 'sub_ln4' <Predicate = (xor_ln4)> <Delay = 1.91> <CoreInst = "Adder">   --->   Core 1 'Adder' <Latency = 0> <II = 1> <Delay = 1.91> <FuncUnit> <Opcode : 'add' 'sub'> <InPorts = 2> <OutPorts = 1>
ST_1 : Operation 25 [1/1] (0.00ns)   --->   "%sub_ln4cast = zext i9 %sub_ln4" [/home/joe/Desktop/Uni/Year_4/Dissertation/Program-Synthesis-for-Efficient-ML/results/cpp/solution_fp32addition_fp32_alignment.cpp:4]   --->   Operation 25 'zext' 'sub_ln4cast' <Predicate = (xor_ln4)> <Delay = 0.00>
ST_1 : Operation 26 [1/1] (4.20ns)   --->   "%lshr_ln4 = lshr i24 %tmp_1, i24 %sub_ln4cast" [/home/joe/Desktop/Uni/Year_4/Dissertation/Program-Synthesis-for-Efficient-ML/results/cpp/solution_fp32addition_fp32_alignment.cpp:4]   --->   Operation 26 'lshr' 'lshr_ln4' <Predicate = (xor_ln4)> <Delay = 4.20> <CoreInst = "Shifter">   --->   Core 75 'Shifter' <Latency = 0> <II = 1> <Delay = 4.20> <FuncUnit> <Opcode : 'shl' 'lshr' 'ashr'> <InPorts = 2> <OutPorts = 1>
ST_1 : Operation 27 [1/1] (1.91ns)   --->   "%sub_ln4_1 = sub i9 %zext_ln4_1, i9 %zext_ln4" [/home/joe/Desktop/Uni/Year_4/Dissertation/Program-Synthesis-for-Efficient-ML/results/cpp/solution_fp32addition_fp32_alignment.cpp:4]   --->   Operation 27 'sub' 'sub_ln4_1' <Predicate = (!xor_ln4)> <Delay = 1.91> <CoreInst = "Adder">   --->   Core 1 'Adder' <Latency = 0> <II = 1> <Delay = 1.91> <FuncUnit> <Opcode : 'add' 'sub'> <InPorts = 2> <OutPorts = 1>
ST_1 : Operation 28 [1/1] (0.00ns)   --->   "%sub_ln4_1cast = zext i9 %sub_ln4_1" [/home/joe/Desktop/Uni/Year_4/Dissertation/Program-Synthesis-for-Efficient-ML/results/cpp/solution_fp32addition_fp32_alignment.cpp:4]   --->   Operation 28 'zext' 'sub_ln4_1cast' <Predicate = (!xor_ln4)> <Delay = 0.00>
ST_1 : Operation 29 [1/1] (4.20ns)   --->   "%lshr_ln4_1 = lshr i24 %tmp, i24 %sub_ln4_1cast" [/home/joe/Desktop/Uni/Year_4/Dissertation/Program-Synthesis-for-Efficient-ML/results/cpp/solution_fp32addition_fp32_alignment.cpp:4]   --->   Operation 29 'lshr' 'lshr_ln4_1' <Predicate = (!xor_ln4)> <Delay = 4.20> <CoreInst = "Shifter">   --->   Core 75 'Shifter' <Latency = 0> <II = 1> <Delay = 4.20> <FuncUnit> <Opcode : 'shl' 'lshr' 'ashr'> <InPorts = 2> <OutPorts = 1>
ST_1 : Operation 30 [1/1] (0.00ns)   --->   "%tmp_2 = bitconcatenate i24 @_ssdm_op_BitConcatenate.i24.i1.i23, i1 1, i23 %m2_read" [/home/joe/Desktop/Uni/Year_4/Dissertation/Program-Synthesis-for-Efficient-ML/results/cpp/solution_fp32addition_fp32_alignment.cpp:4]   --->   Operation 30 'bitconcatenate' 'tmp_2' <Predicate = (!xor_ln4)> <Delay = 0.00>
ST_1 : Operation 31 [1/1] (0.69ns)   --->   "%tmp_0571 = select i1 %xor_ln4, i24 %tmp, i24 %lshr_ln4_1" [/home/joe/Desktop/Uni/Year_4/Dissertation/Program-Synthesis-for-Efficient-ML/results/cpp/solution_fp32addition_fp32_alignment.cpp:4]   --->   Operation 31 'select' 'tmp_0571' <Predicate = true> <Delay = 0.69> <CoreInst = "Sel">   --->   Core 73 'Sel' <Latency = 0> <II = 1> <Delay = 0.69> <FuncUnit> <Opcode : 'select'> <InPorts = 3> <OutPorts = 1>
ST_1 : Operation 32 [1/1] (0.69ns)   --->   "%tmp32_0 = select i1 %xor_ln4, i24 %lshr_ln4, i24 %tmp_2" [/home/joe/Desktop/Uni/Year_4/Dissertation/Program-Synthesis-for-Efficient-ML/results/cpp/solution_fp32addition_fp32_alignment.cpp:4]   --->   Operation 32 'select' 'tmp32_0' <Predicate = true> <Delay = 0.69> <CoreInst = "Sel">   --->   Core 73 'Sel' <Latency = 0> <II = 1> <Delay = 0.69> <FuncUnit> <Opcode : 'select'> <InPorts = 3> <OutPorts = 1>
ST_1 : Operation 33 [1/1] (1.24ns)   --->   "%select_ln4 = select i1 %xor_ln4, i8 %e1_read, i8 %e2_read" [/home/joe/Desktop/Uni/Year_4/Dissertation/Program-Synthesis-for-Efficient-ML/results/cpp/solution_fp32addition_fp32_alignment.cpp:4]   --->   Operation 33 'select' 'select_ln4' <Predicate = true> <Delay = 1.24> <CoreInst = "Sel">   --->   Core 73 'Sel' <Latency = 0> <II = 1> <Delay = 1.24> <FuncUnit> <Opcode : 'select'> <InPorts = 3> <OutPorts = 1>
ST_1 : Operation 34 [1/1] (0.00ns)   --->   "%tmp_4 = bitconcatenate i56 @_ssdm_op_BitConcatenate.i56.i24.i24.i8, i24 %tmp_0571, i24 %tmp32_0, i8 %select_ln4" [/home/joe/Desktop/Uni/Year_4/Dissertation/Program-Synthesis-for-Efficient-ML/results/cpp/solution_fp32addition_fp32_alignment.cpp:4]   --->   Operation 34 'bitconcatenate' 'tmp_4' <Predicate = true> <Delay = 0.00>
ST_1 : Operation 35 [1/1] (0.00ns)   --->   "%ret_ln4 = ret i56 %tmp_4" [/home/joe/Desktop/Uni/Year_4/Dissertation/Program-Synthesis-for-Efficient-ML/results/cpp/solution_fp32addition_fp32_alignment.cpp:4]   --->   Operation 35 'ret' 'ret_ln4' <Predicate = true> <Delay = 0.00>


============================================================
+ Verbose Summary: Timing violations
============================================================
Target clock period: 1000000000.000ns, clock uncertainty: 270000000.000ns.

 <State 1>: 6.813ns
The critical path consists of the following:
	wire read operation ('e2_read', /home/joe/Desktop/Uni/Year_4/Dissertation/Program-Synthesis-for-Efficient-ML/results/cpp/solution_fp32addition_fp32_alignment.cpp:3) on port 'e2' (/home/joe/Desktop/Uni/Year_4/Dissertation/Program-Synthesis-for-Efficient-ML/results/cpp/solution_fp32addition_fp32_alignment.cpp:3) [16]  (0.000 ns)
	'sub' operation 9 bit ('sub_ln4_1', /home/joe/Desktop/Uni/Year_4/Dissertation/Program-Synthesis-for-Efficient-ML/results/cpp/solution_fp32addition_fp32_alignment.cpp:4) [30]  (1.915 ns)
	'lshr' operation 24 bit ('lshr_ln4_1', /home/joe/Desktop/Uni/Year_4/Dissertation/Program-Synthesis-for-Efficient-ML/results/cpp/solution_fp32addition_fp32_alignment.cpp:4) [32]  (4.204 ns)
	'select' operation 24 bit ('tmp_0571', /home/joe/Desktop/Uni/Year_4/Dissertation/Program-Synthesis-for-Efficient-ML/results/cpp/solution_fp32addition_fp32_alignment.cpp:4) [34]  (0.694 ns)


============================================================
+ Verbose Summary: Binding
============================================================
N/A
* FSMD analyzer results:
  - Output states:
 - Input state : 
  - Chain level:
	State 1


============================================================
+ Verbose Summary: Datapath Resource usage 
============================================================
N/A
