
****** Vivado v2025.1 (64-bit)
  **** SW Build 6140274 on Wed May 21 22:58:25 MDT 2025
  **** IP Build 6138677 on Thu May 22 03:10:11 MDT 2025
  **** SharedData Build 6139179 on Tue May 20 17:58:58 MDT 2025
  **** Start of session at: Wed Nov 26 12:48:30 2025
    ** Copyright 1986-2022 Xilinx, Inc. All Rights Reserved.
    ** Copyright 2022-2025 Advanced Micro Devices, Inc. All Rights Reserved.

source /home/joe/Desktop/Uni/Year_4/Dissertation/Program-Synthesis-for-Efficient-ML/results/HLS/solution_fp32addition_fp32_full_sum/vivado.tcl
# set v_files  [glob -nocomplain {/home/joe/Desktop/Uni/Year_4/Dissertation/Program-Synthesis-for-Efficient-ML/results/HLS/solution_fp32addition_fp32_full_sum/verilog_out/*.v}]
# set sv_files [glob -nocomplain {/home/joe/Desktop/Uni/Year_4/Dissertation/Program-Synthesis-for-Efficient-ML/results/HLS/solution_fp32addition_fp32_full_sum/verilog_out/*.sv}]
# if {[llength $v_files] == 0 && [llength $sv_files] == 0} {
#       puts "ERROR: No RTL files found in /home/joe/Desktop/Uni/Year_4/Dissertation/Program-Synthesis-for-Efficient-ML/results/HLS/solution_fp32addition_fp32_full_sum/verilog_out"
#       exit 1
#     }
# if {[llength $v_files]  > 0} { read_verilog $v_files }
# foreach f $sv_files { read_verilog -sv $f }
# synth_design -top fp32_sum -part xc7z020clg400-1
Command: synth_design -top fp32_sum -part xc7z020clg400-1
Starting synth_design
Attempting to get a license for feature 'Synthesis' and/or device 'xc7z020'
INFO: [Common 17-349] Got license for feature 'Synthesis' and/or device 'xc7z020'
INFO: [Synth 8-7079] Multithreading enabled for synth_design using a maximum of 7 processes.
INFO: [Synth 8-7078] Launching helper process for spawning children vivado processes
INFO: [Synth 8-7075] Helper process launched with PID 275594
---------------------------------------------------------------------------------
Starting Synthesize : Time (s): cpu = 00:00:03 ; elapsed = 00:00:03 . Memory (MB): peak = 1950.230 ; gain = 390.969 ; free physical = 243 ; free virtual = 2500
---------------------------------------------------------------------------------
INFO: [Synth 8-6157] synthesizing module 'fp32_sum' [/home/joe/Desktop/Uni/Year_4/Dissertation/Program-Synthesis-for-Efficient-ML/results/HLS/solution_fp32addition_fp32_full_sum/verilog_out/fp32_sum.v:9]
INFO: [Synth 8-6157] synthesizing module 'fp32_sum_fp32_normaliser' [/home/joe/Desktop/Uni/Year_4/Dissertation/Program-Synthesis-for-Efficient-ML/results/HLS/solution_fp32addition_fp32_full_sum/verilog_out/fp32_sum_fp32_normaliser.v:9]
INFO: [Synth 8-6155] done synthesizing module 'fp32_sum_fp32_normaliser' (0#1) [/home/joe/Desktop/Uni/Year_4/Dissertation/Program-Synthesis-for-Efficient-ML/results/HLS/solution_fp32addition_fp32_full_sum/verilog_out/fp32_sum_fp32_normaliser.v:9]
INFO: [Synth 8-6155] done synthesizing module 'fp32_sum' (0#1) [/home/joe/Desktop/Uni/Year_4/Dissertation/Program-Synthesis-for-Efficient-ML/results/HLS/solution_fp32addition_fp32_full_sum/verilog_out/fp32_sum.v:9]
WARNING: [Synth 8-3917] design fp32_sum has port ap_idle driven by constant 1
WARNING: [Synth 8-3917] design fp32_sum has port ap_return[31] driven by constant 0
WARNING: [Synth 8-7129] Port ap_rst in module fp32_sum_fp32_normaliser is either unconnected or has no load
WARNING: [Synth 8-7129] Port m2[22] in module fp32_sum is either unconnected or has no load
WARNING: [Synth 8-7129] Port m2[21] in module fp32_sum is either unconnected or has no load
WARNING: [Synth 8-7129] Port m2[20] in module fp32_sum is either unconnected or has no load
WARNING: [Synth 8-7129] Port m2[19] in module fp32_sum is either unconnected or has no load
WARNING: [Synth 8-7129] Port m2[18] in module fp32_sum is either unconnected or has no load
WARNING: [Synth 8-7129] Port m2[17] in module fp32_sum is either unconnected or has no load
WARNING: [Synth 8-7129] Port m2[16] in module fp32_sum is either unconnected or has no load
WARNING: [Synth 8-7129] Port m2[15] in module fp32_sum is either unconnected or has no load
WARNING: [Synth 8-7129] Port m2[14] in module fp32_sum is either unconnected or has no load
WARNING: [Synth 8-7129] Port m2[13] in module fp32_sum is either unconnected or has no load
WARNING: [Synth 8-7129] Port m2[12] in module fp32_sum is either unconnected or has no load
WARNING: [Synth 8-7129] Port m2[11] in module fp32_sum is either unconnected or has no load
WARNING: [Synth 8-7129] Port m2[10] in module fp32_sum is either unconnected or has no load
WARNING: [Synth 8-7129] Port m2[9] in module fp32_sum is either unconnected or has no load
WARNING: [Synth 8-7129] Port m2[8] in module fp32_sum is either unconnected or has no load
WARNING: [Synth 8-7129] Port m2[7] in module fp32_sum is either unconnected or has no load
WARNING: [Synth 8-7129] Port m2[6] in module fp32_sum is either unconnected or has no load
WARNING: [Synth 8-7129] Port m2[5] in module fp32_sum is either unconnected or has no load
WARNING: [Synth 8-7129] Port m2[4] in module fp32_sum is either unconnected or has no load
WARNING: [Synth 8-7129] Port m2[3] in module fp32_sum is either unconnected or has no load
WARNING: [Synth 8-7129] Port m2[2] in module fp32_sum is either unconnected or has no load
WARNING: [Synth 8-7129] Port m2[1] in module fp32_sum is either unconnected or has no load
WARNING: [Synth 8-7129] Port m2[0] in module fp32_sum is either unconnected or has no load
---------------------------------------------------------------------------------
Finished Synthesize : Time (s): cpu = 00:00:04 ; elapsed = 00:00:05 . Memory (MB): peak = 2026.168 ; gain = 466.906 ; free physical = 266 ; free virtual = 2551
---------------------------------------------------------------------------------
---------------------------------------------------------------------------------
Finished Constraint Validation : Time (s): cpu = 00:00:05 ; elapsed = 00:00:05 . Memory (MB): peak = 2043.980 ; gain = 484.719 ; free physical = 262 ; free virtual = 2552
---------------------------------------------------------------------------------
---------------------------------------------------------------------------------
Start Loading Part and Timing Information
---------------------------------------------------------------------------------
Loading part: xc7z020clg400-1
---------------------------------------------------------------------------------
Finished Loading Part and Timing Information : Time (s): cpu = 00:00:05 ; elapsed = 00:00:05 . Memory (MB): peak = 2043.980 ; gain = 484.719 ; free physical = 262 ; free virtual = 2552
---------------------------------------------------------------------------------
INFO: [Device 21-403] Loading part xc7z020clg400-1
---------------------------------------------------------------------------------
Finished RTL Optimization Phase 2 : Time (s): cpu = 00:00:05 ; elapsed = 00:00:05 . Memory (MB): peak = 2052.887 ; gain = 493.625 ; free physical = 254 ; free virtual = 2547
---------------------------------------------------------------------------------
No constraint files found.
---------------------------------------------------------------------------------
Start RTL Component Statistics 
---------------------------------------------------------------------------------
Detailed RTL Component Info : 
+---Adders : 
	   3 Input    8 Bit       Adders := 1     
	   2 Input    6 Bit       Adders := 7     
	   2 Input    5 Bit       Adders := 14    
+---XORs : 
	   2 Input      1 Bit         XORs := 4     
+---Muxes : 
	   2 Input   29 Bit        Muxes := 1     
	   2 Input    4 Bit        Muxes := 2     
	   2 Input    1 Bit        Muxes := 1     
---------------------------------------------------------------------------------
Finished RTL Component Statistics 
---------------------------------------------------------------------------------
---------------------------------------------------------------------------------
Start Part Resource Summary
---------------------------------------------------------------------------------
Part Resources:
DSPs: 220 (col length:60)
BRAMs: 280 (col length: RAMB18 60 RAMB36 30)
---------------------------------------------------------------------------------
Finished Part Resource Summary
---------------------------------------------------------------------------------
No constraint files found.
---------------------------------------------------------------------------------
Start Cross Boundary and Area Optimization
---------------------------------------------------------------------------------
WARNING: [Synth 8-7080] Parallel synthesis criteria is not met
WARNING: [Synth 8-3917] design fp32_sum has port ap_idle driven by constant 1
WARNING: [Synth 8-3917] design fp32_sum has port ap_return[31] driven by constant 0
WARNING: [Synth 8-7129] Port ap_rst in module fp32_sum_fp32_normaliser is either unconnected or has no load
WARNING: [Synth 8-7129] Port m2[22] in module fp32_sum is either unconnected or has no load
WARNING: [Synth 8-7129] Port m2[21] in module fp32_sum is either unconnected or has no load
WARNING: [Synth 8-7129] Port m2[20] in module fp32_sum is either unconnected or has no load
WARNING: [Synth 8-7129] Port m2[19] in module fp32_sum is either unconnected or has no load
WARNING: [Synth 8-7129] Port m2[18] in module fp32_sum is either unconnected or has no load
WARNING: [Synth 8-7129] Port m2[17] in module fp32_sum is either unconnected or has no load
WARNING: [Synth 8-7129] Port m2[16] in module fp32_sum is either unconnected or has no load
WARNING: [Synth 8-7129] Port m2[15] in module fp32_sum is either unconnected or has no load
WARNING: [Synth 8-7129] Port m2[14] in module fp32_sum is either unconnected or has no load
WARNING: [Synth 8-7129] Port m2[13] in module fp32_sum is either unconnected or has no load
WARNING: [Synth 8-7129] Port m2[12] in module fp32_sum is either unconnected or has no load
WARNING: [Synth 8-7129] Port m2[11] in module fp32_sum is either unconnected or has no load
WARNING: [Synth 8-7129] Port m2[10] in module fp32_sum is either unconnected or has no load
WARNING: [Synth 8-7129] Port m2[9] in module fp32_sum is either unconnected or has no load
WARNING: [Synth 8-7129] Port m2[8] in module fp32_sum is either unconnected or has no load
WARNING: [Synth 8-7129] Port m2[7] in module fp32_sum is either unconnected or has no load
WARNING: [Synth 8-7129] Port m2[6] in module fp32_sum is either unconnected or has no load
WARNING: [Synth 8-7129] Port m2[5] in module fp32_sum is either unconnected or has no load
WARNING: [Synth 8-7129] Port m2[4] in module fp32_sum is either unconnected or has no load
WARNING: [Synth 8-7129] Port m2[3] in module fp32_sum is either unconnected or has no load
WARNING: [Synth 8-7129] Port m2[2] in module fp32_sum is either unconnected or has no load
WARNING: [Synth 8-7129] Port m2[1] in module fp32_sum is either unconnected or has no load
WARNING: [Synth 8-7129] Port m2[0] in module fp32_sum is either unconnected or has no load
---------------------------------------------------------------------------------
Finished Cross Boundary and Area Optimization : Time (s): cpu = 00:00:08 ; elapsed = 00:00:09 . Memory (MB): peak = 2210.730 ; gain = 651.469 ; free physical = 250 ; free virtual = 2538
---------------------------------------------------------------------------------
No constraint files found.
---------------------------------------------------------------------------------
Start Timing Optimization
---------------------------------------------------------------------------------
---------------------------------------------------------------------------------
Finished Timing Optimization : Time (s): cpu = 00:00:08 ; elapsed = 00:00:09 . Memory (MB): peak = 2210.730 ; gain = 651.469 ; free physical = 252 ; free virtual = 2541
---------------------------------------------------------------------------------
---------------------------------------------------------------------------------
Start Technology Mapping
---------------------------------------------------------------------------------
---------------------------------------------------------------------------------
Finished Technology Mapping : Time (s): cpu = 00:00:08 ; elapsed = 00:00:09 . Memory (MB): peak = 2210.730 ; gain = 651.469 ; free physical = 252 ; free virtual = 2541
---------------------------------------------------------------------------------
---------------------------------------------------------------------------------
Start IO Insertion
---------------------------------------------------------------------------------
---------------------------------------------------------------------------------
Start Flattening Before IO Insertion
---------------------------------------------------------------------------------
---------------------------------------------------------------------------------
Finished Flattening Before IO Insertion
---------------------------------------------------------------------------------
---------------------------------------------------------------------------------
Start Final Netlist Cleanup
---------------------------------------------------------------------------------
---------------------------------------------------------------------------------
Finished Final Netlist Cleanup
---------------------------------------------------------------------------------
---------------------------------------------------------------------------------
Finished IO Insertion : Time (s): cpu = 00:00:11 ; elapsed = 00:00:12 . Memory (MB): peak = 2378.543 ; gain = 819.281 ; free physical = 248 ; free virtual = 2426
---------------------------------------------------------------------------------
---------------------------------------------------------------------------------
Start Renaming Generated Instances
---------------------------------------------------------------------------------
---------------------------------------------------------------------------------
Finished Renaming Generated Instances : Time (s): cpu = 00:00:11 ; elapsed = 00:00:12 . Memory (MB): peak = 2378.543 ; gain = 819.281 ; free physical = 248 ; free virtual = 2426
---------------------------------------------------------------------------------
---------------------------------------------------------------------------------
Start Rebuilding User Hierarchy
---------------------------------------------------------------------------------
---------------------------------------------------------------------------------
Finished Rebuilding User Hierarchy : Time (s): cpu = 00:00:11 ; elapsed = 00:00:12 . Memory (MB): peak = 2378.543 ; gain = 819.281 ; free physical = 248 ; free virtual = 2427
---------------------------------------------------------------------------------
---------------------------------------------------------------------------------
Start Renaming Generated Ports
---------------------------------------------------------------------------------
---------------------------------------------------------------------------------
Finished Renaming Generated Ports : Time (s): cpu = 00:00:11 ; elapsed = 00:00:12 . Memory (MB): peak = 2378.543 ; gain = 819.281 ; free physical = 248 ; free virtual = 2427
---------------------------------------------------------------------------------
---------------------------------------------------------------------------------
Start Handling Custom Attributes
---------------------------------------------------------------------------------
---------------------------------------------------------------------------------
Finished Handling Custom Attributes : Time (s): cpu = 00:00:11 ; elapsed = 00:00:12 . Memory (MB): peak = 2378.543 ; gain = 819.281 ; free physical = 248 ; free virtual = 2427
---------------------------------------------------------------------------------
---------------------------------------------------------------------------------
Start Renaming Generated Nets
---------------------------------------------------------------------------------
---------------------------------------------------------------------------------
Finished Renaming Generated Nets : Time (s): cpu = 00:00:11 ; elapsed = 00:00:12 . Memory (MB): peak = 2378.543 ; gain = 819.281 ; free physical = 248 ; free virtual = 2427
---------------------------------------------------------------------------------
---------------------------------------------------------------------------------
Start Writing Synthesis Report
---------------------------------------------------------------------------------

Report BlackBoxes: 
+-+--------------+----------+
| |BlackBox name |Instances |
+-+--------------+----------+
+-+--------------+----------+

Report Cell Usage: 
+------+-------+------+
|      |Cell   |Count |
+------+-------+------+
|1     |CARRY4 |     3|
|2     |LUT2   |     8|
|3     |LUT3   |     3|
|4     |LUT4   |    11|
|5     |LUT5   |     8|
|6     |LUT6   |    17|
|7     |IBUF   |    42|
|8     |OBUF   |    35|
+------+-------+------+

Report Instance Areas: 
+------+---------+-------+------+
|      |Instance |Module |Cells |
+------+---------+-------+------+
|1     |top      |       |   127|
+------+---------+-------+------+
---------------------------------------------------------------------------------
Finished Writing Synthesis Report : Time (s): cpu = 00:00:11 ; elapsed = 00:00:12 . Memory (MB): peak = 2378.543 ; gain = 819.281 ; free physical = 248 ; free virtual = 2427
---------------------------------------------------------------------------------
Synthesis finished with 0 errors, 0 critical warnings and 53 warnings.
Synthesis Optimization Runtime : Time (s): cpu = 00:00:11 ; elapsed = 00:00:12 . Memory (MB): peak = 2378.543 ; gain = 819.281 ; free physical = 246 ; free virtual = 2429
Synthesis Optimization Complete : Time (s): cpu = 00:00:11 ; elapsed = 00:00:12 . Memory (MB): peak = 2378.551 ; gain = 819.281 ; free physical = 245 ; free virtual = 2428
INFO: [Project 1-571] Translating synthesized netlist
Netlist sorting complete. Time (s): cpu = 00:00:00 ; elapsed = 00:00:00.01 . Memory (MB): peak = 2393.418 ; gain = 0.000 ; free physical = 250 ; free virtual = 2399
INFO: [Netlist 29-17] Analyzing 3 Unisim elements for replacement
INFO: [Netlist 29-28] Unisim Transformation completed in 0 CPU seconds
INFO: [Project 1-570] Preparing netlist for logic optimization
INFO: [Opt 31-138] Pushed 0 inverter(s) to 0 load pin(s).
Netlist sorting complete. Time (s): cpu = 00:00:00 ; elapsed = 00:00:00 . Memory (MB): peak = 2529.000 ; gain = 0.000 ; free physical = 263 ; free virtual = 2479
INFO: [Project 1-111] Unisim Transformation Summary:
No Unisim elements were transformed.

Synth Design complete | Checksum: 8468afb5
INFO: [Common 17-83] Releasing license: Synthesis
16 Infos, 53 Warnings, 0 Critical Warnings and 0 Errors encountered.
synth_design completed successfully
synth_design: Time (s): cpu = 00:00:16 ; elapsed = 00:00:15 . Memory (MB): peak = 2529.035 ; gain = 969.773 ; free physical = 265 ; free virtual = 2499
INFO: [Common 17-2834] synth_design peak Physical Memory [PSS] (MB): overall = 1662.276; main = 1558.095; forked = 287.306
INFO: [Common 17-2834] synth_design peak Virtual Memory [VSS] (MB): overall = 3214.059; main = 2529.004; forked = 958.324
# if {[llength [get_ports -quiet ap_clk]]} {
#       create_clock -name ap_clk -period 4.000 [get_ports ap_clk]
#     } else {
#       puts "INFO: No ap_clk port found; skipping create_clock (design appears combinational)."
#     }
INFO: No ap_clk port found; skipping create_clock (design appears combinational).
# opt_design
Command: opt_design
Attempting to get a license for feature 'Implementation' and/or device 'xc7z020'
INFO: [Common 17-349] Got license for feature 'Implementation' and/or device 'xc7z020'
Running DRC as a precondition to command opt_design

Starting DRC Task
INFO: [DRC 23-27] Running DRC with 8 threads
INFO: [Project 1-461] DRC finished with 0 Errors
INFO: [Project 1-462] Please refer to the DRC report (report_drc) for more information.

Time (s): cpu = 00:00:00.74 ; elapsed = 00:00:00.35 . Memory (MB): peak = 2596.000 ; gain = 66.965 ; free physical = 234 ; free virtual = 2504

Starting Cache Timing Information Task
INFO: [Timing 38-35] Done setting XDC timing constraints.
Ending Cache Timing Information Task | Checksum: ffe0ce05

Time (s): cpu = 00:00:04 ; elapsed = 00:00:05 . Memory (MB): peak = 2815.953 ; gain = 219.953 ; free physical = 228 ; free virtual = 2367

Starting Logic Optimization Task

Phase 1 Initialization

Phase 1.1 Core Generation And Design Setup
Phase 1.1 Core Generation And Design Setup | Checksum: ffe0ce05

Time (s): cpu = 00:00:00 ; elapsed = 00:00:00.03 . Memory (MB): peak = 3105.859 ; gain = 0.000 ; free physical = 211 ; free virtual = 2044

Phase 1.2 Setup Constraints And Sort Netlist
Phase 1.2 Setup Constraints And Sort Netlist | Checksum: ffe0ce05

Time (s): cpu = 00:00:00 ; elapsed = 00:00:00.04 . Memory (MB): peak = 3105.859 ; gain = 0.000 ; free physical = 224 ; free virtual = 2059
Phase 1 Initialization | Checksum: ffe0ce05

Time (s): cpu = 00:00:00 ; elapsed = 00:00:00.04 . Memory (MB): peak = 3105.859 ; gain = 0.000 ; free physical = 224 ; free virtual = 2059

Phase 2 Timer Update And Timing Data Collection

Phase 2.1 Timer Update
Phase 2.1 Timer Update | Checksum: ffe0ce05

Time (s): cpu = 00:00:00.01 ; elapsed = 00:00:00.08 . Memory (MB): peak = 3105.859 ; gain = 0.000 ; free physical = 215 ; free virtual = 2066

Phase 2.2 Timing Data Collection
Phase 2.2 Timing Data Collection | Checksum: ffe0ce05

Time (s): cpu = 00:00:00.01 ; elapsed = 00:00:00.09 . Memory (MB): peak = 3105.859 ; gain = 0.000 ; free physical = 209 ; free virtual = 2062
Phase 2 Timer Update And Timing Data Collection | Checksum: ffe0ce05

Time (s): cpu = 00:00:00.01 ; elapsed = 00:00:00.09 . Memory (MB): peak = 3105.859 ; gain = 0.000 ; free physical = 210 ; free virtual = 2062

Phase 3 Retarget
INFO: [Opt 31-1851] Number of loadless carry chains removed were: 0
INFO: [Opt 31-1834] Total Chains To Be Transformed Were: 0 AND Number of Transformed insts Created are: 0
INFO: [Opt 31-138] Pushed 0 inverter(s) to 0 load pin(s).
INFO: [Opt 31-49] Retargeted 0 cell(s).
Phase 3 Retarget | Checksum: ffe0ce05

Time (s): cpu = 00:00:00.03 ; elapsed = 00:00:00.21 . Memory (MB): peak = 3105.859 ; gain = 0.000 ; free physical = 222 ; free virtual = 2079
Retarget | Checksum: ffe0ce05
INFO: [Opt 31-389] Phase Retarget created 0 cells and removed 0 cells

Phase 4 Constant propagation
INFO: [Opt 31-138] Pushed 0 inverter(s) to 0 load pin(s).
Phase 4 Constant propagation | Checksum: ffe0ce05

Time (s): cpu = 00:00:00.03 ; elapsed = 00:00:00.22 . Memory (MB): peak = 3105.859 ; gain = 0.000 ; free physical = 221 ; free virtual = 2079
Constant propagation | Checksum: ffe0ce05
INFO: [Opt 31-389] Phase Constant propagation created 0 cells and removed 0 cells

Phase 5 Sweep
INFO: [Constraints 18-11670] Building netlist checker database with flags, 0x8
Done building netlist checker database: Time (s): cpu = 00:00:00 ; elapsed = 00:00:00 . Memory (MB): peak = 3105.859 ; gain = 0.000 ; free physical = 220 ; free virtual = 2081
Phase 5 Sweep | Checksum: 165090225

Time (s): cpu = 00:00:00.03 ; elapsed = 00:00:00.28 . Memory (MB): peak = 3105.859 ; gain = 0.000 ; free physical = 216 ; free virtual = 2086
Sweep | Checksum: 165090225
INFO: [Opt 31-389] Phase Sweep created 0 cells and removed 0 cells

Phase 6 BUFG optimization
Phase 6 BUFG optimization | Checksum: 165090225

Time (s): cpu = 00:00:00.04 ; elapsed = 00:00:00.32 . Memory (MB): peak = 3137.875 ; gain = 32.016 ; free physical = 218 ; free virtual = 2083
BUFG optimization | Checksum: 165090225
INFO: [Opt 31-662] Phase BUFG optimization created 0 cells of which 0 are BUFGs and removed 0 cells.

Phase 7 Shift Register Optimization
INFO: [Opt 31-1064] SRL Remap converted 0 SRLs to 0 registers and converted 0 registers of register chains to 0 SRLs
Phase 7 Shift Register Optimization | Checksum: 165090225

Time (s): cpu = 00:00:00.05 ; elapsed = 00:00:00.32 . Memory (MB): peak = 3137.875 ; gain = 32.016 ; free physical = 214 ; free virtual = 2081
Shift Register Optimization | Checksum: 165090225
INFO: [Opt 31-389] Phase Shift Register Optimization created 0 cells and removed 0 cells

Phase 8 Post Processing Netlist
Phase 8 Post Processing Netlist | Checksum: 165090225

Time (s): cpu = 00:00:00.05 ; elapsed = 00:00:00.33 . Memory (MB): peak = 3137.875 ; gain = 32.016 ; free physical = 214 ; free virtual = 2084
Post Processing Netlist | Checksum: 165090225
INFO: [Opt 31-389] Phase Post Processing Netlist created 0 cells and removed 0 cells

Phase 9 Finalization

Phase 9.1 Finalizing Design Cores and Updating Shapes
Phase 9.1 Finalizing Design Cores and Updating Shapes | Checksum: e52d3156

Time (s): cpu = 00:00:00.05 ; elapsed = 00:00:00.43 . Memory (MB): peak = 3137.875 ; gain = 32.016 ; free physical = 206 ; free virtual = 2080

Phase 9.2 Verifying Netlist Connectivity

Starting Connectivity Check Task

Time (s): cpu = 00:00:00.01 ; elapsed = 00:00:00.05 . Memory (MB): peak = 3137.875 ; gain = 0.000 ; free physical = 215 ; free virtual = 2086
Phase 9.2 Verifying Netlist Connectivity | Checksum: e52d3156

Time (s): cpu = 00:00:00.06 ; elapsed = 00:00:00.5 . Memory (MB): peak = 3137.875 ; gain = 32.016 ; free physical = 212 ; free virtual = 2084
Phase 9 Finalization | Checksum: e52d3156

Time (s): cpu = 00:00:00.06 ; elapsed = 00:00:00.5 . Memory (MB): peak = 3137.875 ; gain = 32.016 ; free physical = 212 ; free virtual = 2084
Opt_design Change Summary
=========================


-------------------------------------------------------------------------------------------------------------------------
|  Phase                        |  #Cells created  |  #Cells Removed  |  #Constrained objects preventing optimizations  |
-------------------------------------------------------------------------------------------------------------------------
|  Retarget                     |               0  |               0  |                                              0  |
|  Constant propagation         |               0  |               0  |                                              0  |
|  Sweep                        |               0  |               0  |                                              0  |
|  BUFG optimization            |               0  |               0  |                                              0  |
|  Shift Register Optimization  |               0  |               0  |                                              0  |
|  Post Processing Netlist      |               0  |               0  |                                              0  |
-------------------------------------------------------------------------------------------------------------------------


Ending Logic Optimization Task | Checksum: e52d3156

Time (s): cpu = 00:00:00.06 ; elapsed = 00:00:00.5 . Memory (MB): peak = 3137.875 ; gain = 32.016 ; free physical = 205 ; free virtual = 2078

Starting Power Optimization Task
INFO: [Pwropt 34-132] Skipping clock gating for clocks with a period < 2.00 ns.
Ending Power Optimization Task | Checksum: e52d3156

Time (s): cpu = 00:00:00 ; elapsed = 00:00:00.08 . Memory (MB): peak = 3137.875 ; gain = 0.000 ; free physical = 210 ; free virtual = 2079

Starting Final Cleanup Task
Ending Final Cleanup Task | Checksum: e52d3156

Time (s): cpu = 00:00:00 ; elapsed = 00:00:00 . Memory (MB): peak = 3137.875 ; gain = 0.000 ; free physical = 208 ; free virtual = 2079

Starting Netlist Obfuscation Task
Netlist sorting complete. Time (s): cpu = 00:00:00 ; elapsed = 00:00:00 . Memory (MB): peak = 3137.875 ; gain = 0.000 ; free physical = 223 ; free virtual = 2081
Ending Netlist Obfuscation Task | Checksum: e52d3156

Time (s): cpu = 00:00:00 ; elapsed = 00:00:00 . Memory (MB): peak = 3137.875 ; gain = 0.000 ; free physical = 223 ; free virtual = 2081
INFO: [Common 17-83] Releasing license: Implementation
20 Infos, 0 Warnings, 0 Critical Warnings and 0 Errors encountered.
opt_design completed successfully
opt_design: Time (s): cpu = 00:00:07 ; elapsed = 00:00:08 . Memory (MB): peak = 3137.875 ; gain = 608.840 ; free physical = 210 ; free virtual = 2079
# place_design
Command: place_design
Attempting to get a license for feature 'Implementation' and/or device 'xc7z020'
INFO: [Common 17-349] Got license for feature 'Implementation' and/or device 'xc7z020'
INFO: [Common 17-83] Releasing license: Implementation
INFO: [DRC 23-27] Running DRC with 8 threads
INFO: [Vivado_Tcl 4-198] DRC finished with 0 Errors
INFO: [Vivado_Tcl 4-199] Please refer to the DRC report (report_drc) for more information.
Running DRC as a precondition to command place_design
INFO: [DRC 23-27] Running DRC with 8 threads
INFO: [Vivado_Tcl 4-198] DRC finished with 0 Errors
INFO: [Vivado_Tcl 4-199] Please refer to the DRC report (report_drc) for more information.
INFO: [Place 30-611] Multithreading enabled for place_design using a maximum of 8 CPUs

Starting Placer Task

Phase 1 Placer Initialization

Phase 1.1 Placer Initialization Netlist Sorting
Netlist sorting complete. Time (s): cpu = 00:00:00 ; elapsed = 00:00:00 . Memory (MB): peak = 3137.875 ; gain = 0.000 ; free physical = 217 ; free virtual = 2084
Phase 1.1 Placer Initialization Netlist Sorting | Checksum: 5a0527b6

Time (s): cpu = 00:00:00 ; elapsed = 00:00:00.03 . Memory (MB): peak = 3137.875 ; gain = 0.000 ; free physical = 213 ; free virtual = 2083
Netlist sorting complete. Time (s): cpu = 00:00:00 ; elapsed = 00:00:00 . Memory (MB): peak = 3137.875 ; gain = 0.000 ; free physical = 203 ; free virtual = 2086

Phase 1.2 IO Placement/ Clock Placement/ Build Placer Device
INFO: [Timing 38-35] Done setting XDC timing constraints.
Phase 1.2 IO Placement/ Clock Placement/ Build Placer Device | Checksum: 14768ac71

Time (s): cpu = 00:00:00.61 ; elapsed = 00:00:00.81 . Memory (MB): peak = 3137.875 ; gain = 0.000 ; free physical = 209 ; free virtual = 2085

Phase 1.3 Build Placer Netlist Model
Phase 1.3 Build Placer Netlist Model | Checksum: 16f1ccd40

Time (s): cpu = 00:00:00.76 ; elapsed = 00:00:01 . Memory (MB): peak = 3137.875 ; gain = 0.000 ; free physical = 207 ; free virtual = 2082

Phase 1.4 Constrain Clocks/Macros
Phase 1.4 Constrain Clocks/Macros | Checksum: 16f1ccd40

Time (s): cpu = 00:00:00.77 ; elapsed = 00:00:01 . Memory (MB): peak = 3137.875 ; gain = 0.000 ; free physical = 211 ; free virtual = 2083
Phase 1 Placer Initialization | Checksum: 16f1ccd40

Time (s): cpu = 00:00:00.77 ; elapsed = 00:00:01 . Memory (MB): peak = 3137.875 ; gain = 0.000 ; free physical = 209 ; free virtual = 2081

Phase 2 Global Placement

Phase 2.1 Floorplanning
Phase 2.1 Floorplanning | Checksum: 16f1ccd40

Time (s): cpu = 00:00:00.78 ; elapsed = 00:00:01 . Memory (MB): peak = 3137.875 ; gain = 0.000 ; free physical = 221 ; free virtual = 2081

Phase 2.2 Update Timing before SLR Path Opt
Phase 2.2 Update Timing before SLR Path Opt | Checksum: 16f1ccd40

Time (s): cpu = 00:00:00.78 ; elapsed = 00:00:01 . Memory (MB): peak = 3137.875 ; gain = 0.000 ; free physical = 218 ; free virtual = 2081

Phase 2.3 Post-Processing in Floorplanning
Phase 2.3 Post-Processing in Floorplanning | Checksum: 16f1ccd40

Time (s): cpu = 00:00:00.78 ; elapsed = 00:00:01 . Memory (MB): peak = 3137.875 ; gain = 0.000 ; free physical = 219 ; free virtual = 2081

Phase 2.4 Global Place Phase1
Phase 2.4 Global Place Phase1 | Checksum: 20a0c352a

Time (s): cpu = 00:00:02 ; elapsed = 00:00:02 . Memory (MB): peak = 3169.891 ; gain = 32.016 ; free physical = 215 ; free virtual = 2081

Phase 2.5 Global Place Phase2
WARNING: [Place 46-29] Timing had been disabled during Placer and, therefore, physical synthesis in Placer will be skipped.
Phase 2.5 Global Place Phase2 | Checksum: 1fcf63cd5

Time (s): cpu = 00:00:03 ; elapsed = 00:00:02 . Memory (MB): peak = 3169.891 ; gain = 32.016 ; free physical = 212 ; free virtual = 2083
Phase 2 Global Placement | Checksum: 1fcf63cd5

Time (s): cpu = 00:00:03 ; elapsed = 00:00:02 . Memory (MB): peak = 3169.891 ; gain = 32.016 ; free physical = 202 ; free virtual = 2077

Phase 3 Detail Placement

Phase 3.1 Commit Multi Column Macros
Phase 3.1 Commit Multi Column Macros | Checksum: 1fcf63cd5

Time (s): cpu = 00:00:03 ; elapsed = 00:00:02 . Memory (MB): peak = 3169.891 ; gain = 32.016 ; free physical = 199 ; free virtual = 2081

Phase 3.2 Commit Most Macros & LUTRAMs
Phase 3.2 Commit Most Macros & LUTRAMs | Checksum: 20a5520b9

Time (s): cpu = 00:00:03 ; elapsed = 00:00:02 . Memory (MB): peak = 3169.891 ; gain = 32.016 ; free physical = 216 ; free virtual = 2082

Phase 3.3 Area Swap Optimization
Phase 3.3 Area Swap Optimization | Checksum: 239b4430e

Time (s): cpu = 00:00:03 ; elapsed = 00:00:02 . Memory (MB): peak = 3169.891 ; gain = 32.016 ; free physical = 209 ; free virtual = 2081

Phase 3.4 Pipeline Register Optimization
Phase 3.4 Pipeline Register Optimization | Checksum: 239b4430e

Time (s): cpu = 00:00:03 ; elapsed = 00:00:02 . Memory (MB): peak = 3169.891 ; gain = 32.016 ; free physical = 208 ; free virtual = 2085

Phase 3.5 Small Shape Detail Placement
Phase 3.5 Small Shape Detail Placement | Checksum: 12b894fe9

Time (s): cpu = 00:00:04 ; elapsed = 00:00:03 . Memory (MB): peak = 3169.891 ; gain = 32.016 ; free physical = 199 ; free virtual = 2084

Phase 3.6 Re-assign LUT pins
Phase 3.6 Re-assign LUT pins | Checksum: 12b894fe9

Time (s): cpu = 00:00:04 ; elapsed = 00:00:03 . Memory (MB): peak = 3169.891 ; gain = 32.016 ; free physical = 207 ; free virtual = 2082

Phase 3.7 Pipeline Register Optimization
Phase 3.7 Pipeline Register Optimization | Checksum: 12b894fe9

Time (s): cpu = 00:00:04 ; elapsed = 00:00:03 . Memory (MB): peak = 3169.891 ; gain = 32.016 ; free physical = 205 ; free virtual = 2082
Phase 3 Detail Placement | Checksum: 12b894fe9

Time (s): cpu = 00:00:04 ; elapsed = 00:00:03 . Memory (MB): peak = 3169.891 ; gain = 32.016 ; free physical = 215 ; free virtual = 2081

Phase 4 Post Placement Optimization and Clean-Up

Phase 4.1 Post Commit Optimization
Phase 4.1 Post Commit Optimization | Checksum: 12b894fe9

Time (s): cpu = 00:00:04 ; elapsed = 00:00:03 . Memory (MB): peak = 3169.891 ; gain = 32.016 ; free physical = 212 ; free virtual = 2084

Phase 4.2 Post Placement Cleanup
Phase 4.2 Post Placement Cleanup | Checksum: 12b894fe9

Time (s): cpu = 00:00:04 ; elapsed = 00:00:03 . Memory (MB): peak = 3169.891 ; gain = 32.016 ; free physical = 209 ; free virtual = 2087

Phase 4.3 Placer Reporting

Phase 4.3.1 Print Estimated Congestion
INFO: [Place 30-612] Post-Placement Estimated Congestion 
 ____________________________________________________
|           | Global Congestion | Short Congestion  |
| Direction | Region Size       | Region Size       |
|___________|___________________|___________________|
|      North|                1x1|                1x1|
|___________|___________________|___________________|
|      South|                1x1|                1x1|
|___________|___________________|___________________|
|       East|                1x1|                1x1|
|___________|___________________|___________________|
|       West|                1x1|                1x1|
|___________|___________________|___________________|

Phase 4.3.1 Print Estimated Congestion | Checksum: 12b894fe9

Time (s): cpu = 00:00:04 ; elapsed = 00:00:03 . Memory (MB): peak = 3169.891 ; gain = 32.016 ; free physical = 209 ; free virtual = 2088
Phase 4.3 Placer Reporting | Checksum: 12b894fe9

Time (s): cpu = 00:00:04 ; elapsed = 00:00:03 . Memory (MB): peak = 3169.891 ; gain = 32.016 ; free physical = 209 ; free virtual = 2088

Phase 4.4 Final Placement Cleanup
Netlist sorting complete. Time (s): cpu = 00:00:00 ; elapsed = 00:00:00 . Memory (MB): peak = 3169.891 ; gain = 0.000 ; free physical = 208 ; free virtual = 2089

Time (s): cpu = 00:00:04 ; elapsed = 00:00:03 . Memory (MB): peak = 3169.891 ; gain = 32.016 ; free physical = 207 ; free virtual = 2088
Phase 4 Post Placement Optimization and Clean-Up | Checksum: 12b894fe9

Time (s): cpu = 00:00:04 ; elapsed = 00:00:03 . Memory (MB): peak = 3169.891 ; gain = 32.016 ; free physical = 206 ; free virtual = 2088
Ending Placer Task | Checksum: cf2e6123

Time (s): cpu = 00:00:04 ; elapsed = 00:00:03 . Memory (MB): peak = 3169.891 ; gain = 32.016 ; free physical = 210 ; free virtual = 2087
11 Infos, 1 Warnings, 0 Critical Warnings and 0 Errors encountered.
place_design completed successfully
# route_design
Command: route_design
Attempting to get a license for feature 'Implementation' and/or device 'xc7z020'
INFO: [Common 17-349] Got license for feature 'Implementation' and/or device 'xc7z020'


Starting Routing Task
INFO: [Route 35-254] Multithreading enabled for route_design using a maximum of 8 CPUs

Phase 1 Build RT Design
Checksum: PlaceDB: 7529396d ConstDB: 0 ShapeSum: 440bb4c6 RouteDB: 15f972f0
Post Restoration Checksum: NetGraph: 6d1d7501 | NumContArr: 60285cd5 | Constraints: c2a8fa9d | Timing: c2a8fa9d
Phase 1 Build RT Design | Checksum: 25297c710

Time (s): cpu = 00:00:29 ; elapsed = 00:00:32 . Memory (MB): peak = 3169.891 ; gain = 0.000 ; free physical = 140 ; free virtual = 1968

Phase 2 Router Initialization
INFO: [Route 35-64] No timing constraints were detected. The router will operate in resource-optimization mode.

Phase 2.1 Fix Topology Constraints
Phase 2.1 Fix Topology Constraints | Checksum: 25297c710

Time (s): cpu = 00:00:32 ; elapsed = 00:00:39 . Memory (MB): peak = 3169.891 ; gain = 0.000 ; free physical = 137 ; free virtual = 1964

Phase 2.2 Pre Route Cleanup
Phase 2.2 Pre Route Cleanup | Checksum: 25297c710

Time (s): cpu = 00:00:32 ; elapsed = 00:00:40 . Memory (MB): peak = 3169.891 ; gain = 0.000 ; free physical = 140 ; free virtual = 1962
 Number of Nodes with overlaps = 0

Router Utilization Summary
  Global Vertical Routing Utilization    = 0 %
  Global Horizontal Routing Utilization  = 0 %
  Routable Net Status*
  *Does not include unroutable nets such as driverless and loadless.
  Run report_route_status for detailed report.
  Number of Failed Nets               = 83
    (Failed Nets is the sum of unrouted and partially routed nets)
  Number of Unrouted Nets             = 83
  Number of Partially Routed Nets     = 0
  Number of Node Overlaps             = 0

Phase 2 Router Initialization | Checksum: 28b2ea826

Time (s): cpu = 00:00:36 ; elapsed = 00:00:46 . Memory (MB): peak = 3169.891 ; gain = 0.000 ; free physical = 140 ; free virtual = 1967

Phase 3 Global Routing
Phase 3 Global Routing | Checksum: 28b2ea826

Time (s): cpu = 00:00:36 ; elapsed = 00:00:47 . Memory (MB): peak = 3169.891 ; gain = 0.000 ; free physical = 137 ; free virtual = 1963

Phase 4 Initial Routing

Phase 4.1 Initial Net Routing Pass
