
****** Vivado v2025.1 (64-bit)
  **** SW Build 6140274 on Wed May 21 22:58:25 MDT 2025
  **** IP Build 6138677 on Thu May 22 03:10:11 MDT 2025
  **** SharedData Build 6139179 on Tue May 20 17:58:58 MDT 2025
  **** Start of session at: Wed Nov 12 13:47:30 2025
    ** Copyright 1986-2022 Xilinx, Inc. All Rights Reserved.
    ** Copyright 2022-2025 Advanced Micro Devices, Inc. All Rights Reserved.

source /home/joe/Desktop/Uni/Year_4/Dissertation/Program-Synthesis-for-Efficient-ML/results/HLS/solution_fp32addition_fp32_full_sum/vivado.tcl
# set v_files  [glob -nocomplain {/home/joe/Desktop/Uni/Year_4/Dissertation/Program-Synthesis-for-Efficient-ML/results/HLS/solution_fp32addition_fp32_full_sum/verilog_out/*.v}]
# set sv_files [glob -nocomplain {/home/joe/Desktop/Uni/Year_4/Dissertation/Program-Synthesis-for-Efficient-ML/results/HLS/solution_fp32addition_fp32_full_sum/verilog_out/*.sv}]
# if {[llength $v_files] == 0 && [llength $sv_files] == 0} {
#       puts "ERROR: No RTL files found in /home/joe/Desktop/Uni/Year_4/Dissertation/Program-Synthesis-for-Efficient-ML/results/HLS/solution_fp32addition_fp32_full_sum/verilog_out"
#       exit 1
#     }
# if {[llength $v_files]  > 0} { read_verilog $v_files }
# foreach f $sv_files { read_verilog -sv $f }
# synth_design -top fp32_sum -part xc7z020clg400-1
Command: synth_design -top fp32_sum -part xc7z020clg400-1
Starting synth_design
Attempting to get a license for feature 'Synthesis' and/or device 'xc7z020'
INFO: [Common 17-349] Got license for feature 'Synthesis' and/or device 'xc7z020'
INFO: [Synth 8-7079] Multithreading enabled for synth_design using a maximum of 7 processes.
INFO: [Synth 8-7078] Launching helper process for spawning children vivado processes
INFO: [Synth 8-7075] Helper process launched with PID 331659
---------------------------------------------------------------------------------
Starting Synthesize : Time (s): cpu = 00:00:03 ; elapsed = 00:00:03 . Memory (MB): peak = 1952.570 ; gain = 389.695 ; free physical = 285 ; free virtual = 4186
---------------------------------------------------------------------------------
INFO: [Synth 8-6157] synthesizing module 'fp32_sum' [/home/joe/Desktop/Uni/Year_4/Dissertation/Program-Synthesis-for-Efficient-ML/results/HLS/solution_fp32addition_fp32_full_sum/verilog_out/fp32_sum.v:9]
INFO: [Synth 8-6157] synthesizing module 'fp32_sum_fp32_normaliser' [/home/joe/Desktop/Uni/Year_4/Dissertation/Program-Synthesis-for-Efficient-ML/results/HLS/solution_fp32addition_fp32_full_sum/verilog_out/fp32_sum_fp32_normaliser.v:9]
INFO: [Synth 8-6155] done synthesizing module 'fp32_sum_fp32_normaliser' (0#1) [/home/joe/Desktop/Uni/Year_4/Dissertation/Program-Synthesis-for-Efficient-ML/results/HLS/solution_fp32addition_fp32_full_sum/verilog_out/fp32_sum_fp32_normaliser.v:9]
INFO: [Synth 8-6157] synthesizing module 'fp32_sum_lshr_24ns_8ns_24_2_1' [/home/joe/Desktop/Uni/Year_4/Dissertation/Program-Synthesis-for-Efficient-ML/results/HLS/solution_fp32addition_fp32_full_sum/verilog_out/fp32_sum_lshr_24ns_8ns_24_2_1.v:8]
	Parameter ID bound to: 1 - type: integer 
	Parameter NUM_STAGE bound to: 2 - type: integer 
	Parameter din0_WIDTH bound to: 24 - type: integer 
	Parameter din1_WIDTH bound to: 8 - type: integer 
	Parameter dout_WIDTH bound to: 24 - type: integer 
	Parameter OP bound to: 1 - type: integer 
INFO: [Synth 8-6155] done synthesizing module 'fp32_sum_lshr_24ns_8ns_24_2_1' (0#1) [/home/joe/Desktop/Uni/Year_4/Dissertation/Program-Synthesis-for-Efficient-ML/results/HLS/solution_fp32addition_fp32_full_sum/verilog_out/fp32_sum_lshr_24ns_8ns_24_2_1.v:8]
INFO: [Synth 8-6157] synthesizing module 'fp32_sum_sparsemux_7_2_25_1_1' [/home/joe/Desktop/Uni/Year_4/Dissertation/Program-Synthesis-for-Efficient-ML/results/HLS/solution_fp32addition_fp32_full_sum/verilog_out/fp32_sum_sparsemux_7_2_25_1_1.v:8]
	Parameter din0_WIDTH bound to: 25 - type: integer 
	Parameter din1_WIDTH bound to: 25 - type: integer 
	Parameter din2_WIDTH bound to: 25 - type: integer 
	Parameter def_WIDTH bound to: 25 - type: integer 
	Parameter sel_WIDTH bound to: 2 - type: integer 
	Parameter dout_WIDTH bound to: 25 - type: integer 
	Parameter CASE0 bound to: 2'b10 
	Parameter CASE1 bound to: 2'b01 
	Parameter CASE2 bound to: 2'b00 
	Parameter ID bound to: 1 - type: integer 
	Parameter NUM_STAGE bound to: 1 - type: integer 
INFO: [Synth 8-6155] done synthesizing module 'fp32_sum_sparsemux_7_2_25_1_1' (0#1) [/home/joe/Desktop/Uni/Year_4/Dissertation/Program-Synthesis-for-Efficient-ML/results/HLS/solution_fp32addition_fp32_full_sum/verilog_out/fp32_sum_sparsemux_7_2_25_1_1.v:8]
INFO: [Synth 8-6155] done synthesizing module 'fp32_sum' (0#1) [/home/joe/Desktop/Uni/Year_4/Dissertation/Program-Synthesis-for-Efficient-ML/results/HLS/solution_fp32addition_fp32_full_sum/verilog_out/fp32_sum.v:9]
INFO: [Synth 8-4490] FSM extraction disabled for register 'ap_CS_fsm_reg' through user attribute
INFO: [Synth 8-4490] FSM extraction disabled for register 'ap_CS_fsm_reg' through user attribute
---------------------------------------------------------------------------------
Finished Synthesize : Time (s): cpu = 00:00:04 ; elapsed = 00:00:05 . Memory (MB): peak = 2032.539 ; gain = 469.664 ; free physical = 243 ; free virtual = 4076
---------------------------------------------------------------------------------
---------------------------------------------------------------------------------
Finished Constraint Validation : Time (s): cpu = 00:00:05 ; elapsed = 00:00:05 . Memory (MB): peak = 2050.352 ; gain = 487.477 ; free physical = 258 ; free virtual = 4091
---------------------------------------------------------------------------------
---------------------------------------------------------------------------------
Start Loading Part and Timing Information
---------------------------------------------------------------------------------
Loading part: xc7z020clg400-1
---------------------------------------------------------------------------------
Finished Loading Part and Timing Information : Time (s): cpu = 00:00:05 ; elapsed = 00:00:05 . Memory (MB): peak = 2050.352 ; gain = 487.477 ; free physical = 258 ; free virtual = 4091
INFO: [Device 21-403] Loading part xc7z020clg400-1
---------------------------------------------------------------------------------
INFO: [Synth 8-4490] FSM extraction disabled for register 'ap_CS_fsm_reg' through user attribute
INFO: [Synth 8-4490] FSM extraction disabled for register 'ap_CS_fsm_reg' through user attribute
INFO: [Synth 8-4490] FSM extraction disabled for register 'ap_CS_fsm_reg' through user attribute
INFO: [Synth 8-4490] FSM extraction disabled for register 'ap_CS_fsm_reg' through user attribute
INFO: [Synth 8-4490] FSM extraction disabled for register 'ap_CS_fsm_reg' through user attribute
---------------------------------------------------------------------------------
Finished RTL Optimization Phase 2 : Time (s): cpu = 00:00:05 ; elapsed = 00:00:05 . Memory (MB): peak = 2069.336 ; gain = 506.461 ; free physical = 304 ; free virtual = 4103
---------------------------------------------------------------------------------
No constraint files found.
---------------------------------------------------------------------------------
Start RTL Component Statistics 
---------------------------------------------------------------------------------
Detailed RTL Component Info : 
+---Adders : 
	   3 Input   25 Bit       Adders := 2     
	   2 Input   25 Bit       Adders := 1     
	   2 Input    8 Bit       Adders := 24    
	   3 Input    8 Bit       Adders := 2     
+---XORs : 
	   2 Input      1 Bit         XORs := 5     
+---Registers : 
	               32 Bit    Registers := 2     
	               28 Bit    Registers := 1     
	               25 Bit    Registers := 4     
	               24 Bit    Registers := 5     
	               23 Bit    Registers := 2     
	                8 Bit    Registers := 30    
	                7 Bit    Registers := 1     
	                1 Bit    Registers := 9     
+---Muxes : 
	   2 Input   32 Bit        Muxes := 5     
	   4 Input   25 Bit        Muxes := 1     
	   2 Input   24 Bit        Muxes := 2     
	   2 Input    8 Bit        Muxes := 1     
	   2 Input    7 Bit        Muxes := 1     
	   2 Input    2 Bit        Muxes := 2     
	   2 Input    1 Bit        Muxes := 4     
---------------------------------------------------------------------------------
Finished RTL Component Statistics 
---------------------------------------------------------------------------------
---------------------------------------------------------------------------------
Start Part Resource Summary
---------------------------------------------------------------------------------
Part Resources:
DSPs: 220 (col length:60)
BRAMs: 280 (col length: RAMB18 60 RAMB36 30)
---------------------------------------------------------------------------------
Finished Part Resource Summary
---------------------------------------------------------------------------------
No constraint files found.
---------------------------------------------------------------------------------
Start Cross Boundary and Area Optimization
---------------------------------------------------------------------------------
WARNING: [Synth 8-7080] Parallel synthesis criteria is not met
---------------------------------------------------------------------------------
Finished Cross Boundary and Area Optimization : Time (s): cpu = 00:00:13 ; elapsed = 00:00:13 . Memory (MB): peak = 2309.422 ; gain = 746.547 ; free physical = 249 ; free virtual = 3846
---------------------------------------------------------------------------------
No constraint files found.
---------------------------------------------------------------------------------
Start Timing Optimization
---------------------------------------------------------------------------------
---------------------------------------------------------------------------------
Finished Timing Optimization : Time (s): cpu = 00:00:13 ; elapsed = 00:00:13 . Memory (MB): peak = 2309.422 ; gain = 746.547 ; free physical = 249 ; free virtual = 3846
---------------------------------------------------------------------------------
---------------------------------------------------------------------------------
Start Technology Mapping
---------------------------------------------------------------------------------
---------------------------------------------------------------------------------
Finished Technology Mapping : Time (s): cpu = 00:00:13 ; elapsed = 00:00:13 . Memory (MB): peak = 2309.422 ; gain = 746.547 ; free physical = 247 ; free virtual = 3846
---------------------------------------------------------------------------------
---------------------------------------------------------------------------------
Start IO Insertion
---------------------------------------------------------------------------------
---------------------------------------------------------------------------------
Start Flattening Before IO Insertion
---------------------------------------------------------------------------------
---------------------------------------------------------------------------------
Finished Flattening Before IO Insertion
---------------------------------------------------------------------------------
---------------------------------------------------------------------------------
Start Final Netlist Cleanup
---------------------------------------------------------------------------------
---------------------------------------------------------------------------------
Finished Final Netlist Cleanup
---------------------------------------------------------------------------------
---------------------------------------------------------------------------------
Finished IO Insertion : Time (s): cpu = 00:00:16 ; elapsed = 00:00:16 . Memory (MB): peak = 2390.234 ; gain = 827.359 ; free physical = 245 ; free virtual = 3798
---------------------------------------------------------------------------------
---------------------------------------------------------------------------------
Start Renaming Generated Instances
---------------------------------------------------------------------------------
---------------------------------------------------------------------------------
Finished Renaming Generated Instances : Time (s): cpu = 00:00:16 ; elapsed = 00:00:16 . Memory (MB): peak = 2390.234 ; gain = 827.359 ; free physical = 245 ; free virtual = 3798
---------------------------------------------------------------------------------
---------------------------------------------------------------------------------
Start Rebuilding User Hierarchy
---------------------------------------------------------------------------------
---------------------------------------------------------------------------------
Finished Rebuilding User Hierarchy : Time (s): cpu = 00:00:16 ; elapsed = 00:00:16 . Memory (MB): peak = 2390.234 ; gain = 827.359 ; free physical = 237 ; free virtual = 3790
---------------------------------------------------------------------------------
---------------------------------------------------------------------------------
Start Renaming Generated Ports
---------------------------------------------------------------------------------
---------------------------------------------------------------------------------
Finished Renaming Generated Ports : Time (s): cpu = 00:00:16 ; elapsed = 00:00:16 . Memory (MB): peak = 2390.234 ; gain = 827.359 ; free physical = 237 ; free virtual = 3791
---------------------------------------------------------------------------------
---------------------------------------------------------------------------------
Start Handling Custom Attributes
---------------------------------------------------------------------------------
---------------------------------------------------------------------------------
Finished Handling Custom Attributes : Time (s): cpu = 00:00:16 ; elapsed = 00:00:16 . Memory (MB): peak = 2390.234 ; gain = 827.359 ; free physical = 237 ; free virtual = 3791
---------------------------------------------------------------------------------
---------------------------------------------------------------------------------
Start Renaming Generated Nets
---------------------------------------------------------------------------------
---------------------------------------------------------------------------------
Finished Renaming Generated Nets : Time (s): cpu = 00:00:16 ; elapsed = 00:00:16 . Memory (MB): peak = 2390.234 ; gain = 827.359 ; free physical = 237 ; free virtual = 3791
---------------------------------------------------------------------------------
---------------------------------------------------------------------------------
Start Writing Synthesis Report
---------------------------------------------------------------------------------

Report BlackBoxes: 
+-+--------------+----------+
| |BlackBox name |Instances |
+-+--------------+----------+
+-+--------------+----------+

Report Cell Usage: 
+------+-------+------+
|      |Cell   |Count |
+------+-------+------+
|1     |BUFG   |     1|
|2     |CARRY4 |    31|
|3     |LUT1   |     6|
|4     |LUT2   |    51|
|5     |LUT3   |   141|
|6     |LUT4   |   131|
|7     |LUT5   |   236|
|8     |LUT6   |   428|
|9     |MUXF7  |     3|
|10    |FDRE   |   546|
|11    |FDSE   |     2|
|12    |IBUF   |    67|
|13    |OBUF   |    35|
+------+-------+------+

Report Instance Areas: 
+------+----------------------------+--------------------------------+------+
|      |Instance                    |Module                          |Cells |
+------+----------------------------+--------------------------------+------+
|1     |top                         |                                |  1678|
|2     |  grp_fp32_normaliser_fu_90 |fp32_sum_fp32_normaliser        |   812|
|3     |  lshr_24ns_8ns_24_2_1_U4   |fp32_sum_lshr_24ns_8ns_24_2_1   |   100|
|4     |  lshr_24ns_8ns_24_2_1_U5   |fp32_sum_lshr_24ns_8ns_24_2_1_0 |   100|
+------+----------------------------+--------------------------------+------+
---------------------------------------------------------------------------------
Finished Writing Synthesis Report : Time (s): cpu = 00:00:16 ; elapsed = 00:00:16 . Memory (MB): peak = 2390.234 ; gain = 827.359 ; free physical = 237 ; free virtual = 3791
---------------------------------------------------------------------------------
Synthesis finished with 0 errors, 0 critical warnings and 1 warnings.
Synthesis Optimization Runtime : Time (s): cpu = 00:00:16 ; elapsed = 00:00:16 . Memory (MB): peak = 2390.234 ; gain = 827.359 ; free physical = 237 ; free virtual = 3791
Synthesis Optimization Complete : Time (s): cpu = 00:00:16 ; elapsed = 00:00:16 . Memory (MB): peak = 2390.242 ; gain = 827.359 ; free physical = 238 ; free virtual = 3791
INFO: [Project 1-571] Translating synthesized netlist
Netlist sorting complete. Time (s): cpu = 00:00:00 ; elapsed = 00:00:00 . Memory (MB): peak = 2405.109 ; gain = 0.000 ; free physical = 390 ; free virtual = 3928
INFO: [Netlist 29-17] Analyzing 34 Unisim elements for replacement
INFO: [Netlist 29-28] Unisim Transformation completed in 0 CPU seconds
INFO: [Project 1-570] Preparing netlist for logic optimization
INFO: [Opt 31-138] Pushed 0 inverter(s) to 0 load pin(s).
Netlist sorting complete. Time (s): cpu = 00:00:00 ; elapsed = 00:00:00 . Memory (MB): peak = 2536.691 ; gain = 0.000 ; free physical = 267 ; free virtual = 3822
INFO: [Project 1-111] Unisim Transformation Summary:
No Unisim elements were transformed.

Synth Design complete | Checksum: dff98bdb
INFO: [Common 17-83] Releasing license: Synthesis
27 Infos, 1 Warnings, 0 Critical Warnings and 0 Errors encountered.
synth_design completed successfully
synth_design: Time (s): cpu = 00:00:21 ; elapsed = 00:00:19 . Memory (MB): peak = 2536.727 ; gain = 973.852 ; free physical = 266 ; free virtual = 3822
INFO: [Common 17-2834] synth_design peak Physical Memory [PSS] (MB): overall = 1979.806; main = 1979.806; forked = 332.691
INFO: [Common 17-2834] synth_design peak Virtual Memory [VSS] (MB): overall = 3238.586; main = 2536.695; forked = 956.176
# if {[llength [get_ports -quiet ap_clk]]} {
#       create_clock -name ap_clk -period 4.000 [get_ports ap_clk]
#     } else {
#       puts "INFO: No ap_clk port found; skipping create_clock (design appears combinational)."
#     }
# opt_design
Command: opt_design
Attempting to get a license for feature 'Implementation' and/or device 'xc7z020'
INFO: [Common 17-349] Got license for feature 'Implementation' and/or device 'xc7z020'
Running DRC as a precondition to command opt_design

Starting DRC Task
INFO: [DRC 23-27] Running DRC with 8 threads
INFO: [Project 1-461] DRC finished with 0 Errors
INFO: [Project 1-462] Please refer to the DRC report (report_drc) for more information.

Time (s): cpu = 00:00:00.82 ; elapsed = 00:00:00.3 . Memory (MB): peak = 2612.598 ; gain = 75.871 ; free physical = 262 ; free virtual = 3819

Starting Cache Timing Information Task
INFO: [Timing 38-35] Done setting XDC timing constraints.
Ending Cache Timing Information Task | Checksum: 12c6c8dc6

Time (s): cpu = 00:00:04 ; elapsed = 00:00:05 . Memory (MB): peak = 2846.551 ; gain = 233.953 ; free physical = 232 ; free virtual = 3641

Starting Logic Optimization Task

Phase 1 Initialization

Phase 1.1 Core Generation And Design Setup
Phase 1.1 Core Generation And Design Setup | Checksum: 12c6c8dc6

Time (s): cpu = 00:00:00 ; elapsed = 00:00:00 . Memory (MB): peak = 3137.488 ; gain = 0.000 ; free physical = 242 ; free virtual = 3356

Phase 1.2 Setup Constraints And Sort Netlist
Phase 1.2 Setup Constraints And Sort Netlist | Checksum: 12c6c8dc6

Time (s): cpu = 00:00:00 ; elapsed = 00:00:00.01 . Memory (MB): peak = 3137.488 ; gain = 0.000 ; free physical = 242 ; free virtual = 3356
Phase 1 Initialization | Checksum: 12c6c8dc6

Time (s): cpu = 00:00:00 ; elapsed = 00:00:00.01 . Memory (MB): peak = 3137.488 ; gain = 0.000 ; free physical = 242 ; free virtual = 3356

Phase 2 Timer Update And Timing Data Collection

Phase 2.1 Timer Update
Phase 2.1 Timer Update | Checksum: 12c6c8dc6

Time (s): cpu = 00:00:00.05 ; elapsed = 00:00:00.02 . Memory (MB): peak = 3137.488 ; gain = 0.000 ; free physical = 241 ; free virtual = 3355

Phase 2.2 Timing Data Collection
Phase 2.2 Timing Data Collection | Checksum: 12c6c8dc6

Time (s): cpu = 00:00:00.05 ; elapsed = 00:00:00.02 . Memory (MB): peak = 3137.488 ; gain = 0.000 ; free physical = 241 ; free virtual = 3355
Phase 2 Timer Update And Timing Data Collection | Checksum: 12c6c8dc6

Time (s): cpu = 00:00:00.05 ; elapsed = 00:00:00.03 . Memory (MB): peak = 3137.488 ; gain = 0.000 ; free physical = 241 ; free virtual = 3355

Phase 3 Retarget
INFO: [Opt 31-1851] Number of loadless carry chains removed were: 0
INFO: [Opt 31-1834] Total Chains To Be Transformed Were: 0 AND Number of Transformed insts Created are: 0
INFO: [Opt 31-138] Pushed 0 inverter(s) to 0 load pin(s).
INFO: [Opt 31-49] Retargeted 0 cell(s).
Phase 3 Retarget | Checksum: 12c6c8dc6

Time (s): cpu = 00:00:00.07 ; elapsed = 00:00:00.05 . Memory (MB): peak = 3137.488 ; gain = 0.000 ; free physical = 241 ; free virtual = 3355
Retarget | Checksum: 12c6c8dc6
INFO: [Opt 31-389] Phase Retarget created 0 cells and removed 0 cells

Phase 4 Constant propagation
INFO: [Opt 31-138] Pushed 0 inverter(s) to 0 load pin(s).
Phase 4 Constant propagation | Checksum: 12c6c8dc6

Time (s): cpu = 00:00:00.07 ; elapsed = 00:00:00.06 . Memory (MB): peak = 3137.488 ; gain = 0.000 ; free physical = 241 ; free virtual = 3355
Constant propagation | Checksum: 12c6c8dc6
INFO: [Opt 31-389] Phase Constant propagation created 0 cells and removed 0 cells

Phase 5 Sweep
INFO: [Constraints 18-11670] Building netlist checker database with flags, 0x8
Done building netlist checker database: Time (s): cpu = 00:00:00 ; elapsed = 00:00:00 . Memory (MB): peak = 3137.488 ; gain = 0.000 ; free physical = 241 ; free virtual = 3356
Phase 5 Sweep | Checksum: acf79d54

Time (s): cpu = 00:00:00.08 ; elapsed = 00:00:00.06 . Memory (MB): peak = 3137.488 ; gain = 0.000 ; free physical = 241 ; free virtual = 3356
Sweep | Checksum: acf79d54
INFO: [Opt 31-389] Phase Sweep created 0 cells and removed 0 cells

Phase 6 BUFG optimization
Phase 6 BUFG optimization | Checksum: acf79d54

Time (s): cpu = 00:00:00.1 ; elapsed = 00:00:00.07 . Memory (MB): peak = 3169.504 ; gain = 32.016 ; free physical = 241 ; free virtual = 3356
BUFG optimization | Checksum: acf79d54
INFO: [Opt 31-662] Phase BUFG optimization created 0 cells of which 0 are BUFGs and removed 0 cells.

Phase 7 Shift Register Optimization
INFO: [Opt 31-1064] SRL Remap converted 0 SRLs to 0 registers and converted 0 registers of register chains to 0 SRLs
Phase 7 Shift Register Optimization | Checksum: acf79d54

Time (s): cpu = 00:00:00.1 ; elapsed = 00:00:00.08 . Memory (MB): peak = 3169.504 ; gain = 32.016 ; free physical = 241 ; free virtual = 3356
Shift Register Optimization | Checksum: acf79d54
INFO: [Opt 31-389] Phase Shift Register Optimization created 0 cells and removed 0 cells

Phase 8 Post Processing Netlist
Phase 8 Post Processing Netlist | Checksum: acf79d54

Time (s): cpu = 00:00:00.1 ; elapsed = 00:00:00.08 . Memory (MB): peak = 3169.504 ; gain = 32.016 ; free physical = 240 ; free virtual = 3355
Post Processing Netlist | Checksum: acf79d54
INFO: [Opt 31-389] Phase Post Processing Netlist created 0 cells and removed 0 cells

Phase 9 Finalization

Phase 9.1 Finalizing Design Cores and Updating Shapes
Phase 9.1 Finalizing Design Cores and Updating Shapes | Checksum: 69922aa6

Time (s): cpu = 00:00:00.12 ; elapsed = 00:00:00.1 . Memory (MB): peak = 3169.504 ; gain = 32.016 ; free physical = 240 ; free virtual = 3355

Phase 9.2 Verifying Netlist Connectivity

Starting Connectivity Check Task

Time (s): cpu = 00:00:00 ; elapsed = 00:00:00 . Memory (MB): peak = 3169.504 ; gain = 0.000 ; free physical = 240 ; free virtual = 3355
Phase 9.2 Verifying Netlist Connectivity | Checksum: 69922aa6

Time (s): cpu = 00:00:00.12 ; elapsed = 00:00:00.1 . Memory (MB): peak = 3169.504 ; gain = 32.016 ; free physical = 240 ; free virtual = 3355
Phase 9 Finalization | Checksum: 69922aa6

Time (s): cpu = 00:00:00.12 ; elapsed = 00:00:00.1 . Memory (MB): peak = 3169.504 ; gain = 32.016 ; free physical = 240 ; free virtual = 3355
Opt_design Change Summary
=========================


-------------------------------------------------------------------------------------------------------------------------
|  Phase                        |  #Cells created  |  #Cells Removed  |  #Constrained objects preventing optimizations  |
-------------------------------------------------------------------------------------------------------------------------
|  Retarget                     |               0  |               0  |                                              0  |
|  Constant propagation         |               0  |               0  |                                              0  |
|  Sweep                        |               0  |               0  |                                              0  |
|  BUFG optimization            |               0  |               0  |                                              0  |
|  Shift Register Optimization  |               0  |               0  |                                              0  |
|  Post Processing Netlist      |               0  |               0  |                                              0  |
-------------------------------------------------------------------------------------------------------------------------


Ending Logic Optimization Task | Checksum: 69922aa6

Time (s): cpu = 00:00:00.12 ; elapsed = 00:00:00.1 . Memory (MB): peak = 3169.504 ; gain = 32.016 ; free physical = 240 ; free virtual = 3355

Starting Power Optimization Task
INFO: [Pwropt 34-132] Skipping clock gating for clocks with a period < 2.00 ns.
Ending Power Optimization Task | Checksum: 69922aa6

Time (s): cpu = 00:00:00.01 ; elapsed = 00:00:00 . Memory (MB): peak = 3169.504 ; gain = 0.000 ; free physical = 240 ; free virtual = 3355

Starting Final Cleanup Task
Ending Final Cleanup Task | Checksum: 69922aa6

Time (s): cpu = 00:00:00 ; elapsed = 00:00:00 . Memory (MB): peak = 3169.504 ; gain = 0.000 ; free physical = 240 ; free virtual = 3355

Starting Netlist Obfuscation Task
Netlist sorting complete. Time (s): cpu = 00:00:00 ; elapsed = 00:00:00.01 . Memory (MB): peak = 3169.504 ; gain = 0.000 ; free physical = 240 ; free virtual = 3355
Ending Netlist Obfuscation Task | Checksum: 69922aa6

Time (s): cpu = 00:00:00 ; elapsed = 00:00:00.01 . Memory (MB): peak = 3169.504 ; gain = 0.000 ; free physical = 240 ; free virtual = 3355
INFO: [Common 17-83] Releasing license: Implementation
20 Infos, 0 Warnings, 0 Critical Warnings and 0 Errors encountered.
opt_design completed successfully
opt_design: Time (s): cpu = 00:00:07 ; elapsed = 00:00:07 . Memory (MB): peak = 3169.504 ; gain = 632.777 ; free physical = 240 ; free virtual = 3355
# place_design
Command: place_design
Attempting to get a license for feature 'Implementation' and/or device 'xc7z020'
INFO: [Common 17-349] Got license for feature 'Implementation' and/or device 'xc7z020'
INFO: [Common 17-83] Releasing license: Implementation
INFO: [DRC 23-27] Running DRC with 8 threads
INFO: [Vivado_Tcl 4-198] DRC finished with 0 Errors
INFO: [Vivado_Tcl 4-199] Please refer to the DRC report (report_drc) for more information.
Running DRC as a precondition to command place_design
INFO: [DRC 23-27] Running DRC with 8 threads
INFO: [Vivado_Tcl 4-198] DRC finished with 0 Errors
INFO: [Vivado_Tcl 4-199] Please refer to the DRC report (report_drc) for more information.
INFO: [Place 30-611] Multithreading enabled for place_design using a maximum of 8 CPUs

Starting Placer Task

Phase 1 Placer Initialization

Phase 1.1 Placer Initialization Netlist Sorting
Netlist sorting complete. Time (s): cpu = 00:00:00 ; elapsed = 00:00:00 . Memory (MB): peak = 3169.504 ; gain = 0.000 ; free physical = 239 ; free virtual = 3358
Phase 1.1 Placer Initialization Netlist Sorting | Checksum: 1f331614

Time (s): cpu = 00:00:00 ; elapsed = 00:00:00 . Memory (MB): peak = 3169.504 ; gain = 0.000 ; free physical = 239 ; free virtual = 3358
Netlist sorting complete. Time (s): cpu = 00:00:00 ; elapsed = 00:00:00 . Memory (MB): peak = 3169.504 ; gain = 0.000 ; free physical = 239 ; free virtual = 3358

Phase 1.2 IO Placement/ Clock Placement/ Build Placer Device
INFO: [Timing 38-35] Done setting XDC timing constraints.
Phase 1.2 IO Placement/ Clock Placement/ Build Placer Device | Checksum: 15323a12e

Time (s): cpu = 00:00:00.86 ; elapsed = 00:00:00.39 . Memory (MB): peak = 3169.504 ; gain = 0.000 ; free physical = 252 ; free virtual = 3362

Phase 1.3 Build Placer Netlist Model
Phase 1.3 Build Placer Netlist Model | Checksum: 1f9f699a1

Time (s): cpu = 00:00:01 ; elapsed = 00:00:00.55 . Memory (MB): peak = 3208.547 ; gain = 39.043 ; free physical = 250 ; free virtual = 3363

Phase 1.4 Constrain Clocks/Macros
Phase 1.4 Constrain Clocks/Macros | Checksum: 1f9f699a1

Time (s): cpu = 00:00:01 ; elapsed = 00:00:00.56 . Memory (MB): peak = 3208.547 ; gain = 39.043 ; free physical = 250 ; free virtual = 3362
Phase 1 Placer Initialization | Checksum: 1f9f699a1

Time (s): cpu = 00:00:01 ; elapsed = 00:00:00.57 . Memory (MB): peak = 3208.547 ; gain = 39.043 ; free physical = 249 ; free virtual = 3362

Phase 2 Global Placement

Phase 2.1 Floorplanning
Phase 2.1 Floorplanning | Checksum: 1662fbc06

Time (s): cpu = 00:00:02 ; elapsed = 00:00:00.66 . Memory (MB): peak = 3208.547 ; gain = 39.043 ; free physical = 282 ; free virtual = 3380

Phase 2.2 Update Timing before SLR Path Opt
Phase 2.2 Update Timing before SLR Path Opt | Checksum: 225852add

Time (s): cpu = 00:00:02 ; elapsed = 00:00:00.72 . Memory (MB): peak = 3208.547 ; gain = 39.043 ; free physical = 282 ; free virtual = 3380

Phase 2.3 Post-Processing in Floorplanning
Phase 2.3 Post-Processing in Floorplanning | Checksum: 225852add

Time (s): cpu = 00:00:02 ; elapsed = 00:00:00.72 . Memory (MB): peak = 3208.547 ; gain = 39.043 ; free physical = 282 ; free virtual = 3380

Phase 2.4 Global Place Phase1
Phase 2.4 Global Place Phase1 | Checksum: 1ea5dd2a2

Time (s): cpu = 00:00:07 ; elapsed = 00:00:02 . Memory (MB): peak = 3208.547 ; gain = 39.043 ; free physical = 323 ; free virtual = 3408

Phase 2.5 Global Place Phase2

Phase 2.5.1 UpdateTiming Before Physical Synthesis
Phase 2.5.1 UpdateTiming Before Physical Synthesis | Checksum: 20a1cd49b

Time (s): cpu = 00:00:07 ; elapsed = 00:00:02 . Memory (MB): peak = 3208.547 ; gain = 39.043 ; free physical = 325 ; free virtual = 3411

Phase 2.5.2 Physical Synthesis In Placer
INFO: [Physopt 32-1035] Found 21 LUTNM shape to break, 5 LUT instances to create LUTNM shape
INFO: [Physopt 32-1044] Break lutnm for timing: one critical 12, two critical 9, total 21, new lutff created 1
INFO: [Physopt 32-1138] End 1 Pass. Optimized 22 nets or LUTs. Breaked 21 LUTs, combined 1 existing LUT and moved 0 existing LUT
INFO: [Physopt 32-65] No nets found for high-fanout optimization.
INFO: [Physopt 32-232] Optimized 0 net. Created 0 new instance.
INFO: [Physopt 32-775] End 1 Pass. Optimized 0 net or cell. Created 0 new cell, deleted 0 existing cell and moved 0 existing cell
INFO: [Physopt 32-456] No candidate cells for DSP register optimization found in the design.
INFO: [Physopt 32-775] End 2 Pass. Optimized 0 net or cell. Created 0 new cell, deleted 0 existing cell and moved 0 existing cell
INFO: [Physopt 32-1123] No candidate cells found for Shift Register to Pipeline optimization
INFO: [Physopt 32-775] End 2 Pass. Optimized 0 net or cell. Created 0 new cell, deleted 0 existing cell and moved 0 existing cell
INFO: [Physopt 32-1401] No candidate cells found for Shift Register optimization.
INFO: [Physopt 32-677] No candidate cells for Shift Register optimization found in the design
INFO: [Physopt 32-775] End 1 Pass. Optimized 0 net or cell. Created 0 new cell, deleted 0 existing cell and moved 0 existing cell
INFO: [Physopt 32-526] No candidate cells for BRAM register optimization found in the design
INFO: [Physopt 32-775] End 1 Pass. Optimized 0 net or cell. Created 0 new cell, deleted 0 existing cell and moved 0 existing cell
INFO: [Physopt 32-846] No candidate cells for URAM register optimization found in the design
INFO: [Physopt 32-775] End 1 Pass. Optimized 0 net or cell. Created 0 new cell, deleted 0 existing cell and moved 0 existing cell
INFO: [Physopt 32-846] No candidate cells for URAM register optimization found in the design
INFO: [Physopt 32-775] End 1 Pass. Optimized 0 net or cell. Created 0 new cell, deleted 0 existing cell and moved 0 existing cell
INFO: [Physopt 32-949] No candidate nets found for dynamic/static region interface net replication
INFO: [Physopt 32-775] End 1 Pass. Optimized 0 net or cell. Created 0 new cell, deleted 0 existing cell and moved 0 existing cell
Netlist sorting complete. Time (s): cpu = 00:00:00 ; elapsed = 00:00:00 . Memory (MB): peak = 3208.547 ; gain = 0.000 ; free physical = 317 ; free virtual = 3406

Summary of Physical Synthesis Optimizations
============================================


-----------------------------------------------------------------------------------------------------------------------------------------------------------
|  Optimization                                     |  Added Cells  |  Removed Cells  |  Optimized Cells/Nets  |  Dont Touch  |  Iterations  |  Elapsed   |
-----------------------------------------------------------------------------------------------------------------------------------------------------------
|  LUT Combining                                    |           21  |              1  |                    22  |           0  |           1  |  00:00:00  |
|  Retime                                           |            0  |              0  |                     0  |           0  |           1  |  00:00:00  |
|  Very High Fanout                                 |            0  |              0  |                     0  |           0  |           1  |  00:00:00  |
|  DSP Register                                     |            0  |              0  |                     0  |           0  |           1  |  00:00:00  |
|  Shift Register to Pipeline                       |            0  |              0  |                     0  |           0  |           1  |  00:00:00  |
|  Shift Register                                   |            0  |              0  |                     0  |           0  |           1  |  00:00:00  |
|  BRAM Register                                    |            0  |              0  |                     0  |           0  |           1  |  00:00:00  |
|  URAM Register                                    |            0  |              0  |                     0  |           0  |           1  |  00:00:00  |
|  Dynamic/Static Region Interface Net Replication  |            0  |              0  |                     0  |           0  |           1  |  00:00:00  |
|  Total                                            |           21  |              1  |                    22  |           0  |           9  |  00:00:00  |
-----------------------------------------------------------------------------------------------------------------------------------------------------------


Phase 2.5.2 Physical Synthesis In Placer | Checksum: 1a84939fe

Time (s): cpu = 00:00:08 ; elapsed = 00:00:03 . Memory (MB): peak = 3208.547 ; gain = 39.043 ; free physical = 317 ; free virtual = 3406
Phase 2.5 Global Place Phase2 | Checksum: 1db54ee55

Time (s): cpu = 00:00:08 ; elapsed = 00:00:03 . Memory (MB): peak = 3208.547 ; gain = 39.043 ; free physical = 318 ; free virtual = 3409
Phase 2 Global Placement | Checksum: 1db54ee55

Time (s): cpu = 00:00:08 ; elapsed = 00:00:03 . Memory (MB): peak = 3208.547 ; gain = 39.043 ; free physical = 318 ; free virtual = 3409

Phase 3 Detail Placement

Phase 3.1 Commit Multi Column Macros
Phase 3.1 Commit Multi Column Macros | Checksum: 22bc063c7

Time (s): cpu = 00:00:08 ; elapsed = 00:00:03 . Memory (MB): peak = 3208.547 ; gain = 39.043 ; free physical = 318 ; free virtual = 3409

Phase 3.2 Commit Most Macros & LUTRAMs
Phase 3.2 Commit Most Macros & LUTRAMs | Checksum: 1c02d5b46

Time (s): cpu = 00:00:09 ; elapsed = 00:00:03 . Memory (MB): peak = 3208.547 ; gain = 39.043 ; free physical = 318 ; free virtual = 3408

Phase 3.3 Area Swap Optimization
Phase 3.3 Area Swap Optimization | Checksum: 12ffcd950

Time (s): cpu = 00:00:09 ; elapsed = 00:00:03 . Memory (MB): peak = 3208.547 ; gain = 39.043 ; free physical = 317 ; free virtual = 3408

Phase 3.4 Pipeline Register Optimization
Phase 3.4 Pipeline Register Optimization | Checksum: 1dcc0428b

Time (s): cpu = 00:00:09 ; elapsed = 00:00:03 . Memory (MB): peak = 3208.547 ; gain = 39.043 ; free physical = 317 ; free virtual = 3408

Phase 3.5 Fast Optimization
Phase 3.5 Fast Optimization | Checksum: 120ad7974

Time (s): cpu = 00:00:10 ; elapsed = 00:00:03 . Memory (MB): peak = 3208.547 ; gain = 39.043 ; free physical = 309 ; free virtual = 3400

Phase 3.6 Small Shape Detail Placement
Phase 3.6 Small Shape Detail Placement | Checksum: 1f93fe9b9

Time (s): cpu = 00:00:10 ; elapsed = 00:00:04 . Memory (MB): peak = 3208.547 ; gain = 39.043 ; free physical = 306 ; free virtual = 3398

Phase 3.7 Re-assign LUT pins
Phase 3.7 Re-assign LUT pins | Checksum: 227fa7409

Time (s): cpu = 00:00:10 ; elapsed = 00:00:04 . Memory (MB): peak = 3208.547 ; gain = 39.043 ; free physical = 306 ; free virtual = 3398

Phase 3.8 Pipeline Register Optimization
Phase 3.8 Pipeline Register Optimization | Checksum: 251a87c4d

Time (s): cpu = 00:00:10 ; elapsed = 00:00:04 . Memory (MB): peak = 3208.547 ; gain = 39.043 ; free physical = 306 ; free virtual = 3398

Phase 3.9 Fast Optimization
Phase 3.9 Fast Optimization | Checksum: 1576942de

Time (s): cpu = 00:00:11 ; elapsed = 00:00:05 . Memory (MB): peak = 3208.547 ; gain = 39.043 ; free physical = 297 ; free virtual = 3390
Phase 3 Detail Placement | Checksum: 1576942de

Time (s): cpu = 00:00:12 ; elapsed = 00:00:05 . Memory (MB): peak = 3208.547 ; gain = 39.043 ; free physical = 297 ; free virtual = 3390

Phase 4 Post Placement Optimization and Clean-Up

Phase 4.1 Post Commit Optimization
INFO: [Timing 38-35] Done setting XDC timing constraints.

Phase 4.1.1 Post Placement Optimization
Post Placement Optimization Initialization | Checksum: 18fac8fdd

Phase 4.1.1.1 BUFG Insertion

Starting Physical Synthesis Task

Phase 1 Physical Synthesis Initialization
INFO: [Physopt 32-721] Multithreading enabled for phys_opt_design using a maximum of 8 CPUs
INFO: [Physopt 32-619] Estimated Timing Summary | WNS=-0.748 | TNS=-8.961 |
Phase 1 Physical Synthesis Initialization | Checksum: 14d77d983

Time (s): cpu = 00:00:00.04 ; elapsed = 00:00:00.02 . Memory (MB): peak = 3208.547 ; gain = 0.000 ; free physical = 296 ; free virtual = 3389
INFO: [Place 46-56] BUFG insertion identified 0 candidate nets. Inserted BUFG: 0, Replicated BUFG Driver: 0, Skipped due to Placement/Routing Conflicts: 0, Skipped due to Timing Degradation: 0, Skipped due to netlist editing failed: 0.
Ending Physical Synthesis Task | Checksum: 1c8d41809

Time (s): cpu = 00:00:00.05 ; elapsed = 00:00:00.02 . Memory (MB): peak = 3208.547 ; gain = 0.000 ; free physical = 296 ; free virtual = 3388
Phase 4.1.1.1 BUFG Insertion | Checksum: 18fac8fdd

Time (s): cpu = 00:00:12 ; elapsed = 00:00:05 . Memory (MB): peak = 3208.547 ; gain = 39.043 ; free physical = 296 ; free virtual = 3388

Phase 4.1.1.2 Post Placement Timing Optimization
INFO: [Place 30-746] Post Placement Timing Summary WNS=-0.041. For the most accurate timing information please run report_timing.
Phase 4.1.1.2 Post Placement Timing Optimization | Checksum: 2f75607e0

Time (s): cpu = 00:00:19 ; elapsed = 00:00:12 . Memory (MB): peak = 3208.547 ; gain = 39.043 ; free physical = 282 ; free virtual = 3376

Time (s): cpu = 00:00:19 ; elapsed = 00:00:12 . Memory (MB): peak = 3208.547 ; gain = 39.043 ; free physical = 282 ; free virtual = 3376
Phase 4.1 Post Commit Optimization | Checksum: 2f75607e0

Time (s): cpu = 00:00:19 ; elapsed = 00:00:12 . Memory (MB): peak = 3208.547 ; gain = 39.043 ; free physical = 282 ; free virtual = 3376

Phase 4.2 Post Placement Cleanup
Phase 4.2 Post Placement Cleanup | Checksum: 2f75607e0

Time (s): cpu = 00:00:19 ; elapsed = 00:00:12 . Memory (MB): peak = 3208.547 ; gain = 39.043 ; free physical = 282 ; free virtual = 3376

Phase 4.3 Placer Reporting

Phase 4.3.1 Print Estimated Congestion
INFO: [Place 30-612] Post-Placement Estimated Congestion 
 ____________________________________________________
|           | Global Congestion | Short Congestion  |
| Direction | Region Size       | Region Size       |
|___________|___________________|___________________|
|      North|                1x1|                2x2|
|___________|___________________|___________________|
|      South|                1x1|                1x1|
|___________|___________________|___________________|
|       East|                1x1|                1x1|
|___________|___________________|___________________|
|       West|                1x1|                1x1|
|___________|___________________|___________________|

Phase 4.3.1 Print Estimated Congestion | Checksum: 2f75607e0

Time (s): cpu = 00:00:19 ; elapsed = 00:00:12 . Memory (MB): peak = 3208.547 ; gain = 39.043 ; free physical = 282 ; free virtual = 3376
Phase 4.3 Placer Reporting | Checksum: 2f75607e0

Time (s): cpu = 00:00:19 ; elapsed = 00:00:12 . Memory (MB): peak = 3208.547 ; gain = 39.043 ; free physical = 282 ; free virtual = 3376

Phase 4.4 Final Placement Cleanup
Netlist sorting complete. Time (s): cpu = 00:00:00 ; elapsed = 00:00:00 . Memory (MB): peak = 3208.547 ; gain = 0.000 ; free physical = 282 ; free virtual = 3376

Time (s): cpu = 00:00:19 ; elapsed = 00:00:12 . Memory (MB): peak = 3208.547 ; gain = 39.043 ; free physical = 282 ; free virtual = 3376
Phase 4 Post Placement Optimization and Clean-Up | Checksum: 211aa5bbc

Time (s): cpu = 00:00:19 ; elapsed = 00:00:12 . Memory (MB): peak = 3208.547 ; gain = 39.043 ; free physical = 282 ; free virtual = 3376
Ending Placer Task | Checksum: 115dd1ae8

Time (s): cpu = 00:00:19 ; elapsed = 00:00:12 . Memory (MB): peak = 3208.547 ; gain = 39.043 ; free physical = 282 ; free virtual = 3376
37 Infos, 0 Warnings, 0 Critical Warnings and 0 Errors encountered.
place_design completed successfully
place_design: Time (s): cpu = 00:00:21 ; elapsed = 00:00:12 . Memory (MB): peak = 3208.547 ; gain = 39.043 ; free physical = 282 ; free virtual = 3376
# route_design
Command: route_design
Attempting to get a license for feature 'Implementation' and/or device 'xc7z020'
INFO: [Common 17-349] Got license for feature 'Implementation' and/or device 'xc7z020'


Starting Routing Task
INFO: [Route 35-254] Multithreading enabled for route_design using a maximum of 8 CPUs

Phase 1 Build RT Design
Checksum: PlaceDB: f3ae1b91 ConstDB: 0 ShapeSum: c358c67 RouteDB: 15f972f0
Post Restoration Checksum: NetGraph: 995d5448 | NumContArr: b78c862b | Constraints: c2a8fa9d | Timing: c2a8fa9d
Phase 1 Build RT Design | Checksum: 2d63bcfad

Time (s): cpu = 00:00:18 ; elapsed = 00:00:15 . Memory (MB): peak = 3208.547 ; gain = 0.000 ; free physical = 348 ; free virtual = 3436

Phase 2 Router Initialization

Phase 2.1 Fix Topology Constraints
Phase 2.1 Fix Topology Constraints | Checksum: 2d63bcfad

Time (s): cpu = 00:00:18 ; elapsed = 00:00:15 . Memory (MB): peak = 3208.547 ; gain = 0.000 ; free physical = 348 ; free virtual = 3436

Phase 2.2 Pre Route Cleanup
Phase 2.2 Pre Route Cleanup | Checksum: 2d63bcfad

Time (s): cpu = 00:00:18 ; elapsed = 00:00:15 . Memory (MB): peak = 3208.547 ; gain = 0.000 ; free physical = 348 ; free virtual = 3437
 Number of Nodes with overlaps = 0

Phase 2.3 Update Timing
Phase 2.3 Update Timing | Checksum: 1e0d7d788

Time (s): cpu = 00:00:18 ; elapsed = 00:00:16 . Memory (MB): peak = 3208.547 ; gain = 0.000 ; free physical = 348 ; free virtual = 3437
INFO: [Route 35-416] Intermediate Timing Summary | WNS=-0.156 | TNS=-0.156 | WHS=-0.113 | THS=-4.806 |


Phase 2.4 Soft Constraint Pins - Fast Budgeting
Phase 2.4 Soft Constraint Pins - Fast Budgeting | Checksum: 295a64ba2

Time (s): cpu = 00:00:19 ; elapsed = 00:00:16 . Memory (MB): peak = 3208.547 ; gain = 0.000 ; free physical = 355 ; free virtual = 3444

Router Utilization Summary
  Global Vertical Routing Utilization    = 0 %
  Global Horizontal Routing Utilization  = 0 %
  Routable Net Status*
  *Does not include unroutable nets such as driverless and loadless.
  Run report_route_status for detailed report.
  Number of Failed Nets               = 1188
    (Failed Nets is the sum of unrouted and partially routed nets)
  Number of Unrouted Nets             = 1188
  Number of Partially Routed Nets     = 0
  Number of Node Overlaps             = 0

Phase 2 Router Initialization | Checksum: 295a64ba2

Time (s): cpu = 00:00:19 ; elapsed = 00:00:16 . Memory (MB): peak = 3208.547 ; gain = 0.000 ; free physical = 355 ; free virtual = 3444

Phase 3 Global Routing
Phase 3 Global Routing | Checksum: 295a64ba2

Time (s): cpu = 00:00:19 ; elapsed = 00:00:16 . Memory (MB): peak = 3208.547 ; gain = 0.000 ; free physical = 355 ; free virtual = 3444

Phase 4 Initial Routing

Phase 4.1 Initial Net Routing Pass
Phase 4.1 Initial Net Routing Pass | Checksum: 1f72879a8

Time (s): cpu = 00:00:20 ; elapsed = 00:00:16 . Memory (MB): peak = 3208.547 ; gain = 0.000 ; free physical = 354 ; free virtual = 3444
Phase 4 Initial Routing | Checksum: 1f72879a8

Time (s): cpu = 00:00:20 ; elapsed = 00:00:16 . Memory (MB): peak = 3208.547 ; gain = 0.000 ; free physical = 354 ; free virtual = 3444
INFO: [Route 35-580] Design has 20 pins with tight setup and hold constraints.

The top 5 pins with tight setup and hold constraints:

+====================+===================+=======================================================+
| Launch Setup Clock | Launch Hold Clock | Pin                                                   |
+====================+===================+=======================================================+
| ap_clk             | ap_clk            | grp_fp32_normaliser_fu_90/exp_23_reg_226_reg[6]/D     |
| ap_clk             | ap_clk            | grp_fp32_normaliser_fu_90/norm24_22_reg_281_reg[21]/D |
| ap_clk             | ap_clk            | grp_fp32_normaliser_fu_90/norm24_22_reg_281_reg[18]/D |
| ap_clk             | ap_clk            | grp_fp32_normaliser_fu_90/norm24_22_reg_281_reg[16]/D |
| ap_clk             | ap_clk            | grp_fp32_normaliser_fu_90/norm24_22_reg_281_reg[12]/D |
+--------------------+-------------------+-------------------------------------------------------+

File with complete list of pins: tight_setup_hold_pins.txt


Phase 5 Rip-up And Reroute

Phase 5.1 Global Iteration 0
 Number of Nodes with overlaps = 813
 Number of Nodes with overlaps = 441
 Number of Nodes with overlaps = 275
 Number of Nodes with overlaps = 144
 Number of Nodes with overlaps = 90
 Number of Nodes with overlaps = 46
 Number of Nodes with overlaps = 26
 Number of Nodes with overlaps = 9
 Number of Nodes with overlaps = 13
 Number of Nodes with overlaps = 7
 Number of Nodes with overlaps = 2
 Number of Nodes with overlaps = 3
 Number of Nodes with overlaps = 3
 Number of Nodes with overlaps = 5
 Number of Nodes with overlaps = 3
 Number of Nodes with overlaps = 0
INFO: [Route 35-416] Intermediate Timing Summary | WNS=-0.263 | TNS=-2.417 | WHS=N/A    | THS=N/A    |

Phase 5.1 Global Iteration 0 | Checksum: 1bec21ecf

Time (s): cpu = 00:00:31 ; elapsed = 00:00:21 . Memory (MB): peak = 3208.547 ; gain = 0.000 ; free physical = 348 ; free virtual = 3438

Phase 5.2 Global Iteration 1
 Number of Nodes with overlaps = 67
 Number of Nodes with overlaps = 33
 Number of Nodes with overlaps = 11
 Number of Nodes with overlaps = 8
 Number of Nodes with overlaps = 7
 Number of Nodes with overlaps = 10
 Number of Nodes with overlaps = 2
 Number of Nodes with overlaps = 0
INFO: [Route 35-416] Intermediate Timing Summary | WNS=-0.216 | TNS=-1.176 | WHS=N/A    | THS=N/A    |

Phase 5.2 Global Iteration 1 | Checksum: 22733e5b3

Time (s): cpu = 00:00:33 ; elapsed = 00:00:22 . Memory (MB): peak = 3208.547 ; gain = 0.000 ; free physical = 335 ; free virtual = 3425

Phase 5.3 Global Iteration 2
 Number of Nodes with overlaps = 84
 Number of Nodes with overlaps = 65
 Number of Nodes with overlaps = 35
 Number of Nodes with overlaps = 19
 Number of Nodes with overlaps = 20
 Number of Nodes with overlaps = 11
 Number of Nodes with overlaps = 8
 Number of Nodes with overlaps = 5
 Number of Nodes with overlaps = 3
 Number of Nodes with overlaps = 1
 Number of Nodes with overlaps = 2
 Number of Nodes with overlaps = 0
INFO: [Route 35-416] Intermediate Timing Summary | WNS=-0.307 | TNS=-2.769 | WHS=N/A    | THS=N/A    |

Phase 5.3 Global Iteration 2 | Checksum: 28c9becec

Time (s): cpu = 00:00:35 ; elapsed = 00:00:24 . Memory (MB): peak = 3208.547 ; gain = 0.000 ; free physical = 318 ; free virtual = 3411
Phase 5 Rip-up And Reroute | Checksum: 28c9becec

Time (s): cpu = 00:00:35 ; elapsed = 00:00:24 . Memory (MB): peak = 3208.547 ; gain = 0.000 ; free physical = 318 ; free virtual = 3411

Phase 6 Delay and Skew Optimization

Phase 6.1 Delay CleanUp

Phase 6.1.1 Update Timing
Phase 6.1.1 Update Timing | Checksum: 222f75ff1

Time (s): cpu = 00:00:35 ; elapsed = 00:00:24 . Memory (MB): peak = 3208.547 ; gain = 0.000 ; free physical = 319 ; free virtual = 3411
INFO: [Route 35-416] Intermediate Timing Summary | WNS=-0.101 | TNS=-0.168 | WHS=N/A    | THS=N/A    |

 Number of Nodes with overlaps = 0
Phase 6.1 Delay CleanUp | Checksum: 26f1ea533

Time (s): cpu = 00:00:35 ; elapsed = 00:00:24 . Memory (MB): peak = 3208.547 ; gain = 0.000 ; free physical = 319 ; free virtual = 3411

Phase 6.2 Clock Skew Optimization
Phase 6.2 Clock Skew Optimization | Checksum: 26f1ea533

Time (s): cpu = 00:00:35 ; elapsed = 00:00:24 . Memory (MB): peak = 3208.547 ; gain = 0.000 ; free physical = 319 ; free virtual = 3411
Phase 6 Delay and Skew Optimization | Checksum: 26f1ea533

Time (s): cpu = 00:00:35 ; elapsed = 00:00:24 . Memory (MB): peak = 3208.547 ; gain = 0.000 ; free physical = 319 ; free virtual = 3411

Phase 7 Post Hold Fix

Phase 7.1 Hold Fix Iter
INFO: [Route 35-416] Intermediate Timing Summary | WNS=-0.075 | TNS=-0.100 | WHS=0.126  | THS=0.000  |

Phase 7.1 Hold Fix Iter | Checksum: 24a8cefc7

Time (s): cpu = 00:00:35 ; elapsed = 00:00:24 . Memory (MB): peak = 3208.547 ; gain = 0.000 ; free physical = 319 ; free virtual = 3411
Phase 7 Post Hold Fix | Checksum: 24a8cefc7

Time (s): cpu = 00:00:35 ; elapsed = 00:00:24 . Memory (MB): peak = 3208.547 ; gain = 0.000 ; free physical = 319 ; free virtual = 3411

Phase 8 Route finalize

Router Utilization Summary
  Global Vertical Routing Utilization    = 0.470125 %
  Global Horizontal Routing Utilization  = 0.57336 %
  Routable Net Status*
  *Does not include unroutable nets such as driverless and loadless.
  Run report_route_status for detailed report.
  Number of Failed Nets               = 0
    (Failed Nets is the sum of unrouted and partially routed nets)
  Number of Unrouted Nets             = 0
  Number of Partially Routed Nets     = 0
  Number of Node Overlaps             = 0


--GLOBAL Congestion:
Utilization threshold used for congestion level computation: 0.85
Congestion Report
North Dir 1x1 Area, Max Cong = 45.045%, No Congested Regions.
South Dir 1x1 Area, Max Cong = 55.8559%, No Congested Regions.
East Dir 1x1 Area, Max Cong = 64.7059%, No Congested Regions.
West Dir 1x1 Area, Max Cong = 67.6471%, No Congested Regions.

------------------------------
Reporting congestion hotspots
------------------------------
Direction: North
----------------
Congested clusters found at Level 0
Effective congestion level: 0 Aspect Ratio: 1 Sparse Ratio: 0
Direction: South
----------------
Congested clusters found at Level 0
Effective congestion level: 0 Aspect Ratio: 1 Sparse Ratio: 0
Direction: East
----------------
Congested clusters found at Level 0
Effective congestion level: 0 Aspect Ratio: 1 Sparse Ratio: 0
Direction: West
----------------
Congested clusters found at Level 0
Effective congestion level: 0 Aspect Ratio: 1 Sparse Ratio: 0

Phase 8 Route finalize | Checksum: 24a8cefc7

Time (s): cpu = 00:00:35 ; elapsed = 00:00:24 . Memory (MB): peak = 3208.547 ; gain = 0.000 ; free physical = 319 ; free virtual = 3411

Phase 9 Verifying routed nets

 Verification completed successfully
Phase 9 Verifying routed nets | Checksum: 24a8cefc7

Time (s): cpu = 00:00:35 ; elapsed = 00:00:24 . Memory (MB): peak = 3208.547 ; gain = 0.000 ; free physical = 319 ; free virtual = 3411

Phase 10 Depositing Routes
Phase 10 Depositing Routes | Checksum: 2865b1ff5

Time (s): cpu = 00:00:36 ; elapsed = 00:00:24 . Memory (MB): peak = 3208.547 ; gain = 0.000 ; free physical = 319 ; free virtual = 3411

Phase 11 Post Process Routing
Phase 11 Post Process Routing | Checksum: 2865b1ff5

Time (s): cpu = 00:00:36 ; elapsed = 00:00:24 . Memory (MB): peak = 3208.547 ; gain = 0.000 ; free physical = 319 ; free virtual = 3411

Phase 12 Post Router Timing
INFO: [Route 35-57] Estimated Timing Summary | WNS=-0.075 | TNS=-0.100 | WHS=0.126  | THS=0.000  |

WARNING: [Route 35-328] Router estimated timing not met.
Resolution: For a complete and accurate timing signoff, report_timing_summary must be run after route_design. Alternatively, route_design can be run with the -timing_summary option to enable a complete timing signoff at the end of route_design.
Phase 12 Post Router Timing | Checksum: 2865b1ff5

Time (s): cpu = 00:00:36 ; elapsed = 00:00:24 . Memory (MB): peak = 3208.547 ; gain = 0.000 ; free physical = 319 ; free virtual = 3411
Total Elapsed time in route_design: 23.88 secs

Phase 13 Post-Route Event Processing
Phase 13 Post-Route Event Processing | Checksum: e89e5afd

Time (s): cpu = 00:00:36 ; elapsed = 00:00:24 . Memory (MB): peak = 3208.547 ; gain = 0.000 ; free physical = 319 ; free virtual = 3411
INFO: [Route 35-16] Router Completed Successfully
Ending Routing Task | Checksum: e89e5afd

Time (s): cpu = 00:00:36 ; elapsed = 00:00:24 . Memory (MB): peak = 3208.547 ; gain = 0.000 ; free physical = 319 ; free virtual = 3411

Routing Is Done.
INFO: [Common 17-83] Releasing license: Implementation
12 Infos, 1 Warnings, 0 Critical Warnings and 0 Errors encountered.
route_design completed successfully
route_design: Time (s): cpu = 00:00:36 ; elapsed = 00:00:24 . Memory (MB): peak = 3208.547 ; gain = 0.000 ; free physical = 319 ; free virtual = 3411
# report_utilization    -file /home/joe/Desktop/Uni/Year_4/Dissertation/Program-Synthesis-for-Efficient-ML/results/HLS/solution_fp32addition_fp32_full_sum/utilization.rpt
# report_timing_summary -file /home/joe/Desktop/Uni/Year_4/Dissertation/Program-Synthesis-for-Efficient-ML/results/HLS/solution_fp32addition_fp32_full_sum/timing.rpt
INFO: [Timing 38-91] UpdateTimingParams: Speed grade: -1, Delay Type: min_max.
INFO: [Timing 38-191] Multithreading enabled for timing update using a maximum of 8 CPUs
# set rpx_path "/home/joe/Desktop/Uni/Year_4/Dissertation/Program-Synthesis-for-Efficient-ML/results/HLS/solution_fp32addition_fp32_full_sum/timing.rpx"
# if {[catch {report_timing_summary -rpx $rpx_path} err]} {
#       puts "INFO: RPX timing not available: $err"
#     }
INFO: [Timing 38-91] UpdateTimingParams: Speed grade: -1, Delay Type: min_max.
INFO: [Timing 38-191] Multithreading enabled for timing update using a maximum of 8 CPUs
Copyright 1986-2022 Xilinx, Inc. All Rights Reserved. Copyright 2022-2025 Advanced Micro Devices, Inc. All Rights Reserved.
------------------------------------------------------------------------------------------------------------------------------------------------------------------------------------
| Tool Version : Vivado v.2025.1 (lin64) Build 6140274 Wed May 21 22:58:25 MDT 2025
| Date         : Wed Nov 12 13:48:36 2025
| Host         : joe running 64-bit Ubuntu 24.04.3 LTS
| Command      : report_timing_summary -rpx /home/joe/Desktop/Uni/Year_4/Dissertation/Program-Synthesis-for-Efficient-ML/results/HLS/solution_fp32addition_fp32_full_sum/timing.rpx
| Design       : fp32_sum
| Device       : 7z020-clg400
| Speed File   : -1  PRODUCTION 1.12 2019-11-22
| Design State : Routed
------------------------------------------------------------------------------------------------------------------------------------------------------------------------------------

Timing Summary Report

------------------------------------------------------------------------------------------------
| Timer Settings
| --------------
------------------------------------------------------------------------------------------------

  Enable Multi Corner Analysis               :  Yes
  Enable Pessimism Removal                   :  Yes
  Pessimism Removal Resolution               :  Nearest Common Node
  Enable Input Delay Default Clock           :  No
  Enable Preset / Clear Arcs                 :  No
  Disable Flight Delays                      :  No
  Ignore I/O Paths                           :  No
  Timing Early Launch at Borrowing Latches   :  No
  Borrow Time for Max Delay Exceptions       :  Yes
  Merge Timing Exceptions                    :  Yes
  Inter-SLR Compensation                     :  Conservative

  Corner  Analyze    Analyze    
  Name    Max Paths  Min Paths  
  ------  ---------  ---------  
  Slow    Yes        Yes        
  Fast    Yes        Yes        


------------------------------------------------------------------------------------------------
| Report Methodology
| ------------------
------------------------------------------------------------------------------------------------

No report available as report_methodology has not been run prior. Run report_methodology on the current design for the summary of methodology violations.



check_timing report

Table of Contents
-----------------
1. checking no_clock (0)
2. checking constant_clock (0)
3. checking pulse_width_clock (0)
4. checking unconstrained_internal_endpoints (0)
5. checking no_input_delay (66)
6. checking no_output_delay (35)
7. checking multiple_clock (0)
8. checking generated_clocks (0)
9. checking loops (0)
10. checking partial_input_delay (0)
11. checking partial_output_delay (0)
12. checking latch_loops (0)

1. checking no_clock (0)
------------------------
 There are 0 register/latch pins with no clock.


2. checking constant_clock (0)
------------------------------
 There are 0 register/latch pins with constant_clock.


3. checking pulse_width_clock (0)
---------------------------------
 There are 0 register/latch pins which need pulse_width check


4. checking unconstrained_internal_endpoints (0)
------------------------------------------------
 There are 0 pins that are not constrained for maximum delay.

 There are 0 pins that are not constrained for maximum delay due to constant clock.


5. checking no_input_delay (66)
-------------------------------
 There are 66 input ports with no input delay specified. (HIGH)

 There are 0 input ports with no input delay but user has a false path constraint.


6. checking no_output_delay (35)
--------------------------------
 There are 35 ports with no output delay specified. (HIGH)

 There are 0 ports with no output delay but user has a false path constraint

 There are 0 ports with no output delay but with a timing clock defined on it or propagating through it


7. checking multiple_clock (0)
------------------------------
 There are 0 register/latch pins with multiple clocks.


8. checking generated_clocks (0)
--------------------------------
 There are 0 generated clocks that are not connected to a clock source.


9. checking loops (0)
---------------------
 There are 0 combinational loops in the design.


10. checking partial_input_delay (0)
------------------------------------
 There are 0 input ports with partial input delay specified.


11. checking partial_output_delay (0)
-------------------------------------
 There are 0 ports with partial output delay specified.


12. checking latch_loops (0)
----------------------------
 There are 0 combinational latch loops in the design through latch input



------------------------------------------------------------------------------------------------
| Design Timing Summary
| ---------------------
------------------------------------------------------------------------------------------------

    WNS(ns)      TNS(ns)  TNS Failing Endpoints  TNS Total Endpoints      WHS(ns)      THS(ns)  THS Failing Endpoints  THS Total Endpoints     WPWS(ns)     TPWS(ns)  TPWS Failing Endpoints  TPWS Total Endpoints  
    -------      -------  ---------------------  -------------------      -------      -------  ---------------------  -------------------     --------     --------  ----------------------  --------------------  
     -0.073       -0.097                      2                  907        0.132        0.000                      0                  907        1.500        0.000                       0                   549  


Timing constraints are not met.


------------------------------------------------------------------------------------------------
| Clock Summary
| -------------
------------------------------------------------------------------------------------------------

Clock   Waveform(ns)         Period(ns)      Frequency(MHz)
-----   ------------         ----------      --------------
ap_clk  {0.000 2.000}        4.000           250.000         


------------------------------------------------------------------------------------------------
| Intra Clock Table
| -----------------
------------------------------------------------------------------------------------------------

Clock             WNS(ns)      TNS(ns)  TNS Failing Endpoints  TNS Total Endpoints      WHS(ns)      THS(ns)  THS Failing Endpoints  THS Total Endpoints     WPWS(ns)     TPWS(ns)  TPWS Failing Endpoints  TPWS Total Endpoints  
-----             -------      -------  ---------------------  -------------------      -------      -------  ---------------------  -------------------     --------     --------  ----------------------  --------------------  
ap_clk             -0.073       -0.097                      2                  907        0.132        0.000                      0                  907        1.500        0.000                       0                   549  


------------------------------------------------------------------------------------------------
| Inter Clock Table
| -----------------
------------------------------------------------------------------------------------------------

From Clock    To Clock          WNS(ns)      TNS(ns)  TNS Failing Endpoints  TNS Total Endpoints      WHS(ns)      THS(ns)  THS Failing Endpoints  THS Total Endpoints  
----------    --------          -------      -------  ---------------------  -------------------      -------      -------  ---------------------  -------------------  


------------------------------------------------------------------------------------------------
| Other Path Groups Table
| -----------------------
------------------------------------------------------------------------------------------------

Path Group    From Clock    To Clock          WNS(ns)      TNS(ns)  TNS Failing Endpoints  TNS Total Endpoints      WHS(ns)      THS(ns)  THS Failing Endpoints  THS Total Endpoints  
----------    ----------    --------          -------      -------  ---------------------  -------------------      -------      -------  ---------------------  -------------------  


------------------------------------------------------------------------------------------------
| Timing Details
| --------------
------------------------------------------------------------------------------------------------


---------------------------------------------------------------------------------------------------
From Clock:  ap_clk
  To Clock:  ap_clk

Setup :            2  Failing Endpoints,  Worst Slack       -0.073ns,  Total Violation       -0.097ns
Hold  :            0  Failing Endpoints,  Worst Slack        0.132ns,  Total Violation        0.000ns
PW    :            0  Failing Endpoints,  Worst Slack        1.500ns,  Total Violation        0.000ns
---------------------------------------------------------------------------------------------------


Max Delay Paths
--------------------------------------------------------------------------------------
Slack (VIOLATED) :        -0.073ns  (required time - arrival time)
  Source:                 grp_fp32_normaliser_fu_90/ap_CS_fsm_reg[13]/C
                            (rising edge-triggered cell FDRE clocked by ap_clk  {rise@0.000ns fall@2.000ns period=4.000ns})
  Destination:            grp_fp32_normaliser_fu_90/exp_23_reg_226_reg[0]/CE
                            (rising edge-triggered cell FDRE clocked by ap_clk  {rise@0.000ns fall@2.000ns period=4.000ns})
  Path Group:             ap_clk
  Path Type:              Setup (Max at Slow Process Corner)
  Requirement:            4.000ns  (ap_clk rise@4.000ns - ap_clk rise@0.000ns)
  Data Path Delay:        3.807ns  (logic 1.014ns (26.636%)  route 2.793ns (73.364%))
  Logic Levels:           4  (LUT2=1 LUT3=1 LUT6=2)
  Clock Path Skew:        -0.062ns (DCD - SCD + CPR)
    Destination Clock Delay (DCD):    4.633ns = ( 8.633 - 4.000 ) 
    Source Clock Delay      (SCD):    5.153ns
    Clock Pessimism Removal (CPR):    0.458ns
  Clock Uncertainty:      0.035ns  ((TSJ^2 + TIJ^2)^1/2 + DJ) / 2 + PE
    Total System Jitter     (TSJ):    0.071ns
    Total Input Jitter      (TIJ):    0.000ns
    Discrete Jitter          (DJ):    0.000ns
    Phase Error              (PE):    0.000ns

    Location             Delay type                Incr(ns)  Path(ns)    Netlist Resource(s)
  -------------------------------------------------------------------    -------------------
                         (clock ap_clk rise edge)     0.000     0.000 r  
    U14                                               0.000     0.000 r  ap_clk (IN)
                         net (fo=0)                   0.000     0.000    ap_clk
    U14                  IBUF (Prop_ibuf_I_O)         1.075     1.075 r  ap_clk_IBUF_inst/O
                         net (fo=1, routed)           2.205     3.280    ap_clk_IBUF
    BUFGCTRL_X0Y16       BUFG (Prop_bufg_I_O)         0.101     3.381 r  ap_clk_IBUF_BUFG_inst/O
                         net (fo=548, routed)         1.772     5.153    grp_fp32_normaliser_fu_90/ap_clk_IBUF_BUFG
    SLICE_X102Y70        FDRE                                         r  grp_fp32_normaliser_fu_90/ap_CS_fsm_reg[13]/C
  -------------------------------------------------------------------    -------------------
    SLICE_X102Y70        FDRE (Prop_fdre_C_Q)         0.518     5.671 r  grp_fp32_normaliser_fu_90/ap_CS_fsm_reg[13]/Q
                         net (fo=28, routed)          0.610     6.280    grp_fp32_normaliser_fu_90/ap_CS_fsm_reg_n_0_[13]
    SLICE_X102Y70        LUT3 (Prop_lut3_I2_O)        0.124     6.404 r  grp_fp32_normaliser_fu_90/exp_23_reg_226[5]_i_8/O
                         net (fo=14, routed)          0.708     7.112    grp_fp32_normaliser_fu_90/exp_23_reg_226[5]_i_8_n_0
    SLICE_X102Y70        LUT6 (Prop_lut6_I0_O)        0.124     7.236 f  grp_fp32_normaliser_fu_90/norm24_22_reg_281[3]_i_2/O
                         net (fo=2, routed)           0.419     7.655    grp_fp32_normaliser_fu_90/norm24_22_reg_281[3]_i_2_n_0
    SLICE_X103Y71        LUT6 (Prop_lut6_I0_O)        0.124     7.779 r  grp_fp32_normaliser_fu_90/ap_CS_fsm[27]_i_2/O
                         net (fo=26, routed)          0.441     8.220    grp_fp32_normaliser_fu_90/ap_CS_fsm[27]_i_2_n_0
    SLICE_X100Y71        LUT2 (Prop_lut2_I1_O)        0.124     8.344 r  grp_fp32_normaliser_fu_90/exp_23_reg_226[7]_i_1/O
                         net (fo=8, routed)           0.615     8.959    grp_fp32_normaliser_fu_90/exp_23_reg_226[7]_i_1_n_0
    SLICE_X100Y71        FDRE                                         r  grp_fp32_normaliser_fu_90/exp_23_reg_226_reg[0]/CE
  -------------------------------------------------------------------    -------------------

                         (clock ap_clk rise edge)     4.000     4.000 r  
    U14                                               0.000     4.000 r  ap_clk (IN)
                         net (fo=0)                   0.000     4.000    ap_clk
    U14                  IBUF (Prop_ibuf_I_O)         0.940     4.940 r  ap_clk_IBUF_inst/O
                         net (fo=1, routed)           2.006     6.946    ap_clk_IBUF
    BUFGCTRL_X0Y16       BUFG (Prop_bufg_I_O)         0.091     7.037 r  ap_clk_IBUF_BUFG_inst/O
                         net (fo=548, routed)         1.596     8.633    grp_fp32_normaliser_fu_90/ap_clk_IBUF_BUFG
    SLICE_X100Y71        FDRE                                         r  grp_fp32_normaliser_fu_90/exp_23_reg_226_reg[0]/C
                         clock pessimism              0.458     9.091    
                         clock uncertainty           -0.035     9.055    
    SLICE_X100Y71        FDRE (Setup_fdre_C_CE)      -0.169     8.886    grp_fp32_normaliser_fu_90/exp_23_reg_226_reg[0]
  -------------------------------------------------------------------
                         required time                          8.886    
                         arrival time                          -8.959    
  -------------------------------------------------------------------
                         slack                                 -0.073    





Min Delay Paths
--------------------------------------------------------------------------------------
Slack (MET) :             0.132ns  (arrival time - required time)
  Source:                 e1_read_reg_322_reg[1]/C
                            (rising edge-triggered cell FDRE clocked by ap_clk  {rise@0.000ns fall@2.000ns period=4.000ns})
  Destination:            exp_reg_384_reg[1]/D
                            (rising edge-triggered cell FDRE clocked by ap_clk  {rise@0.000ns fall@2.000ns period=4.000ns})
  Path Group:             ap_clk
  Path Type:              Hold (Min at Fast Process Corner)
  Requirement:            0.000ns  (ap_clk rise@0.000ns - ap_clk rise@0.000ns)
  Data Path Delay:        0.276ns  (logic 0.189ns (68.452%)  route 0.087ns (31.548%))
  Logic Levels:           1  (LUT3=1)
  Clock Path Skew:        0.013ns (DCD - SCD - CPR)
    Destination Clock Delay (DCD):    2.125ns
    Source Clock Delay      (SCD):    1.606ns
    Clock Pessimism Removal (CPR):    0.506ns

    Location             Delay type                Incr(ns)  Path(ns)    Netlist Resource(s)
  -------------------------------------------------------------------    -------------------
                         (clock ap_clk rise edge)     0.000     0.000 r  
    U14                                               0.000     0.000 r  ap_clk (IN)
                         net (fo=0)                   0.000     0.000    ap_clk
    U14                  IBUF (Prop_ibuf_I_O)         0.302     0.302 r  ap_clk_IBUF_inst/O
                         net (fo=1, routed)           0.674     0.976    ap_clk_IBUF
    BUFGCTRL_X0Y16       BUFG (Prop_bufg_I_O)         0.026     1.002 r  ap_clk_IBUF_BUFG_inst/O
                         net (fo=548, routed)         0.604     1.606    ap_clk_IBUF_BUFG
    SLICE_X99Y64         FDRE                                         r  e1_read_reg_322_reg[1]/C
  -------------------------------------------------------------------    -------------------
    SLICE_X99Y64         FDRE (Prop_fdre_C_Q)         0.141     1.747 r  e1_read_reg_322_reg[1]/Q
                         net (fo=1, routed)           0.087     1.834    e1_read_reg_322[1]
    SLICE_X98Y64         LUT3 (Prop_lut3_I0_O)        0.048     1.882 r  exp_reg_384[1]_i_1/O
                         net (fo=1, routed)           0.000     1.882    exp_fu_164_p3[1]
    SLICE_X98Y64         FDRE                                         r  exp_reg_384_reg[1]/D
  -------------------------------------------------------------------    -------------------

                         (clock ap_clk rise edge)     0.000     0.000 r  
    U14                                               0.000     0.000 r  ap_clk (IN)
                         net (fo=0)                   0.000     0.000    ap_clk
    U14                  IBUF (Prop_ibuf_I_O)         0.492     0.492 r  ap_clk_IBUF_inst/O
                         net (fo=1, routed)           0.731     1.223    ap_clk_IBUF
    BUFGCTRL_X0Y16       BUFG (Prop_bufg_I_O)         0.029     1.252 r  ap_clk_IBUF_BUFG_inst/O
                         net (fo=548, routed)         0.873     2.125    ap_clk_IBUF_BUFG
    SLICE_X98Y64         FDRE                                         r  exp_reg_384_reg[1]/C
                         clock pessimism             -0.506     1.619    
    SLICE_X98Y64         FDRE (Hold_fdre_C_D)         0.131     1.750    exp_reg_384_reg[1]
  -------------------------------------------------------------------
                         required time                         -1.750    
                         arrival time                           1.882    
  -------------------------------------------------------------------
                         slack                                  0.132    





Pulse Width Checks
--------------------------------------------------------------------------------------
Clock Name:         ap_clk
Waveform(ns):       { 0.000 2.000 }
Period(ns):         4.000
Sources:            { ap_clk }

Check Type        Corner  Lib Pin  Reference Pin  Required(ns)  Actual(ns)  Slack(ns)  Location        Pin
Min Period        n/a     BUFG/I   n/a            2.155         4.000       1.845      BUFGCTRL_X0Y16  ap_clk_IBUF_BUFG_inst/I
Low Pulse Width   Slow    FDRE/C   n/a            0.500         2.000       1.500      SLICE_X108Y62   add_ln8_reg_415_reg[0]/C
High Pulse Width  Slow    FDRE/C   n/a            0.500         2.000       1.500      SLICE_X108Y62   add_ln8_reg_415_reg[0]/C



INFO: [Common 17-206] Exiting Vivado at Wed Nov 12 13:48:36 2025...
