Tue Nov 11 12:34:14 2025: Running xcd server. This server was built by gradle.
Tue Nov 11 12:34:14 2025: Server was asked to start on port: '36601'
Tue Nov 11 12:34:14 2025: Server is using token UUID: 'b049847f-d958-438a-beab-0f76fea98d57'
Tue Nov 11 12:34:14 2025: SESSION_MGR: creating session with session uuid: '6d04a3e9-ade5-4ab9-8d63-1f78fcd2ec76' and name 'default'
Tue Nov 11 12:34:14 2025: Attempting to start server on port '36601'
Tue Nov 11 12:34:14 2025: XCD main fifo: created main fifo '/tmp/xcdmainb049847f-d958-438a-beab-0f76fea98d57', fd read = 15
Tue Nov 11 12:34:14 2025: Running Dispatch Server
Tue Nov 11 12:34:14 2025: Version 2.2.0
Tue Nov 11 12:34:16 2025: Dispatch Server: Accepted socket connection from client
Tue Nov 11 12:34:16 2025: Starting Socket connection
Tue Nov 11 12:34:16 2025: EXCHANGE_TOKEN received, server token: b049847f-d958-438a-beab-0f76fea98d57, passed token: b049847f-d958-438a-beab-0f76fea98d57
Tue Nov 11 12:34:16 2025: SESSION_MGR: creating session with session uuid: 'bd0939c7-2b8e-4716-86db-b18950b2646f' and name 'vitis_hls'
Tue Nov 11 12:34:16 2025: KERNEL_SVC: creating session with uuid: 'bd0939c7-2b8e-4716-86db-b18950b2646f' and name 'vitis_hls'
Tue Nov 11 12:34:16 2025: GUIDANCE_SMGR: creating guidance session with uuid: 'bd0939c7-2b8e-4716-86db-b18950b2646f' and name 'vitis_hls'
Tue Nov 11 12:34:30 2025: Running xcd server. This server was built by gradle.
Tue Nov 11 12:34:30 2025: Server was asked to start on port: '36629'
Tue Nov 11 12:34:30 2025: Server is using token UUID: '1d48a6d8-555d-4f29-a86d-e1b39666f5be'
Tue Nov 11 12:34:30 2025: SESSION_MGR: creating session with session uuid: '6d04a3e9-ade5-4ab9-8d63-1f78fcd2ec76' and name 'default'
Tue Nov 11 12:34:30 2025: Attempting to start server on port '36629'
Tue Nov 11 12:34:30 2025: XCD main fifo: created main fifo '/tmp/xcdmain1d48a6d8-555d-4f29-a86d-e1b39666f5be', fd read = 16
Tue Nov 11 12:34:30 2025: Running Dispatch Server
Tue Nov 11 12:34:30 2025: Version 2.2.0
Tue Nov 11 12:34:31 2025: Dispatch Server: Accepted socket connection from client
Tue Nov 11 12:34:31 2025: Starting Socket connection
Tue Nov 11 12:34:31 2025: EXCHANGE_TOKEN received, server token: 1d48a6d8-555d-4f29-a86d-e1b39666f5be, passed token: 1d48a6d8-555d-4f29-a86d-e1b39666f5be
Tue Nov 11 12:34:31 2025: SESSION_MGR: creating session with session uuid: 'e7d4e16b-6408-439e-b269-c9c965a8e05a' and name 'vitis_hls'
Tue Nov 11 12:34:31 2025: KERNEL_SVC: creating session with uuid: 'e7d4e16b-6408-439e-b269-c9c965a8e05a' and name 'vitis_hls'
Tue Nov 11 12:34:31 2025: GUIDANCE_SMGR: creating guidance session with uuid: 'e7d4e16b-6408-439e-b269-c9c965a8e05a' and name 'vitis_hls'
Tue Nov 11 12:34:31 2025: STOP_SERVER received, server token: b049847f-d958-438a-beab-0f76fea98d57, passed token: b049847f-d958-438a-beab-0f76fea98d57
Tue Nov 11 12:34:31 2025: Socket received request to stop server.
Tue Nov 11 12:34:31 2025: Dispatch Server: do_await_stop
Tue Nov 11 12:34:31 2025: Dispatch Server: stopping mainFifo_
Tue Nov 11 12:34:31 2025: XCD main fifo: Stopping
Tue Nov 11 12:34:31 2025: XCD main fifo: do_read error code: Operation canceled
Tue Nov 11 12:34:31 2025: XCD main fifo: bytes_transferred: 0
Tue Nov 11 12:34:31 2025: SERVER: destructor for server bound to port 36601
Tue Nov 11 12:34:31 2025: XCD main fifo: Good unlink of /tmp/xcdmainb049847f-d958-438a-beab-0f76fea98d57
Tue Nov 11 12:34:31 2025: Server exiting with status 0.
Tue Nov 11 12:34:31 2025: Closing log file.
Tue Nov 11 12:34:58 2025: STOP_SERVER received, server token: 1d48a6d8-555d-4f29-a86d-e1b39666f5be, passed token: 1d48a6d8-555d-4f29-a86d-e1b39666f5be
Tue Nov 11 12:34:58 2025: Socket received request to stop server.
Tue Nov 11 12:34:58 2025: Dispatch Server: do_await_stop
Tue Nov 11 12:34:58 2025: Dispatch Server: stopping mainFifo_
Tue Nov 11 12:34:58 2025: XCD main fifo: Stopping
Tue Nov 11 12:34:58 2025: XCD main fifo: do_read error code: Operation canceled
Tue Nov 11 12:34:58 2025: XCD main fifo: bytes_transferred: 0
Tue Nov 11 12:34:58 2025: SERVER: destructor for server bound to port 36629
Tue Nov 11 12:34:58 2025: XCD main fifo: Good unlink of /tmp/xcdmain1d48a6d8-555d-4f29-a86d-e1b39666f5be
Tue Nov 11 12:34:58 2025: Server exiting with status 0.
Tue Nov 11 12:34:58 2025: Closing log file.
