Wed Nov 19 19:49:35 2025: Running xcd server. This server was built by gradle.
Wed Nov 19 19:49:35 2025: Server was asked to start on port: '39423'
Wed Nov 19 19:49:35 2025: Server is using token UUID: 'f5a4aaed-2c44-49e3-a695-4bd6afe39b25'
Wed Nov 19 19:49:35 2025: SESSION_MGR: creating session with session uuid: '6d04a3e9-ade5-4ab9-8d63-1f78fcd2ec76' and name 'default'
Wed Nov 19 19:49:35 2025: Attempting to start server on port '39423'
Wed Nov 19 19:49:35 2025: XCD main fifo: created main fifo '/tmp/xcdmainf5a4aaed-2c44-49e3-a695-4bd6afe39b25', fd read = 15
Wed Nov 19 19:49:35 2025: Running Dispatch Server
Wed Nov 19 19:49:35 2025: Version 2.2.0
Wed Nov 19 19:49:36 2025: Dispatch Server: Accepted socket connection from client
Wed Nov 19 19:49:36 2025: Starting Socket connection
Wed Nov 19 19:49:36 2025: EXCHANGE_TOKEN received, server token: f5a4aaed-2c44-49e3-a695-4bd6afe39b25, passed token: f5a4aaed-2c44-49e3-a695-4bd6afe39b25
Wed Nov 19 19:49:36 2025: SESSION_MGR: creating session with session uuid: 'ffdb3d0c-878f-4eaa-9843-9291d6967e9c' and name 'vitis_hls'
Wed Nov 19 19:49:36 2025: KERNEL_SVC: creating session with uuid: 'ffdb3d0c-878f-4eaa-9843-9291d6967e9c' and name 'vitis_hls'
Wed Nov 19 19:49:36 2025: GUIDANCE_SMGR: creating guidance session with uuid: 'ffdb3d0c-878f-4eaa-9843-9291d6967e9c' and name 'vitis_hls'
Wed Nov 19 19:49:49 2025: Running xcd server. This server was built by gradle.
Wed Nov 19 19:49:49 2025: Server was asked to start on port: '37347'
Wed Nov 19 19:49:49 2025: Server is using token UUID: 'bbfcf5f9-a6c3-4458-ac99-0135da3a152a'
Wed Nov 19 19:49:49 2025: SESSION_MGR: creating session with session uuid: '6d04a3e9-ade5-4ab9-8d63-1f78fcd2ec76' and name 'default'
Wed Nov 19 19:49:49 2025: Attempting to start server on port '37347'
Wed Nov 19 19:49:49 2025: XCD main fifo: created main fifo '/tmp/xcdmainbbfcf5f9-a6c3-4458-ac99-0135da3a152a', fd read = 16
Wed Nov 19 19:49:49 2025: Running Dispatch Server
Wed Nov 19 19:49:49 2025: Version 2.2.0
Wed Nov 19 19:49:50 2025: Dispatch Server: Accepted socket connection from client
Wed Nov 19 19:49:50 2025: Starting Socket connection
Wed Nov 19 19:49:50 2025: EXCHANGE_TOKEN received, server token: bbfcf5f9-a6c3-4458-ac99-0135da3a152a, passed token: bbfcf5f9-a6c3-4458-ac99-0135da3a152a
Wed Nov 19 19:49:50 2025: SESSION_MGR: creating session with session uuid: 'ca55f40b-82b3-4aa8-90bc-8db5937067f9' and name 'vitis_hls'
Wed Nov 19 19:49:50 2025: KERNEL_SVC: creating session with uuid: 'ca55f40b-82b3-4aa8-90bc-8db5937067f9' and name 'vitis_hls'
Wed Nov 19 19:49:50 2025: GUIDANCE_SMGR: creating guidance session with uuid: 'ca55f40b-82b3-4aa8-90bc-8db5937067f9' and name 'vitis_hls'
Wed Nov 19 19:49:50 2025: STOP_SERVER received, server token: f5a4aaed-2c44-49e3-a695-4bd6afe39b25, passed token: f5a4aaed-2c44-49e3-a695-4bd6afe39b25
Wed Nov 19 19:49:50 2025: Socket received request to stop server.
Wed Nov 19 19:49:50 2025: Dispatch Server: do_await_stop
Wed Nov 19 19:49:50 2025: Dispatch Server: stopping mainFifo_
Wed Nov 19 19:49:50 2025: XCD main fifo: Stopping
Wed Nov 19 19:49:50 2025: XCD main fifo: do_read error code: Operation canceled
Wed Nov 19 19:49:50 2025: XCD main fifo: bytes_transferred: 0
Wed Nov 19 19:49:50 2025: SERVER: destructor for server bound to port 39423
Wed Nov 19 19:49:50 2025: XCD main fifo: Good unlink of /tmp/xcdmainf5a4aaed-2c44-49e3-a695-4bd6afe39b25
Wed Nov 19 19:49:50 2025: Server exiting with status 0.
Wed Nov 19 19:49:50 2025: Closing log file.
Wed Nov 19 19:50:16 2025: STOP_SERVER received, server token: bbfcf5f9-a6c3-4458-ac99-0135da3a152a, passed token: bbfcf5f9-a6c3-4458-ac99-0135da3a152a
Wed Nov 19 19:50:16 2025: Socket received request to stop server.
Wed Nov 19 19:50:16 2025: Dispatch Server: do_await_stop
Wed Nov 19 19:50:16 2025: Dispatch Server: stopping mainFifo_
Wed Nov 19 19:50:16 2025: XCD main fifo: Stopping
Wed Nov 19 19:50:16 2025: XCD main fifo: do_read error code: Operation canceled
Wed Nov 19 19:50:16 2025: XCD main fifo: bytes_transferred: 0
Wed Nov 19 19:50:16 2025: SERVER: destructor for server bound to port 37347
Wed Nov 19 19:50:16 2025: XCD main fifo: Good unlink of /tmp/xcdmainbbfcf5f9-a6c3-4458-ac99-0135da3a152a
Wed Nov 19 19:50:16 2025: Server exiting with status 0.
Wed Nov 19 19:50:16 2025: Closing log file.
