Wed Nov 12 13:39:37 2025: Running xcd server. This server was built by gradle.
Wed Nov 12 13:39:37 2025: Server was asked to start on port: '38505'
Wed Nov 12 13:39:37 2025: Server is using token UUID: 'd93f8c8f-afc4-4c65-b168-a2bfe069e730'
Wed Nov 12 13:39:37 2025: SESSION_MGR: creating session with session uuid: '6d04a3e9-ade5-4ab9-8d63-1f78fcd2ec76' and name 'default'
Wed Nov 12 13:39:37 2025: Attempting to start server on port '38505'
Wed Nov 12 13:39:37 2025: XCD main fifo: created main fifo '/tmp/xcdmaind93f8c8f-afc4-4c65-b168-a2bfe069e730', fd read = 15
Wed Nov 12 13:39:37 2025: Running Dispatch Server
Wed Nov 12 13:39:37 2025: Version 2.2.0
Wed Nov 12 13:39:38 2025: Dispatch Server: Accepted socket connection from client
Wed Nov 12 13:39:38 2025: Starting Socket connection
Wed Nov 12 13:39:38 2025: EXCHANGE_TOKEN received, server token: d93f8c8f-afc4-4c65-b168-a2bfe069e730, passed token: d93f8c8f-afc4-4c65-b168-a2bfe069e730
Wed Nov 12 13:39:38 2025: SESSION_MGR: creating session with session uuid: '81dd0aab-a18d-4d03-84c0-f43e4cd8a6eb' and name 'vitis_hls'
Wed Nov 12 13:39:38 2025: KERNEL_SVC: creating session with uuid: '81dd0aab-a18d-4d03-84c0-f43e4cd8a6eb' and name 'vitis_hls'
Wed Nov 12 13:39:38 2025: GUIDANCE_SMGR: creating guidance session with uuid: '81dd0aab-a18d-4d03-84c0-f43e4cd8a6eb' and name 'vitis_hls'
Wed Nov 12 13:39:49 2025: Running xcd server. This server was built by gradle.
Wed Nov 12 13:39:49 2025: Server was asked to start on port: '39867'
Wed Nov 12 13:39:49 2025: Server is using token UUID: '3ccd41d0-1720-4cba-8610-98ee72a21741'
Wed Nov 12 13:39:49 2025: SESSION_MGR: creating session with session uuid: '6d04a3e9-ade5-4ab9-8d63-1f78fcd2ec76' and name 'default'
Wed Nov 12 13:39:49 2025: Attempting to start server on port '39867'
Wed Nov 12 13:39:49 2025: XCD main fifo: created main fifo '/tmp/xcdmain3ccd41d0-1720-4cba-8610-98ee72a21741', fd read = 16
Wed Nov 12 13:39:49 2025: Running Dispatch Server
Wed Nov 12 13:39:49 2025: Version 2.2.0
Wed Nov 12 13:39:51 2025: Dispatch Server: Accepted socket connection from client
Wed Nov 12 13:39:51 2025: Starting Socket connection
Wed Nov 12 13:39:51 2025: EXCHANGE_TOKEN received, server token: 3ccd41d0-1720-4cba-8610-98ee72a21741, passed token: 3ccd41d0-1720-4cba-8610-98ee72a21741
Wed Nov 12 13:39:51 2025: SESSION_MGR: creating session with session uuid: '1d905763-53ad-4205-ae1e-9484502c88b5' and name 'vitis_hls'
Wed Nov 12 13:39:51 2025: KERNEL_SVC: creating session with uuid: '1d905763-53ad-4205-ae1e-9484502c88b5' and name 'vitis_hls'
Wed Nov 12 13:39:51 2025: GUIDANCE_SMGR: creating guidance session with uuid: '1d905763-53ad-4205-ae1e-9484502c88b5' and name 'vitis_hls'
Wed Nov 12 13:39:51 2025: STOP_SERVER received, server token: d93f8c8f-afc4-4c65-b168-a2bfe069e730, passed token: d93f8c8f-afc4-4c65-b168-a2bfe069e730
Wed Nov 12 13:39:51 2025: Socket received request to stop server.
Wed Nov 12 13:39:51 2025: Dispatch Server: do_await_stop
Wed Nov 12 13:39:51 2025: Dispatch Server: stopping mainFifo_
Wed Nov 12 13:39:51 2025: XCD main fifo: Stopping
Wed Nov 12 13:39:51 2025: XCD main fifo: do_read error code: Operation canceled
Wed Nov 12 13:39:51 2025: XCD main fifo: bytes_transferred: 0
Wed Nov 12 13:39:51 2025: SERVER: destructor for server bound to port 38505
Wed Nov 12 13:39:51 2025: XCD main fifo: Good unlink of /tmp/xcdmaind93f8c8f-afc4-4c65-b168-a2bfe069e730
Wed Nov 12 13:39:51 2025: Server exiting with status 0.
Wed Nov 12 13:39:51 2025: Closing log file.
Wed Nov 12 13:40:16 2025: STOP_SERVER received, server token: 3ccd41d0-1720-4cba-8610-98ee72a21741, passed token: 3ccd41d0-1720-4cba-8610-98ee72a21741
Wed Nov 12 13:40:16 2025: Socket received request to stop server.
Wed Nov 12 13:40:16 2025: Dispatch Server: do_await_stop
Wed Nov 12 13:40:16 2025: Dispatch Server: stopping mainFifo_
Wed Nov 12 13:40:16 2025: XCD main fifo: Stopping
Wed Nov 12 13:40:16 2025: XCD main fifo: do_read error code: Operation canceled
Wed Nov 12 13:40:16 2025: XCD main fifo: bytes_transferred: 0
Wed Nov 12 13:40:16 2025: SERVER: destructor for server bound to port 39867
Wed Nov 12 13:40:16 2025: XCD main fifo: Good unlink of /tmp/xcdmain3ccd41d0-1720-4cba-8610-98ee72a21741
Wed Nov 12 13:40:16 2025: Server exiting with status 0.
Wed Nov 12 13:40:16 2025: Closing log file.
