==============================================================
Vitis HLS - High-Level Synthesis from C, C++ and OpenCL v2025.1 (64-bit)
Tool Version Limit: 2025.05
Copyright 1986-2022 Xilinx, Inc. All Rights Reserved.
Copyright 2022-2025 Advanced Micro Devices, Inc. All Rights Reserved.

==============================================================
INFO: [HLS 200-1505] Using flow_target 'vivado'
INFO: [HLS 200-2176] Writing Vitis IDE component file /home/joe/Desktop/Uni/Year_4/Dissertation/Program-Synthesis-for-Efficient-ML/results/HLS/solution_addition_full_sum/solution_addition_full_sum_component/vitis-comp.json
INFO: [HLS 200-1915] Writing HLS config ini file /home/joe/Desktop/Uni/Year_4/Dissertation/Program-Synthesis-for-Efficient-ML/results/HLS/solution_addition_full_sum/solution_addition_full_sum_component/hls_config.cfg
INFO: [HLS 200-1510] Running: set_top add_full_sum 
INFO: [HLS 200-1510] Running: add_files /home/joe/Desktop/Uni/Year_4/Dissertation/Program-Synthesis-for-Efficient-ML/results/cpp/solution_addition_full_sum.cpp 
INFO: [HLS 200-10] Adding design file '/home/joe/Desktop/Uni/Year_4/Dissertation/Program-Synthesis-for-Efficient-ML/results/cpp/solution_addition_full_sum.cpp' to the project
INFO: [HLS 200-1510] Running: set_part xc7z020clg400-1 
INFO: [HLS 200-1611] Setting target device to 'xc7z020-clg400-1'
INFO: [HLS 200-1510] Running: create_clock -period 1000000ns 
INFO: [SYN 201-201] Setting up clock 'default' with a period of 1e+06ns.
INFO: [HLS 200-1510] Running: csynth_design 
INFO: [HLS 200-1915] Writing HLS config ini file /home/joe/Desktop/Uni/Year_4/Dissertation/Program-Synthesis-for-Efficient-ML/results/HLS/solution_addition_full_sum/solution_addition_full_sum_component/hls_config.cfg
INFO: [HLS 200-111] Finished File checks and directory preparation: CPU user time: 0.46 seconds. CPU system time: 0.07 seconds. Elapsed time: 3.09 seconds; current allocated memory: 264.719 MB.
INFO: [HLS 200-10] Analyzing design file '/home/joe/Desktop/Uni/Year_4/Dissertation/Program-Synthesis-for-Efficient-ML/results/cpp/solution_addition_full_sum.cpp' ... 
INFO: [HLS 200-111] Finished Source Code Analysis and Preprocessing: CPU user time: 2.58 seconds. CPU system time: 0.37 seconds. Elapsed time: 3.17 seconds; current allocated memory: 266.254 MB.
INFO: [HLS 200-777] Using interface defaults for 'Vivado' flow target.
INFO: [HLS 200-1995] There were 4,522 instructions in the design after the 'Compile/Link' phase of compilation. See the Design Size Report for more details (/home/joe/Desktop/Uni/Year_4/Dissertation/Program-Synthesis-for-Efficient-ML/results/HLS/solution_addition_full_sum/solution_addition_full_sum_component/hls/syn/report/csynth_design_size.rpt:2)
INFO: [HLS 200-1995] There were 202 instructions in the design after the 'Unroll/Inline (step 1)' phase of compilation. See the Design Size Report for more details (/home/joe/Desktop/Uni/Year_4/Dissertation/Program-Synthesis-for-Efficient-ML/results/HLS/solution_addition_full_sum/solution_addition_full_sum_component/hls/syn/report/csynth_design_size.rpt:2)
INFO: [HLS 200-1995] There were 167 instructions in the design after the 'Unroll/Inline (step 2)' phase of compilation. See the Design Size Report for more details (/home/joe/Desktop/Uni/Year_4/Dissertation/Program-Synthesis-for-Efficient-ML/results/HLS/solution_addition_full_sum/solution_addition_full_sum_component/hls/syn/report/csynth_design_size.rpt:2)
INFO: [HLS 200-1995] There were 163 instructions in the design after the 'Unroll/Inline (step 3)' phase of compilation. See the Design Size Report for more details (/home/joe/Desktop/Uni/Year_4/Dissertation/Program-Synthesis-for-Efficient-ML/results/HLS/solution_addition_full_sum/solution_addition_full_sum_component/hls/syn/report/csynth_design_size.rpt:2)
INFO: [HLS 200-1995] There were 145 instructions in the design after the 'Unroll/Inline (step 4)' phase of compilation. See the Design Size Report for more details (/home/joe/Desktop/Uni/Year_4/Dissertation/Program-Synthesis-for-Efficient-ML/results/HLS/solution_addition_full_sum/solution_addition_full_sum_component/hls/syn/report/csynth_design_size.rpt:2)
INFO: [HLS 200-1995] There were 145 instructions in the design after the 'Array/Struct (step 1)' phase of compilation. See the Design Size Report for more details (/home/joe/Desktop/Uni/Year_4/Dissertation/Program-Synthesis-for-Efficient-ML/results/HLS/solution_addition_full_sum/solution_addition_full_sum_component/hls/syn/report/csynth_design_size.rpt:2)
INFO: [HLS 200-1995] There were 145 instructions in the design after the 'Array/Struct (step 2)' phase of compilation. See the Design Size Report for more details (/home/joe/Desktop/Uni/Year_4/Dissertation/Program-Synthesis-for-Efficient-ML/results/HLS/solution_addition_full_sum/solution_addition_full_sum_component/hls/syn/report/csynth_design_size.rpt:2)
INFO: [HLS 200-1995] There were 145 instructions in the design after the 'Array/Struct (step 3)' phase of compilation. See the Design Size Report for more details (/home/joe/Desktop/Uni/Year_4/Dissertation/Program-Synthesis-for-Efficient-ML/results/HLS/solution_addition_full_sum/solution_addition_full_sum_component/hls/syn/report/csynth_design_size.rpt:2)
INFO: [HLS 200-1995] There were 145 instructions in the design after the 'Array/Struct (step 4)' phase of compilation. See the Design Size Report for more details (/home/joe/Desktop/Uni/Year_4/Dissertation/Program-Synthesis-for-Efficient-ML/results/HLS/solution_addition_full_sum/solution_addition_full_sum_component/hls/syn/report/csynth_design_size.rpt:2)
INFO: [HLS 200-1995] There were 145 instructions in the design after the 'Array/Struct (step 5)' phase of compilation. See the Design Size Report for more details (/home/joe/Desktop/Uni/Year_4/Dissertation/Program-Synthesis-for-Efficient-ML/results/HLS/solution_addition_full_sum/solution_addition_full_sum_component/hls/syn/report/csynth_design_size.rpt:2)
INFO: [HLS 200-1995] There were 145 instructions in the design after the 'Performance (step 1)' phase of compilation. See the Design Size Report for more details (/home/joe/Desktop/Uni/Year_4/Dissertation/Program-Synthesis-for-Efficient-ML/results/HLS/solution_addition_full_sum/solution_addition_full_sum_component/hls/syn/report/csynth_design_size.rpt:2)
INFO: [HLS 200-1995] There were 145 instructions in the design after the 'Performance (step 2)' phase of compilation. See the Design Size Report for more details (/home/joe/Desktop/Uni/Year_4/Dissertation/Program-Synthesis-for-Efficient-ML/results/HLS/solution_addition_full_sum/solution_addition_full_sum_component/hls/syn/report/csynth_design_size.rpt:2)
INFO: [HLS 200-1995] There were 145 instructions in the design after the 'Performance (step 3)' phase of compilation. See the Design Size Report for more details (/home/joe/Desktop/Uni/Year_4/Dissertation/Program-Synthesis-for-Efficient-ML/results/HLS/solution_addition_full_sum/solution_addition_full_sum_component/hls/syn/report/csynth_design_size.rpt:2)
INFO: [HLS 200-1995] There were 145 instructions in the design after the 'Performance (step 4)' phase of compilation. See the Design Size Report for more details (/home/joe/Desktop/Uni/Year_4/Dissertation/Program-Synthesis-for-Efficient-ML/results/HLS/solution_addition_full_sum/solution_addition_full_sum_component/hls/syn/report/csynth_design_size.rpt:2)
INFO: [HLS 200-1995] There were 149 instructions in the design after the 'HW Transforms (step 1)' phase of compilation. See the Design Size Report for more details (/home/joe/Desktop/Uni/Year_4/Dissertation/Program-Synthesis-for-Efficient-ML/results/HLS/solution_addition_full_sum/solution_addition_full_sum_component/hls/syn/report/csynth_design_size.rpt:2)
INFO: [HLS 200-1995] There were 148 instructions in the design after the 'HW Transforms (step 2)' phase of compilation. See the Design Size Report for more details (/home/joe/Desktop/Uni/Year_4/Dissertation/Program-Synthesis-for-Efficient-ML/results/HLS/solution_addition_full_sum/solution_addition_full_sum_component/hls/syn/report/csynth_design_size.rpt:2)
INFO: [HLS 214-178] Inlining function 'align_mantissas(ap_uint<4>, ap_uint<4>, ap_uint<4>, ap_uint<4>)' into 'add_raw(ap_uint<4>, ap_uint<4>, ap_uint<4>, ap_uint<4>)' (/home/joe/Desktop/Uni/Year_4/Dissertation/Program-Synthesis-for-Efficient-ML/results/cpp/solution_addition_full_sum.cpp:40:0)
INFO: [HLS 214-178] Inlining function 'select_exponent(ap_uint<4>, ap_uint<4>)' into 'add_raw(ap_uint<4>, ap_uint<4>, ap_uint<4>, ap_uint<4>)' (/home/joe/Desktop/Uni/Year_4/Dissertation/Program-Synthesis-for-Efficient-ML/results/cpp/solution_addition_full_sum.cpp:40:0)
INFO: [HLS 214-178] Inlining function 'add_raw(ap_uint<4>, ap_uint<4>, ap_uint<4>, ap_uint<4>)' into 'add_full_sum(ap_uint<4>, ap_uint<4>, ap_uint<4>, ap_uint<4>)' (/home/joe/Desktop/Uni/Year_4/Dissertation/Program-Synthesis-for-Efficient-ML/results/cpp/solution_addition_full_sum.cpp:65:0)
INFO: [HLS 214-178] Inlining function 'normalise_addition(ap_uint<5>, ap_uint<4>)' into 'add_full_sum(ap_uint<4>, ap_uint<4>, ap_uint<4>, ap_uint<4>)' (/home/joe/Desktop/Uni/Year_4/Dissertation/Program-Synthesis-for-Efficient-ML/results/cpp/solution_addition_full_sum.cpp:65:0)
INFO: [HLS 200-111] Finished Compiling Optimization and Transform: CPU user time: 2.26 seconds. CPU system time: 0.33 seconds. Elapsed time: 7.45 seconds; current allocated memory: 276.004 MB.
INFO: [HLS 200-111] Finished Checking Pragmas: CPU user time: 0 seconds. CPU system time: 0 seconds. Elapsed time: 0 seconds; current allocated memory: 276.004 MB.
INFO: [HLS 200-10] Starting code transformations ...
INFO: [HLS 200-111] Finished Standard Transforms: CPU user time: 0.01 seconds. CPU system time: 0.01 seconds. Elapsed time: 0.04 seconds; current allocated memory: 276.141 MB.
INFO: [HLS 200-10] Checking synthesizability ...
INFO: [HLS 200-111] Finished Checking Synthesizability: CPU user time: 0.01 seconds. CPU system time: 0 seconds. Elapsed time: 0.02 seconds; current allocated memory: 276.293 MB.
INFO: [XFORM 203-401] Performing if-conversion on hyperblock to (/home/joe/Desktop/Uni/Year_4/Dissertation/Program-Synthesis-for-Efficient-ML/results/cpp/solution_addition_full_sum.cpp:70:1) in function 'add_full_sum'... converting 15 basic blocks.
INFO: [HLS 200-111] Finished Loop, function and other optimizations: CPU user time: 0.03 seconds. CPU system time: 0.01 seconds. Elapsed time: 0.03 seconds; current allocated memory: 297.750 MB.
INFO: [HLS 200-111] Finished Architecture Synthesis: CPU user time: 0.03 seconds. CPU system time: 0 seconds. Elapsed time: 0.04 seconds; current allocated memory: 297.750 MB.
INFO: [HLS 200-10] Starting hardware synthesis ...
INFO: [HLS 200-10] Synthesizing 'add_full_sum' ...
INFO: [HLS 200-10] ----------------------------------------------------------------
INFO: [HLS 200-42] -- Implementing module 'add_full_sum' 
INFO: [HLS 200-10] ----------------------------------------------------------------
INFO: [SCHED 204-11] Starting scheduling ...
INFO: [SCHED 204-11] Finished scheduling.
INFO: [HLS 200-111] Finished Scheduling: CPU user time: 0.06 seconds. CPU system time: 0 seconds. Elapsed time: 0.08 seconds; current allocated memory: 297.750 MB.
INFO: [BIND 205-100] Starting micro-architecture generation ...
INFO: [BIND 205-101] Performing variable lifetime analysis.
INFO: [BIND 205-101] Exploring resource sharing.
INFO: [BIND 205-101] Binding ...
INFO: [BIND 205-100] Finished micro-architecture generation.
INFO: [HLS 200-111] Finished Binding: CPU user time: 0.01 seconds. CPU system time: 0 seconds. Elapsed time: 0.02 seconds; current allocated memory: 297.750 MB.
INFO: [HLS 200-10] ----------------------------------------------------------------
INFO: [HLS 200-10] -- Generating RTL for module 'add_full_sum' 
INFO: [HLS 200-10] ----------------------------------------------------------------
INFO: [RTGEN 206-500] Setting interface mode on port 'add_full_sum/m1' to 'ap_none'.
INFO: [RTGEN 206-500] Setting interface mode on port 'add_full_sum/e1' to 'ap_none'.
INFO: [RTGEN 206-500] Setting interface mode on port 'add_full_sum/m2' to 'ap_none'.
INFO: [RTGEN 206-500] Setting interface mode on port 'add_full_sum/e2' to 'ap_none'.
INFO: [RTGEN 206-500] Setting interface mode on function 'add_full_sum' to 'ap_ctrl_hs'.
INFO: [RTGEN 206-100] Finished creating RTL model for 'add_full_sum'.
INFO: [HLS 200-111] Finished Creating RTL model: CPU user time: 0.03 seconds. CPU system time: 0.01 seconds. Elapsed time: 0.03 seconds; current allocated memory: 297.750 MB.
INFO: [HLS 200-111] Finished Generating all RTL models: CPU user time: 0.15 seconds. CPU system time: 0.01 seconds. Elapsed time: 0.16 seconds; current allocated memory: 297.750 MB.
INFO: [HLS 200-111] Finished Updating report files: CPU user time: 0.24 seconds. CPU system time: 0.04 seconds. Elapsed time: 0.29 seconds; current allocated memory: 297.750 MB.
INFO: [VHDL 208-304] Generating VHDL RTL for add_full_sum.
INFO: [VLOG 209-307] Generating Verilog RTL for add_full_sum.
INFO: [HLS 200-789] **** Estimated Fmax: 31.88 MHz
INFO: [HLS 200-2161] Finished Command csynth_design Elapsed time: 00:00:14; Allocated memory: 49.031 MB.
INFO: [HLS 200-1510] Running: export_design -rtl verilog 
INFO: [HLS 200-1915] Writing HLS config ini file /home/joe/Desktop/Uni/Year_4/Dissertation/Program-Synthesis-for-Efficient-ML/results/HLS/solution_addition_full_sum/solution_addition_full_sum_component/hls_config.cfg
INFO: [IMPL 213-8] Exporting RTL as a Vivado IP.
INFO: [HLS 200-802] Generated output file solution_addition_full_sum_component/hls/impl/export.zip
INFO: [HLS 200-2161] Finished Command export_design Elapsed time: 00:00:30; Allocated memory: 16.445 MB.
