[INFO] Target: MXINT8AdditionTarget | Component: full_sum_combined
[INFO] NUM_ITERATIONS=10, TIMEOUT=60s, RUN_IMPLEMENTATION=False, DIRECTED_IO=True, RUN_ACCURACY=False, SYNTH_FP32_MUL_MODE=small, SYNTH_FP32_ADD_MODE=default, SYGUS_DUMP=False, SYGUS_FAST_ENUM=False, SYGUS_PBE=True, SYGUS_SYM_BREAK_PBE=True, FP32_OUTPUT_MATCH_MSB_BITS=32, FP32_AUTO_RELAX_OUTPUT_MATCH=True, FP32_RESET_MSB_PER_SAMPLE=True, FP32_RELAX_ON_TIMEOUT=True, FP32_TIMEOUT_RETRY_ONCE=False, FP32_TIMEOUT_RETRY_MULTIPLIER=4, FP32_RELAX_ON_INFEASIBLE=True, FP32_RELAX_ON_FAIL=True, FP32_RELAX_SCHEDULE=staged, FP32_STAGE_MANTISSA_BITS=15, FP32_MIN_OUTPUT_MATCH_MSB_BITS=24, FP32_OUTPUT_MATCH_STEP=1, RANDOM_SEED=44
--- Starting Synthesis for [MXINT8AdditionTarget -> full_sum_combined] ---

--- Iteration 1/10 ---
Generating new constraint with inputs: (-12.073263938406825, 5.540305201806703)
(constraint (= (add_full_sum #b1001 #b0100 #b0101 #b0011) #b11000100))
[INFO] Not relaxable (status=fail); not relaxing further for this sample.
SKIPPED: (-12.073, 5.540) could not be added (even after relaxation).

--- Iteration 2/10 ---
Generating new constraint with inputs: (47.78883337526406, -42.680134966201415)
(constraint (= (add_full_sum #b0101 #b0110 #b1010 #b0110) #b11000100))
[INFO] Not relaxable (status=fail); not relaxing further for this sample.
SKIPPED: (47.789, -42.680) could not be added (even after relaxation).

--- Iteration 3/10 ---
Generating new constraint with inputs: (-36.27894328368464, -62.15916256860934)
(constraint (= (add_full_sum #b1011 #b0110 #b1000 #b0110) #b10010111))
[INFO] Not relaxable (status=fail); not relaxing further for this sample.
SKIPPED: (-36.279, -62.159) could not be added (even after relaxation).

--- Iteration 4/10 ---
Generating new constraint with inputs: (-50.602129585541974, -64.83765738290717)
(constraint (= (add_full_sum #b1001 #b0110 #b1011 #b0111) #b10110111))
[INFO] Not relaxable (status=fail); not relaxing further for this sample.
SKIPPED: (-50.602, -64.838) could not be added (even after relaxation).

--- Iteration 5/10 ---
Generating new constraint with inputs: (-45.31687576899597, 1.8101435223531865)
(constraint (= (add_full_sum #b1010 #b0110 #b0111 #b0001) #b10100110))
[INFO] Not relaxable (status=fail); not relaxing further for this sample.
SKIPPED: (-45.317, 1.810) could not be added (even after relaxation).

--- Iteration 6/10 ---
Generating new constraint with inputs: (64.61306416983675, 25.543354508949832)
(constraint (= (add_full_sum #b0100 #b0111 #b0110 #b0101) #b01100111))
[INFO] Not relaxable (status=fail); not relaxing further for this sample.
SKIPPED: (64.613, 25.543) could not be added (even after relaxation).

--- Iteration 7/10 ---
Generating new constraint with inputs: (-16.047692611726916, -12.533698937858198)
(constraint (= (add_full_sum #b1011 #b0101 #b1001 #b0100) #b10110110))
[INFO] Not relaxable (status=fail); not relaxing further for this sample.
SKIPPED: (-16.048, -12.534) could not be added (even after relaxation).

--- Iteration 8/10 ---
Generating new constraint with inputs: (25.252870950434072, -22.952176814574486)
(constraint (= (add_full_sum #b0110 #b0101 #b1010 #b0101) #b00000000))
SUCCESS: accepted (MSB match = 32). Total constraints: 1

--- Iteration 9/10 ---
Generating new constraint with inputs: (-56.29094716366859, 45.0810223916196)
(constraint (= (add_full_sum #b1000 #b0110 #b0101 #b0110) #b10100101))
[INFO] Not relaxable (status=fail); not relaxing further for this sample.
SKIPPED: (-56.291, 45.081) could not be added (even after relaxation).

--- Iteration 10/10 ---
Generating new constraint with inputs: (15.473034180658985, -51.21470281888652)
(constraint (= (add_full_sum #b0111 #b0100 #b1001 #b0110) #b10110110))
[INFO] Not relaxable (status=fail); not relaxing further for this sample.
SKIPPED: (15.473, -51.215) could not be added (even after relaxation).


--- Synthesis Complete! ---

Constraints accepted: 1/10

--- Final Synthesized Program ---
(define-fun norm_shifted5 ((raw (_ BitVec 5))) (_ BitVec 5)
  (let ((abs5 (ite (bvslt raw #b00000) (bvneg raw) raw)))
    (ite (= raw #b00000)
         raw
         (ite (= ((_ extract 4 4) abs5) #b1)
              (bvashr raw #b00010)
              (ite (= ((_ extract 3 3) abs5) #b1)
                   (bvashr raw #b00001)
                   (ite (= ((_ extract 2 2) abs5) #b1)
                        raw
                        (ite (= ((_ extract 1 1) abs5) #b1)
                             (bvshl raw #b00001)
                             (bvshl raw #b00010))))))))

(define-fun exp_delta5_from_raw ((raw (_ BitVec 5))) (_ BitVec 5)
  (let ((abs5 (ite (bvslt raw #b00000) (bvneg raw) raw)))
    (ite (= raw #b00000)
         #b00000
         (ite (= ((_ extract 4 4) abs5) #b1)
              #b00010
              (ite (= ((_ extract 3 3) abs5) #b1)
                   #b00001
                   (ite (= ((_ extract 2 2) abs5) #b1)
                        #b00000
                        (ite (= ((_ extract 1 1) abs5) #b1)
                             #b11111
                             #b11110)))))))

(define-fun sat_mant4 ((shifted (_ BitVec 5))) (_ BitVec 4)
  (ite (bvsgt shifted #b00111)
       #b0111
       (ite (bvslt shifted #b11000)
            #b1000
            ((_ extract 3 0) shifted))))

(define-fun clamp_exp4 ((exp_adj (_ BitVec 5))) (_ BitVec 4)
  ((_ extract 3 0)
   (ite (bvsgt exp_adj #b00111)
        #b00111
        (ite (bvslt exp_adj #b11000) #b11000 exp_adj))))

(define-fun add_full_sum ((m1 (_ BitVec 4)) (e1 (_ BitVec 4)) (m2 (_ BitVec 4)) (e2 (_ BitVec 4))) (_ BitVec 8) (let ((_let_1 (bvsgt e1 e2))) (let ((_let_2 (bvadd ((_ sign_extend 1) (ite _let_1 m1 m2)) ((_ sign_extend 1) (ite _let_1 m2 m1))))) (concat ((_ extract 3 0) _let_2) (ite (= _let_2 #b00000) #b0000 (clamp_exp4 ((_ sign_extend 1) (ite _let_1 e1 e2))))))))

 Solution saved to: results/smt2/hpsweep_mxint8_add_combined_t60_i10_r03.smt2

Translating SMT output to C using smt2c...
[INFO] Found 5 define-fun block(s). Order passed to smt2c:
    - norm_shifted5
    - exp_delta5_from_raw
    - sat_mant4
    - clamp_exp4
    - add_full_sum
C file saved to: results/c/hpsweep_mxint8_add_combined_t60_i10_r03.c

Generated C code:

ap_uint<5> norm_shifted5(ap_uint<5> raw) {
  ap_uint<5> abs5 = (ap_int<5>)raw < (ap_int<5>)0 ? (ap_uint<5>)  -raw : (ap_uint<5>)  raw;
  ap_uint<1> __smt2c_ext_0 = ((ap_uint<5>)abs5).range(4, 4);
  ap_uint<1> __smt2c_ext_1 = ((ap_uint<5>)abs5).range(3, 3);
  ap_uint<1> __smt2c_ext_2 = ((ap_uint<5>)abs5).range(2, 2);
  ap_uint<1> __smt2c_ext_3 = ((ap_uint<5>)abs5).range(1, 1);
  ap_uint<5> __smt2c_result;
  if(raw == 0) {
    __smt2c_result = raw;
  }
  else if(__smt2c_ext_0 == 1) {
    __smt2c_result = (ap_uint<5>)((ap_int<5>)raw >> (ap_int<5>)2);
  }
  else if(__smt2c_ext_1 == 1) {
    __smt2c_result = (ap_uint<5>)((ap_int<5>)raw >> (ap_int<5>)1);
  }
  else if(__smt2c_ext_2 == 1) {
    __smt2c_result = raw;
  }
  else if(__smt2c_ext_3 == 1) {
    __smt2c_result = raw << 1;
  }
  else {
    __smt2c_result = raw << 2;
  }
  return __smt2c_result;
}

ap_uint<5> exp_delta5_from_raw(ap_uint<5> raw) {
  ap_uint<5> abs5 = (ap_int<5>)raw < (ap_int<5>)0 ? (ap_uint<5>)  -raw : (ap_uint<5>)  raw;
  ap_uint<1> __smt2c_ext_0 = ((ap_uint<5>)abs5).range(4, 4);
  ap_uint<1> __smt2c_ext_1 = ((ap_uint<5>)abs5).range(3, 3);
  ap_uint<1> __smt2c_ext_2 = ((ap_uint<5>)abs5).range(2, 2);
  ap_uint<1> __smt2c_ext_3 = ((ap_uint<5>)abs5).range(1, 1);
  ap_uint<5> __smt2c_result;
  if(raw == 0) {
    __smt2c_result = 0;
  }
  else if(__smt2c_ext_0 == 1) {
    __smt2c_result = 2;
  }
  else if(__smt2c_ext_1 == 1) {
    __smt2c_result = 1;
  }
  else if(__smt2c_ext_2 == 1) {
    __smt2c_result = 0;
  }
  else if(__smt2c_ext_3 == 1) {
    __smt2c_result = 31;
  }
  else {
    __smt2c_result = 30;
  }
  return __smt2c_result;
}

ap_uint<4> sat_mant4(ap_uint<5> shifted) {
  ap_uint<4> __smt2c_ext_0 = ((ap_uint<5>)shifted).range(3, 0);
  ap_uint<4> __smt2c_result;
  if((ap_int<5>)shifted > (ap_int<5>)7) {
    __smt2c_result = 7;
  }
  else if((ap_int<5>)shifted < (ap_int<5>)24) {
    __smt2c_result = 8;
  }
  else {
    __smt2c_result = __smt2c_ext_0;
  }
  return __smt2c_result;
}

ap_uint<4> clamp_exp4(ap_uint<5> exp_adj) {
  ap_uint<5> __smt2c_src_0 = (ap_int<5>)exp_adj > (ap_int<5>)7 ? (ap_uint<5>)  7 : (ap_uint<5>)  ((ap_int<5>)exp_adj < (ap_int<5>)24 ? (ap_uint<5>)  24 : (ap_uint<5>)  exp_adj);
  ap_uint<4> __smt2c_ext_1 = ((ap_uint<5>)__smt2c_src_0).range(3, 0);
  return __smt2c_ext_1;
}

unsigned char add_full_sum(ap_uint<4> m1, ap_uint<4> e1, ap_uint<4> m2, ap_uint<4> e2) {
  __CPROVER_bool _let_1 = (ap_int<4>)e1 > (ap_int<4>)e2;
  ap_uint<5> _let_2 = (ap_uint<5>)(ap_int<5>)(ap_int<4>)(_let_1 ? (ap_uint<4>)  m1 : (ap_uint<4>)  m2) + (ap_uint<5>)(ap_int<5>)(ap_int<4>)(_let_1 ? (ap_uint<4>)  m2 : (ap_uint<4>)  m1);
  ap_uint<4> __smt2c_ext_0 = ((ap_uint<5>)_let_2).range(3, 0);
  return (unsigned char)__smt2c_ext_0 << 4 | (unsigned char)(_let_2 == 0 ? (ap_uint<4>)  0 : (ap_uint<4>)  clamp_exp4((ap_uint<5>)(ap_int<5>)(ap_int<4>)(_let_1 ? (ap_uint<4>)  e1 : (ap_uint<4>)  e2)));
}

Converting C output to HLS-compatible C++...

HLS C++ file saved to: /home/joe/Desktop/Uni/Year_4/Dissertation/Program-Synthesis-for-Efficient-ML/results/cpp/hpsweep_mxint8_add_combined_t60_i10_r03.cpp
Generated HLS-ready C++ code:

#include <ap_int.h>

ap_uint<5> norm_shifted5(ap_uint<5> raw) {
  ap_uint<5> abs5 = (ap_int<5>)raw < (ap_int<5>)0 ? (ap_uint<5>)  -raw : (ap_uint<5>)  raw;
  ap_uint<1> __smt2c_ext_0 = ((ap_uint<5>)abs5).range(4, 4);
  ap_uint<1> __smt2c_ext_1 = ((ap_uint<5>)abs5).range(3, 3);
  ap_uint<1> __smt2c_ext_2 = ((ap_uint<5>)abs5).range(2, 2);
  ap_uint<1> __smt2c_ext_3 = ((ap_uint<5>)abs5).range(1, 1);
  ap_uint<5> __smt2c_result;
  if(raw == 0) {
    __smt2c_result = raw;
  }
  else if(__smt2c_ext_0 == 1) {
    __smt2c_result = (ap_uint<5>)((ap_int<5>)raw >> (ap_int<5>)2);
  }
  else if(__smt2c_ext_1 == 1) {
    __smt2c_result = (ap_uint<5>)((ap_int<5>)raw >> (ap_int<5>)1);
  }
  else if(__smt2c_ext_2 == 1) {
    __smt2c_result = raw;
  }
  else if(__smt2c_ext_3 == 1) {
    __smt2c_result = raw << 1;
  }
  else {
    __smt2c_result = raw << 2;
  }
  return __smt2c_result;
}

ap_uint<5> exp_delta5_from_raw(ap_uint<5> raw) {
  ap_uint<5> abs5 = (ap_int<5>)raw < (ap_int<5>)0 ? (ap_uint<5>)  -raw : (ap_uint<5>)  raw;
  ap_uint<1> __smt2c_ext_0 = ((ap_uint<5>)abs5).range(4, 4);
  ap_uint<1> __smt2c_ext_1 = ((ap_uint<5>)abs5).range(3, 3);
  ap_uint<1> __smt2c_ext_2 = ((ap_uint<5>)abs5).range(2, 2);
  ap_uint<1> __smt2c_ext_3 = ((ap_uint<5>)abs5).range(1, 1);
  ap_uint<5> __smt2c_result;
  if(raw == 0) {
    __smt2c_result = 0;
  }
  else if(__smt2c_ext_0 == 1) {
    __smt2c_result = 2;
  }
  else if(__smt2c_ext_1 == 1) {
    __smt2c_result = 1;
  }
  else if(__smt2c_ext_2 == 1) {
    __smt2c_result = 0;
  }
  else if(__smt2c_ext_3 == 1) {
    __smt2c_result = 31;
  }
  else {
    __smt2c_result = 30;
  }
  return __smt2c_result;
}

ap_uint<4> sat_mant4(ap_uint<5> shifted) {
  ap_uint<4> __smt2c_ext_0 = ((ap_uint<5>)shifted).range(3, 0);
  ap_uint<4> __smt2c_result;
  if((ap_int<5>)shifted > (ap_int<5>)7) {
    __smt2c_result = 7;
  }
  else if((ap_int<5>)shifted < (ap_int<5>)24) {
    __smt2c_result = 8;
  }
  else {
    __smt2c_result = __smt2c_ext_0;
  }
  return __smt2c_result;
}

ap_uint<4> clamp_exp4(ap_uint<5> exp_adj) {
  ap_uint<5> __smt2c_src_0 = (ap_int<5>)exp_adj > (ap_int<5>)7 ? (ap_uint<5>)  7 : (ap_uint<5>)  ((ap_int<5>)exp_adj < (ap_int<5>)24 ? (ap_uint<5>)  24 : (ap_uint<5>)  exp_adj);
  ap_uint<4> __smt2c_ext_1 = ((ap_uint<5>)__smt2c_src_0).range(3, 0);
  return __smt2c_ext_1;
}

ap_uint<8> add_full_sum(ap_uint<4> m1, ap_uint<4> e1, ap_uint<4> m2, ap_uint<4> e2) {
  bool _let_1 = (ap_int<4>)e1 > (ap_int<4>)e2;
  ap_uint<5> _let_2 = (ap_uint<5>)(ap_int<5>)(ap_int<4>)(_let_1 ? (ap_uint<4>)  m1 : (ap_uint<4>)  m2) + (ap_uint<5>)(ap_int<5>)(ap_int<4>)(_let_1 ? (ap_uint<4>)  m2 : (ap_uint<4>)  m1);
  ap_uint<4> __smt2c_ext_0 = ((ap_uint<5>)_let_2).range(3, 0);
  return (ap_uint<8>)__smt2c_ext_0 << 4 | (ap_uint<8>)(_let_2 == 0 ? (ap_uint<4>)  0 : (ap_uint<4>)  clamp_exp4((ap_uint<5>)(ap_int<5>)(ap_int<4>)(_let_1 ? (ap_uint<4>)  e1 : (ap_uint<4>)  e2)));
}

[INFO] Auto-detected top function: add_full_sum
[INFO] Generated HLS TCL script: /home/joe/Desktop/Uni/Year_4/Dissertation/Program-Synthesis-for-Efficient-ML/results/HLS/hpsweep_mxint8_add_combined_t60_i10_r03/hls.tcl
[INFO] Running Vitis HLS synthesis...

[SUCCESS] Vitis HLS run completed successfully.
[INFO] Staged 1 Verilog files into: /home/joe/Desktop/Uni/Year_4/Dissertation/Program-Synthesis-for-Efficient-ML/results/HLS/hpsweep_mxint8_add_combined_t60_i10_r03/verilog_out
[INFO] Candidate RTL modules: ['add_full_sum']

--- Hardware Results ---
{
    "LUTs": 68,
    "FFs": 0,
    "DSPs": 0,
    "BRAMs": 0,
    "Cycles": 0,
    "Fmax_MHz": 137.024
}
