[INFO] Target: MXINT8AdditionTarget | Component: full_sum_combined
[INFO] NUM_ITERATIONS=5, TIMEOUT=10s, RUN_IMPLEMENTATION=False, DIRECTED_IO=True, RUN_ACCURACY=False, SYNTH_FP32_MUL_MODE=small, SYNTH_FP32_ADD_MODE=default, SYGUS_DUMP=False, SYGUS_FAST_ENUM=False, SYGUS_PBE=True, SYGUS_SYM_BREAK_PBE=True, FP32_OUTPUT_MATCH_MSB_BITS=32, FP32_AUTO_RELAX_OUTPUT_MATCH=True, FP32_RESET_MSB_PER_SAMPLE=True, FP32_RELAX_ON_TIMEOUT=True, FP32_TIMEOUT_RETRY_ONCE=False, FP32_TIMEOUT_RETRY_MULTIPLIER=4, FP32_RELAX_ON_INFEASIBLE=True, FP32_RELAX_ON_FAIL=True, FP32_RELAX_SCHEDULE=staged, FP32_STAGE_MANTISSA_BITS=15, FP32_MIN_OUTPUT_MATCH_MSB_BITS=24, FP32_OUTPUT_MATCH_STEP=1, RANDOM_SEED=44
--- Starting Synthesis for [MXINT8AdditionTarget -> full_sum_combined] ---

--- Iteration 1/5 ---
Generating new constraint with inputs: (-12.073263938406825, 5.540305201806703)
(constraint (= (add_full_sum #b1001 #b0100 #b0101 #b0011) #b11000100))
[INFO] Not relaxable (status=fail); not relaxing further for this sample.
SKIPPED: (-12.073, 5.540) could not be added (even after relaxation).

--- Iteration 2/5 ---
Generating new constraint with inputs: (47.78883337526406, -42.680134966201415)
(constraint (= (add_full_sum #b0101 #b0110 #b1010 #b0110) #b11000100))
[INFO] Not relaxable (status=fail); not relaxing further for this sample.
SKIPPED: (47.789, -42.680) could not be added (even after relaxation).

--- Iteration 3/5 ---
Generating new constraint with inputs: (-36.27894328368464, -62.15916256860934)
(constraint (= (add_full_sum #b1011 #b0110 #b1000 #b0110) #b10010111))
[INFO] Not relaxable (status=fail); not relaxing further for this sample.
SKIPPED: (-36.279, -62.159) could not be added (even after relaxation).

--- Iteration 4/5 ---
Generating new constraint with inputs: (-50.602129585541974, -64.83765738290717)
(constraint (= (add_full_sum #b1001 #b0110 #b1011 #b0111) #b10110111))
[INFO] Not relaxable (status=fail); not relaxing further for this sample.
SKIPPED: (-50.602, -64.838) could not be added (even after relaxation).

--- Iteration 5/5 ---
Generating new constraint with inputs: (-45.31687576899597, 1.8101435223531865)
(constraint (= (add_full_sum #b1010 #b0110 #b0111 #b0001) #b10100110))
[INFO] Not relaxable (status=fail); not relaxing further for this sample.
SKIPPED: (-45.317, 1.810) could not be added (even after relaxation).


--- Synthesis Complete! ---

Constraints accepted: 0/5
Could not find a valid program that satisfies any constraints.
[ERROR] Synthesis failed for component 'full_sum_combined'. Aborting.
