[INFO] Target: MXINT8AdditionTarget | Component: full_sum_combined
[INFO] NUM_ITERATIONS=20, TIMEOUT=60s, RUN_IMPLEMENTATION=False, DIRECTED_IO=True, RUN_ACCURACY=False, SYNTH_FP32_MUL_MODE=small, SYNTH_FP32_ADD_MODE=default, SYGUS_DUMP=False, SYGUS_FAST_ENUM=False, SYGUS_PBE=True, SYGUS_SYM_BREAK_PBE=True, FP32_OUTPUT_MATCH_MSB_BITS=32, FP32_AUTO_RELAX_OUTPUT_MATCH=True, FP32_RESET_MSB_PER_SAMPLE=True, FP32_RELAX_ON_TIMEOUT=True, FP32_TIMEOUT_RETRY_ONCE=False, FP32_TIMEOUT_RETRY_MULTIPLIER=4, FP32_RELAX_ON_INFEASIBLE=True, FP32_RELAX_ON_FAIL=True, FP32_RELAX_SCHEDULE=staged, FP32_STAGE_MANTISSA_BITS=15, FP32_MIN_OUTPUT_MATCH_MSB_BITS=24, FP32_OUTPUT_MATCH_STEP=1, RANDOM_SEED=43
--- Starting Synthesis for [MXINT8AdditionTarget -> full_sum_combined] ---

--- Iteration 1/20 ---
Generating new constraint with inputs: (-60.911157207465834, 25.901610588090975)
(constraint (= (add_full_sum #b1000 #b0110 #b0110 #b0101) #b10110110))
[INFO] Not relaxable (status=fail); not relaxing further for this sample.
SKIPPED: (-60.911, 25.902) could not be added (even after relaxation).

--- Iteration 2/20 ---
Generating new constraint with inputs: (-47.000814775812344, -4.945742362560445)
(constraint (= (add_full_sum #b1010 #b0110 #b1011 #b0011) #b11000111))
[INFO] Not relaxable (status=fail); not relaxing further for this sample.
SKIPPED: (-47.001, -4.946) could not be added (even after relaxation).

--- Iteration 3/20 ---
Generating new constraint with inputs: (22.65737286354525, 38.66956785849885)
(constraint (= (add_full_sum #b0101 #b0101 #b0100 #b0110) #b01110110))
[INFO] Not relaxable (status=fail); not relaxing further for this sample.
SKIPPED: (22.657, 38.670) could not be added (even after relaxation).

--- Iteration 4/20 ---
Generating new constraint with inputs: (-6.179021842459967, -0.22806566665724404)
(constraint (= (add_full_sum #b1001 #b0011 #b1000 #b1110) #b10010011))
[INFO] Not relaxable (status=fail); not relaxing further for this sample.
SKIPPED: (-6.179, -0.228) could not be added (even after relaxation).

--- Iteration 5/20 ---
Generating new constraint with inputs: (-63.47126174078609, -8.924673258409896)
(constraint (= (add_full_sum #b1000 #b0110 #b1011 #b0100) #b10110111))
[INFO] Not relaxable (status=fail); not relaxing further for this sample.
SKIPPED: (-63.471, -8.925) could not be added (even after relaxation).

--- Iteration 6/20 ---
Generating new constraint with inputs: (-16.846542131637747, 46.502099581192596)
(constraint (= (add_full_sum #b1011 #b0101 #b0101 #b0110) #b01000101))
[INFO] Not relaxable (status=fail); not relaxing further for this sample.
SKIPPED: (-16.847, 46.502) could not be added (even after relaxation).

--- Iteration 7/20 ---
Generating new constraint with inputs: (6.201875366412736, 33.70182264965551)
(constraint (= (add_full_sum #b0110 #b0011 #b0100 #b0110) #b01010110))
[INFO] Not relaxable (status=fail); not relaxing further for this sample.
SKIPPED: (6.202, 33.702) could not be added (even after relaxation).

--- Iteration 8/20 ---
Generating new constraint with inputs: (-8.703005671505089, -42.74317023442098)
(constraint (= (add_full_sum #b1011 #b0100 #b1010 #b0110) #b11000111))
[INFO] Not relaxable (status=fail); not relaxing further for this sample.
SKIPPED: (-8.703, -42.743) could not be added (even after relaxation).

--- Iteration 9/20 ---
Generating new constraint with inputs: (46.315533236892335, 42.26903829306987)
(constraint (= (add_full_sum #b0101 #b0110 #b0101 #b0110) #b01010111))
SUCCESS: accepted (MSB match = 32). Total constraints: 1

--- Iteration 10/20 ---
Generating new constraint with inputs: (-16.38670629070875, -53.361909022917914)
(constraint (= (add_full_sum #b1011 #b0101 #b1001 #b0110) #b10110111))
[INFO] Not relaxable (status=fail); not relaxing further for this sample.
SKIPPED: (-16.387, -53.362) could not be added (even after relaxation).

--- Iteration 11/20 ---
Generating new constraint with inputs: (1.6408057075377087, -0.5310044810998278)
(constraint (= (add_full_sum #b0110 #b0001 #b1011 #b0000) #b01100000))
[INFO] Not relaxable (status=fail); not relaxing further for this sample.
SKIPPED: (1.641, -0.531) could not be added (even after relaxation).

--- Iteration 12/20 ---
Generating new constraint with inputs: (35.94373085397808, 12.832633295077585)
(constraint (= (add_full_sum #b0100 #b0110 #b0110 #b0100) #b01100110))
[INFO] Not relaxable (status=fail); not relaxing further for this sample.
SKIPPED: (35.944, 12.833) could not be added (even after relaxation).

--- Iteration 13/20 ---
Generating new constraint with inputs: (0.8812336913909888, 9.920978128931196)
(constraint (= (add_full_sum #b0111 #b0000 #b0100 #b0100) #b01000100))
[INFO] Not relaxable (status=fail); not relaxing further for this sample.
SKIPPED: (0.881, 9.921) could not be added (even after relaxation).

--- Iteration 14/20 ---
Generating new constraint with inputs: (-16.24587547491361, -59.54259410155298)
(constraint (= (add_full_sum #b1011 #b0101 #b1000 #b0110) #b10100111))
[INFO] Not relaxable (status=fail); not relaxing further for this sample.
SKIPPED: (-16.246, -59.543) could not be added (even after relaxation).

--- Iteration 15/20 ---
Generating new constraint with inputs: (-57.9201904488075, 58.33127704341689)
(constraint (= (add_full_sum #b1000 #b0110 #b0111 #b0110) #b11000100))
SUCCESS: accepted (MSB match = 32). Total constraints: 2

--- Iteration 16/20 ---
Generating new constraint with inputs: (44.760962589650205, -26.906908569210195)
(constraint (= (add_full_sum #b0101 #b0110 #b1001 #b0101) #b01000100))
SUCCESS: accepted (MSB match = 32). Total constraints: 3

--- Iteration 17/20 ---
Generating new constraint with inputs: (51.315300272181105, 2.9373601250716206)
(constraint (= (add_full_sum #b0110 #b0110 #b0101 #b0010) #b01100110))
SUCCESS: accepted (MSB match = 32). Total constraints: 4

--- Iteration 18/20 ---
Generating new constraint with inputs: (-52.39862627948413, 46.950816567183836)
(constraint (= (add_full_sum #b1001 #b0110 #b0101 #b0110) #b11000101))
SUCCESS: accepted (MSB match = 32). Total constraints: 5

--- Iteration 19/20 ---
Generating new constraint with inputs: (11.137772279429072, 57.12791822677244)
(constraint (= (add_full_sum #b0101 #b0100 #b0111 #b0110) #b01000111))
SUCCESS: accepted (MSB match = 32). Total constraints: 6

--- Iteration 20/20 ---
Generating new constraint with inputs: (23.66122159404442, -53.57897049551474)
(constraint (= (add_full_sum #b0101 #b0101 #b1001 #b0110) #b11000110))
[INFO] Not relaxable (status=fail); not relaxing further for this sample.
SKIPPED: (23.661, -53.579) could not be added (even after relaxation).


--- Synthesis Complete! ---

Constraints accepted: 6/20

--- Final Synthesized Program ---
(define-fun norm_shifted5 ((raw (_ BitVec 5))) (_ BitVec 5)
  (let ((abs5 (ite (bvslt raw #b00000) (bvneg raw) raw)))
    (ite (= raw #b00000)
         raw
         (ite (= ((_ extract 4 4) abs5) #b1)
              (bvashr raw #b00010)
              (ite (= ((_ extract 3 3) abs5) #b1)
                   (bvashr raw #b00001)
                   (ite (= ((_ extract 2 2) abs5) #b1)
                        raw
                        (ite (= ((_ extract 1 1) abs5) #b1)
                             (bvshl raw #b00001)
                             (bvshl raw #b00010))))))))

(define-fun exp_delta5_from_raw ((raw (_ BitVec 5))) (_ BitVec 5)
  (let ((abs5 (ite (bvslt raw #b00000) (bvneg raw) raw)))
    (ite (= raw #b00000)
         #b00000
         (ite (= ((_ extract 4 4) abs5) #b1)
              #b00010
              (ite (= ((_ extract 3 3) abs5) #b1)
                   #b00001
                   (ite (= ((_ extract 2 2) abs5) #b1)
                        #b00000
                        (ite (= ((_ extract 1 1) abs5) #b1)
                             #b11111
                             #b11110)))))))

(define-fun sat_mant4 ((shifted (_ BitVec 5))) (_ BitVec 4)
  (ite (bvsgt shifted #b00111)
       #b0111
       (ite (bvslt shifted #b11000)
            #b1000
            ((_ extract 3 0) shifted))))

(define-fun clamp_exp4 ((exp_adj (_ BitVec 5))) (_ BitVec 4)
  ((_ extract 3 0)
   (ite (bvsgt exp_adj #b00111)
        #b00111
        (ite (bvslt exp_adj #b11000) #b11000 exp_adj))))

(define-fun add_full_sum ((m1 (_ BitVec 4)) (e1 (_ BitVec 4)) (m2 (_ BitVec 4)) (e2 (_ BitVec 4))) (_ BitVec 8) (let ((_let_1 (bvsge e1 e2))) (let ((_let_2 ((_ sign_extend 1) (ite (bvsgt e1 e2) e1 e2)))) (let ((_let_3 ((_ sign_extend 1) (ite _let_1 m1 m2)))) (let ((_let_4 (bvadd _let_3 ((_ sign_extend 1) ((_ extract 3 0) (bvashr ((_ sign_extend 1) (ite _let_1 m2 m1)) (bvsub _let_2 ((_ sign_extend 1) (ite _let_1 e2 e1))))))))) (concat (ite (= (bvadd _let_3 _let_3) #b00000) #b0000 (sat_mant4 (norm_shifted5 _let_4))) ((_ extract 3 0) (bvadd _let_2 (exp_delta5_from_raw _let_4)))))))))

 Solution saved to: results/smt2/hpsweep_mxint8_add_combined_t60_i20_r02.smt2

Translating SMT output to C using smt2c...
[INFO] Found 5 define-fun block(s). Order passed to smt2c:
    - norm_shifted5
    - exp_delta5_from_raw
    - sat_mant4
    - clamp_exp4
    - add_full_sum
C file saved to: results/c/hpsweep_mxint8_add_combined_t60_i20_r02.c

Generated C code:

ap_uint<5> norm_shifted5(ap_uint<5> raw) {
  ap_uint<5> abs5 = (ap_int<5>)raw < (ap_int<5>)0 ? (ap_uint<5>)  -raw : (ap_uint<5>)  raw;
  ap_uint<1> __smt2c_ext_0 = ((ap_uint<5>)abs5).range(4, 4);
  ap_uint<1> __smt2c_ext_1 = ((ap_uint<5>)abs5).range(3, 3);
  ap_uint<1> __smt2c_ext_2 = ((ap_uint<5>)abs5).range(2, 2);
  ap_uint<1> __smt2c_ext_3 = ((ap_uint<5>)abs5).range(1, 1);
  ap_uint<5> __smt2c_result;
  if(raw == 0) {
    __smt2c_result = raw;
  }
  else if(__smt2c_ext_0 == 1) {
    __smt2c_result = (ap_uint<5>)((ap_int<5>)raw >> (ap_int<5>)2);
  }
  else if(__smt2c_ext_1 == 1) {
    __smt2c_result = (ap_uint<5>)((ap_int<5>)raw >> (ap_int<5>)1);
  }
  else if(__smt2c_ext_2 == 1) {
    __smt2c_result = raw;
  }
  else if(__smt2c_ext_3 == 1) {
    __smt2c_result = raw << 1;
  }
  else {
    __smt2c_result = raw << 2;
  }
  return __smt2c_result;
}

ap_uint<5> exp_delta5_from_raw(ap_uint<5> raw) {
  ap_uint<5> abs5 = (ap_int<5>)raw < (ap_int<5>)0 ? (ap_uint<5>)  -raw : (ap_uint<5>)  raw;
  ap_uint<1> __smt2c_ext_0 = ((ap_uint<5>)abs5).range(4, 4);
  ap_uint<1> __smt2c_ext_1 = ((ap_uint<5>)abs5).range(3, 3);
  ap_uint<1> __smt2c_ext_2 = ((ap_uint<5>)abs5).range(2, 2);
  ap_uint<1> __smt2c_ext_3 = ((ap_uint<5>)abs5).range(1, 1);
  ap_uint<5> __smt2c_result;
  if(raw == 0) {
    __smt2c_result = 0;
  }
  else if(__smt2c_ext_0 == 1) {
    __smt2c_result = 2;
  }
  else if(__smt2c_ext_1 == 1) {
    __smt2c_result = 1;
  }
  else if(__smt2c_ext_2 == 1) {
    __smt2c_result = 0;
  }
  else if(__smt2c_ext_3 == 1) {
    __smt2c_result = 31;
  }
  else {
    __smt2c_result = 30;
  }
  return __smt2c_result;
}

ap_uint<4> sat_mant4(ap_uint<5> shifted) {
  ap_uint<4> __smt2c_ext_0 = ((ap_uint<5>)shifted).range(3, 0);
  ap_uint<4> __smt2c_result;
  if((ap_int<5>)shifted > (ap_int<5>)7) {
    __smt2c_result = 7;
  }
  else if((ap_int<5>)shifted < (ap_int<5>)24) {
    __smt2c_result = 8;
  }
  else {
    __smt2c_result = __smt2c_ext_0;
  }
  return __smt2c_result;
}

ap_uint<4> clamp_exp4(ap_uint<5> exp_adj) {
  ap_uint<5> __smt2c_src_0 = (ap_int<5>)exp_adj > (ap_int<5>)7 ? (ap_uint<5>)  7 : (ap_uint<5>)  ((ap_int<5>)exp_adj < (ap_int<5>)24 ? (ap_uint<5>)  24 : (ap_uint<5>)  exp_adj);
  ap_uint<4> __smt2c_ext_1 = ((ap_uint<5>)__smt2c_src_0).range(3, 0);
  return __smt2c_ext_1;
}

unsigned char add_full_sum(ap_uint<4> m1, ap_uint<4> e1, ap_uint<4> m2, ap_uint<4> e2) {
  __CPROVER_bool _let_1 = (ap_int<4>)e1 >= (ap_int<4>)e2;
  ap_uint<5> _let_2 = (ap_uint<5>)(ap_int<5>)(ap_int<4>)((ap_int<4>)e1 > (ap_int<4>)e2 ? (ap_uint<4>)  e1 : (ap_uint<4>)  e2);
  ap_uint<5> _let_3 = (ap_uint<5>)(ap_int<5>)(ap_int<4>)(_let_1 ? (ap_uint<4>)  m1 : (ap_uint<4>)  m2);
  ap_uint<5> __smt2c_src_0 = (ap_uint<5>)((ap_int<5>)(ap_uint<5>)(ap_int<5>)(ap_int<4>)(_let_1 ? (ap_uint<4>)  m2 : (ap_uint<4>)  m1) >> (ap_int<5>)(_let_2 - (ap_uint<5>)(ap_int<5>)(ap_int<4>)(_let_1 ? (ap_uint<4>)  e2 : (ap_uint<4>)  e1)));
  ap_uint<4> __smt2c_ext_1 = ((ap_uint<5>)__smt2c_src_0).range(3, 0);
  ap_uint<5> _let_4 = _let_3 + (ap_uint<5>)(ap_int<5>)(ap_int<4>)__smt2c_ext_1;
  ap_uint<5> __smt2c_src_2 = _let_2 + exp_delta5_from_raw(_let_4);
  ap_uint<4> __smt2c_ext_3 = ((ap_uint<5>)__smt2c_src_2).range(3, 0);
  return (unsigned char)(_let_3 + _let_3 == 0 ? (ap_uint<4>)  0 : (ap_uint<4>)  sat_mant4(norm_shifted5(_let_4))) << 4 | (unsigned char)__smt2c_ext_3;
}

Converting C output to HLS-compatible C++...

HLS C++ file saved to: /home/joe/Desktop/Uni/Year_4/Dissertation/Program-Synthesis-for-Efficient-ML/results/cpp/hpsweep_mxint8_add_combined_t60_i20_r02.cpp
Generated HLS-ready C++ code:

#include <ap_int.h>

ap_uint<5> norm_shifted5(ap_uint<5> raw) {
  ap_uint<5> abs5 = (ap_int<5>)raw < (ap_int<5>)0 ? (ap_uint<5>)  -raw : (ap_uint<5>)  raw;
  ap_uint<1> __smt2c_ext_0 = ((ap_uint<5>)abs5).range(4, 4);
  ap_uint<1> __smt2c_ext_1 = ((ap_uint<5>)abs5).range(3, 3);
  ap_uint<1> __smt2c_ext_2 = ((ap_uint<5>)abs5).range(2, 2);
  ap_uint<1> __smt2c_ext_3 = ((ap_uint<5>)abs5).range(1, 1);
  ap_uint<5> __smt2c_result;
  if(raw == 0) {
    __smt2c_result = raw;
  }
  else if(__smt2c_ext_0 == 1) {
    __smt2c_result = (ap_uint<5>)((ap_int<5>)raw >> (ap_int<5>)2);
  }
  else if(__smt2c_ext_1 == 1) {
    __smt2c_result = (ap_uint<5>)((ap_int<5>)raw >> (ap_int<5>)1);
  }
  else if(__smt2c_ext_2 == 1) {
    __smt2c_result = raw;
  }
  else if(__smt2c_ext_3 == 1) {
    __smt2c_result = raw << 1;
  }
  else {
    __smt2c_result = raw << 2;
  }
  return __smt2c_result;
}

ap_uint<5> exp_delta5_from_raw(ap_uint<5> raw) {
  ap_uint<5> abs5 = (ap_int<5>)raw < (ap_int<5>)0 ? (ap_uint<5>)  -raw : (ap_uint<5>)  raw;
  ap_uint<1> __smt2c_ext_0 = ((ap_uint<5>)abs5).range(4, 4);
  ap_uint<1> __smt2c_ext_1 = ((ap_uint<5>)abs5).range(3, 3);
  ap_uint<1> __smt2c_ext_2 = ((ap_uint<5>)abs5).range(2, 2);
  ap_uint<1> __smt2c_ext_3 = ((ap_uint<5>)abs5).range(1, 1);
  ap_uint<5> __smt2c_result;
  if(raw == 0) {
    __smt2c_result = 0;
  }
  else if(__smt2c_ext_0 == 1) {
    __smt2c_result = 2;
  }
  else if(__smt2c_ext_1 == 1) {
    __smt2c_result = 1;
  }
  else if(__smt2c_ext_2 == 1) {
    __smt2c_result = 0;
  }
  else if(__smt2c_ext_3 == 1) {
    __smt2c_result = 31;
  }
  else {
    __smt2c_result = 30;
  }
  return __smt2c_result;
}

ap_uint<4> sat_mant4(ap_uint<5> shifted) {
  ap_uint<4> __smt2c_ext_0 = ((ap_uint<5>)shifted).range(3, 0);
  ap_uint<4> __smt2c_result;
  if((ap_int<5>)shifted > (ap_int<5>)7) {
    __smt2c_result = 7;
  }
  else if((ap_int<5>)shifted < (ap_int<5>)24) {
    __smt2c_result = 8;
  }
  else {
    __smt2c_result = __smt2c_ext_0;
  }
  return __smt2c_result;
}

ap_uint<4> clamp_exp4(ap_uint<5> exp_adj) {
  ap_uint<5> __smt2c_src_0 = (ap_int<5>)exp_adj > (ap_int<5>)7 ? (ap_uint<5>)  7 : (ap_uint<5>)  ((ap_int<5>)exp_adj < (ap_int<5>)24 ? (ap_uint<5>)  24 : (ap_uint<5>)  exp_adj);
  ap_uint<4> __smt2c_ext_1 = ((ap_uint<5>)__smt2c_src_0).range(3, 0);
  return __smt2c_ext_1;
}

ap_uint<8> add_full_sum(ap_uint<4> m1, ap_uint<4> e1, ap_uint<4> m2, ap_uint<4> e2) {
  bool _let_1 = (ap_int<4>)e1 >= (ap_int<4>)e2;
  ap_uint<5> _let_2 = (ap_uint<5>)(ap_int<5>)(ap_int<4>)((ap_int<4>)e1 > (ap_int<4>)e2 ? (ap_uint<4>)  e1 : (ap_uint<4>)  e2);
  ap_uint<5> _let_3 = (ap_uint<5>)(ap_int<5>)(ap_int<4>)(_let_1 ? (ap_uint<4>)  m1 : (ap_uint<4>)  m2);
  ap_uint<5> __smt2c_src_0 = (ap_uint<5>)((ap_int<5>)(ap_uint<5>)(ap_int<5>)(ap_int<4>)(_let_1 ? (ap_uint<4>)  m2 : (ap_uint<4>)  m1) >> (ap_int<5>)(_let_2 - (ap_uint<5>)(ap_int<5>)(ap_int<4>)(_let_1 ? (ap_uint<4>)  e2 : (ap_uint<4>)  e1)));
  ap_uint<4> __smt2c_ext_1 = ((ap_uint<5>)__smt2c_src_0).range(3, 0);
  ap_uint<5> _let_4 = _let_3 + (ap_uint<5>)(ap_int<5>)(ap_int<4>)__smt2c_ext_1;
  ap_uint<5> __smt2c_src_2 = _let_2 + exp_delta5_from_raw(_let_4);
  ap_uint<4> __smt2c_ext_3 = ((ap_uint<5>)__smt2c_src_2).range(3, 0);
  return (ap_uint<8>)(_let_3 + _let_3 == 0 ? (ap_uint<4>)  0 : (ap_uint<4>)  sat_mant4(norm_shifted5(_let_4))) << 4 | (ap_uint<8>)__smt2c_ext_3;
}

[INFO] Auto-detected top function: add_full_sum
[INFO] Generated HLS TCL script: /home/joe/Desktop/Uni/Year_4/Dissertation/Program-Synthesis-for-Efficient-ML/results/HLS/hpsweep_mxint8_add_combined_t60_i20_r02/hls.tcl
[INFO] Running Vitis HLS synthesis...

[SUCCESS] Vitis HLS run completed successfully.
[INFO] Staged 3 Verilog files into: /home/joe/Desktop/Uni/Year_4/Dissertation/Program-Synthesis-for-Efficient-ML/results/HLS/hpsweep_mxint8_add_combined_t60_i20_r02/verilog_out
[INFO] Candidate RTL modules: ['add_full_sum', 'add_full_sum_sparsemux_11_4_5_1_1', 'add_full_sum_sparsemux_7_2_4_1_1']

--- Hardware Results ---
{
    "LUTs": 454,
    "FFs": 0,
    "DSPs": 0,
    "BRAMs": 0,
    "Cycles": 0,
    "Fmax_MHz": 43.812
}
