[INFO] Target: MXINT8AdditionTarget | Component: full_sum_combined
[INFO] NUM_ITERATIONS=5, TIMEOUT=60s, RUN_IMPLEMENTATION=False, DIRECTED_IO=True, RUN_ACCURACY=False, SYNTH_FP32_MUL_MODE=small, SYNTH_FP32_ADD_MODE=default, SYGUS_DUMP=False, SYGUS_FAST_ENUM=False, SYGUS_PBE=True, SYGUS_SYM_BREAK_PBE=True, FP32_OUTPUT_MATCH_MSB_BITS=32, FP32_AUTO_RELAX_OUTPUT_MATCH=True, FP32_RESET_MSB_PER_SAMPLE=True, FP32_RELAX_ON_TIMEOUT=True, FP32_TIMEOUT_RETRY_ONCE=False, FP32_TIMEOUT_RETRY_MULTIPLIER=4, FP32_RELAX_ON_INFEASIBLE=True, FP32_RELAX_ON_FAIL=True, FP32_RELAX_SCHEDULE=staged, FP32_STAGE_MANTISSA_BITS=15, FP32_MIN_OUTPUT_MATCH_MSB_BITS=24, FP32_OUTPUT_MATCH_STEP=1, RANDOM_SEED=43
--- Starting Synthesis for [MXINT8AdditionTarget -> full_sum_combined] ---

--- Iteration 1/5 ---
Generating new constraint with inputs: (-60.911157207465834, 25.901610588090975)
(constraint (= (add_full_sum #b1000 #b0110 #b0110 #b0101) #b10110110))
[INFO] Not relaxable (status=fail); not relaxing further for this sample.
SKIPPED: (-60.911, 25.902) could not be added (even after relaxation).

--- Iteration 2/5 ---
Generating new constraint with inputs: (-47.000814775812344, -4.945742362560445)
(constraint (= (add_full_sum #b1010 #b0110 #b1011 #b0011) #b11000111))
[INFO] Not relaxable (status=fail); not relaxing further for this sample.
SKIPPED: (-47.001, -4.946) could not be added (even after relaxation).

--- Iteration 3/5 ---
Generating new constraint with inputs: (22.65737286354525, 38.66956785849885)
(constraint (= (add_full_sum #b0101 #b0101 #b0100 #b0110) #b01110110))
[INFO] Not relaxable (status=fail); not relaxing further for this sample.
SKIPPED: (22.657, 38.670) could not be added (even after relaxation).

--- Iteration 4/5 ---
Generating new constraint with inputs: (-6.179021842459967, -0.22806566665724404)
(constraint (= (add_full_sum #b1001 #b0011 #b1000 #b1110) #b10010011))
[INFO] Not relaxable (status=fail); not relaxing further for this sample.
SKIPPED: (-6.179, -0.228) could not be added (even after relaxation).

--- Iteration 5/5 ---
Generating new constraint with inputs: (-63.47126174078609, -8.924673258409896)
(constraint (= (add_full_sum #b1000 #b0110 #b1011 #b0100) #b10110111))
[INFO] Not relaxable (status=fail); not relaxing further for this sample.
SKIPPED: (-63.471, -8.925) could not be added (even after relaxation).


--- Synthesis Complete! ---

Constraints accepted: 0/5
Could not find a valid program that satisfies any constraints.
[ERROR] Synthesis failed for component 'full_sum_combined'. Aborting.
