[INFO] Target: MXINT8AdditionTarget | Component: full_sum_combined
[INFO] NUM_ITERATIONS=50, TIMEOUT=10s, RUN_IMPLEMENTATION=False, DIRECTED_IO=True, RUN_ACCURACY=False, SYNTH_FP32_MUL_MODE=small, SYNTH_FP32_ADD_MODE=default, SYGUS_DUMP=False, SYGUS_FAST_ENUM=False, SYGUS_PBE=True, SYGUS_SYM_BREAK_PBE=True, FP32_OUTPUT_MATCH_MSB_BITS=32, FP32_AUTO_RELAX_OUTPUT_MATCH=True, FP32_RESET_MSB_PER_SAMPLE=True, FP32_RELAX_ON_TIMEOUT=True, FP32_TIMEOUT_RETRY_ONCE=False, FP32_TIMEOUT_RETRY_MULTIPLIER=4, FP32_RELAX_ON_INFEASIBLE=True, FP32_RELAX_ON_FAIL=True, FP32_RELAX_SCHEDULE=staged, FP32_STAGE_MANTISSA_BITS=15, FP32_MIN_OUTPUT_MATCH_MSB_BITS=24, FP32_OUTPUT_MATCH_STEP=1, RANDOM_SEED=44
--- Starting Synthesis for [MXINT8AdditionTarget -> full_sum_combined] ---

--- Iteration 1/50 ---
Generating new constraint with inputs: (-12.073263938406825, 5.540305201806703)
(constraint (= (add_full_sum #b1001 #b0100 #b0101 #b0011) #b11000100))
[INFO] Not relaxable (status=fail); not relaxing further for this sample.
SKIPPED: (-12.073, 5.540) could not be added (even after relaxation).

--- Iteration 2/50 ---
Generating new constraint with inputs: (47.78883337526406, -42.680134966201415)
(constraint (= (add_full_sum #b0101 #b0110 #b1010 #b0110) #b11000100))
[INFO] Not relaxable (status=fail); not relaxing further for this sample.
SKIPPED: (47.789, -42.680) could not be added (even after relaxation).

--- Iteration 3/50 ---
Generating new constraint with inputs: (-36.27894328368464, -62.15916256860934)
(constraint (= (add_full_sum #b1011 #b0110 #b1000 #b0110) #b10010111))
[INFO] Not relaxable (status=fail); not relaxing further for this sample.
SKIPPED: (-36.279, -62.159) could not be added (even after relaxation).

--- Iteration 4/50 ---
Generating new constraint with inputs: (-50.602129585541974, -64.83765738290717)
(constraint (= (add_full_sum #b1001 #b0110 #b1011 #b0111) #b10110111))
[INFO] Not relaxable (status=fail); not relaxing further for this sample.
SKIPPED: (-50.602, -64.838) could not be added (even after relaxation).

--- Iteration 5/50 ---
Generating new constraint with inputs: (-45.31687576899597, 1.8101435223531865)
(constraint (= (add_full_sum #b1010 #b0110 #b0111 #b0001) #b10100110))
[INFO] Not relaxable (status=fail); not relaxing further for this sample.
SKIPPED: (-45.317, 1.810) could not be added (even after relaxation).

--- Iteration 6/50 ---
Generating new constraint with inputs: (64.61306416983675, 25.543354508949832)
(constraint (= (add_full_sum #b0100 #b0111 #b0110 #b0101) #b01100111))
[INFO] Not relaxable (status=fail); not relaxing further for this sample.
SKIPPED: (64.613, 25.543) could not be added (even after relaxation).

--- Iteration 7/50 ---
Generating new constraint with inputs: (-16.047692611726916, -12.533698937858198)
(constraint (= (add_full_sum #b1011 #b0101 #b1001 #b0100) #b10110110))
[INFO] Not relaxable (status=fail); not relaxing further for this sample.
SKIPPED: (-16.048, -12.534) could not be added (even after relaxation).

--- Iteration 8/50 ---
Generating new constraint with inputs: (25.252870950434072, -22.952176814574486)
(constraint (= (add_full_sum #b0110 #b0101 #b1010 #b0101) #b00000000))
SUCCESS: accepted (MSB match = 32). Total constraints: 1

--- Iteration 9/50 ---
Generating new constraint with inputs: (-56.29094716366859, 45.0810223916196)
(constraint (= (add_full_sum #b1000 #b0110 #b0101 #b0110) #b10100101))
[INFO] Not relaxable (status=fail); not relaxing further for this sample.
SKIPPED: (-56.291, 45.081) could not be added (even after relaxation).

--- Iteration 10/50 ---
Generating new constraint with inputs: (15.473034180658985, -51.21470281888652)
(constraint (= (add_full_sum #b0111 #b0100 #b1001 #b0110) #b10110110))
[INFO] Not relaxable (status=fail); not relaxing further for this sample.
SKIPPED: (15.473, -51.215) could not be added (even after relaxation).

--- Iteration 11/50 ---
Generating new constraint with inputs: (-56.75119726585092, -53.50916388898938)
(constraint (= (add_full_sum #b1000 #b0110 #b1001 #b0110) #b10000111))
[INFO] Not relaxable (status=fail); not relaxing further for this sample.
SKIPPED: (-56.751, -53.509) could not be added (even after relaxation).

--- Iteration 12/50 ---
Generating new constraint with inputs: (60.57786838439522, -51.78137376538245)
(constraint (= (add_full_sum #b0111 #b0110 #b1001 #b0110) #b00000000))
SUCCESS: accepted (MSB match = 32). Total constraints: 2

--- Iteration 13/50 ---
Generating new constraint with inputs: (16.541839871415007, 61.98290734172862)
(constraint (= (add_full_sum #b0100 #b0101 #b0111 #b0110) #b01000111))
[INFO] Not relaxable (status=fail); not relaxing further for this sample.
SKIPPED: (16.542, 61.983) could not be added (even after relaxation).

--- Iteration 14/50 ---
Generating new constraint with inputs: (-61.37956051915333, -15.063992227261458)
(constraint (= (add_full_sum #b1000 #b0110 #b1000 #b0100) #b10100111))
[INFO] Not relaxable (status=fail); not relaxing further for this sample.
SKIPPED: (-61.380, -15.064) could not be added (even after relaxation).

--- Iteration 15/50 ---
Generating new constraint with inputs: (-2.998911896004877, 55.02940876153595)
(constraint (= (add_full_sum #b1010 #b0010 #b0110 #b0110) #b01100110))
[INFO] Not relaxable (status=fail); not relaxing further for this sample.
SKIPPED: (-2.999, 55.029) could not be added (even after relaxation).

--- Iteration 16/50 ---
Generating new constraint with inputs: (-41.105702212709005, -31.89821333721769)
(constraint (= (add_full_sum #b1010 #b0110 #b1000 #b0101) #b10100111))
[INFO] Not relaxable (status=fail); not relaxing further for this sample.
SKIPPED: (-41.106, -31.898) could not be added (even after relaxation).

--- Iteration 17/50 ---
Generating new constraint with inputs: (-33.26866735140984, -59.504974680135284)
(constraint (= (add_full_sum #b1011 #b0110 #b1000 #b0110) #b10010111))
[INFO] Not relaxable (status=fail); not relaxing further for this sample.
SKIPPED: (-33.269, -59.505) could not be added (even after relaxation).

--- Iteration 18/50 ---
Generating new constraint with inputs: (22.930620303716125, 41.80511815653493)
(constraint (= (add_full_sum #b0101 #b0101 #b0101 #b0110) #b01000111))
[INFO] Not relaxable (status=fail); not relaxing further for this sample.
SKIPPED: (22.931, 41.805) could not be added (even after relaxation).

--- Iteration 19/50 ---
Generating new constraint with inputs: (-8.399813281731667, -61.00597472864512)
(constraint (= (add_full_sum #b1011 #b0100 #b1000 #b0110) #b10110111))
[INFO] Not relaxable (status=fail); not relaxing further for this sample.
SKIPPED: (-8.400, -61.006) could not be added (even after relaxation).

--- Iteration 20/50 ---
Generating new constraint with inputs: (28.192557392289217, 31.290074255080114)
(constraint (= (add_full_sum #b0111 #b0101 #b0111 #b0101) #b01110110))
[INFO] Not relaxable (status=fail); not relaxing further for this sample.
SKIPPED: (28.193, 31.290) could not be added (even after relaxation).

--- Iteration 21/50 ---
Generating new constraint with inputs: (20.254878216369022, -22.617825234116168)
(constraint (= (add_full_sum #b0101 #b0101 #b1010 #b0101) #b11000011))
[INFO] Not relaxable (status=fail); not relaxing further for this sample.
SKIPPED: (20.255, -22.618) could not be added (even after relaxation).

--- Iteration 22/50 ---
Generating new constraint with inputs: (43.62358297523794, 17.23368286996417)
(constraint (= (add_full_sum #b0101 #b0110 #b0100 #b0101) #b01110110))
SUCCESS: accepted (MSB match = 32). Total constraints: 3

--- Iteration 23/50 ---
Generating new constraint with inputs: (11.876516803048759, 5.3498789956976935)
(constraint (= (add_full_sum #b0101 #b0100 #b0101 #b0011) #b01000101))
[INFO] Not relaxable (status=fail); not relaxing further for this sample.
SKIPPED: (11.877, 5.350) could not be added (even after relaxation).

--- Iteration 24/50 ---
Generating new constraint with inputs: (-35.20948305863516, -5.864429897491888)
(constraint (= (add_full_sum #b1011 #b0110 #b1010 #b0011) #b10010110))
[INFO] Not relaxable (status=fail); not relaxing further for this sample.
SKIPPED: (-35.209, -5.864) could not be added (even after relaxation).

--- Iteration 25/50 ---
Generating new constraint with inputs: (38.81587637390359, 24.255703652967895)
(constraint (= (add_full_sum #b0100 #b0110 #b0110 #b0101) #b01110110))
SUCCESS: accepted (MSB match = 32). Total constraints: 4

--- Iteration 26/50 ---
Generating new constraint with inputs: (-20.340227832307654, 42.18904215456412)
(constraint (= (add_full_sum #b1010 #b0101 #b0101 #b0110) #b01000100))
[INFO] Not relaxable (status=fail); not relaxing further for this sample.
SKIPPED: (-20.340, 42.189) could not be added (even after relaxation).

--- Iteration 27/50 ---
Generating new constraint with inputs: (44.8029379350325, -60.24173908910169)
(constraint (= (add_full_sum #b0101 #b0110 #b1000 #b0110) #b10100101))
[INFO] Not relaxable (status=fail); not relaxing further for this sample.
SKIPPED: (44.803, -60.242) could not be added (even after relaxation).

--- Iteration 28/50 ---
Generating new constraint with inputs: (-45.24045841972331, -36.5446613686078)
(constraint (= (add_full_sum #b1010 #b0110 #b1011 #b0110) #b10100111))
[INFO] Not relaxable (status=fail); not relaxing further for this sample.
SKIPPED: (-45.240, -36.545) could not be added (even after relaxation).

--- Iteration 29/50 ---
Generating new constraint with inputs: (-64.07432660039494, 33.456090835522886)
(constraint (= (add_full_sum #b1011 #b0111 #b0100 #b0110) #b10100110))
[INFO] Not relaxable (status=fail); not relaxing further for this sample.
SKIPPED: (-64.074, 33.456) could not be added (even after relaxation).

--- Iteration 30/50 ---
Generating new constraint with inputs: (19.37633139931964, 5.702622690717931)
(constraint (= (add_full_sum #b0100 #b0101 #b0101 #b0011) #b01010101))
[INFO] Not relaxable (status=fail); not relaxing further for this sample.
SKIPPED: (19.376, 5.703) could not be added (even after relaxation).

--- Iteration 31/50 ---
Generating new constraint with inputs: (65.29584345713656, -18.918509137785883)
(constraint (= (add_full_sum #b0100 #b0111 #b1011 #b0101) #b01000110))
[INFO] Not relaxable (status=fail); not relaxing further for this sample.
SKIPPED: (65.296, -18.919) could not be added (even after relaxation).

--- Iteration 32/50 ---
Generating new constraint with inputs: (-39.72580258996702, -51.27946785357231)
(constraint (= (add_full_sum #b1011 #b0110 #b1001 #b0110) #b10100111))
[INFO] Not relaxable (status=fail); not relaxing further for this sample.
SKIPPED: (-39.726, -51.279) could not be added (even after relaxation).

--- Iteration 33/50 ---
Generating new constraint with inputs: (-21.102775791071558, 44.62345982745994)
(constraint (= (add_full_sum #b1010 #b0101 #b0101 #b0110) #b01000100))
[INFO] Not relaxable (status=fail); not relaxing further for this sample.
SKIPPED: (-21.103, 44.623) could not be added (even after relaxation).

--- Iteration 34/50 ---
Generating new constraint with inputs: (14.087966223097325, -58.17602634536293)
(constraint (= (add_full_sum #b0111 #b0100 #b1000 #b0110) #b10100110))
[INFO] Not relaxable (status=fail); not relaxing further for this sample.
SKIPPED: (14.088, -58.176) could not be added (even after relaxation).

--- Iteration 35/50 ---
Generating new constraint with inputs: (-8.813077983153988, -59.66642158318717)
(constraint (= (add_full_sum #b1011 #b0100 #b1000 #b0110) #b10110111))
[INFO] Not relaxable (status=fail); not relaxing further for this sample.
SKIPPED: (-8.813, -59.666) could not be added (even after relaxation).

--- Iteration 36/50 ---
Generating new constraint with inputs: (16.247593153720956, -49.831376412256944)
(constraint (= (add_full_sum #b0100 #b0101 #b1001 #b0110) #b10110110))
[INFO] Not relaxable (status=fail); not relaxing further for this sample.
SKIPPED: (16.248, -49.831) could not be added (even after relaxation).

--- Iteration 37/50 ---
Generating new constraint with inputs: (-42.31389165601563, 18.803206630354552)
(constraint (= (add_full_sum #b1010 #b0110 #b0100 #b0101) #b11000110))
[INFO] Not relaxable (status=fail); not relaxing further for this sample.
SKIPPED: (-42.314, 18.803) could not be added (even after relaxation).

--- Iteration 38/50 ---
Generating new constraint with inputs: (44.29324552947567, 15.792094154095196)
(constraint (= (add_full_sum #b0101 #b0110 #b0111 #b0100) #b01110110))
SUCCESS: accepted (MSB match = 32). Total constraints: 5

--- Iteration 39/50 ---
Generating new constraint with inputs: (-27.231791573924113, 19.18171662333569)
(constraint (= (add_full_sum #b1001 #b0101 #b0100 #b0101) #b10100100))
[INFO] Not relaxable (status=fail); not relaxing further for this sample.
SKIPPED: (-27.232, 19.182) could not be added (even after relaxation).

--- Iteration 40/50 ---
Generating new constraint with inputs: (-30.089519814958777, -65.11041938176035)
(constraint (= (add_full_sum #b1000 #b0101 #b1011 #b0111) #b11000111))
[INFO] Not relaxable (status=fail); not relaxing further for this sample.
SKIPPED: (-30.090, -65.110) could not be added (even after relaxation).

--- Iteration 41/50 ---
Generating new constraint with inputs: (-29.84356499054835, 24.847128667894538)
(constraint (= (add_full_sum #b1000 #b0101 #b0110 #b0101) #b11000100))
[INFO] Not relaxable (status=fail); not relaxing further for this sample.
SKIPPED: (-29.844, 24.847) could not be added (even after relaxation).

--- Iteration 42/50 ---
Generating new constraint with inputs: (16.694740843226114, -40.57300137532627)
(constraint (= (add_full_sum #b0100 #b0101 #b1010 #b0110) #b11000110))
[INFO] Not relaxable (status=fail); not relaxing further for this sample.
SKIPPED: (16.695, -40.573) could not be added (even after relaxation).

--- Iteration 43/50 ---
Generating new constraint with inputs: (44.96242071117388, 43.6490388812376)
(constraint (= (add_full_sum #b0101 #b0110 #b0101 #b0110) #b01010111))
[INFO] Not relaxable (status=fail); not relaxing further for this sample.
SKIPPED: (44.962, 43.649) could not be added (even after relaxation).

--- Iteration 44/50 ---
Generating new constraint with inputs: (-29.122647793776274, 60.842878618145306)
(constraint (= (add_full_sum #b1000 #b0101 #b0111 #b0110) #b01000101))
[INFO] Not relaxable (status=fail); not relaxing further for this sample.
SKIPPED: (-29.123, 60.843) could not be added (even after relaxation).

--- Iteration 45/50 ---
Generating new constraint with inputs: (-31.341527964825126, -57.43632603028115)
(constraint (= (add_full_sum #b1000 #b0101 #b1000 #b0110) #b10010111))
[INFO] Not relaxable (status=fail); not relaxing further for this sample.
SKIPPED: (-31.342, -57.436) could not be added (even after relaxation).

--- Iteration 46/50 ---
Generating new constraint with inputs: (1.6149588759352156, 48.172132254138674)
(constraint (= (add_full_sum #b0110 #b0001 #b0110 #b0110) #b01100110))
[INFO] Not relaxable (status=fail); not relaxing further for this sample.
SKIPPED: (1.615, 48.172) could not be added (even after relaxation).

--- Iteration 47/50 ---
Generating new constraint with inputs: (13.159807797873498, 6.117237279489146)
(constraint (= (add_full_sum #b0110 #b0100 #b0110 #b0011) #b01000101))
[INFO] Not relaxable (status=fail); not relaxing further for this sample.
SKIPPED: (13.160, 6.117) could not be added (even after relaxation).

--- Iteration 48/50 ---
Generating new constraint with inputs: (-1.6300554228224655, -28.49369972325733)
(constraint (= (add_full_sum #b1001 #b0001 #b1000 #b0101) #b11000110))
[INFO] Not relaxable (status=fail); not relaxing further for this sample.
SKIPPED: (-1.630, -28.494) could not be added (even after relaxation).

--- Iteration 49/50 ---
Generating new constraint with inputs: (-26.415930353452502, -12.792592734968252)
(constraint (= (add_full_sum #b1001 #b0101 #b1001 #b0100) #b10100110))
[INFO] Not relaxable (status=fail); not relaxing further for this sample.
SKIPPED: (-26.416, -12.793) could not be added (even after relaxation).

--- Iteration 50/50 ---
Generating new constraint with inputs: (6.217864725800837, 58.456907714690516)
(constraint (= (add_full_sum #b0110 #b0011 #b0111 #b0110) #b01000111))
[INFO] Not relaxable (status=fail); not relaxing further for this sample.
SKIPPED: (6.218, 58.457) could not be added (even after relaxation).


--- Synthesis Complete! ---

Constraints accepted: 5/50

--- Final Synthesized Program ---
(define-fun norm_shifted5 ((raw (_ BitVec 5))) (_ BitVec 5)
  (let ((abs5 (ite (bvslt raw #b00000) (bvneg raw) raw)))
    (ite (= raw #b00000)
         raw
         (ite (= ((_ extract 4 4) abs5) #b1)
              (bvashr raw #b00010)
              (ite (= ((_ extract 3 3) abs5) #b1)
                   (bvashr raw #b00001)
                   (ite (= ((_ extract 2 2) abs5) #b1)
                        raw
                        (ite (= ((_ extract 1 1) abs5) #b1)
                             (bvshl raw #b00001)
                             (bvshl raw #b00010))))))))

(define-fun exp_delta5_from_raw ((raw (_ BitVec 5))) (_ BitVec 5)
  (let ((abs5 (ite (bvslt raw #b00000) (bvneg raw) raw)))
    (ite (= raw #b00000)
         #b00000
         (ite (= ((_ extract 4 4) abs5) #b1)
              #b00010
              (ite (= ((_ extract 3 3) abs5) #b1)
                   #b00001
                   (ite (= ((_ extract 2 2) abs5) #b1)
                        #b00000
                        (ite (= ((_ extract 1 1) abs5) #b1)
                             #b11111
                             #b11110)))))))

(define-fun sat_mant4 ((shifted (_ BitVec 5))) (_ BitVec 4)
  (ite (bvsgt shifted #b00111)
       #b0111
       (ite (bvslt shifted #b11000)
            #b1000
            ((_ extract 3 0) shifted))))

(define-fun clamp_exp4 ((exp_adj (_ BitVec 5))) (_ BitVec 4)
  ((_ extract 3 0)
   (ite (bvsgt exp_adj #b00111)
        #b00111
        (ite (bvslt exp_adj #b11000) #b11000 exp_adj))))

(define-fun add_full_sum ((m1 (_ BitVec 4)) (e1 (_ BitVec 4)) (m2 (_ BitVec 4)) (e2 (_ BitVec 4))) (_ BitVec 8) (let ((_let_1 (bvsgt e1 e2))) (let ((_let_2 ((_ sign_extend 1) (ite (bvsge e1 e2) m1 m2)))) (let ((_let_3 (bvadd _let_2 ((_ sign_extend 1) (ite _let_1 m1 m2))))) (concat (ite (= (bvadd _let_2 _let_2) #b00000) #b0000 (sat_mant4 _let_3)) (ite (= _let_3 #b00000) #b0000 (clamp_exp4 ((_ sign_extend 1) (ite _let_1 e1 e2)))))))))

 Solution saved to: results/smt2/hpsweep_mxint8_add_combined_t10_i50_r03.smt2

Translating SMT output to C using smt2c...
[INFO] Found 5 define-fun block(s). Order passed to smt2c:
    - norm_shifted5
    - exp_delta5_from_raw
    - sat_mant4
    - clamp_exp4
    - add_full_sum
C file saved to: results/c/hpsweep_mxint8_add_combined_t10_i50_r03.c

Generated C code:

ap_uint<5> norm_shifted5(ap_uint<5> raw) {
  ap_uint<5> abs5 = (ap_int<5>)raw < (ap_int<5>)0 ? (ap_uint<5>)  -raw : (ap_uint<5>)  raw;
  ap_uint<1> __smt2c_ext_0 = ((ap_uint<5>)abs5).range(4, 4);
  ap_uint<1> __smt2c_ext_1 = ((ap_uint<5>)abs5).range(3, 3);
  ap_uint<1> __smt2c_ext_2 = ((ap_uint<5>)abs5).range(2, 2);
  ap_uint<1> __smt2c_ext_3 = ((ap_uint<5>)abs5).range(1, 1);
  ap_uint<5> __smt2c_result;
  if(raw == 0) {
    __smt2c_result = raw;
  }
  else if(__smt2c_ext_0 == 1) {
    __smt2c_result = (ap_uint<5>)((ap_int<5>)raw >> (ap_int<5>)2);
  }
  else if(__smt2c_ext_1 == 1) {
    __smt2c_result = (ap_uint<5>)((ap_int<5>)raw >> (ap_int<5>)1);
  }
  else if(__smt2c_ext_2 == 1) {
    __smt2c_result = raw;
  }
  else if(__smt2c_ext_3 == 1) {
    __smt2c_result = raw << 1;
  }
  else {
    __smt2c_result = raw << 2;
  }
  return __smt2c_result;
}

ap_uint<5> exp_delta5_from_raw(ap_uint<5> raw) {
  ap_uint<5> abs5 = (ap_int<5>)raw < (ap_int<5>)0 ? (ap_uint<5>)  -raw : (ap_uint<5>)  raw;
  ap_uint<1> __smt2c_ext_0 = ((ap_uint<5>)abs5).range(4, 4);
  ap_uint<1> __smt2c_ext_1 = ((ap_uint<5>)abs5).range(3, 3);
  ap_uint<1> __smt2c_ext_2 = ((ap_uint<5>)abs5).range(2, 2);
  ap_uint<1> __smt2c_ext_3 = ((ap_uint<5>)abs5).range(1, 1);
  ap_uint<5> __smt2c_result;
  if(raw == 0) {
    __smt2c_result = 0;
  }
  else if(__smt2c_ext_0 == 1) {
    __smt2c_result = 2;
  }
  else if(__smt2c_ext_1 == 1) {
    __smt2c_result = 1;
  }
  else if(__smt2c_ext_2 == 1) {
    __smt2c_result = 0;
  }
  else if(__smt2c_ext_3 == 1) {
    __smt2c_result = 31;
  }
  else {
    __smt2c_result = 30;
  }
  return __smt2c_result;
}

ap_uint<4> sat_mant4(ap_uint<5> shifted) {
  ap_uint<4> __smt2c_ext_0 = ((ap_uint<5>)shifted).range(3, 0);
  ap_uint<4> __smt2c_result;
  if((ap_int<5>)shifted > (ap_int<5>)7) {
    __smt2c_result = 7;
  }
  else if((ap_int<5>)shifted < (ap_int<5>)24) {
    __smt2c_result = 8;
  }
  else {
    __smt2c_result = __smt2c_ext_0;
  }
  return __smt2c_result;
}

ap_uint<4> clamp_exp4(ap_uint<5> exp_adj) {
  ap_uint<5> __smt2c_src_0 = (ap_int<5>)exp_adj > (ap_int<5>)7 ? (ap_uint<5>)  7 : (ap_uint<5>)  ((ap_int<5>)exp_adj < (ap_int<5>)24 ? (ap_uint<5>)  24 : (ap_uint<5>)  exp_adj);
  ap_uint<4> __smt2c_ext_1 = ((ap_uint<5>)__smt2c_src_0).range(3, 0);
  return __smt2c_ext_1;
}

unsigned char add_full_sum(ap_uint<4> m1, ap_uint<4> e1, ap_uint<4> m2, ap_uint<4> e2) {
  __CPROVER_bool _let_1 = (ap_int<4>)e1 > (ap_int<4>)e2;
  ap_uint<5> _let_2 = (ap_uint<5>)(ap_int<5>)(ap_int<4>)((ap_int<4>)e1 >= (ap_int<4>)e2 ? (ap_uint<4>)  m1 : (ap_uint<4>)  m2);
  ap_uint<5> _let_3 = _let_2 + (ap_uint<5>)(ap_int<5>)(ap_int<4>)(_let_1 ? (ap_uint<4>)  m1 : (ap_uint<4>)  m2);
  return (unsigned char)(_let_2 + _let_2 == 0 ? (ap_uint<4>)  0 : (ap_uint<4>)  sat_mant4(_let_3)) << 4 | (unsigned char)(_let_3 == 0 ? (ap_uint<4>)  0 : (ap_uint<4>)  clamp_exp4((ap_uint<5>)(ap_int<5>)(ap_int<4>)(_let_1 ? (ap_uint<4>)  e1 : (ap_uint<4>)  e2)));
}

Converting C output to HLS-compatible C++...

HLS C++ file saved to: /home/josephluke/Program-Synthesis-for-Efficient-ML/results/cpp/hpsweep_mxint8_add_combined_t10_i50_r03.cpp
Generated HLS-ready C++ code:

#include <ap_int.h>

ap_uint<5> norm_shifted5(ap_uint<5> raw) {
  ap_uint<5> abs5 = (ap_int<5>)raw < (ap_int<5>)0 ? (ap_uint<5>)  -raw : (ap_uint<5>)  raw;
  ap_uint<1> __smt2c_ext_0 = ((ap_uint<5>)abs5).range(4, 4);
  ap_uint<1> __smt2c_ext_1 = ((ap_uint<5>)abs5).range(3, 3);
  ap_uint<1> __smt2c_ext_2 = ((ap_uint<5>)abs5).range(2, 2);
  ap_uint<1> __smt2c_ext_3 = ((ap_uint<5>)abs5).range(1, 1);
  ap_uint<5> __smt2c_result;
  if(raw == 0) {
    __smt2c_result = raw;
  }
  else if(__smt2c_ext_0 == 1) {
    __smt2c_result = (ap_uint<5>)((ap_int<5>)raw >> (ap_int<5>)2);
  }
  else if(__smt2c_ext_1 == 1) {
    __smt2c_result = (ap_uint<5>)((ap_int<5>)raw >> (ap_int<5>)1);
  }
  else if(__smt2c_ext_2 == 1) {
    __smt2c_result = raw;
  }
  else if(__smt2c_ext_3 == 1) {
    __smt2c_result = raw << 1;
  }
  else {
    __smt2c_result = raw << 2;
  }
  return __smt2c_result;
}

ap_uint<5> exp_delta5_from_raw(ap_uint<5> raw) {
  ap_uint<5> abs5 = (ap_int<5>)raw < (ap_int<5>)0 ? (ap_uint<5>)  -raw : (ap_uint<5>)  raw;
  ap_uint<1> __smt2c_ext_0 = ((ap_uint<5>)abs5).range(4, 4);
  ap_uint<1> __smt2c_ext_1 = ((ap_uint<5>)abs5).range(3, 3);
  ap_uint<1> __smt2c_ext_2 = ((ap_uint<5>)abs5).range(2, 2);
  ap_uint<1> __smt2c_ext_3 = ((ap_uint<5>)abs5).range(1, 1);
  ap_uint<5> __smt2c_result;
  if(raw == 0) {
    __smt2c_result = 0;
  }
  else if(__smt2c_ext_0 == 1) {
    __smt2c_result = 2;
  }
  else if(__smt2c_ext_1 == 1) {
    __smt2c_result = 1;
  }
  else if(__smt2c_ext_2 == 1) {
    __smt2c_result = 0;
  }
  else if(__smt2c_ext_3 == 1) {
    __smt2c_result = 31;
  }
  else {
    __smt2c_result = 30;
  }
  return __smt2c_result;
}

ap_uint<4> sat_mant4(ap_uint<5> shifted) {
  ap_uint<4> __smt2c_ext_0 = ((ap_uint<5>)shifted).range(3, 0);
  ap_uint<4> __smt2c_result;
  if((ap_int<5>)shifted > (ap_int<5>)7) {
    __smt2c_result = 7;
  }
  else if((ap_int<5>)shifted < (ap_int<5>)24) {
    __smt2c_result = 8;
  }
  else {
    __smt2c_result = __smt2c_ext_0;
  }
  return __smt2c_result;
}

ap_uint<4> clamp_exp4(ap_uint<5> exp_adj) {
  ap_uint<5> __smt2c_src_0 = (ap_int<5>)exp_adj > (ap_int<5>)7 ? (ap_uint<5>)  7 : (ap_uint<5>)  ((ap_int<5>)exp_adj < (ap_int<5>)24 ? (ap_uint<5>)  24 : (ap_uint<5>)  exp_adj);
  ap_uint<4> __smt2c_ext_1 = ((ap_uint<5>)__smt2c_src_0).range(3, 0);
  return __smt2c_ext_1;
}

ap_uint<8> add_full_sum(ap_uint<4> m1, ap_uint<4> e1, ap_uint<4> m2, ap_uint<4> e2) {
  bool _let_1 = (ap_int<4>)e1 > (ap_int<4>)e2;
  ap_uint<5> _let_2 = (ap_uint<5>)(ap_int<5>)(ap_int<4>)((ap_int<4>)e1 >= (ap_int<4>)e2 ? (ap_uint<4>)  m1 : (ap_uint<4>)  m2);
  ap_uint<5> _let_3 = _let_2 + (ap_uint<5>)(ap_int<5>)(ap_int<4>)(_let_1 ? (ap_uint<4>)  m1 : (ap_uint<4>)  m2);
  return (ap_uint<8>)(_let_2 + _let_2 == 0 ? (ap_uint<4>)  0 : (ap_uint<4>)  sat_mant4(_let_3)) << 4 | (ap_uint<8>)(_let_3 == 0 ? (ap_uint<4>)  0 : (ap_uint<4>)  clamp_exp4((ap_uint<5>)(ap_int<5>)(ap_int<4>)(_let_1 ? (ap_uint<4>)  e1 : (ap_uint<4>)  e2)));
}

[INFO] Auto-detected top function: add_full_sum
[INFO] Generated HLS TCL script: /home/josephluke/Program-Synthesis-for-Efficient-ML/results/HLS/hpsweep_mxint8_add_combined_t10_i50_r03/hls.tcl
[INFO] Running Vitis HLS synthesis...

[SUCCESS] Vitis HLS run completed successfully.
[INFO] Staged 2 Verilog files into: /home/josephluke/Program-Synthesis-for-Efficient-ML/results/HLS/hpsweep_mxint8_add_combined_t10_i50_r03/verilog_out
[INFO] Candidate RTL modules: ['add_full_sum', 'add_full_sum_sparsemux_7_2_4_1_1']

--- Hardware Results ---
{
    "LUTs": 137,
    "FFs": 0,
    "DSPs": 0,
    "BRAMs": 0,
    "Cycles": 0,
    "Fmax_MHz": 127.194
}
