

================================================================
== Vitis HLS Report for 'fp32_normaliser'
================================================================
* Date:           Wed Nov 26 12:59:23 2025

* Version:        2025.1 (Build 6135595 on May 21 2025)
* Project:        solution_fp32addition_fp32_full_sum_component
* Solution:       hls (Vivado IP Flow Target)
* Product family: zynq
* Target device:  xc7z020-clg400-1


================================================================
== Performance Estimates
================================================================
+ Timing: 
    * Summary: 
    +--------+---------+----------+------------+
    |  Clock |  Target | Estimated| Uncertainty|
    +--------+---------+----------+------------+
    |ap_clk  |  1.00 ms|  7.137 ns|     0.27 ms|
    +--------+---------+----------+------------+

+ Latency: 
    * Summary: 
    +---------+---------+----------+----------+-----+-----+---------+
    |  Latency (cycles) |  Latency (absolute) |  Interval | Pipeline|
    |   min   |   max   |    min   |    max   | min | max |   Type  |
    +---------+---------+----------+----------+-----+-----+---------+
    |        0|        0|      0 ns|      0 ns|    0|    0|       no|
    +---------+---------+----------+----------+-----+-----+---------+

    + Detail: 
        * Instance: 
        N/A

        * Loop: 
        N/A

============================================================
+ Verbose Summary: Synthesis Manager
============================================================
InlineROM: 1
ExposeGlobal: 0
============================================================
+ Verbose Summary: CDFG Model
============================================================
IsTopModel: 0
ResetActiveHigh: 1
IsCombinational: 0
IsDatapathOnly: 0
HasWiredReturn: 1
HasMFsm: 0
HasVarLatency: 0
IsPipeline: 0
IsRtlPipelined: 0
IsInstanceOverlapped: 0
IsDontTouch: 0
HasImplIP: 0
IsGatedGlobalClock: 0


============================================================
+ Verbose Summary: Schedule
============================================================
* Number of FSM states : 1
* Pipeline : 0
* Dataflow Pipeline: 0

* FSM state transitions: 
1 --> 

* FSM state operations: 

State 1 <SV = 0> <Delay = 7.13>
ST_1 : Operation 2 [1/1] (0.00ns)   --->   "%target_exponent_read = read i8 @_ssdm_op_Read.ap_auto.i8, i8 %target_exponent" [/home/joe/Desktop/Uni/Year_4/Dissertation/Program-Synthesis-for-Efficient-ML/results/cpp/solution_fp32addition_fp32_full_sum.cpp:48]   --->   Operation 2 'read' 'target_exponent_read' <Predicate = true> <Delay = 0.00>
ST_1 : Operation 3 [1/1] (0.00ns)   --->   "%raw_sign_read = read i1 @_ssdm_op_Read.ap_auto.i1, i1 %raw_sign" [/home/joe/Desktop/Uni/Year_4/Dissertation/Program-Synthesis-for-Efficient-ML/results/cpp/solution_fp32addition_fp32_full_sum.cpp:48]   --->   Operation 3 'read' 'raw_sign_read' <Predicate = true> <Delay = 0.00>
ST_1 : Operation 4 [1/1] (0.00ns)   --->   "%raw_sum_mantissa_read = read i25 @_ssdm_op_Read.ap_auto.i25, i25 %raw_sum_mantissa" [/home/joe/Desktop/Uni/Year_4/Dissertation/Program-Synthesis-for-Efficient-ML/results/cpp/solution_fp32addition_fp32_full_sum.cpp:48]   --->   Operation 4 'read' 'raw_sum_mantissa_read' <Predicate = true> <Delay = 0.00>
ST_1 : Operation 5 [1/1] (2.34ns)   --->   "%icmp_ln49 = icmp_eq  i25 %raw_sum_mantissa_read, i25 0" [/home/joe/Desktop/Uni/Year_4/Dissertation/Program-Synthesis-for-Efficient-ML/results/cpp/solution_fp32addition_fp32_full_sum.cpp:49]   --->   Operation 5 'icmp' 'icmp_ln49' <Predicate = true> <Delay = 2.34> <CoreInst = "Cmp">   --->   Core 9 'Cmp' <Latency = 0> <II = 1> <Delay = 2.34> <FuncUnit> <Opcode : 'seteq' 'setne' 'setle' 'setge' 'setlt' 'setgt'> <InPorts = 2> <OutPorts = 1>
ST_1 : Operation 6 [1/1] (1.58ns)   --->   "%br_ln49 = br i1 %icmp_ln49, void %if.end, void %return" [/home/joe/Desktop/Uni/Year_4/Dissertation/Program-Synthesis-for-Efficient-ML/results/cpp/solution_fp32addition_fp32_full_sum.cpp:49]   --->   Operation 6 'br' 'br_ln49' <Predicate = true> <Delay = 1.58>
ST_1 : Operation 7 [1/1] (0.00ns)   --->   "%tmp = bitselect i1 @_ssdm_op_BitSelect.i1.i25.i32, i25 %raw_sum_mantissa_read, i32 24" [/home/joe/Desktop/Uni/Year_4/Dissertation/Program-Synthesis-for-Efficient-ML/results/cpp/solution_fp32addition_fp32_full_sum.cpp:54]   --->   Operation 7 'bitselect' 'tmp' <Predicate = (!icmp_ln49)> <Delay = 0.00>
ST_1 : Operation 8 [1/1] (0.00ns)   --->   "%br_ln54 = br i1 %tmp, void %if.else, void %if.then6" [/home/joe/Desktop/Uni/Year_4/Dissertation/Program-Synthesis-for-Efficient-ML/results/cpp/solution_fp32addition_fp32_full_sum.cpp:54]   --->   Operation 8 'br' 'br_ln54' <Predicate = (!icmp_ln49)> <Delay = 0.00>
ST_1 : Operation 9 [1/1] (0.00ns)   --->   "%tmp_1 = bitselect i1 @_ssdm_op_BitSelect.i1.i25.i32, i25 %raw_sum_mantissa_read, i32 23" [/home/joe/Desktop/Uni/Year_4/Dissertation/Program-Synthesis-for-Efficient-ML/results/cpp/solution_fp32addition_fp32_full_sum.cpp:55]   --->   Operation 9 'bitselect' 'tmp_1' <Predicate = (!icmp_ln49 & !tmp)> <Delay = 0.00>
ST_1 : Operation 10 [1/1] (0.00ns)   --->   "%br_ln55 = br i1 %tmp_1, void %if.else15, void %if.then12" [/home/joe/Desktop/Uni/Year_4/Dissertation/Program-Synthesis-for-Efficient-ML/results/cpp/solution_fp32addition_fp32_full_sum.cpp:55]   --->   Operation 10 'br' 'br_ln55' <Predicate = (!icmp_ln49 & !tmp)> <Delay = 0.00>
ST_1 : Operation 11 [1/1] (0.00ns)   --->   "%tmp_2 = bitselect i1 @_ssdm_op_BitSelect.i1.i25.i32, i25 %raw_sum_mantissa_read, i32 22" [/home/joe/Desktop/Uni/Year_4/Dissertation/Program-Synthesis-for-Efficient-ML/results/cpp/solution_fp32addition_fp32_full_sum.cpp:56]   --->   Operation 11 'bitselect' 'tmp_2' <Predicate = (!icmp_ln49 & !tmp & !tmp_1)> <Delay = 0.00>
ST_1 : Operation 12 [1/1] (0.00ns)   --->   "%br_ln56 = br i1 %tmp_2, void %if.else23, void %if.then18" [/home/joe/Desktop/Uni/Year_4/Dissertation/Program-Synthesis-for-Efficient-ML/results/cpp/solution_fp32addition_fp32_full_sum.cpp:56]   --->   Operation 12 'br' 'br_ln56' <Predicate = (!icmp_ln49 & !tmp & !tmp_1)> <Delay = 0.00>
ST_1 : Operation 13 [1/1] (0.00ns)   --->   "%tmp_3 = bitselect i1 @_ssdm_op_BitSelect.i1.i25.i32, i25 %raw_sum_mantissa_read, i32 21" [/home/joe/Desktop/Uni/Year_4/Dissertation/Program-Synthesis-for-Efficient-ML/results/cpp/solution_fp32addition_fp32_full_sum.cpp:57]   --->   Operation 13 'bitselect' 'tmp_3' <Predicate = (!icmp_ln49 & !tmp & !tmp_1 & !tmp_2)> <Delay = 0.00>
ST_1 : Operation 14 [1/1] (0.00ns)   --->   "%br_ln57 = br i1 %tmp_3, void %if.else31, void %if.then26" [/home/joe/Desktop/Uni/Year_4/Dissertation/Program-Synthesis-for-Efficient-ML/results/cpp/solution_fp32addition_fp32_full_sum.cpp:57]   --->   Operation 14 'br' 'br_ln57' <Predicate = (!icmp_ln49 & !tmp & !tmp_1 & !tmp_2)> <Delay = 0.00>
ST_1 : Operation 15 [1/1] (0.00ns)   --->   "%tmp_4 = bitselect i1 @_ssdm_op_BitSelect.i1.i25.i32, i25 %raw_sum_mantissa_read, i32 20" [/home/joe/Desktop/Uni/Year_4/Dissertation/Program-Synthesis-for-Efficient-ML/results/cpp/solution_fp32addition_fp32_full_sum.cpp:58]   --->   Operation 15 'bitselect' 'tmp_4' <Predicate = (!icmp_ln49 & !tmp & !tmp_1 & !tmp_2 & !tmp_3)> <Delay = 0.00>
ST_1 : Operation 16 [1/1] (0.00ns)   --->   "%br_ln58 = br i1 %tmp_4, void %if.else39, void %if.then34" [/home/joe/Desktop/Uni/Year_4/Dissertation/Program-Synthesis-for-Efficient-ML/results/cpp/solution_fp32addition_fp32_full_sum.cpp:58]   --->   Operation 16 'br' 'br_ln58' <Predicate = (!icmp_ln49 & !tmp & !tmp_1 & !tmp_2 & !tmp_3)> <Delay = 0.00>
ST_1 : Operation 17 [1/1] (0.00ns)   --->   "%tmp_5 = bitselect i1 @_ssdm_op_BitSelect.i1.i25.i32, i25 %raw_sum_mantissa_read, i32 19" [/home/joe/Desktop/Uni/Year_4/Dissertation/Program-Synthesis-for-Efficient-ML/results/cpp/solution_fp32addition_fp32_full_sum.cpp:59]   --->   Operation 17 'bitselect' 'tmp_5' <Predicate = (!icmp_ln49 & !tmp & !tmp_1 & !tmp_2 & !tmp_3 & !tmp_4)> <Delay = 0.00>
ST_1 : Operation 18 [1/1] (0.00ns)   --->   "%br_ln59 = br i1 %tmp_5, void %if.else47, void %if.then42" [/home/joe/Desktop/Uni/Year_4/Dissertation/Program-Synthesis-for-Efficient-ML/results/cpp/solution_fp32addition_fp32_full_sum.cpp:59]   --->   Operation 18 'br' 'br_ln59' <Predicate = (!icmp_ln49 & !tmp & !tmp_1 & !tmp_2 & !tmp_3 & !tmp_4)> <Delay = 0.00>
ST_1 : Operation 19 [1/1] (0.00ns)   --->   "%tmp_6 = bitselect i1 @_ssdm_op_BitSelect.i1.i25.i32, i25 %raw_sum_mantissa_read, i32 18" [/home/joe/Desktop/Uni/Year_4/Dissertation/Program-Synthesis-for-Efficient-ML/results/cpp/solution_fp32addition_fp32_full_sum.cpp:60]   --->   Operation 19 'bitselect' 'tmp_6' <Predicate = (!icmp_ln49 & !tmp & !tmp_1 & !tmp_2 & !tmp_3 & !tmp_4 & !tmp_5)> <Delay = 0.00>
ST_1 : Operation 20 [1/1] (0.00ns)   --->   "%br_ln60 = br i1 %tmp_6, void %if.else55, void %if.then50" [/home/joe/Desktop/Uni/Year_4/Dissertation/Program-Synthesis-for-Efficient-ML/results/cpp/solution_fp32addition_fp32_full_sum.cpp:60]   --->   Operation 20 'br' 'br_ln60' <Predicate = (!icmp_ln49 & !tmp & !tmp_1 & !tmp_2 & !tmp_3 & !tmp_4 & !tmp_5)> <Delay = 0.00>
ST_1 : Operation 21 [1/1] (0.00ns)   --->   "%tmp_7 = bitselect i1 @_ssdm_op_BitSelect.i1.i25.i32, i25 %raw_sum_mantissa_read, i32 17" [/home/joe/Desktop/Uni/Year_4/Dissertation/Program-Synthesis-for-Efficient-ML/results/cpp/solution_fp32addition_fp32_full_sum.cpp:61]   --->   Operation 21 'bitselect' 'tmp_7' <Predicate = (!icmp_ln49 & !tmp & !tmp_1 & !tmp_2 & !tmp_3 & !tmp_4 & !tmp_5 & !tmp_6)> <Delay = 0.00>
ST_1 : Operation 22 [1/1] (0.00ns)   --->   "%br_ln61 = br i1 %tmp_7, void %if.else63, void %if.then58" [/home/joe/Desktop/Uni/Year_4/Dissertation/Program-Synthesis-for-Efficient-ML/results/cpp/solution_fp32addition_fp32_full_sum.cpp:61]   --->   Operation 22 'br' 'br_ln61' <Predicate = (!icmp_ln49 & !tmp & !tmp_1 & !tmp_2 & !tmp_3 & !tmp_4 & !tmp_5 & !tmp_6)> <Delay = 0.00>
ST_1 : Operation 23 [1/1] (0.00ns)   --->   "%tmp_8 = bitselect i1 @_ssdm_op_BitSelect.i1.i25.i32, i25 %raw_sum_mantissa_read, i32 16" [/home/joe/Desktop/Uni/Year_4/Dissertation/Program-Synthesis-for-Efficient-ML/results/cpp/solution_fp32addition_fp32_full_sum.cpp:62]   --->   Operation 23 'bitselect' 'tmp_8' <Predicate = (!icmp_ln49 & !tmp & !tmp_1 & !tmp_2 & !tmp_3 & !tmp_4 & !tmp_5 & !tmp_6 & !tmp_7)> <Delay = 0.00>
ST_1 : Operation 24 [1/1] (0.00ns)   --->   "%br_ln62 = br i1 %tmp_8, void %if.else71, void %if.then66" [/home/joe/Desktop/Uni/Year_4/Dissertation/Program-Synthesis-for-Efficient-ML/results/cpp/solution_fp32addition_fp32_full_sum.cpp:62]   --->   Operation 24 'br' 'br_ln62' <Predicate = (!icmp_ln49 & !tmp & !tmp_1 & !tmp_2 & !tmp_3 & !tmp_4 & !tmp_5 & !tmp_6 & !tmp_7)> <Delay = 0.00>
ST_1 : Operation 25 [1/1] (0.00ns)   --->   "%tmp_9 = bitselect i1 @_ssdm_op_BitSelect.i1.i25.i32, i25 %raw_sum_mantissa_read, i32 15" [/home/joe/Desktop/Uni/Year_4/Dissertation/Program-Synthesis-for-Efficient-ML/results/cpp/solution_fp32addition_fp32_full_sum.cpp:63]   --->   Operation 25 'bitselect' 'tmp_9' <Predicate = (!icmp_ln49 & !tmp & !tmp_1 & !tmp_2 & !tmp_3 & !tmp_4 & !tmp_5 & !tmp_6 & !tmp_7 & !tmp_8)> <Delay = 0.00>
ST_1 : Operation 26 [1/1] (0.00ns)   --->   "%br_ln63 = br i1 %tmp_9, void %if.else79, void %if.then74" [/home/joe/Desktop/Uni/Year_4/Dissertation/Program-Synthesis-for-Efficient-ML/results/cpp/solution_fp32addition_fp32_full_sum.cpp:63]   --->   Operation 26 'br' 'br_ln63' <Predicate = (!icmp_ln49 & !tmp & !tmp_1 & !tmp_2 & !tmp_3 & !tmp_4 & !tmp_5 & !tmp_6 & !tmp_7 & !tmp_8)> <Delay = 0.00>
ST_1 : Operation 27 [1/1] (0.00ns)   --->   "%tmp_10 = bitselect i1 @_ssdm_op_BitSelect.i1.i25.i32, i25 %raw_sum_mantissa_read, i32 14" [/home/joe/Desktop/Uni/Year_4/Dissertation/Program-Synthesis-for-Efficient-ML/results/cpp/solution_fp32addition_fp32_full_sum.cpp:64]   --->   Operation 27 'bitselect' 'tmp_10' <Predicate = (!icmp_ln49 & !tmp & !tmp_1 & !tmp_2 & !tmp_3 & !tmp_4 & !tmp_5 & !tmp_6 & !tmp_7 & !tmp_8 & !tmp_9)> <Delay = 0.00>
ST_1 : Operation 28 [1/1] (0.00ns)   --->   "%br_ln64 = br i1 %tmp_10, void %if.else87, void %if.then82" [/home/joe/Desktop/Uni/Year_4/Dissertation/Program-Synthesis-for-Efficient-ML/results/cpp/solution_fp32addition_fp32_full_sum.cpp:64]   --->   Operation 28 'br' 'br_ln64' <Predicate = (!icmp_ln49 & !tmp & !tmp_1 & !tmp_2 & !tmp_3 & !tmp_4 & !tmp_5 & !tmp_6 & !tmp_7 & !tmp_8 & !tmp_9)> <Delay = 0.00>
ST_1 : Operation 29 [1/1] (0.00ns)   --->   "%tmp_11 = bitselect i1 @_ssdm_op_BitSelect.i1.i25.i32, i25 %raw_sum_mantissa_read, i32 13" [/home/joe/Desktop/Uni/Year_4/Dissertation/Program-Synthesis-for-Efficient-ML/results/cpp/solution_fp32addition_fp32_full_sum.cpp:65]   --->   Operation 29 'bitselect' 'tmp_11' <Predicate = (!icmp_ln49 & !tmp & !tmp_1 & !tmp_2 & !tmp_3 & !tmp_4 & !tmp_5 & !tmp_6 & !tmp_7 & !tmp_8 & !tmp_9 & !tmp_10)> <Delay = 0.00>
ST_1 : Operation 30 [1/1] (0.00ns)   --->   "%br_ln65 = br i1 %tmp_11, void %if.else95, void %if.then90" [/home/joe/Desktop/Uni/Year_4/Dissertation/Program-Synthesis-for-Efficient-ML/results/cpp/solution_fp32addition_fp32_full_sum.cpp:65]   --->   Operation 30 'br' 'br_ln65' <Predicate = (!icmp_ln49 & !tmp & !tmp_1 & !tmp_2 & !tmp_3 & !tmp_4 & !tmp_5 & !tmp_6 & !tmp_7 & !tmp_8 & !tmp_9 & !tmp_10)> <Delay = 0.00>
ST_1 : Operation 31 [1/1] (0.00ns)   --->   "%tmp_12 = bitselect i1 @_ssdm_op_BitSelect.i1.i25.i32, i25 %raw_sum_mantissa_read, i32 12" [/home/joe/Desktop/Uni/Year_4/Dissertation/Program-Synthesis-for-Efficient-ML/results/cpp/solution_fp32addition_fp32_full_sum.cpp:66]   --->   Operation 31 'bitselect' 'tmp_12' <Predicate = (!icmp_ln49 & !tmp & !tmp_1 & !tmp_2 & !tmp_3 & !tmp_4 & !tmp_5 & !tmp_6 & !tmp_7 & !tmp_8 & !tmp_9 & !tmp_10 & !tmp_11)> <Delay = 0.00>
ST_1 : Operation 32 [1/1] (0.00ns)   --->   "%br_ln66 = br i1 %tmp_12, void %if.else103, void %if.then98" [/home/joe/Desktop/Uni/Year_4/Dissertation/Program-Synthesis-for-Efficient-ML/results/cpp/solution_fp32addition_fp32_full_sum.cpp:66]   --->   Operation 32 'br' 'br_ln66' <Predicate = (!icmp_ln49 & !tmp & !tmp_1 & !tmp_2 & !tmp_3 & !tmp_4 & !tmp_5 & !tmp_6 & !tmp_7 & !tmp_8 & !tmp_9 & !tmp_10 & !tmp_11)> <Delay = 0.00>
ST_1 : Operation 33 [1/1] (0.00ns)   --->   "%tmp_13 = bitselect i1 @_ssdm_op_BitSelect.i1.i25.i32, i25 %raw_sum_mantissa_read, i32 11" [/home/joe/Desktop/Uni/Year_4/Dissertation/Program-Synthesis-for-Efficient-ML/results/cpp/solution_fp32addition_fp32_full_sum.cpp:67]   --->   Operation 33 'bitselect' 'tmp_13' <Predicate = (!icmp_ln49 & !tmp & !tmp_1 & !tmp_2 & !tmp_3 & !tmp_4 & !tmp_5 & !tmp_6 & !tmp_7 & !tmp_8 & !tmp_9 & !tmp_10 & !tmp_11 & !tmp_12)> <Delay = 0.00>
ST_1 : Operation 34 [1/1] (0.00ns)   --->   "%br_ln67 = br i1 %tmp_13, void %if.else111, void %if.then106" [/home/joe/Desktop/Uni/Year_4/Dissertation/Program-Synthesis-for-Efficient-ML/results/cpp/solution_fp32addition_fp32_full_sum.cpp:67]   --->   Operation 34 'br' 'br_ln67' <Predicate = (!icmp_ln49 & !tmp & !tmp_1 & !tmp_2 & !tmp_3 & !tmp_4 & !tmp_5 & !tmp_6 & !tmp_7 & !tmp_8 & !tmp_9 & !tmp_10 & !tmp_11 & !tmp_12)> <Delay = 0.00>
ST_1 : Operation 35 [1/1] (0.00ns)   --->   "%tmp_14 = bitselect i1 @_ssdm_op_BitSelect.i1.i25.i32, i25 %raw_sum_mantissa_read, i32 10" [/home/joe/Desktop/Uni/Year_4/Dissertation/Program-Synthesis-for-Efficient-ML/results/cpp/solution_fp32addition_fp32_full_sum.cpp:68]   --->   Operation 35 'bitselect' 'tmp_14' <Predicate = (!icmp_ln49 & !tmp & !tmp_1 & !tmp_2 & !tmp_3 & !tmp_4 & !tmp_5 & !tmp_6 & !tmp_7 & !tmp_8 & !tmp_9 & !tmp_10 & !tmp_11 & !tmp_12 & !tmp_13)> <Delay = 0.00>
ST_1 : Operation 36 [1/1] (0.00ns)   --->   "%br_ln68 = br i1 %tmp_14, void %if.else119, void %if.then114" [/home/joe/Desktop/Uni/Year_4/Dissertation/Program-Synthesis-for-Efficient-ML/results/cpp/solution_fp32addition_fp32_full_sum.cpp:68]   --->   Operation 36 'br' 'br_ln68' <Predicate = (!icmp_ln49 & !tmp & !tmp_1 & !tmp_2 & !tmp_3 & !tmp_4 & !tmp_5 & !tmp_6 & !tmp_7 & !tmp_8 & !tmp_9 & !tmp_10 & !tmp_11 & !tmp_12 & !tmp_13)> <Delay = 0.00>
ST_1 : Operation 37 [1/1] (0.00ns)   --->   "%tmp_15 = bitselect i1 @_ssdm_op_BitSelect.i1.i25.i32, i25 %raw_sum_mantissa_read, i32 9" [/home/joe/Desktop/Uni/Year_4/Dissertation/Program-Synthesis-for-Efficient-ML/results/cpp/solution_fp32addition_fp32_full_sum.cpp:69]   --->   Operation 37 'bitselect' 'tmp_15' <Predicate = (!icmp_ln49 & !tmp & !tmp_1 & !tmp_2 & !tmp_3 & !tmp_4 & !tmp_5 & !tmp_6 & !tmp_7 & !tmp_8 & !tmp_9 & !tmp_10 & !tmp_11 & !tmp_12 & !tmp_13 & !tmp_14)> <Delay = 0.00>
ST_1 : Operation 38 [1/1] (0.00ns)   --->   "%br_ln69 = br i1 %tmp_15, void %if.else127, void %if.then122" [/home/joe/Desktop/Uni/Year_4/Dissertation/Program-Synthesis-for-Efficient-ML/results/cpp/solution_fp32addition_fp32_full_sum.cpp:69]   --->   Operation 38 'br' 'br_ln69' <Predicate = (!icmp_ln49 & !tmp & !tmp_1 & !tmp_2 & !tmp_3 & !tmp_4 & !tmp_5 & !tmp_6 & !tmp_7 & !tmp_8 & !tmp_9 & !tmp_10 & !tmp_11 & !tmp_12 & !tmp_13 & !tmp_14)> <Delay = 0.00>
ST_1 : Operation 39 [1/1] (0.00ns)   --->   "%tmp_16 = bitselect i1 @_ssdm_op_BitSelect.i1.i25.i32, i25 %raw_sum_mantissa_read, i32 8" [/home/joe/Desktop/Uni/Year_4/Dissertation/Program-Synthesis-for-Efficient-ML/results/cpp/solution_fp32addition_fp32_full_sum.cpp:70]   --->   Operation 39 'bitselect' 'tmp_16' <Predicate = (!icmp_ln49 & !tmp & !tmp_1 & !tmp_2 & !tmp_3 & !tmp_4 & !tmp_5 & !tmp_6 & !tmp_7 & !tmp_8 & !tmp_9 & !tmp_10 & !tmp_11 & !tmp_12 & !tmp_13 & !tmp_14 & !tmp_15)> <Delay = 0.00>
ST_1 : Operation 40 [1/1] (0.00ns)   --->   "%br_ln70 = br i1 %tmp_16, void %if.else135, void %if.then130" [/home/joe/Desktop/Uni/Year_4/Dissertation/Program-Synthesis-for-Efficient-ML/results/cpp/solution_fp32addition_fp32_full_sum.cpp:70]   --->   Operation 40 'br' 'br_ln70' <Predicate = (!icmp_ln49 & !tmp & !tmp_1 & !tmp_2 & !tmp_3 & !tmp_4 & !tmp_5 & !tmp_6 & !tmp_7 & !tmp_8 & !tmp_9 & !tmp_10 & !tmp_11 & !tmp_12 & !tmp_13 & !tmp_14 & !tmp_15)> <Delay = 0.00>
ST_1 : Operation 41 [1/1] (0.00ns)   --->   "%tmp_17 = bitselect i1 @_ssdm_op_BitSelect.i1.i25.i32, i25 %raw_sum_mantissa_read, i32 7" [/home/joe/Desktop/Uni/Year_4/Dissertation/Program-Synthesis-for-Efficient-ML/results/cpp/solution_fp32addition_fp32_full_sum.cpp:71]   --->   Operation 41 'bitselect' 'tmp_17' <Predicate = (!icmp_ln49 & !tmp & !tmp_1 & !tmp_2 & !tmp_3 & !tmp_4 & !tmp_5 & !tmp_6 & !tmp_7 & !tmp_8 & !tmp_9 & !tmp_10 & !tmp_11 & !tmp_12 & !tmp_13 & !tmp_14 & !tmp_15 & !tmp_16)> <Delay = 0.00>
ST_1 : Operation 42 [1/1] (0.00ns)   --->   "%br_ln71 = br i1 %tmp_17, void %if.else143, void %if.then138" [/home/joe/Desktop/Uni/Year_4/Dissertation/Program-Synthesis-for-Efficient-ML/results/cpp/solution_fp32addition_fp32_full_sum.cpp:71]   --->   Operation 42 'br' 'br_ln71' <Predicate = (!icmp_ln49 & !tmp & !tmp_1 & !tmp_2 & !tmp_3 & !tmp_4 & !tmp_5 & !tmp_6 & !tmp_7 & !tmp_8 & !tmp_9 & !tmp_10 & !tmp_11 & !tmp_12 & !tmp_13 & !tmp_14 & !tmp_15 & !tmp_16)> <Delay = 0.00>
ST_1 : Operation 43 [1/1] (0.00ns)   --->   "%tmp_18 = bitselect i1 @_ssdm_op_BitSelect.i1.i25.i32, i25 %raw_sum_mantissa_read, i32 6" [/home/joe/Desktop/Uni/Year_4/Dissertation/Program-Synthesis-for-Efficient-ML/results/cpp/solution_fp32addition_fp32_full_sum.cpp:72]   --->   Operation 43 'bitselect' 'tmp_18' <Predicate = (!icmp_ln49 & !tmp & !tmp_1 & !tmp_2 & !tmp_3 & !tmp_4 & !tmp_5 & !tmp_6 & !tmp_7 & !tmp_8 & !tmp_9 & !tmp_10 & !tmp_11 & !tmp_12 & !tmp_13 & !tmp_14 & !tmp_15 & !tmp_16 & !tmp_17)> <Delay = 0.00>
ST_1 : Operation 44 [1/1] (0.00ns)   --->   "%br_ln72 = br i1 %tmp_18, void %if.else151, void %if.then146" [/home/joe/Desktop/Uni/Year_4/Dissertation/Program-Synthesis-for-Efficient-ML/results/cpp/solution_fp32addition_fp32_full_sum.cpp:72]   --->   Operation 44 'br' 'br_ln72' <Predicate = (!icmp_ln49 & !tmp & !tmp_1 & !tmp_2 & !tmp_3 & !tmp_4 & !tmp_5 & !tmp_6 & !tmp_7 & !tmp_8 & !tmp_9 & !tmp_10 & !tmp_11 & !tmp_12 & !tmp_13 & !tmp_14 & !tmp_15 & !tmp_16 & !tmp_17)> <Delay = 0.00>
ST_1 : Operation 45 [1/1] (0.00ns)   --->   "%tmp_19 = bitselect i1 @_ssdm_op_BitSelect.i1.i25.i32, i25 %raw_sum_mantissa_read, i32 5" [/home/joe/Desktop/Uni/Year_4/Dissertation/Program-Synthesis-for-Efficient-ML/results/cpp/solution_fp32addition_fp32_full_sum.cpp:73]   --->   Operation 45 'bitselect' 'tmp_19' <Predicate = (!icmp_ln49 & !tmp & !tmp_1 & !tmp_2 & !tmp_3 & !tmp_4 & !tmp_5 & !tmp_6 & !tmp_7 & !tmp_8 & !tmp_9 & !tmp_10 & !tmp_11 & !tmp_12 & !tmp_13 & !tmp_14 & !tmp_15 & !tmp_16 & !tmp_17 & !tmp_18)> <Delay = 0.00>
ST_1 : Operation 46 [1/1] (0.00ns)   --->   "%br_ln73 = br i1 %tmp_19, void %if.else159, void %if.then154" [/home/joe/Desktop/Uni/Year_4/Dissertation/Program-Synthesis-for-Efficient-ML/results/cpp/solution_fp32addition_fp32_full_sum.cpp:73]   --->   Operation 46 'br' 'br_ln73' <Predicate = (!icmp_ln49 & !tmp & !tmp_1 & !tmp_2 & !tmp_3 & !tmp_4 & !tmp_5 & !tmp_6 & !tmp_7 & !tmp_8 & !tmp_9 & !tmp_10 & !tmp_11 & !tmp_12 & !tmp_13 & !tmp_14 & !tmp_15 & !tmp_16 & !tmp_17 & !tmp_18)> <Delay = 0.00>
ST_1 : Operation 47 [1/1] (0.00ns)   --->   "%tmp_20 = bitselect i1 @_ssdm_op_BitSelect.i1.i25.i32, i25 %raw_sum_mantissa_read, i32 4" [/home/joe/Desktop/Uni/Year_4/Dissertation/Program-Synthesis-for-Efficient-ML/results/cpp/solution_fp32addition_fp32_full_sum.cpp:74]   --->   Operation 47 'bitselect' 'tmp_20' <Predicate = (!icmp_ln49 & !tmp & !tmp_1 & !tmp_2 & !tmp_3 & !tmp_4 & !tmp_5 & !tmp_6 & !tmp_7 & !tmp_8 & !tmp_9 & !tmp_10 & !tmp_11 & !tmp_12 & !tmp_13 & !tmp_14 & !tmp_15 & !tmp_16 & !tmp_17 & !tmp_18 & !tmp_19)> <Delay = 0.00>
ST_1 : Operation 48 [1/1] (0.00ns)   --->   "%br_ln74 = br i1 %tmp_20, void %if.else167, void %if.then162" [/home/joe/Desktop/Uni/Year_4/Dissertation/Program-Synthesis-for-Efficient-ML/results/cpp/solution_fp32addition_fp32_full_sum.cpp:74]   --->   Operation 48 'br' 'br_ln74' <Predicate = (!icmp_ln49 & !tmp & !tmp_1 & !tmp_2 & !tmp_3 & !tmp_4 & !tmp_5 & !tmp_6 & !tmp_7 & !tmp_8 & !tmp_9 & !tmp_10 & !tmp_11 & !tmp_12 & !tmp_13 & !tmp_14 & !tmp_15 & !tmp_16 & !tmp_17 & !tmp_18 & !tmp_19)> <Delay = 0.00>
ST_1 : Operation 49 [1/1] (0.00ns)   --->   "%tmp_21 = bitselect i1 @_ssdm_op_BitSelect.i1.i25.i32, i25 %raw_sum_mantissa_read, i32 3" [/home/joe/Desktop/Uni/Year_4/Dissertation/Program-Synthesis-for-Efficient-ML/results/cpp/solution_fp32addition_fp32_full_sum.cpp:75]   --->   Operation 49 'bitselect' 'tmp_21' <Predicate = (!icmp_ln49 & !tmp & !tmp_1 & !tmp_2 & !tmp_3 & !tmp_4 & !tmp_5 & !tmp_6 & !tmp_7 & !tmp_8 & !tmp_9 & !tmp_10 & !tmp_11 & !tmp_12 & !tmp_13 & !tmp_14 & !tmp_15 & !tmp_16 & !tmp_17 & !tmp_18 & !tmp_19 & !tmp_20)> <Delay = 0.00>
ST_1 : Operation 50 [1/1] (0.00ns)   --->   "%br_ln75 = br i1 %tmp_21, void %if.else175, void %if.then170" [/home/joe/Desktop/Uni/Year_4/Dissertation/Program-Synthesis-for-Efficient-ML/results/cpp/solution_fp32addition_fp32_full_sum.cpp:75]   --->   Operation 50 'br' 'br_ln75' <Predicate = (!icmp_ln49 & !tmp & !tmp_1 & !tmp_2 & !tmp_3 & !tmp_4 & !tmp_5 & !tmp_6 & !tmp_7 & !tmp_8 & !tmp_9 & !tmp_10 & !tmp_11 & !tmp_12 & !tmp_13 & !tmp_14 & !tmp_15 & !tmp_16 & !tmp_17 & !tmp_18 & !tmp_19 & !tmp_20)> <Delay = 0.00>
ST_1 : Operation 51 [1/1] (0.00ns)   --->   "%tmp_22 = bitselect i1 @_ssdm_op_BitSelect.i1.i25.i32, i25 %raw_sum_mantissa_read, i32 2" [/home/joe/Desktop/Uni/Year_4/Dissertation/Program-Synthesis-for-Efficient-ML/results/cpp/solution_fp32addition_fp32_full_sum.cpp:76]   --->   Operation 51 'bitselect' 'tmp_22' <Predicate = (!icmp_ln49 & !tmp & !tmp_1 & !tmp_2 & !tmp_3 & !tmp_4 & !tmp_5 & !tmp_6 & !tmp_7 & !tmp_8 & !tmp_9 & !tmp_10 & !tmp_11 & !tmp_12 & !tmp_13 & !tmp_14 & !tmp_15 & !tmp_16 & !tmp_17 & !tmp_18 & !tmp_19 & !tmp_20 & !tmp_21)> <Delay = 0.00>
ST_1 : Operation 52 [1/1] (0.00ns)   --->   "%br_ln76 = br i1 %tmp_22, void %if.else183, void %if.then178" [/home/joe/Desktop/Uni/Year_4/Dissertation/Program-Synthesis-for-Efficient-ML/results/cpp/solution_fp32addition_fp32_full_sum.cpp:76]   --->   Operation 52 'br' 'br_ln76' <Predicate = (!icmp_ln49 & !tmp & !tmp_1 & !tmp_2 & !tmp_3 & !tmp_4 & !tmp_5 & !tmp_6 & !tmp_7 & !tmp_8 & !tmp_9 & !tmp_10 & !tmp_11 & !tmp_12 & !tmp_13 & !tmp_14 & !tmp_15 & !tmp_16 & !tmp_17 & !tmp_18 & !tmp_19 & !tmp_20 & !tmp_21)> <Delay = 0.00>
ST_1 : Operation 53 [1/1] (0.00ns)   --->   "%tmp_23 = bitselect i1 @_ssdm_op_BitSelect.i1.i25.i32, i25 %raw_sum_mantissa_read, i32 1" [/home/joe/Desktop/Uni/Year_4/Dissertation/Program-Synthesis-for-Efficient-ML/results/cpp/solution_fp32addition_fp32_full_sum.cpp:77]   --->   Operation 53 'bitselect' 'tmp_23' <Predicate = (!icmp_ln49 & !tmp & !tmp_1 & !tmp_2 & !tmp_3 & !tmp_4 & !tmp_5 & !tmp_6 & !tmp_7 & !tmp_8 & !tmp_9 & !tmp_10 & !tmp_11 & !tmp_12 & !tmp_13 & !tmp_14 & !tmp_15 & !tmp_16 & !tmp_17 & !tmp_18 & !tmp_19 & !tmp_20 & !tmp_21 & !tmp_22)> <Delay = 0.00>
ST_1 : Operation 54 [1/1] (0.00ns)   --->   "%br_ln77 = br i1 %tmp_23, void %if.else191, void %if.then186" [/home/joe/Desktop/Uni/Year_4/Dissertation/Program-Synthesis-for-Efficient-ML/results/cpp/solution_fp32addition_fp32_full_sum.cpp:77]   --->   Operation 54 'br' 'br_ln77' <Predicate = (!icmp_ln49 & !tmp & !tmp_1 & !tmp_2 & !tmp_3 & !tmp_4 & !tmp_5 & !tmp_6 & !tmp_7 & !tmp_8 & !tmp_9 & !tmp_10 & !tmp_11 & !tmp_12 & !tmp_13 & !tmp_14 & !tmp_15 & !tmp_16 & !tmp_17 & !tmp_18 & !tmp_19 & !tmp_20 & !tmp_21 & !tmp_22)> <Delay = 0.00>
ST_1 : Operation 55 [1/1] (1.91ns)   --->   "%exp_24 = add i8 %target_exponent_read, i8 233" [/home/joe/Desktop/Uni/Year_4/Dissertation/Program-Synthesis-for-Efficient-ML/results/cpp/solution_fp32addition_fp32_full_sum.cpp:78]   --->   Operation 55 'add' 'exp_24' <Predicate = (!icmp_ln49 & !tmp & !tmp_1 & !tmp_2 & !tmp_3 & !tmp_4 & !tmp_5 & !tmp_6 & !tmp_7 & !tmp_8 & !tmp_9 & !tmp_10 & !tmp_11 & !tmp_12 & !tmp_13 & !tmp_14 & !tmp_15 & !tmp_16 & !tmp_17 & !tmp_18 & !tmp_19 & !tmp_20 & !tmp_21 & !tmp_22 & !tmp_23)> <Delay = 1.91> <CoreInst = "Adder">   --->   Core 1 'Adder' <Latency = 0> <II = 1> <Delay = 1.91> <FuncUnit> <Opcode : 'add' 'sub'> <InPorts = 2> <OutPorts = 1>
ST_1 : Operation 56 [1/1] (3.20ns)   --->   "%br_ln0 = br void %if.end219"   --->   Operation 56 'br' 'br_ln0' <Predicate = (!icmp_ln49 & !tmp & !tmp_1 & !tmp_2 & !tmp_3 & !tmp_4 & !tmp_5 & !tmp_6 & !tmp_7 & !tmp_8 & !tmp_9 & !tmp_10 & !tmp_11 & !tmp_12 & !tmp_13 & !tmp_14 & !tmp_15 & !tmp_16 & !tmp_17 & !tmp_18 & !tmp_19 & !tmp_20 & !tmp_21 & !tmp_22 & !tmp_23)> <Delay = 3.20>
ST_1 : Operation 57 [1/1] (0.00ns)   --->   "%trunc_ln77 = trunc i25 %raw_sum_mantissa_read" [/home/joe/Desktop/Uni/Year_4/Dissertation/Program-Synthesis-for-Efficient-ML/results/cpp/solution_fp32addition_fp32_full_sum.cpp:77]   --->   Operation 57 'trunc' 'trunc_ln77' <Predicate = (!icmp_ln49 & !tmp & !tmp_1 & !tmp_2 & !tmp_3 & !tmp_4 & !tmp_5 & !tmp_6 & !tmp_7 & !tmp_8 & !tmp_9 & !tmp_10 & !tmp_11 & !tmp_12 & !tmp_13 & !tmp_14 & !tmp_15 & !tmp_16 & !tmp_17 & !tmp_18 & !tmp_19 & !tmp_20 & !tmp_21 & !tmp_22 & tmp_23)> <Delay = 0.00>
ST_1 : Operation 58 [1/1] (0.00ns)   --->   "%norm24_21 = bitconcatenate i23 @_ssdm_op_BitConcatenate.i23.i1.i22, i1 %trunc_ln77, i22 0" [/home/joe/Desktop/Uni/Year_4/Dissertation/Program-Synthesis-for-Efficient-ML/results/cpp/solution_fp32addition_fp32_full_sum.cpp:77]   --->   Operation 58 'bitconcatenate' 'norm24_21' <Predicate = (!icmp_ln49 & !tmp & !tmp_1 & !tmp_2 & !tmp_3 & !tmp_4 & !tmp_5 & !tmp_6 & !tmp_7 & !tmp_8 & !tmp_9 & !tmp_10 & !tmp_11 & !tmp_12 & !tmp_13 & !tmp_14 & !tmp_15 & !tmp_16 & !tmp_17 & !tmp_18 & !tmp_19 & !tmp_20 & !tmp_21 & !tmp_22 & tmp_23)> <Delay = 0.00>
ST_1 : Operation 59 [1/1] (1.91ns)   --->   "%exp_22 = add i8 %target_exponent_read, i8 234" [/home/joe/Desktop/Uni/Year_4/Dissertation/Program-Synthesis-for-Efficient-ML/results/cpp/solution_fp32addition_fp32_full_sum.cpp:77]   --->   Operation 59 'add' 'exp_22' <Predicate = (!icmp_ln49 & !tmp & !tmp_1 & !tmp_2 & !tmp_3 & !tmp_4 & !tmp_5 & !tmp_6 & !tmp_7 & !tmp_8 & !tmp_9 & !tmp_10 & !tmp_11 & !tmp_12 & !tmp_13 & !tmp_14 & !tmp_15 & !tmp_16 & !tmp_17 & !tmp_18 & !tmp_19 & !tmp_20 & !tmp_21 & !tmp_22 & tmp_23)> <Delay = 1.91> <CoreInst = "Adder">   --->   Core 1 'Adder' <Latency = 0> <II = 1> <Delay = 1.91> <FuncUnit> <Opcode : 'add' 'sub'> <InPorts = 2> <OutPorts = 1>
ST_1 : Operation 60 [1/1] (3.20ns)   --->   "%br_ln77 = br void %if.end219" [/home/joe/Desktop/Uni/Year_4/Dissertation/Program-Synthesis-for-Efficient-ML/results/cpp/solution_fp32addition_fp32_full_sum.cpp:77]   --->   Operation 60 'br' 'br_ln77' <Predicate = (!icmp_ln49 & !tmp & !tmp_1 & !tmp_2 & !tmp_3 & !tmp_4 & !tmp_5 & !tmp_6 & !tmp_7 & !tmp_8 & !tmp_9 & !tmp_10 & !tmp_11 & !tmp_12 & !tmp_13 & !tmp_14 & !tmp_15 & !tmp_16 & !tmp_17 & !tmp_18 & !tmp_19 & !tmp_20 & !tmp_21 & !tmp_22 & tmp_23)> <Delay = 3.20>
ST_1 : Operation 61 [1/1] (0.00ns)   --->   "%trunc_ln76 = trunc i25 %raw_sum_mantissa_read" [/home/joe/Desktop/Uni/Year_4/Dissertation/Program-Synthesis-for-Efficient-ML/results/cpp/solution_fp32addition_fp32_full_sum.cpp:76]   --->   Operation 61 'trunc' 'trunc_ln76' <Predicate = (!icmp_ln49 & !tmp & !tmp_1 & !tmp_2 & !tmp_3 & !tmp_4 & !tmp_5 & !tmp_6 & !tmp_7 & !tmp_8 & !tmp_9 & !tmp_10 & !tmp_11 & !tmp_12 & !tmp_13 & !tmp_14 & !tmp_15 & !tmp_16 & !tmp_17 & !tmp_18 & !tmp_19 & !tmp_20 & !tmp_21 & tmp_22)> <Delay = 0.00>
ST_1 : Operation 62 [1/1] (0.00ns)   --->   "%norm24_20 = bitconcatenate i23 @_ssdm_op_BitConcatenate.i23.i2.i21, i2 %trunc_ln76, i21 0" [/home/joe/Desktop/Uni/Year_4/Dissertation/Program-Synthesis-for-Efficient-ML/results/cpp/solution_fp32addition_fp32_full_sum.cpp:76]   --->   Operation 62 'bitconcatenate' 'norm24_20' <Predicate = (!icmp_ln49 & !tmp & !tmp_1 & !tmp_2 & !tmp_3 & !tmp_4 & !tmp_5 & !tmp_6 & !tmp_7 & !tmp_8 & !tmp_9 & !tmp_10 & !tmp_11 & !tmp_12 & !tmp_13 & !tmp_14 & !tmp_15 & !tmp_16 & !tmp_17 & !tmp_18 & !tmp_19 & !tmp_20 & !tmp_21 & tmp_22)> <Delay = 0.00>
ST_1 : Operation 63 [1/1] (1.91ns)   --->   "%exp_21 = add i8 %target_exponent_read, i8 235" [/home/joe/Desktop/Uni/Year_4/Dissertation/Program-Synthesis-for-Efficient-ML/results/cpp/solution_fp32addition_fp32_full_sum.cpp:76]   --->   Operation 63 'add' 'exp_21' <Predicate = (!icmp_ln49 & !tmp & !tmp_1 & !tmp_2 & !tmp_3 & !tmp_4 & !tmp_5 & !tmp_6 & !tmp_7 & !tmp_8 & !tmp_9 & !tmp_10 & !tmp_11 & !tmp_12 & !tmp_13 & !tmp_14 & !tmp_15 & !tmp_16 & !tmp_17 & !tmp_18 & !tmp_19 & !tmp_20 & !tmp_21 & tmp_22)> <Delay = 1.91> <CoreInst = "Adder">   --->   Core 1 'Adder' <Latency = 0> <II = 1> <Delay = 1.91> <FuncUnit> <Opcode : 'add' 'sub'> <InPorts = 2> <OutPorts = 1>
ST_1 : Operation 64 [1/1] (3.20ns)   --->   "%br_ln76 = br void %if.end219" [/home/joe/Desktop/Uni/Year_4/Dissertation/Program-Synthesis-for-Efficient-ML/results/cpp/solution_fp32addition_fp32_full_sum.cpp:76]   --->   Operation 64 'br' 'br_ln76' <Predicate = (!icmp_ln49 & !tmp & !tmp_1 & !tmp_2 & !tmp_3 & !tmp_4 & !tmp_5 & !tmp_6 & !tmp_7 & !tmp_8 & !tmp_9 & !tmp_10 & !tmp_11 & !tmp_12 & !tmp_13 & !tmp_14 & !tmp_15 & !tmp_16 & !tmp_17 & !tmp_18 & !tmp_19 & !tmp_20 & !tmp_21 & tmp_22)> <Delay = 3.20>
ST_1 : Operation 65 [1/1] (0.00ns)   --->   "%trunc_ln75 = trunc i25 %raw_sum_mantissa_read" [/home/joe/Desktop/Uni/Year_4/Dissertation/Program-Synthesis-for-Efficient-ML/results/cpp/solution_fp32addition_fp32_full_sum.cpp:75]   --->   Operation 65 'trunc' 'trunc_ln75' <Predicate = (!icmp_ln49 & !tmp & !tmp_1 & !tmp_2 & !tmp_3 & !tmp_4 & !tmp_5 & !tmp_6 & !tmp_7 & !tmp_8 & !tmp_9 & !tmp_10 & !tmp_11 & !tmp_12 & !tmp_13 & !tmp_14 & !tmp_15 & !tmp_16 & !tmp_17 & !tmp_18 & !tmp_19 & !tmp_20 & tmp_21)> <Delay = 0.00>
ST_1 : Operation 66 [1/1] (0.00ns)   --->   "%norm24_19 = bitconcatenate i23 @_ssdm_op_BitConcatenate.i23.i3.i20, i3 %trunc_ln75, i20 0" [/home/joe/Desktop/Uni/Year_4/Dissertation/Program-Synthesis-for-Efficient-ML/results/cpp/solution_fp32addition_fp32_full_sum.cpp:75]   --->   Operation 66 'bitconcatenate' 'norm24_19' <Predicate = (!icmp_ln49 & !tmp & !tmp_1 & !tmp_2 & !tmp_3 & !tmp_4 & !tmp_5 & !tmp_6 & !tmp_7 & !tmp_8 & !tmp_9 & !tmp_10 & !tmp_11 & !tmp_12 & !tmp_13 & !tmp_14 & !tmp_15 & !tmp_16 & !tmp_17 & !tmp_18 & !tmp_19 & !tmp_20 & tmp_21)> <Delay = 0.00>
ST_1 : Operation 67 [1/1] (1.91ns)   --->   "%exp_20 = add i8 %target_exponent_read, i8 236" [/home/joe/Desktop/Uni/Year_4/Dissertation/Program-Synthesis-for-Efficient-ML/results/cpp/solution_fp32addition_fp32_full_sum.cpp:75]   --->   Operation 67 'add' 'exp_20' <Predicate = (!icmp_ln49 & !tmp & !tmp_1 & !tmp_2 & !tmp_3 & !tmp_4 & !tmp_5 & !tmp_6 & !tmp_7 & !tmp_8 & !tmp_9 & !tmp_10 & !tmp_11 & !tmp_12 & !tmp_13 & !tmp_14 & !tmp_15 & !tmp_16 & !tmp_17 & !tmp_18 & !tmp_19 & !tmp_20 & tmp_21)> <Delay = 1.91> <CoreInst = "Adder">   --->   Core 1 'Adder' <Latency = 0> <II = 1> <Delay = 1.91> <FuncUnit> <Opcode : 'add' 'sub'> <InPorts = 2> <OutPorts = 1>
ST_1 : Operation 68 [1/1] (3.20ns)   --->   "%br_ln75 = br void %if.end219" [/home/joe/Desktop/Uni/Year_4/Dissertation/Program-Synthesis-for-Efficient-ML/results/cpp/solution_fp32addition_fp32_full_sum.cpp:75]   --->   Operation 68 'br' 'br_ln75' <Predicate = (!icmp_ln49 & !tmp & !tmp_1 & !tmp_2 & !tmp_3 & !tmp_4 & !tmp_5 & !tmp_6 & !tmp_7 & !tmp_8 & !tmp_9 & !tmp_10 & !tmp_11 & !tmp_12 & !tmp_13 & !tmp_14 & !tmp_15 & !tmp_16 & !tmp_17 & !tmp_18 & !tmp_19 & !tmp_20 & tmp_21)> <Delay = 3.20>
ST_1 : Operation 69 [1/1] (0.00ns)   --->   "%trunc_ln74 = trunc i25 %raw_sum_mantissa_read" [/home/joe/Desktop/Uni/Year_4/Dissertation/Program-Synthesis-for-Efficient-ML/results/cpp/solution_fp32addition_fp32_full_sum.cpp:74]   --->   Operation 69 'trunc' 'trunc_ln74' <Predicate = (!icmp_ln49 & !tmp & !tmp_1 & !tmp_2 & !tmp_3 & !tmp_4 & !tmp_5 & !tmp_6 & !tmp_7 & !tmp_8 & !tmp_9 & !tmp_10 & !tmp_11 & !tmp_12 & !tmp_13 & !tmp_14 & !tmp_15 & !tmp_16 & !tmp_17 & !tmp_18 & !tmp_19 & tmp_20)> <Delay = 0.00>
ST_1 : Operation 70 [1/1] (0.00ns)   --->   "%norm24_18 = bitconcatenate i23 @_ssdm_op_BitConcatenate.i23.i4.i19, i4 %trunc_ln74, i19 0" [/home/joe/Desktop/Uni/Year_4/Dissertation/Program-Synthesis-for-Efficient-ML/results/cpp/solution_fp32addition_fp32_full_sum.cpp:74]   --->   Operation 70 'bitconcatenate' 'norm24_18' <Predicate = (!icmp_ln49 & !tmp & !tmp_1 & !tmp_2 & !tmp_3 & !tmp_4 & !tmp_5 & !tmp_6 & !tmp_7 & !tmp_8 & !tmp_9 & !tmp_10 & !tmp_11 & !tmp_12 & !tmp_13 & !tmp_14 & !tmp_15 & !tmp_16 & !tmp_17 & !tmp_18 & !tmp_19 & tmp_20)> <Delay = 0.00>
ST_1 : Operation 71 [1/1] (1.91ns)   --->   "%exp_19 = add i8 %target_exponent_read, i8 237" [/home/joe/Desktop/Uni/Year_4/Dissertation/Program-Synthesis-for-Efficient-ML/results/cpp/solution_fp32addition_fp32_full_sum.cpp:74]   --->   Operation 71 'add' 'exp_19' <Predicate = (!icmp_ln49 & !tmp & !tmp_1 & !tmp_2 & !tmp_3 & !tmp_4 & !tmp_5 & !tmp_6 & !tmp_7 & !tmp_8 & !tmp_9 & !tmp_10 & !tmp_11 & !tmp_12 & !tmp_13 & !tmp_14 & !tmp_15 & !tmp_16 & !tmp_17 & !tmp_18 & !tmp_19 & tmp_20)> <Delay = 1.91> <CoreInst = "Adder">   --->   Core 1 'Adder' <Latency = 0> <II = 1> <Delay = 1.91> <FuncUnit> <Opcode : 'add' 'sub'> <InPorts = 2> <OutPorts = 1>
ST_1 : Operation 72 [1/1] (3.20ns)   --->   "%br_ln74 = br void %if.end219" [/home/joe/Desktop/Uni/Year_4/Dissertation/Program-Synthesis-for-Efficient-ML/results/cpp/solution_fp32addition_fp32_full_sum.cpp:74]   --->   Operation 72 'br' 'br_ln74' <Predicate = (!icmp_ln49 & !tmp & !tmp_1 & !tmp_2 & !tmp_3 & !tmp_4 & !tmp_5 & !tmp_6 & !tmp_7 & !tmp_8 & !tmp_9 & !tmp_10 & !tmp_11 & !tmp_12 & !tmp_13 & !tmp_14 & !tmp_15 & !tmp_16 & !tmp_17 & !tmp_18 & !tmp_19 & tmp_20)> <Delay = 3.20>
ST_1 : Operation 73 [1/1] (0.00ns)   --->   "%trunc_ln73 = trunc i25 %raw_sum_mantissa_read" [/home/joe/Desktop/Uni/Year_4/Dissertation/Program-Synthesis-for-Efficient-ML/results/cpp/solution_fp32addition_fp32_full_sum.cpp:73]   --->   Operation 73 'trunc' 'trunc_ln73' <Predicate = (!icmp_ln49 & !tmp & !tmp_1 & !tmp_2 & !tmp_3 & !tmp_4 & !tmp_5 & !tmp_6 & !tmp_7 & !tmp_8 & !tmp_9 & !tmp_10 & !tmp_11 & !tmp_12 & !tmp_13 & !tmp_14 & !tmp_15 & !tmp_16 & !tmp_17 & !tmp_18 & tmp_19)> <Delay = 0.00>
ST_1 : Operation 74 [1/1] (0.00ns)   --->   "%norm24_17 = bitconcatenate i23 @_ssdm_op_BitConcatenate.i23.i5.i18, i5 %trunc_ln73, i18 0" [/home/joe/Desktop/Uni/Year_4/Dissertation/Program-Synthesis-for-Efficient-ML/results/cpp/solution_fp32addition_fp32_full_sum.cpp:73]   --->   Operation 74 'bitconcatenate' 'norm24_17' <Predicate = (!icmp_ln49 & !tmp & !tmp_1 & !tmp_2 & !tmp_3 & !tmp_4 & !tmp_5 & !tmp_6 & !tmp_7 & !tmp_8 & !tmp_9 & !tmp_10 & !tmp_11 & !tmp_12 & !tmp_13 & !tmp_14 & !tmp_15 & !tmp_16 & !tmp_17 & !tmp_18 & tmp_19)> <Delay = 0.00>
ST_1 : Operation 75 [1/1] (1.91ns)   --->   "%exp_18 = add i8 %target_exponent_read, i8 238" [/home/joe/Desktop/Uni/Year_4/Dissertation/Program-Synthesis-for-Efficient-ML/results/cpp/solution_fp32addition_fp32_full_sum.cpp:73]   --->   Operation 75 'add' 'exp_18' <Predicate = (!icmp_ln49 & !tmp & !tmp_1 & !tmp_2 & !tmp_3 & !tmp_4 & !tmp_5 & !tmp_6 & !tmp_7 & !tmp_8 & !tmp_9 & !tmp_10 & !tmp_11 & !tmp_12 & !tmp_13 & !tmp_14 & !tmp_15 & !tmp_16 & !tmp_17 & !tmp_18 & tmp_19)> <Delay = 1.91> <CoreInst = "Adder">   --->   Core 1 'Adder' <Latency = 0> <II = 1> <Delay = 1.91> <FuncUnit> <Opcode : 'add' 'sub'> <InPorts = 2> <OutPorts = 1>
ST_1 : Operation 76 [1/1] (3.20ns)   --->   "%br_ln73 = br void %if.end219" [/home/joe/Desktop/Uni/Year_4/Dissertation/Program-Synthesis-for-Efficient-ML/results/cpp/solution_fp32addition_fp32_full_sum.cpp:73]   --->   Operation 76 'br' 'br_ln73' <Predicate = (!icmp_ln49 & !tmp & !tmp_1 & !tmp_2 & !tmp_3 & !tmp_4 & !tmp_5 & !tmp_6 & !tmp_7 & !tmp_8 & !tmp_9 & !tmp_10 & !tmp_11 & !tmp_12 & !tmp_13 & !tmp_14 & !tmp_15 & !tmp_16 & !tmp_17 & !tmp_18 & tmp_19)> <Delay = 3.20>
ST_1 : Operation 77 [1/1] (0.00ns)   --->   "%trunc_ln72 = trunc i25 %raw_sum_mantissa_read" [/home/joe/Desktop/Uni/Year_4/Dissertation/Program-Synthesis-for-Efficient-ML/results/cpp/solution_fp32addition_fp32_full_sum.cpp:72]   --->   Operation 77 'trunc' 'trunc_ln72' <Predicate = (!icmp_ln49 & !tmp & !tmp_1 & !tmp_2 & !tmp_3 & !tmp_4 & !tmp_5 & !tmp_6 & !tmp_7 & !tmp_8 & !tmp_9 & !tmp_10 & !tmp_11 & !tmp_12 & !tmp_13 & !tmp_14 & !tmp_15 & !tmp_16 & !tmp_17 & tmp_18)> <Delay = 0.00>
ST_1 : Operation 78 [1/1] (0.00ns)   --->   "%norm24_16 = bitconcatenate i23 @_ssdm_op_BitConcatenate.i23.i6.i17, i6 %trunc_ln72, i17 0" [/home/joe/Desktop/Uni/Year_4/Dissertation/Program-Synthesis-for-Efficient-ML/results/cpp/solution_fp32addition_fp32_full_sum.cpp:72]   --->   Operation 78 'bitconcatenate' 'norm24_16' <Predicate = (!icmp_ln49 & !tmp & !tmp_1 & !tmp_2 & !tmp_3 & !tmp_4 & !tmp_5 & !tmp_6 & !tmp_7 & !tmp_8 & !tmp_9 & !tmp_10 & !tmp_11 & !tmp_12 & !tmp_13 & !tmp_14 & !tmp_15 & !tmp_16 & !tmp_17 & tmp_18)> <Delay = 0.00>
ST_1 : Operation 79 [1/1] (1.91ns)   --->   "%exp_17 = add i8 %target_exponent_read, i8 239" [/home/joe/Desktop/Uni/Year_4/Dissertation/Program-Synthesis-for-Efficient-ML/results/cpp/solution_fp32addition_fp32_full_sum.cpp:72]   --->   Operation 79 'add' 'exp_17' <Predicate = (!icmp_ln49 & !tmp & !tmp_1 & !tmp_2 & !tmp_3 & !tmp_4 & !tmp_5 & !tmp_6 & !tmp_7 & !tmp_8 & !tmp_9 & !tmp_10 & !tmp_11 & !tmp_12 & !tmp_13 & !tmp_14 & !tmp_15 & !tmp_16 & !tmp_17 & tmp_18)> <Delay = 1.91> <CoreInst = "Adder">   --->   Core 1 'Adder' <Latency = 0> <II = 1> <Delay = 1.91> <FuncUnit> <Opcode : 'add' 'sub'> <InPorts = 2> <OutPorts = 1>
ST_1 : Operation 80 [1/1] (3.20ns)   --->   "%br_ln72 = br void %if.end219" [/home/joe/Desktop/Uni/Year_4/Dissertation/Program-Synthesis-for-Efficient-ML/results/cpp/solution_fp32addition_fp32_full_sum.cpp:72]   --->   Operation 80 'br' 'br_ln72' <Predicate = (!icmp_ln49 & !tmp & !tmp_1 & !tmp_2 & !tmp_3 & !tmp_4 & !tmp_5 & !tmp_6 & !tmp_7 & !tmp_8 & !tmp_9 & !tmp_10 & !tmp_11 & !tmp_12 & !tmp_13 & !tmp_14 & !tmp_15 & !tmp_16 & !tmp_17 & tmp_18)> <Delay = 3.20>
ST_1 : Operation 81 [1/1] (0.00ns)   --->   "%trunc_ln71 = trunc i25 %raw_sum_mantissa_read" [/home/joe/Desktop/Uni/Year_4/Dissertation/Program-Synthesis-for-Efficient-ML/results/cpp/solution_fp32addition_fp32_full_sum.cpp:71]   --->   Operation 81 'trunc' 'trunc_ln71' <Predicate = (!icmp_ln49 & !tmp & !tmp_1 & !tmp_2 & !tmp_3 & !tmp_4 & !tmp_5 & !tmp_6 & !tmp_7 & !tmp_8 & !tmp_9 & !tmp_10 & !tmp_11 & !tmp_12 & !tmp_13 & !tmp_14 & !tmp_15 & !tmp_16 & tmp_17)> <Delay = 0.00>
ST_1 : Operation 82 [1/1] (0.00ns)   --->   "%norm24_15 = bitconcatenate i23 @_ssdm_op_BitConcatenate.i23.i7.i16, i7 %trunc_ln71, i16 0" [/home/joe/Desktop/Uni/Year_4/Dissertation/Program-Synthesis-for-Efficient-ML/results/cpp/solution_fp32addition_fp32_full_sum.cpp:71]   --->   Operation 82 'bitconcatenate' 'norm24_15' <Predicate = (!icmp_ln49 & !tmp & !tmp_1 & !tmp_2 & !tmp_3 & !tmp_4 & !tmp_5 & !tmp_6 & !tmp_7 & !tmp_8 & !tmp_9 & !tmp_10 & !tmp_11 & !tmp_12 & !tmp_13 & !tmp_14 & !tmp_15 & !tmp_16 & tmp_17)> <Delay = 0.00>
ST_1 : Operation 83 [1/1] (1.91ns)   --->   "%exp_16 = add i8 %target_exponent_read, i8 240" [/home/joe/Desktop/Uni/Year_4/Dissertation/Program-Synthesis-for-Efficient-ML/results/cpp/solution_fp32addition_fp32_full_sum.cpp:71]   --->   Operation 83 'add' 'exp_16' <Predicate = (!icmp_ln49 & !tmp & !tmp_1 & !tmp_2 & !tmp_3 & !tmp_4 & !tmp_5 & !tmp_6 & !tmp_7 & !tmp_8 & !tmp_9 & !tmp_10 & !tmp_11 & !tmp_12 & !tmp_13 & !tmp_14 & !tmp_15 & !tmp_16 & tmp_17)> <Delay = 1.91> <CoreInst = "Adder">   --->   Core 1 'Adder' <Latency = 0> <II = 1> <Delay = 1.91> <FuncUnit> <Opcode : 'add' 'sub'> <InPorts = 2> <OutPorts = 1>
ST_1 : Operation 84 [1/1] (3.20ns)   --->   "%br_ln71 = br void %if.end219" [/home/joe/Desktop/Uni/Year_4/Dissertation/Program-Synthesis-for-Efficient-ML/results/cpp/solution_fp32addition_fp32_full_sum.cpp:71]   --->   Operation 84 'br' 'br_ln71' <Predicate = (!icmp_ln49 & !tmp & !tmp_1 & !tmp_2 & !tmp_3 & !tmp_4 & !tmp_5 & !tmp_6 & !tmp_7 & !tmp_8 & !tmp_9 & !tmp_10 & !tmp_11 & !tmp_12 & !tmp_13 & !tmp_14 & !tmp_15 & !tmp_16 & tmp_17)> <Delay = 3.20>
ST_1 : Operation 85 [1/1] (0.00ns)   --->   "%trunc_ln70 = trunc i25 %raw_sum_mantissa_read" [/home/joe/Desktop/Uni/Year_4/Dissertation/Program-Synthesis-for-Efficient-ML/results/cpp/solution_fp32addition_fp32_full_sum.cpp:70]   --->   Operation 85 'trunc' 'trunc_ln70' <Predicate = (!icmp_ln49 & !tmp & !tmp_1 & !tmp_2 & !tmp_3 & !tmp_4 & !tmp_5 & !tmp_6 & !tmp_7 & !tmp_8 & !tmp_9 & !tmp_10 & !tmp_11 & !tmp_12 & !tmp_13 & !tmp_14 & !tmp_15 & tmp_16)> <Delay = 0.00>
ST_1 : Operation 86 [1/1] (0.00ns)   --->   "%norm24_14 = bitconcatenate i23 @_ssdm_op_BitConcatenate.i23.i8.i15, i8 %trunc_ln70, i15 0" [/home/joe/Desktop/Uni/Year_4/Dissertation/Program-Synthesis-for-Efficient-ML/results/cpp/solution_fp32addition_fp32_full_sum.cpp:70]   --->   Operation 86 'bitconcatenate' 'norm24_14' <Predicate = (!icmp_ln49 & !tmp & !tmp_1 & !tmp_2 & !tmp_3 & !tmp_4 & !tmp_5 & !tmp_6 & !tmp_7 & !tmp_8 & !tmp_9 & !tmp_10 & !tmp_11 & !tmp_12 & !tmp_13 & !tmp_14 & !tmp_15 & tmp_16)> <Delay = 0.00>
ST_1 : Operation 87 [1/1] (1.91ns)   --->   "%exp_15 = add i8 %target_exponent_read, i8 241" [/home/joe/Desktop/Uni/Year_4/Dissertation/Program-Synthesis-for-Efficient-ML/results/cpp/solution_fp32addition_fp32_full_sum.cpp:70]   --->   Operation 87 'add' 'exp_15' <Predicate = (!icmp_ln49 & !tmp & !tmp_1 & !tmp_2 & !tmp_3 & !tmp_4 & !tmp_5 & !tmp_6 & !tmp_7 & !tmp_8 & !tmp_9 & !tmp_10 & !tmp_11 & !tmp_12 & !tmp_13 & !tmp_14 & !tmp_15 & tmp_16)> <Delay = 1.91> <CoreInst = "Adder">   --->   Core 1 'Adder' <Latency = 0> <II = 1> <Delay = 1.91> <FuncUnit> <Opcode : 'add' 'sub'> <InPorts = 2> <OutPorts = 1>
ST_1 : Operation 88 [1/1] (3.20ns)   --->   "%br_ln70 = br void %if.end219" [/home/joe/Desktop/Uni/Year_4/Dissertation/Program-Synthesis-for-Efficient-ML/results/cpp/solution_fp32addition_fp32_full_sum.cpp:70]   --->   Operation 88 'br' 'br_ln70' <Predicate = (!icmp_ln49 & !tmp & !tmp_1 & !tmp_2 & !tmp_3 & !tmp_4 & !tmp_5 & !tmp_6 & !tmp_7 & !tmp_8 & !tmp_9 & !tmp_10 & !tmp_11 & !tmp_12 & !tmp_13 & !tmp_14 & !tmp_15 & tmp_16)> <Delay = 3.20>
ST_1 : Operation 89 [1/1] (0.00ns)   --->   "%trunc_ln69 = trunc i25 %raw_sum_mantissa_read" [/home/joe/Desktop/Uni/Year_4/Dissertation/Program-Synthesis-for-Efficient-ML/results/cpp/solution_fp32addition_fp32_full_sum.cpp:69]   --->   Operation 89 'trunc' 'trunc_ln69' <Predicate = (!icmp_ln49 & !tmp & !tmp_1 & !tmp_2 & !tmp_3 & !tmp_4 & !tmp_5 & !tmp_6 & !tmp_7 & !tmp_8 & !tmp_9 & !tmp_10 & !tmp_11 & !tmp_12 & !tmp_13 & !tmp_14 & tmp_15)> <Delay = 0.00>
ST_1 : Operation 90 [1/1] (0.00ns)   --->   "%norm24_13 = bitconcatenate i23 @_ssdm_op_BitConcatenate.i23.i9.i14, i9 %trunc_ln69, i14 0" [/home/joe/Desktop/Uni/Year_4/Dissertation/Program-Synthesis-for-Efficient-ML/results/cpp/solution_fp32addition_fp32_full_sum.cpp:69]   --->   Operation 90 'bitconcatenate' 'norm24_13' <Predicate = (!icmp_ln49 & !tmp & !tmp_1 & !tmp_2 & !tmp_3 & !tmp_4 & !tmp_5 & !tmp_6 & !tmp_7 & !tmp_8 & !tmp_9 & !tmp_10 & !tmp_11 & !tmp_12 & !tmp_13 & !tmp_14 & tmp_15)> <Delay = 0.00>
ST_1 : Operation 91 [1/1] (1.91ns)   --->   "%exp_14 = add i8 %target_exponent_read, i8 242" [/home/joe/Desktop/Uni/Year_4/Dissertation/Program-Synthesis-for-Efficient-ML/results/cpp/solution_fp32addition_fp32_full_sum.cpp:69]   --->   Operation 91 'add' 'exp_14' <Predicate = (!icmp_ln49 & !tmp & !tmp_1 & !tmp_2 & !tmp_3 & !tmp_4 & !tmp_5 & !tmp_6 & !tmp_7 & !tmp_8 & !tmp_9 & !tmp_10 & !tmp_11 & !tmp_12 & !tmp_13 & !tmp_14 & tmp_15)> <Delay = 1.91> <CoreInst = "Adder">   --->   Core 1 'Adder' <Latency = 0> <II = 1> <Delay = 1.91> <FuncUnit> <Opcode : 'add' 'sub'> <InPorts = 2> <OutPorts = 1>
ST_1 : Operation 92 [1/1] (3.20ns)   --->   "%br_ln69 = br void %if.end219" [/home/joe/Desktop/Uni/Year_4/Dissertation/Program-Synthesis-for-Efficient-ML/results/cpp/solution_fp32addition_fp32_full_sum.cpp:69]   --->   Operation 92 'br' 'br_ln69' <Predicate = (!icmp_ln49 & !tmp & !tmp_1 & !tmp_2 & !tmp_3 & !tmp_4 & !tmp_5 & !tmp_6 & !tmp_7 & !tmp_8 & !tmp_9 & !tmp_10 & !tmp_11 & !tmp_12 & !tmp_13 & !tmp_14 & tmp_15)> <Delay = 3.20>
ST_1 : Operation 93 [1/1] (0.00ns)   --->   "%trunc_ln68 = trunc i25 %raw_sum_mantissa_read" [/home/joe/Desktop/Uni/Year_4/Dissertation/Program-Synthesis-for-Efficient-ML/results/cpp/solution_fp32addition_fp32_full_sum.cpp:68]   --->   Operation 93 'trunc' 'trunc_ln68' <Predicate = (!icmp_ln49 & !tmp & !tmp_1 & !tmp_2 & !tmp_3 & !tmp_4 & !tmp_5 & !tmp_6 & !tmp_7 & !tmp_8 & !tmp_9 & !tmp_10 & !tmp_11 & !tmp_12 & !tmp_13 & tmp_14)> <Delay = 0.00>
ST_1 : Operation 94 [1/1] (0.00ns)   --->   "%norm24_12 = bitconcatenate i23 @_ssdm_op_BitConcatenate.i23.i10.i13, i10 %trunc_ln68, i13 0" [/home/joe/Desktop/Uni/Year_4/Dissertation/Program-Synthesis-for-Efficient-ML/results/cpp/solution_fp32addition_fp32_full_sum.cpp:68]   --->   Operation 94 'bitconcatenate' 'norm24_12' <Predicate = (!icmp_ln49 & !tmp & !tmp_1 & !tmp_2 & !tmp_3 & !tmp_4 & !tmp_5 & !tmp_6 & !tmp_7 & !tmp_8 & !tmp_9 & !tmp_10 & !tmp_11 & !tmp_12 & !tmp_13 & tmp_14)> <Delay = 0.00>
ST_1 : Operation 95 [1/1] (1.91ns)   --->   "%exp_13 = add i8 %target_exponent_read, i8 243" [/home/joe/Desktop/Uni/Year_4/Dissertation/Program-Synthesis-for-Efficient-ML/results/cpp/solution_fp32addition_fp32_full_sum.cpp:68]   --->   Operation 95 'add' 'exp_13' <Predicate = (!icmp_ln49 & !tmp & !tmp_1 & !tmp_2 & !tmp_3 & !tmp_4 & !tmp_5 & !tmp_6 & !tmp_7 & !tmp_8 & !tmp_9 & !tmp_10 & !tmp_11 & !tmp_12 & !tmp_13 & tmp_14)> <Delay = 1.91> <CoreInst = "Adder">   --->   Core 1 'Adder' <Latency = 0> <II = 1> <Delay = 1.91> <FuncUnit> <Opcode : 'add' 'sub'> <InPorts = 2> <OutPorts = 1>
ST_1 : Operation 96 [1/1] (3.20ns)   --->   "%br_ln68 = br void %if.end219" [/home/joe/Desktop/Uni/Year_4/Dissertation/Program-Synthesis-for-Efficient-ML/results/cpp/solution_fp32addition_fp32_full_sum.cpp:68]   --->   Operation 96 'br' 'br_ln68' <Predicate = (!icmp_ln49 & !tmp & !tmp_1 & !tmp_2 & !tmp_3 & !tmp_4 & !tmp_5 & !tmp_6 & !tmp_7 & !tmp_8 & !tmp_9 & !tmp_10 & !tmp_11 & !tmp_12 & !tmp_13 & tmp_14)> <Delay = 3.20>
ST_1 : Operation 97 [1/1] (0.00ns)   --->   "%trunc_ln67 = trunc i25 %raw_sum_mantissa_read" [/home/joe/Desktop/Uni/Year_4/Dissertation/Program-Synthesis-for-Efficient-ML/results/cpp/solution_fp32addition_fp32_full_sum.cpp:67]   --->   Operation 97 'trunc' 'trunc_ln67' <Predicate = (!icmp_ln49 & !tmp & !tmp_1 & !tmp_2 & !tmp_3 & !tmp_4 & !tmp_5 & !tmp_6 & !tmp_7 & !tmp_8 & !tmp_9 & !tmp_10 & !tmp_11 & !tmp_12 & tmp_13)> <Delay = 0.00>
ST_1 : Operation 98 [1/1] (0.00ns)   --->   "%norm24_11 = bitconcatenate i23 @_ssdm_op_BitConcatenate.i23.i11.i12, i11 %trunc_ln67, i12 0" [/home/joe/Desktop/Uni/Year_4/Dissertation/Program-Synthesis-for-Efficient-ML/results/cpp/solution_fp32addition_fp32_full_sum.cpp:67]   --->   Operation 98 'bitconcatenate' 'norm24_11' <Predicate = (!icmp_ln49 & !tmp & !tmp_1 & !tmp_2 & !tmp_3 & !tmp_4 & !tmp_5 & !tmp_6 & !tmp_7 & !tmp_8 & !tmp_9 & !tmp_10 & !tmp_11 & !tmp_12 & tmp_13)> <Delay = 0.00>
ST_1 : Operation 99 [1/1] (1.91ns)   --->   "%exp_12 = add i8 %target_exponent_read, i8 244" [/home/joe/Desktop/Uni/Year_4/Dissertation/Program-Synthesis-for-Efficient-ML/results/cpp/solution_fp32addition_fp32_full_sum.cpp:67]   --->   Operation 99 'add' 'exp_12' <Predicate = (!icmp_ln49 & !tmp & !tmp_1 & !tmp_2 & !tmp_3 & !tmp_4 & !tmp_5 & !tmp_6 & !tmp_7 & !tmp_8 & !tmp_9 & !tmp_10 & !tmp_11 & !tmp_12 & tmp_13)> <Delay = 1.91> <CoreInst = "Adder">   --->   Core 1 'Adder' <Latency = 0> <II = 1> <Delay = 1.91> <FuncUnit> <Opcode : 'add' 'sub'> <InPorts = 2> <OutPorts = 1>
ST_1 : Operation 100 [1/1] (3.20ns)   --->   "%br_ln67 = br void %if.end219" [/home/joe/Desktop/Uni/Year_4/Dissertation/Program-Synthesis-for-Efficient-ML/results/cpp/solution_fp32addition_fp32_full_sum.cpp:67]   --->   Operation 100 'br' 'br_ln67' <Predicate = (!icmp_ln49 & !tmp & !tmp_1 & !tmp_2 & !tmp_3 & !tmp_4 & !tmp_5 & !tmp_6 & !tmp_7 & !tmp_8 & !tmp_9 & !tmp_10 & !tmp_11 & !tmp_12 & tmp_13)> <Delay = 3.20>
ST_1 : Operation 101 [1/1] (0.00ns)   --->   "%trunc_ln66 = trunc i25 %raw_sum_mantissa_read" [/home/joe/Desktop/Uni/Year_4/Dissertation/Program-Synthesis-for-Efficient-ML/results/cpp/solution_fp32addition_fp32_full_sum.cpp:66]   --->   Operation 101 'trunc' 'trunc_ln66' <Predicate = (!icmp_ln49 & !tmp & !tmp_1 & !tmp_2 & !tmp_3 & !tmp_4 & !tmp_5 & !tmp_6 & !tmp_7 & !tmp_8 & !tmp_9 & !tmp_10 & !tmp_11 & tmp_12)> <Delay = 0.00>
ST_1 : Operation 102 [1/1] (0.00ns)   --->   "%norm24_10 = bitconcatenate i23 @_ssdm_op_BitConcatenate.i23.i12.i11, i12 %trunc_ln66, i11 0" [/home/joe/Desktop/Uni/Year_4/Dissertation/Program-Synthesis-for-Efficient-ML/results/cpp/solution_fp32addition_fp32_full_sum.cpp:66]   --->   Operation 102 'bitconcatenate' 'norm24_10' <Predicate = (!icmp_ln49 & !tmp & !tmp_1 & !tmp_2 & !tmp_3 & !tmp_4 & !tmp_5 & !tmp_6 & !tmp_7 & !tmp_8 & !tmp_9 & !tmp_10 & !tmp_11 & tmp_12)> <Delay = 0.00>
ST_1 : Operation 103 [1/1] (1.91ns)   --->   "%exp_11 = add i8 %target_exponent_read, i8 245" [/home/joe/Desktop/Uni/Year_4/Dissertation/Program-Synthesis-for-Efficient-ML/results/cpp/solution_fp32addition_fp32_full_sum.cpp:66]   --->   Operation 103 'add' 'exp_11' <Predicate = (!icmp_ln49 & !tmp & !tmp_1 & !tmp_2 & !tmp_3 & !tmp_4 & !tmp_5 & !tmp_6 & !tmp_7 & !tmp_8 & !tmp_9 & !tmp_10 & !tmp_11 & tmp_12)> <Delay = 1.91> <CoreInst = "Adder">   --->   Core 1 'Adder' <Latency = 0> <II = 1> <Delay = 1.91> <FuncUnit> <Opcode : 'add' 'sub'> <InPorts = 2> <OutPorts = 1>
ST_1 : Operation 104 [1/1] (3.20ns)   --->   "%br_ln66 = br void %if.end219" [/home/joe/Desktop/Uni/Year_4/Dissertation/Program-Synthesis-for-Efficient-ML/results/cpp/solution_fp32addition_fp32_full_sum.cpp:66]   --->   Operation 104 'br' 'br_ln66' <Predicate = (!icmp_ln49 & !tmp & !tmp_1 & !tmp_2 & !tmp_3 & !tmp_4 & !tmp_5 & !tmp_6 & !tmp_7 & !tmp_8 & !tmp_9 & !tmp_10 & !tmp_11 & tmp_12)> <Delay = 3.20>
ST_1 : Operation 105 [1/1] (0.00ns)   --->   "%trunc_ln65 = trunc i25 %raw_sum_mantissa_read" [/home/joe/Desktop/Uni/Year_4/Dissertation/Program-Synthesis-for-Efficient-ML/results/cpp/solution_fp32addition_fp32_full_sum.cpp:65]   --->   Operation 105 'trunc' 'trunc_ln65' <Predicate = (!icmp_ln49 & !tmp & !tmp_1 & !tmp_2 & !tmp_3 & !tmp_4 & !tmp_5 & !tmp_6 & !tmp_7 & !tmp_8 & !tmp_9 & !tmp_10 & tmp_11)> <Delay = 0.00>
ST_1 : Operation 106 [1/1] (0.00ns)   --->   "%norm24_9 = bitconcatenate i23 @_ssdm_op_BitConcatenate.i23.i13.i10, i13 %trunc_ln65, i10 0" [/home/joe/Desktop/Uni/Year_4/Dissertation/Program-Synthesis-for-Efficient-ML/results/cpp/solution_fp32addition_fp32_full_sum.cpp:65]   --->   Operation 106 'bitconcatenate' 'norm24_9' <Predicate = (!icmp_ln49 & !tmp & !tmp_1 & !tmp_2 & !tmp_3 & !tmp_4 & !tmp_5 & !tmp_6 & !tmp_7 & !tmp_8 & !tmp_9 & !tmp_10 & tmp_11)> <Delay = 0.00>
ST_1 : Operation 107 [1/1] (1.91ns)   --->   "%exp_10 = add i8 %target_exponent_read, i8 246" [/home/joe/Desktop/Uni/Year_4/Dissertation/Program-Synthesis-for-Efficient-ML/results/cpp/solution_fp32addition_fp32_full_sum.cpp:65]   --->   Operation 107 'add' 'exp_10' <Predicate = (!icmp_ln49 & !tmp & !tmp_1 & !tmp_2 & !tmp_3 & !tmp_4 & !tmp_5 & !tmp_6 & !tmp_7 & !tmp_8 & !tmp_9 & !tmp_10 & tmp_11)> <Delay = 1.91> <CoreInst = "Adder">   --->   Core 1 'Adder' <Latency = 0> <II = 1> <Delay = 1.91> <FuncUnit> <Opcode : 'add' 'sub'> <InPorts = 2> <OutPorts = 1>
ST_1 : Operation 108 [1/1] (3.20ns)   --->   "%br_ln65 = br void %if.end219" [/home/joe/Desktop/Uni/Year_4/Dissertation/Program-Synthesis-for-Efficient-ML/results/cpp/solution_fp32addition_fp32_full_sum.cpp:65]   --->   Operation 108 'br' 'br_ln65' <Predicate = (!icmp_ln49 & !tmp & !tmp_1 & !tmp_2 & !tmp_3 & !tmp_4 & !tmp_5 & !tmp_6 & !tmp_7 & !tmp_8 & !tmp_9 & !tmp_10 & tmp_11)> <Delay = 3.20>
ST_1 : Operation 109 [1/1] (0.00ns)   --->   "%trunc_ln64 = trunc i25 %raw_sum_mantissa_read" [/home/joe/Desktop/Uni/Year_4/Dissertation/Program-Synthesis-for-Efficient-ML/results/cpp/solution_fp32addition_fp32_full_sum.cpp:64]   --->   Operation 109 'trunc' 'trunc_ln64' <Predicate = (!icmp_ln49 & !tmp & !tmp_1 & !tmp_2 & !tmp_3 & !tmp_4 & !tmp_5 & !tmp_6 & !tmp_7 & !tmp_8 & !tmp_9 & tmp_10)> <Delay = 0.00>
ST_1 : Operation 110 [1/1] (0.00ns)   --->   "%norm24_8 = bitconcatenate i23 @_ssdm_op_BitConcatenate.i23.i14.i9, i14 %trunc_ln64, i9 0" [/home/joe/Desktop/Uni/Year_4/Dissertation/Program-Synthesis-for-Efficient-ML/results/cpp/solution_fp32addition_fp32_full_sum.cpp:64]   --->   Operation 110 'bitconcatenate' 'norm24_8' <Predicate = (!icmp_ln49 & !tmp & !tmp_1 & !tmp_2 & !tmp_3 & !tmp_4 & !tmp_5 & !tmp_6 & !tmp_7 & !tmp_8 & !tmp_9 & tmp_10)> <Delay = 0.00>
ST_1 : Operation 111 [1/1] (1.91ns)   --->   "%exp_9 = add i8 %target_exponent_read, i8 247" [/home/joe/Desktop/Uni/Year_4/Dissertation/Program-Synthesis-for-Efficient-ML/results/cpp/solution_fp32addition_fp32_full_sum.cpp:64]   --->   Operation 111 'add' 'exp_9' <Predicate = (!icmp_ln49 & !tmp & !tmp_1 & !tmp_2 & !tmp_3 & !tmp_4 & !tmp_5 & !tmp_6 & !tmp_7 & !tmp_8 & !tmp_9 & tmp_10)> <Delay = 1.91> <CoreInst = "Adder">   --->   Core 1 'Adder' <Latency = 0> <II = 1> <Delay = 1.91> <FuncUnit> <Opcode : 'add' 'sub'> <InPorts = 2> <OutPorts = 1>
ST_1 : Operation 112 [1/1] (3.20ns)   --->   "%br_ln64 = br void %if.end219" [/home/joe/Desktop/Uni/Year_4/Dissertation/Program-Synthesis-for-Efficient-ML/results/cpp/solution_fp32addition_fp32_full_sum.cpp:64]   --->   Operation 112 'br' 'br_ln64' <Predicate = (!icmp_ln49 & !tmp & !tmp_1 & !tmp_2 & !tmp_3 & !tmp_4 & !tmp_5 & !tmp_6 & !tmp_7 & !tmp_8 & !tmp_9 & tmp_10)> <Delay = 3.20>
ST_1 : Operation 113 [1/1] (0.00ns)   --->   "%trunc_ln63 = trunc i25 %raw_sum_mantissa_read" [/home/joe/Desktop/Uni/Year_4/Dissertation/Program-Synthesis-for-Efficient-ML/results/cpp/solution_fp32addition_fp32_full_sum.cpp:63]   --->   Operation 113 'trunc' 'trunc_ln63' <Predicate = (!icmp_ln49 & !tmp & !tmp_1 & !tmp_2 & !tmp_3 & !tmp_4 & !tmp_5 & !tmp_6 & !tmp_7 & !tmp_8 & tmp_9)> <Delay = 0.00>
ST_1 : Operation 114 [1/1] (0.00ns)   --->   "%norm24_7 = bitconcatenate i23 @_ssdm_op_BitConcatenate.i23.i15.i8, i15 %trunc_ln63, i8 0" [/home/joe/Desktop/Uni/Year_4/Dissertation/Program-Synthesis-for-Efficient-ML/results/cpp/solution_fp32addition_fp32_full_sum.cpp:63]   --->   Operation 114 'bitconcatenate' 'norm24_7' <Predicate = (!icmp_ln49 & !tmp & !tmp_1 & !tmp_2 & !tmp_3 & !tmp_4 & !tmp_5 & !tmp_6 & !tmp_7 & !tmp_8 & tmp_9)> <Delay = 0.00>
ST_1 : Operation 115 [1/1] (1.91ns)   --->   "%exp_8 = add i8 %target_exponent_read, i8 248" [/home/joe/Desktop/Uni/Year_4/Dissertation/Program-Synthesis-for-Efficient-ML/results/cpp/solution_fp32addition_fp32_full_sum.cpp:63]   --->   Operation 115 'add' 'exp_8' <Predicate = (!icmp_ln49 & !tmp & !tmp_1 & !tmp_2 & !tmp_3 & !tmp_4 & !tmp_5 & !tmp_6 & !tmp_7 & !tmp_8 & tmp_9)> <Delay = 1.91> <CoreInst = "Adder">   --->   Core 1 'Adder' <Latency = 0> <II = 1> <Delay = 1.91> <FuncUnit> <Opcode : 'add' 'sub'> <InPorts = 2> <OutPorts = 1>
ST_1 : Operation 116 [1/1] (3.20ns)   --->   "%br_ln63 = br void %if.end219" [/home/joe/Desktop/Uni/Year_4/Dissertation/Program-Synthesis-for-Efficient-ML/results/cpp/solution_fp32addition_fp32_full_sum.cpp:63]   --->   Operation 116 'br' 'br_ln63' <Predicate = (!icmp_ln49 & !tmp & !tmp_1 & !tmp_2 & !tmp_3 & !tmp_4 & !tmp_5 & !tmp_6 & !tmp_7 & !tmp_8 & tmp_9)> <Delay = 3.20>
ST_1 : Operation 117 [1/1] (0.00ns)   --->   "%trunc_ln62 = trunc i25 %raw_sum_mantissa_read" [/home/joe/Desktop/Uni/Year_4/Dissertation/Program-Synthesis-for-Efficient-ML/results/cpp/solution_fp32addition_fp32_full_sum.cpp:62]   --->   Operation 117 'trunc' 'trunc_ln62' <Predicate = (!icmp_ln49 & !tmp & !tmp_1 & !tmp_2 & !tmp_3 & !tmp_4 & !tmp_5 & !tmp_6 & !tmp_7 & tmp_8)> <Delay = 0.00>
ST_1 : Operation 118 [1/1] (0.00ns)   --->   "%norm24_6 = bitconcatenate i23 @_ssdm_op_BitConcatenate.i23.i16.i7, i16 %trunc_ln62, i7 0" [/home/joe/Desktop/Uni/Year_4/Dissertation/Program-Synthesis-for-Efficient-ML/results/cpp/solution_fp32addition_fp32_full_sum.cpp:62]   --->   Operation 118 'bitconcatenate' 'norm24_6' <Predicate = (!icmp_ln49 & !tmp & !tmp_1 & !tmp_2 & !tmp_3 & !tmp_4 & !tmp_5 & !tmp_6 & !tmp_7 & tmp_8)> <Delay = 0.00>
ST_1 : Operation 119 [1/1] (1.91ns)   --->   "%exp_7 = add i8 %target_exponent_read, i8 249" [/home/joe/Desktop/Uni/Year_4/Dissertation/Program-Synthesis-for-Efficient-ML/results/cpp/solution_fp32addition_fp32_full_sum.cpp:62]   --->   Operation 119 'add' 'exp_7' <Predicate = (!icmp_ln49 & !tmp & !tmp_1 & !tmp_2 & !tmp_3 & !tmp_4 & !tmp_5 & !tmp_6 & !tmp_7 & tmp_8)> <Delay = 1.91> <CoreInst = "Adder">   --->   Core 1 'Adder' <Latency = 0> <II = 1> <Delay = 1.91> <FuncUnit> <Opcode : 'add' 'sub'> <InPorts = 2> <OutPorts = 1>
ST_1 : Operation 120 [1/1] (3.20ns)   --->   "%br_ln62 = br void %if.end219" [/home/joe/Desktop/Uni/Year_4/Dissertation/Program-Synthesis-for-Efficient-ML/results/cpp/solution_fp32addition_fp32_full_sum.cpp:62]   --->   Operation 120 'br' 'br_ln62' <Predicate = (!icmp_ln49 & !tmp & !tmp_1 & !tmp_2 & !tmp_3 & !tmp_4 & !tmp_5 & !tmp_6 & !tmp_7 & tmp_8)> <Delay = 3.20>
ST_1 : Operation 121 [1/1] (0.00ns)   --->   "%trunc_ln61 = trunc i25 %raw_sum_mantissa_read" [/home/joe/Desktop/Uni/Year_4/Dissertation/Program-Synthesis-for-Efficient-ML/results/cpp/solution_fp32addition_fp32_full_sum.cpp:61]   --->   Operation 121 'trunc' 'trunc_ln61' <Predicate = (!icmp_ln49 & !tmp & !tmp_1 & !tmp_2 & !tmp_3 & !tmp_4 & !tmp_5 & !tmp_6 & tmp_7)> <Delay = 0.00>
ST_1 : Operation 122 [1/1] (0.00ns)   --->   "%norm24_5 = bitconcatenate i23 @_ssdm_op_BitConcatenate.i23.i17.i6, i17 %trunc_ln61, i6 0" [/home/joe/Desktop/Uni/Year_4/Dissertation/Program-Synthesis-for-Efficient-ML/results/cpp/solution_fp32addition_fp32_full_sum.cpp:61]   --->   Operation 122 'bitconcatenate' 'norm24_5' <Predicate = (!icmp_ln49 & !tmp & !tmp_1 & !tmp_2 & !tmp_3 & !tmp_4 & !tmp_5 & !tmp_6 & tmp_7)> <Delay = 0.00>
ST_1 : Operation 123 [1/1] (1.91ns)   --->   "%exp_6 = add i8 %target_exponent_read, i8 250" [/home/joe/Desktop/Uni/Year_4/Dissertation/Program-Synthesis-for-Efficient-ML/results/cpp/solution_fp32addition_fp32_full_sum.cpp:61]   --->   Operation 123 'add' 'exp_6' <Predicate = (!icmp_ln49 & !tmp & !tmp_1 & !tmp_2 & !tmp_3 & !tmp_4 & !tmp_5 & !tmp_6 & tmp_7)> <Delay = 1.91> <CoreInst = "Adder">   --->   Core 1 'Adder' <Latency = 0> <II = 1> <Delay = 1.91> <FuncUnit> <Opcode : 'add' 'sub'> <InPorts = 2> <OutPorts = 1>
ST_1 : Operation 124 [1/1] (3.20ns)   --->   "%br_ln61 = br void %if.end219" [/home/joe/Desktop/Uni/Year_4/Dissertation/Program-Synthesis-for-Efficient-ML/results/cpp/solution_fp32addition_fp32_full_sum.cpp:61]   --->   Operation 124 'br' 'br_ln61' <Predicate = (!icmp_ln49 & !tmp & !tmp_1 & !tmp_2 & !tmp_3 & !tmp_4 & !tmp_5 & !tmp_6 & tmp_7)> <Delay = 3.20>
ST_1 : Operation 125 [1/1] (0.00ns)   --->   "%trunc_ln60 = trunc i25 %raw_sum_mantissa_read" [/home/joe/Desktop/Uni/Year_4/Dissertation/Program-Synthesis-for-Efficient-ML/results/cpp/solution_fp32addition_fp32_full_sum.cpp:60]   --->   Operation 125 'trunc' 'trunc_ln60' <Predicate = (!icmp_ln49 & !tmp & !tmp_1 & !tmp_2 & !tmp_3 & !tmp_4 & !tmp_5 & tmp_6)> <Delay = 0.00>
ST_1 : Operation 126 [1/1] (0.00ns)   --->   "%norm24_4 = bitconcatenate i23 @_ssdm_op_BitConcatenate.i23.i18.i5, i18 %trunc_ln60, i5 0" [/home/joe/Desktop/Uni/Year_4/Dissertation/Program-Synthesis-for-Efficient-ML/results/cpp/solution_fp32addition_fp32_full_sum.cpp:60]   --->   Operation 126 'bitconcatenate' 'norm24_4' <Predicate = (!icmp_ln49 & !tmp & !tmp_1 & !tmp_2 & !tmp_3 & !tmp_4 & !tmp_5 & tmp_6)> <Delay = 0.00>
ST_1 : Operation 127 [1/1] (1.91ns)   --->   "%exp_5 = add i8 %target_exponent_read, i8 251" [/home/joe/Desktop/Uni/Year_4/Dissertation/Program-Synthesis-for-Efficient-ML/results/cpp/solution_fp32addition_fp32_full_sum.cpp:60]   --->   Operation 127 'add' 'exp_5' <Predicate = (!icmp_ln49 & !tmp & !tmp_1 & !tmp_2 & !tmp_3 & !tmp_4 & !tmp_5 & tmp_6)> <Delay = 1.91> <CoreInst = "Adder">   --->   Core 1 'Adder' <Latency = 0> <II = 1> <Delay = 1.91> <FuncUnit> <Opcode : 'add' 'sub'> <InPorts = 2> <OutPorts = 1>
ST_1 : Operation 128 [1/1] (3.20ns)   --->   "%br_ln60 = br void %if.end219" [/home/joe/Desktop/Uni/Year_4/Dissertation/Program-Synthesis-for-Efficient-ML/results/cpp/solution_fp32addition_fp32_full_sum.cpp:60]   --->   Operation 128 'br' 'br_ln60' <Predicate = (!icmp_ln49 & !tmp & !tmp_1 & !tmp_2 & !tmp_3 & !tmp_4 & !tmp_5 & tmp_6)> <Delay = 3.20>
ST_1 : Operation 129 [1/1] (0.00ns)   --->   "%trunc_ln59 = trunc i25 %raw_sum_mantissa_read" [/home/joe/Desktop/Uni/Year_4/Dissertation/Program-Synthesis-for-Efficient-ML/results/cpp/solution_fp32addition_fp32_full_sum.cpp:59]   --->   Operation 129 'trunc' 'trunc_ln59' <Predicate = (!icmp_ln49 & !tmp & !tmp_1 & !tmp_2 & !tmp_3 & !tmp_4 & tmp_5)> <Delay = 0.00>
ST_1 : Operation 130 [1/1] (0.00ns)   --->   "%norm24_3 = bitconcatenate i23 @_ssdm_op_BitConcatenate.i23.i19.i4, i19 %trunc_ln59, i4 0" [/home/joe/Desktop/Uni/Year_4/Dissertation/Program-Synthesis-for-Efficient-ML/results/cpp/solution_fp32addition_fp32_full_sum.cpp:59]   --->   Operation 130 'bitconcatenate' 'norm24_3' <Predicate = (!icmp_ln49 & !tmp & !tmp_1 & !tmp_2 & !tmp_3 & !tmp_4 & tmp_5)> <Delay = 0.00>
ST_1 : Operation 131 [1/1] (1.91ns)   --->   "%exp_4 = add i8 %target_exponent_read, i8 252" [/home/joe/Desktop/Uni/Year_4/Dissertation/Program-Synthesis-for-Efficient-ML/results/cpp/solution_fp32addition_fp32_full_sum.cpp:59]   --->   Operation 131 'add' 'exp_4' <Predicate = (!icmp_ln49 & !tmp & !tmp_1 & !tmp_2 & !tmp_3 & !tmp_4 & tmp_5)> <Delay = 1.91> <CoreInst = "Adder">   --->   Core 1 'Adder' <Latency = 0> <II = 1> <Delay = 1.91> <FuncUnit> <Opcode : 'add' 'sub'> <InPorts = 2> <OutPorts = 1>
ST_1 : Operation 132 [1/1] (3.20ns)   --->   "%br_ln59 = br void %if.end219" [/home/joe/Desktop/Uni/Year_4/Dissertation/Program-Synthesis-for-Efficient-ML/results/cpp/solution_fp32addition_fp32_full_sum.cpp:59]   --->   Operation 132 'br' 'br_ln59' <Predicate = (!icmp_ln49 & !tmp & !tmp_1 & !tmp_2 & !tmp_3 & !tmp_4 & tmp_5)> <Delay = 3.20>
ST_1 : Operation 133 [1/1] (0.00ns)   --->   "%trunc_ln58 = trunc i25 %raw_sum_mantissa_read" [/home/joe/Desktop/Uni/Year_4/Dissertation/Program-Synthesis-for-Efficient-ML/results/cpp/solution_fp32addition_fp32_full_sum.cpp:58]   --->   Operation 133 'trunc' 'trunc_ln58' <Predicate = (!icmp_ln49 & !tmp & !tmp_1 & !tmp_2 & !tmp_3 & tmp_4)> <Delay = 0.00>
ST_1 : Operation 134 [1/1] (0.00ns)   --->   "%norm24_2 = bitconcatenate i23 @_ssdm_op_BitConcatenate.i23.i20.i3, i20 %trunc_ln58, i3 0" [/home/joe/Desktop/Uni/Year_4/Dissertation/Program-Synthesis-for-Efficient-ML/results/cpp/solution_fp32addition_fp32_full_sum.cpp:58]   --->   Operation 134 'bitconcatenate' 'norm24_2' <Predicate = (!icmp_ln49 & !tmp & !tmp_1 & !tmp_2 & !tmp_3 & tmp_4)> <Delay = 0.00>
ST_1 : Operation 135 [1/1] (1.91ns)   --->   "%exp_3 = add i8 %target_exponent_read, i8 253" [/home/joe/Desktop/Uni/Year_4/Dissertation/Program-Synthesis-for-Efficient-ML/results/cpp/solution_fp32addition_fp32_full_sum.cpp:58]   --->   Operation 135 'add' 'exp_3' <Predicate = (!icmp_ln49 & !tmp & !tmp_1 & !tmp_2 & !tmp_3 & tmp_4)> <Delay = 1.91> <CoreInst = "Adder">   --->   Core 1 'Adder' <Latency = 0> <II = 1> <Delay = 1.91> <FuncUnit> <Opcode : 'add' 'sub'> <InPorts = 2> <OutPorts = 1>
ST_1 : Operation 136 [1/1] (3.20ns)   --->   "%br_ln58 = br void %if.end219" [/home/joe/Desktop/Uni/Year_4/Dissertation/Program-Synthesis-for-Efficient-ML/results/cpp/solution_fp32addition_fp32_full_sum.cpp:58]   --->   Operation 136 'br' 'br_ln58' <Predicate = (!icmp_ln49 & !tmp & !tmp_1 & !tmp_2 & !tmp_3 & tmp_4)> <Delay = 3.20>
ST_1 : Operation 137 [1/1] (0.00ns)   --->   "%trunc_ln57 = trunc i25 %raw_sum_mantissa_read" [/home/joe/Desktop/Uni/Year_4/Dissertation/Program-Synthesis-for-Efficient-ML/results/cpp/solution_fp32addition_fp32_full_sum.cpp:57]   --->   Operation 137 'trunc' 'trunc_ln57' <Predicate = (!icmp_ln49 & !tmp & !tmp_1 & !tmp_2 & tmp_3)> <Delay = 0.00>
ST_1 : Operation 138 [1/1] (0.00ns)   --->   "%norm24_1 = bitconcatenate i23 @_ssdm_op_BitConcatenate.i23.i21.i2, i21 %trunc_ln57, i2 0" [/home/joe/Desktop/Uni/Year_4/Dissertation/Program-Synthesis-for-Efficient-ML/results/cpp/solution_fp32addition_fp32_full_sum.cpp:57]   --->   Operation 138 'bitconcatenate' 'norm24_1' <Predicate = (!icmp_ln49 & !tmp & !tmp_1 & !tmp_2 & tmp_3)> <Delay = 0.00>
ST_1 : Operation 139 [1/1] (1.91ns)   --->   "%exp_2 = add i8 %target_exponent_read, i8 254" [/home/joe/Desktop/Uni/Year_4/Dissertation/Program-Synthesis-for-Efficient-ML/results/cpp/solution_fp32addition_fp32_full_sum.cpp:57]   --->   Operation 139 'add' 'exp_2' <Predicate = (!icmp_ln49 & !tmp & !tmp_1 & !tmp_2 & tmp_3)> <Delay = 1.91> <CoreInst = "Adder">   --->   Core 1 'Adder' <Latency = 0> <II = 1> <Delay = 1.91> <FuncUnit> <Opcode : 'add' 'sub'> <InPorts = 2> <OutPorts = 1>
ST_1 : Operation 140 [1/1] (3.20ns)   --->   "%br_ln57 = br void %if.end219" [/home/joe/Desktop/Uni/Year_4/Dissertation/Program-Synthesis-for-Efficient-ML/results/cpp/solution_fp32addition_fp32_full_sum.cpp:57]   --->   Operation 140 'br' 'br_ln57' <Predicate = (!icmp_ln49 & !tmp & !tmp_1 & !tmp_2 & tmp_3)> <Delay = 3.20>
ST_1 : Operation 141 [1/1] (0.00ns)   --->   "%trunc_ln56 = trunc i25 %raw_sum_mantissa_read" [/home/joe/Desktop/Uni/Year_4/Dissertation/Program-Synthesis-for-Efficient-ML/results/cpp/solution_fp32addition_fp32_full_sum.cpp:56]   --->   Operation 141 'trunc' 'trunc_ln56' <Predicate = (!icmp_ln49 & !tmp & !tmp_1 & tmp_2)> <Delay = 0.00>
ST_1 : Operation 142 [1/1] (0.00ns)   --->   "%norm24 = bitconcatenate i23 @_ssdm_op_BitConcatenate.i23.i22.i1, i22 %trunc_ln56, i1 0" [/home/joe/Desktop/Uni/Year_4/Dissertation/Program-Synthesis-for-Efficient-ML/results/cpp/solution_fp32addition_fp32_full_sum.cpp:56]   --->   Operation 142 'bitconcatenate' 'norm24' <Predicate = (!icmp_ln49 & !tmp & !tmp_1 & tmp_2)> <Delay = 0.00>
ST_1 : Operation 143 [1/1] (1.91ns)   --->   "%exp_1 = add i8 %target_exponent_read, i8 255" [/home/joe/Desktop/Uni/Year_4/Dissertation/Program-Synthesis-for-Efficient-ML/results/cpp/solution_fp32addition_fp32_full_sum.cpp:56]   --->   Operation 143 'add' 'exp_1' <Predicate = (!icmp_ln49 & !tmp & !tmp_1 & tmp_2)> <Delay = 1.91> <CoreInst = "Adder">   --->   Core 1 'Adder' <Latency = 0> <II = 1> <Delay = 1.91> <FuncUnit> <Opcode : 'add' 'sub'> <InPorts = 2> <OutPorts = 1>
ST_1 : Operation 144 [1/1] (3.20ns)   --->   "%br_ln56 = br void %if.end219" [/home/joe/Desktop/Uni/Year_4/Dissertation/Program-Synthesis-for-Efficient-ML/results/cpp/solution_fp32addition_fp32_full_sum.cpp:56]   --->   Operation 144 'br' 'br_ln56' <Predicate = (!icmp_ln49 & !tmp & !tmp_1 & tmp_2)> <Delay = 3.20>
ST_1 : Operation 145 [1/1] (0.00ns)   --->   "%trunc_ln53 = trunc i25 %raw_sum_mantissa_read" [/home/joe/Desktop/Uni/Year_4/Dissertation/Program-Synthesis-for-Efficient-ML/results/cpp/solution_fp32addition_fp32_full_sum.cpp:53]   --->   Operation 145 'trunc' 'trunc_ln53' <Predicate = (!icmp_ln49 & !tmp & tmp_1)> <Delay = 0.00>
ST_1 : Operation 146 [1/1] (3.20ns)   --->   "%br_ln55 = br void %if.end219" [/home/joe/Desktop/Uni/Year_4/Dissertation/Program-Synthesis-for-Efficient-ML/results/cpp/solution_fp32addition_fp32_full_sum.cpp:55]   --->   Operation 146 'br' 'br_ln55' <Predicate = (!icmp_ln49 & !tmp & tmp_1)> <Delay = 3.20>
ST_1 : Operation 147 [1/1] (0.00ns)   --->   "%norm24_cast = partselect i23 @_ssdm_op_PartSelect.i23.i25.i32.i32, i25 %raw_sum_mantissa_read, i32 1, i32 23" [/home/joe/Desktop/Uni/Year_4/Dissertation/Program-Synthesis-for-Efficient-ML/results/cpp/solution_fp32addition_fp32_full_sum.cpp:53]   --->   Operation 147 'partselect' 'norm24_cast' <Predicate = (!icmp_ln49 & tmp)> <Delay = 0.00>
ST_1 : Operation 148 [1/1] (1.91ns)   --->   "%exp = add i8 %target_exponent_read, i8 1" [/home/joe/Desktop/Uni/Year_4/Dissertation/Program-Synthesis-for-Efficient-ML/results/cpp/solution_fp32addition_fp32_full_sum.cpp:54]   --->   Operation 148 'add' 'exp' <Predicate = (!icmp_ln49 & tmp)> <Delay = 1.91> <CoreInst = "Adder">   --->   Core 1 'Adder' <Latency = 0> <II = 1> <Delay = 1.91> <FuncUnit> <Opcode : 'add' 'sub'> <InPorts = 2> <OutPorts = 1>
ST_1 : Operation 149 [1/1] (3.20ns)   --->   "%br_ln54 = br void %if.end219" [/home/joe/Desktop/Uni/Year_4/Dissertation/Program-Synthesis-for-Efficient-ML/results/cpp/solution_fp32addition_fp32_full_sum.cpp:54]   --->   Operation 149 'br' 'br_ln54' <Predicate = (!icmp_ln49 & tmp)> <Delay = 3.20>
ST_1 : Operation 150 [1/1] (0.00ns)   --->   "%exp_23 = phi i8 %exp, void %if.then6, i8 %target_exponent_read, void %if.then12, i8 %exp_1, void %if.then18, i8 %exp_2, void %if.then26, i8 %exp_3, void %if.then34, i8 %exp_4, void %if.then42, i8 %exp_5, void %if.then50, i8 %exp_6, void %if.then58, i8 %exp_7, void %if.then66, i8 %exp_8, void %if.then74, i8 %exp_9, void %if.then82, i8 %exp_10, void %if.then90, i8 %exp_11, void %if.then98, i8 %exp_12, void %if.then106, i8 %exp_13, void %if.then114, i8 %exp_14, void %if.then122, i8 %exp_15, void %if.then130, i8 %exp_16, void %if.then138, i8 %exp_17, void %if.then146, i8 %exp_18, void %if.then154, i8 %exp_19, void %if.then162, i8 %exp_20, void %if.then170, i8 %exp_21, void %if.then178, i8 %exp_22, void %if.then186, i8 %exp_24, void %if.else191"   --->   Operation 150 'phi' 'exp_23' <Predicate = (!icmp_ln49)> <Delay = 0.00>
ST_1 : Operation 151 [1/1] (0.00ns)   --->   "%norm24_22 = phi i23 %norm24_cast, void %if.then6, i23 %trunc_ln53, void %if.then12, i23 %norm24, void %if.then18, i23 %norm24_1, void %if.then26, i23 %norm24_2, void %if.then34, i23 %norm24_3, void %if.then42, i23 %norm24_4, void %if.then50, i23 %norm24_5, void %if.then58, i23 %norm24_6, void %if.then66, i23 %norm24_7, void %if.then74, i23 %norm24_8, void %if.then82, i23 %norm24_9, void %if.then90, i23 %norm24_10, void %if.then98, i23 %norm24_11, void %if.then106, i23 %norm24_12, void %if.then114, i23 %norm24_13, void %if.then122, i23 %norm24_14, void %if.then130, i23 %norm24_15, void %if.then138, i23 %norm24_16, void %if.then146, i23 %norm24_17, void %if.then154, i23 %norm24_18, void %if.then162, i23 %norm24_19, void %if.then170, i23 %norm24_20, void %if.then178, i23 %norm24_21, void %if.then186, i23 0, void %if.else191"   --->   Operation 151 'phi' 'norm24_22' <Predicate = (!icmp_ln49)> <Delay = 0.00>
ST_1 : Operation 152 [1/1] (0.00ns)   --->   "%tmp_s = bitconcatenate i32 @_ssdm_op_BitConcatenate.i32.i1.i8.i23, i1 %raw_sign_read, i8 %exp_23, i23 %norm24_22" [/home/joe/Desktop/Uni/Year_4/Dissertation/Program-Synthesis-for-Efficient-ML/results/cpp/solution_fp32addition_fp32_full_sum.cpp:80]   --->   Operation 152 'bitconcatenate' 'tmp_s' <Predicate = (!icmp_ln49)> <Delay = 0.00>
ST_1 : Operation 153 [1/1] (1.58ns)   --->   "%br_ln0 = br void %return"   --->   Operation 153 'br' 'br_ln0' <Predicate = (!icmp_ln49)> <Delay = 1.58>
ST_1 : Operation 154 [1/1] (0.00ns)   --->   "%agg_result_0 = phi i32 %tmp_s, void %if.end219, i32 0, void %entry" [/home/joe/Desktop/Uni/Year_4/Dissertation/Program-Synthesis-for-Efficient-ML/results/cpp/solution_fp32addition_fp32_full_sum.cpp:80]   --->   Operation 154 'phi' 'agg_result_0' <Predicate = true> <Delay = 0.00>
ST_1 : Operation 155 [1/1] (0.00ns)   --->   "%ret_ln81 = ret i32 %agg_result_0" [/home/joe/Desktop/Uni/Year_4/Dissertation/Program-Synthesis-for-Efficient-ML/results/cpp/solution_fp32addition_fp32_full_sum.cpp:81]   --->   Operation 155 'ret' 'ret_ln81' <Predicate = true> <Delay = 0.00>


============================================================
+ Verbose Summary: Timing violations
============================================================
Target clock period: 1000000.000ns, clock uncertainty: 270000.000ns.

 <State 1>: 7.137ns
The critical path consists of the following:
	wire read operation ('raw_sum_mantissa_read', /home/joe/Desktop/Uni/Year_4/Dissertation/Program-Synthesis-for-Efficient-ML/results/cpp/solution_fp32addition_fp32_full_sum.cpp:48) on port 'raw_sum_mantissa' (/home/joe/Desktop/Uni/Year_4/Dissertation/Program-Synthesis-for-Efficient-ML/results/cpp/solution_fp32addition_fp32_full_sum.cpp:48) [6]  (0.000 ns)
	'icmp' operation 1 bit ('icmp_ln49', /home/joe/Desktop/Uni/Year_4/Dissertation/Program-Synthesis-for-Efficient-ML/results/cpp/solution_fp32addition_fp32_full_sum.cpp:49) [7]  (2.344 ns)
	multiplexor before 'phi' operation 8 bit ('exp') with incoming values : ('target_exponent_read', /home/joe/Desktop/Uni/Year_4/Dissertation/Program-Synthesis-for-Efficient-ML/results/cpp/solution_fp32addition_fp32_full_sum.cpp:48) ('exp', /home/joe/Desktop/Uni/Year_4/Dissertation/Program-Synthesis-for-Efficient-ML/results/cpp/solution_fp32addition_fp32_full_sum.cpp:78) ('exp', /home/joe/Desktop/Uni/Year_4/Dissertation/Program-Synthesis-for-Efficient-ML/results/cpp/solution_fp32addition_fp32_full_sum.cpp:77) ('exp', /home/joe/Desktop/Uni/Year_4/Dissertation/Program-Synthesis-for-Efficient-ML/results/cpp/solution_fp32addition_fp32_full_sum.cpp:76) ('exp', /home/joe/Desktop/Uni/Year_4/Dissertation/Program-Synthesis-for-Efficient-ML/results/cpp/solution_fp32addition_fp32_full_sum.cpp:75) ('exp', /home/joe/Desktop/Uni/Year_4/Dissertation/Program-Synthesis-for-Efficient-ML/results/cpp/solution_fp32addition_fp32_full_sum.cpp:74) ('exp', /home/joe/Desktop/Uni/Year_4/Dissertation/Program-Synthesis-for-Efficient-ML/results/cpp/solution_fp32addition_fp32_full_sum.cpp:73) ('exp', /home/joe/Desktop/Uni/Year_4/Dissertation/Program-Synthesis-for-Efficient-ML/results/cpp/solution_fp32addition_fp32_full_sum.cpp:72) ('exp', /home/joe/Desktop/Uni/Year_4/Dissertation/Program-Synthesis-for-Efficient-ML/results/cpp/solution_fp32addition_fp32_full_sum.cpp:71) ('exp', /home/joe/Desktop/Uni/Year_4/Dissertation/Program-Synthesis-for-Efficient-ML/results/cpp/solution_fp32addition_fp32_full_sum.cpp:70) ('exp', /home/joe/Desktop/Uni/Year_4/Dissertation/Program-Synthesis-for-Efficient-ML/results/cpp/solution_fp32addition_fp32_full_sum.cpp:69) ('exp', /home/joe/Desktop/Uni/Year_4/Dissertation/Program-Synthesis-for-Efficient-ML/results/cpp/solution_fp32addition_fp32_full_sum.cpp:68) ('exp', /home/joe/Desktop/Uni/Year_4/Dissertation/Program-Synthesis-for-Efficient-ML/results/cpp/solution_fp32addition_fp32_full_sum.cpp:67) ('exp', /home/joe/Desktop/Uni/Year_4/Dissertation/Program-Synthesis-for-Efficient-ML/results/cpp/solution_fp32addition_fp32_full_sum.cpp:66) ('exp', /home/joe/Desktop/Uni/Year_4/Dissertation/Program-Synthesis-for-Efficient-ML/results/cpp/solution_fp32addition_fp32_full_sum.cpp:65) ('exp', /home/joe/Desktop/Uni/Year_4/Dissertation/Program-Synthesis-for-Efficient-ML/results/cpp/solution_fp32addition_fp32_full_sum.cpp:64) ('exp', /home/joe/Desktop/Uni/Year_4/Dissertation/Program-Synthesis-for-Efficient-ML/results/cpp/solution_fp32addition_fp32_full_sum.cpp:63) ('exp', /home/joe/Desktop/Uni/Year_4/Dissertation/Program-Synthesis-for-Efficient-ML/results/cpp/solution_fp32addition_fp32_full_sum.cpp:62) ('exp', /home/joe/Desktop/Uni/Year_4/Dissertation/Program-Synthesis-for-Efficient-ML/results/cpp/solution_fp32addition_fp32_full_sum.cpp:61) ('exp', /home/joe/Desktop/Uni/Year_4/Dissertation/Program-Synthesis-for-Efficient-ML/results/cpp/solution_fp32addition_fp32_full_sum.cpp:60) ('exp', /home/joe/Desktop/Uni/Year_4/Dissertation/Program-Synthesis-for-Efficient-ML/results/cpp/solution_fp32addition_fp32_full_sum.cpp:59) ('exp', /home/joe/Desktop/Uni/Year_4/Dissertation/Program-Synthesis-for-Efficient-ML/results/cpp/solution_fp32addition_fp32_full_sum.cpp:58) ('exp', /home/joe/Desktop/Uni/Year_4/Dissertation/Program-Synthesis-for-Efficient-ML/results/cpp/solution_fp32addition_fp32_full_sum.cpp:57) ('exp', /home/joe/Desktop/Uni/Year_4/Dissertation/Program-Synthesis-for-Efficient-ML/results/cpp/solution_fp32addition_fp32_full_sum.cpp:56) ('exp', /home/joe/Desktop/Uni/Year_4/Dissertation/Program-Synthesis-for-Efficient-ML/results/cpp/solution_fp32addition_fp32_full_sum.cpp:54) [202]  (3.205 ns)
	'phi' operation 8 bit ('exp') with incoming values : ('target_exponent_read', /home/joe/Desktop/Uni/Year_4/Dissertation/Program-Synthesis-for-Efficient-ML/results/cpp/solution_fp32addition_fp32_full_sum.cpp:48) ('exp', /home/joe/Desktop/Uni/Year_4/Dissertation/Program-Synthesis-for-Efficient-ML/results/cpp/solution_fp32addition_fp32_full_sum.cpp:78) ('exp', /home/joe/Desktop/Uni/Year_4/Dissertation/Program-Synthesis-for-Efficient-ML/results/cpp/solution_fp32addition_fp32_full_sum.cpp:77) ('exp', /home/joe/Desktop/Uni/Year_4/Dissertation/Program-Synthesis-for-Efficient-ML/results/cpp/solution_fp32addition_fp32_full_sum.cpp:76) ('exp', /home/joe/Desktop/Uni/Year_4/Dissertation/Program-Synthesis-for-Efficient-ML/results/cpp/solution_fp32addition_fp32_full_sum.cpp:75) ('exp', /home/joe/Desktop/Uni/Year_4/Dissertation/Program-Synthesis-for-Efficient-ML/results/cpp/solution_fp32addition_fp32_full_sum.cpp:74) ('exp', /home/joe/Desktop/Uni/Year_4/Dissertation/Program-Synthesis-for-Efficient-ML/results/cpp/solution_fp32addition_fp32_full_sum.cpp:73) ('exp', /home/joe/Desktop/Uni/Year_4/Dissertation/Program-Synthesis-for-Efficient-ML/results/cpp/solution_fp32addition_fp32_full_sum.cpp:72) ('exp', /home/joe/Desktop/Uni/Year_4/Dissertation/Program-Synthesis-for-Efficient-ML/results/cpp/solution_fp32addition_fp32_full_sum.cpp:71) ('exp', /home/joe/Desktop/Uni/Year_4/Dissertation/Program-Synthesis-for-Efficient-ML/results/cpp/solution_fp32addition_fp32_full_sum.cpp:70) ('exp', /home/joe/Desktop/Uni/Year_4/Dissertation/Program-Synthesis-for-Efficient-ML/results/cpp/solution_fp32addition_fp32_full_sum.cpp:69) ('exp', /home/joe/Desktop/Uni/Year_4/Dissertation/Program-Synthesis-for-Efficient-ML/results/cpp/solution_fp32addition_fp32_full_sum.cpp:68) ('exp', /home/joe/Desktop/Uni/Year_4/Dissertation/Program-Synthesis-for-Efficient-ML/results/cpp/solution_fp32addition_fp32_full_sum.cpp:67) ('exp', /home/joe/Desktop/Uni/Year_4/Dissertation/Program-Synthesis-for-Efficient-ML/results/cpp/solution_fp32addition_fp32_full_sum.cpp:66) ('exp', /home/joe/Desktop/Uni/Year_4/Dissertation/Program-Synthesis-for-Efficient-ML/results/cpp/solution_fp32addition_fp32_full_sum.cpp:65) ('exp', /home/joe/Desktop/Uni/Year_4/Dissertation/Program-Synthesis-for-Efficient-ML/results/cpp/solution_fp32addition_fp32_full_sum.cpp:64) ('exp', /home/joe/Desktop/Uni/Year_4/Dissertation/Program-Synthesis-for-Efficient-ML/results/cpp/solution_fp32addition_fp32_full_sum.cpp:63) ('exp', /home/joe/Desktop/Uni/Year_4/Dissertation/Program-Synthesis-for-Efficient-ML/results/cpp/solution_fp32addition_fp32_full_sum.cpp:62) ('exp', /home/joe/Desktop/Uni/Year_4/Dissertation/Program-Synthesis-for-Efficient-ML/results/cpp/solution_fp32addition_fp32_full_sum.cpp:61) ('exp', /home/joe/Desktop/Uni/Year_4/Dissertation/Program-Synthesis-for-Efficient-ML/results/cpp/solution_fp32addition_fp32_full_sum.cpp:60) ('exp', /home/joe/Desktop/Uni/Year_4/Dissertation/Program-Synthesis-for-Efficient-ML/results/cpp/solution_fp32addition_fp32_full_sum.cpp:59) ('exp', /home/joe/Desktop/Uni/Year_4/Dissertation/Program-Synthesis-for-Efficient-ML/results/cpp/solution_fp32addition_fp32_full_sum.cpp:58) ('exp', /home/joe/Desktop/Uni/Year_4/Dissertation/Program-Synthesis-for-Efficient-ML/results/cpp/solution_fp32addition_fp32_full_sum.cpp:57) ('exp', /home/joe/Desktop/Uni/Year_4/Dissertation/Program-Synthesis-for-Efficient-ML/results/cpp/solution_fp32addition_fp32_full_sum.cpp:56) ('exp', /home/joe/Desktop/Uni/Year_4/Dissertation/Program-Synthesis-for-Efficient-ML/results/cpp/solution_fp32addition_fp32_full_sum.cpp:54) [202]  (0.000 ns)
	multiplexor before 'phi' operation 32 bit ('agg_result_0', /home/joe/Desktop/Uni/Year_4/Dissertation/Program-Synthesis-for-Efficient-ML/results/cpp/solution_fp32addition_fp32_full_sum.cpp:80) with incoming values : ('tmp_s', /home/joe/Desktop/Uni/Year_4/Dissertation/Program-Synthesis-for-Efficient-ML/results/cpp/solution_fp32addition_fp32_full_sum.cpp:80) [207]  (1.588 ns)
	'phi' operation 32 bit ('agg_result_0', /home/joe/Desktop/Uni/Year_4/Dissertation/Program-Synthesis-for-Efficient-ML/results/cpp/solution_fp32addition_fp32_full_sum.cpp:80) with incoming values : ('tmp_s', /home/joe/Desktop/Uni/Year_4/Dissertation/Program-Synthesis-for-Efficient-ML/results/cpp/solution_fp32addition_fp32_full_sum.cpp:80) [207]  (0.000 ns)


============================================================
+ Verbose Summary: Binding
============================================================
N/A
* FSMD analyzer results:
  - Output states:
 - Input state : 
  - Chain level:
	State 1


============================================================
+ Verbose Summary: Datapath Resource usage 
============================================================
N/A
