==============================================================
Vitis HLS - High-Level Synthesis from C, C++ and OpenCL v2025.1 (64-bit)
Tool Version Limit: 2025.05
Copyright 1986-2022 Xilinx, Inc. All Rights Reserved.
Copyright 2022-2025 Advanced Micro Devices, Inc. All Rights Reserved.

==============================================================
INFO: [HLS 200-1505] Using flow_target 'vivado'
INFO: [HLS 200-2176] Writing Vitis IDE component file /home/joe/Desktop/Uni/Year_4/Dissertation/Program-Synthesis-for-Efficient-ML/results/HLS/solution_addition_raw_sum/solution_addition_raw_sum_component/vitis-comp.json
INFO: [HLS 200-1915] Writing HLS config ini file /home/joe/Desktop/Uni/Year_4/Dissertation/Program-Synthesis-for-Efficient-ML/results/HLS/solution_addition_raw_sum/solution_addition_raw_sum_component/hls_config.cfg
INFO: [HLS 200-1510] Running: set_top add_raw 
INFO: [HLS 200-1510] Running: add_files /home/joe/Desktop/Uni/Year_4/Dissertation/Program-Synthesis-for-Efficient-ML/results/cpp/solution_addition_raw_sum.cpp 
INFO: [HLS 200-10] Adding design file '/home/joe/Desktop/Uni/Year_4/Dissertation/Program-Synthesis-for-Efficient-ML/results/cpp/solution_addition_raw_sum.cpp' to the project
INFO: [HLS 200-1510] Running: set_part xc7z020clg400-1 
INFO: [HLS 200-1611] Setting target device to 'xc7z020-clg400-1'
INFO: [HLS 200-1510] Running: create_clock -period 1000000000ns 
INFO: [SYN 201-201] Setting up clock 'default' with a period of 1e+09ns.
INFO: [HLS 200-1510] Running: csynth_design 
INFO: [HLS 200-1915] Writing HLS config ini file /home/joe/Desktop/Uni/Year_4/Dissertation/Program-Synthesis-for-Efficient-ML/results/HLS/solution_addition_raw_sum/solution_addition_raw_sum_component/hls_config.cfg
INFO: [HLS 200-111] Finished File checks and directory preparation: CPU user time: 0.61 seconds. CPU system time: 0.08 seconds. Elapsed time: 3.25 seconds; current allocated memory: 264.734 MB.
INFO: [HLS 200-10] Analyzing design file '/home/joe/Desktop/Uni/Year_4/Dissertation/Program-Synthesis-for-Efficient-ML/results/cpp/solution_addition_raw_sum.cpp' ... 
INFO: [HLS 200-111] Finished Source Code Analysis and Preprocessing: CPU user time: 3.93 seconds. CPU system time: 0.66 seconds. Elapsed time: 4.83 seconds; current allocated memory: 266.328 MB.
INFO: [HLS 200-777] Using interface defaults for 'Vivado' flow target.
INFO: [HLS 200-1995] There were 3,036 instructions in the design after the 'Compile/Link' phase of compilation. See the Design Size Report for more details (/home/joe/Desktop/Uni/Year_4/Dissertation/Program-Synthesis-for-Efficient-ML/results/HLS/solution_addition_raw_sum/solution_addition_raw_sum_component/hls/syn/report/csynth_design_size.rpt:2)
INFO: [HLS 200-1995] There were 180 instructions in the design after the 'Unroll/Inline (step 1)' phase of compilation. See the Design Size Report for more details (/home/joe/Desktop/Uni/Year_4/Dissertation/Program-Synthesis-for-Efficient-ML/results/HLS/solution_addition_raw_sum/solution_addition_raw_sum_component/hls/syn/report/csynth_design_size.rpt:2)
INFO: [HLS 200-1995] There were 120 instructions in the design after the 'Unroll/Inline (step 2)' phase of compilation. See the Design Size Report for more details (/home/joe/Desktop/Uni/Year_4/Dissertation/Program-Synthesis-for-Efficient-ML/results/HLS/solution_addition_raw_sum/solution_addition_raw_sum_component/hls/syn/report/csynth_design_size.rpt:2)
INFO: [HLS 200-1995] There were 120 instructions in the design after the 'Unroll/Inline (step 3)' phase of compilation. See the Design Size Report for more details (/home/joe/Desktop/Uni/Year_4/Dissertation/Program-Synthesis-for-Efficient-ML/results/HLS/solution_addition_raw_sum/solution_addition_raw_sum_component/hls/syn/report/csynth_design_size.rpt:2)
INFO: [HLS 200-1995] There were 116 instructions in the design after the 'Unroll/Inline (step 4)' phase of compilation. See the Design Size Report for more details (/home/joe/Desktop/Uni/Year_4/Dissertation/Program-Synthesis-for-Efficient-ML/results/HLS/solution_addition_raw_sum/solution_addition_raw_sum_component/hls/syn/report/csynth_design_size.rpt:2)
INFO: [HLS 200-1995] There were 95 instructions in the design after the 'Array/Struct (step 1)' phase of compilation. See the Design Size Report for more details (/home/joe/Desktop/Uni/Year_4/Dissertation/Program-Synthesis-for-Efficient-ML/results/HLS/solution_addition_raw_sum/solution_addition_raw_sum_component/hls/syn/report/csynth_design_size.rpt:2)
INFO: [HLS 200-1995] There were 65 instructions in the design after the 'Array/Struct (step 2)' phase of compilation. See the Design Size Report for more details (/home/joe/Desktop/Uni/Year_4/Dissertation/Program-Synthesis-for-Efficient-ML/results/HLS/solution_addition_raw_sum/solution_addition_raw_sum_component/hls/syn/report/csynth_design_size.rpt:2)
INFO: [HLS 200-1995] There were 65 instructions in the design after the 'Array/Struct (step 3)' phase of compilation. See the Design Size Report for more details (/home/joe/Desktop/Uni/Year_4/Dissertation/Program-Synthesis-for-Efficient-ML/results/HLS/solution_addition_raw_sum/solution_addition_raw_sum_component/hls/syn/report/csynth_design_size.rpt:2)
INFO: [HLS 200-1995] There were 63 instructions in the design after the 'Array/Struct (step 4)' phase of compilation. See the Design Size Report for more details (/home/joe/Desktop/Uni/Year_4/Dissertation/Program-Synthesis-for-Efficient-ML/results/HLS/solution_addition_raw_sum/solution_addition_raw_sum_component/hls/syn/report/csynth_design_size.rpt:2)
INFO: [HLS 200-1995] There were 63 instructions in the design after the 'Array/Struct (step 5)' phase of compilation. See the Design Size Report for more details (/home/joe/Desktop/Uni/Year_4/Dissertation/Program-Synthesis-for-Efficient-ML/results/HLS/solution_addition_raw_sum/solution_addition_raw_sum_component/hls/syn/report/csynth_design_size.rpt:2)
INFO: [HLS 200-1995] There were 63 instructions in the design after the 'Performance (step 1)' phase of compilation. See the Design Size Report for more details (/home/joe/Desktop/Uni/Year_4/Dissertation/Program-Synthesis-for-Efficient-ML/results/HLS/solution_addition_raw_sum/solution_addition_raw_sum_component/hls/syn/report/csynth_design_size.rpt:2)
INFO: [HLS 200-1995] There were 63 instructions in the design after the 'Performance (step 2)' phase of compilation. See the Design Size Report for more details (/home/joe/Desktop/Uni/Year_4/Dissertation/Program-Synthesis-for-Efficient-ML/results/HLS/solution_addition_raw_sum/solution_addition_raw_sum_component/hls/syn/report/csynth_design_size.rpt:2)
INFO: [HLS 200-1995] There were 63 instructions in the design after the 'Performance (step 3)' phase of compilation. See the Design Size Report for more details (/home/joe/Desktop/Uni/Year_4/Dissertation/Program-Synthesis-for-Efficient-ML/results/HLS/solution_addition_raw_sum/solution_addition_raw_sum_component/hls/syn/report/csynth_design_size.rpt:2)
INFO: [HLS 200-1995] There were 63 instructions in the design after the 'Performance (step 4)' phase of compilation. See the Design Size Report for more details (/home/joe/Desktop/Uni/Year_4/Dissertation/Program-Synthesis-for-Efficient-ML/results/HLS/solution_addition_raw_sum/solution_addition_raw_sum_component/hls/syn/report/csynth_design_size.rpt:2)
INFO: [HLS 200-1995] There were 67 instructions in the design after the 'HW Transforms (step 1)' phase of compilation. See the Design Size Report for more details (/home/joe/Desktop/Uni/Year_4/Dissertation/Program-Synthesis-for-Efficient-ML/results/HLS/solution_addition_raw_sum/solution_addition_raw_sum_component/hls/syn/report/csynth_design_size.rpt:2)
INFO: [HLS 200-1995] There were 66 instructions in the design after the 'HW Transforms (step 2)' phase of compilation. See the Design Size Report for more details (/home/joe/Desktop/Uni/Year_4/Dissertation/Program-Synthesis-for-Efficient-ML/results/HLS/solution_addition_raw_sum/solution_addition_raw_sum_component/hls/syn/report/csynth_design_size.rpt:2)
INFO: [HLS 200-111] Finished Compiling Optimization and Transform: CPU user time: 2.7 seconds. CPU system time: 0.49 seconds. Elapsed time: 7.99 seconds; current allocated memory: 275.637 MB.
INFO: [HLS 200-111] Finished Checking Pragmas: CPU user time: 0 seconds. CPU system time: 0 seconds. Elapsed time: 0 seconds; current allocated memory: 275.637 MB.
INFO: [HLS 200-10] Starting code transformations ...
INFO: [HLS 200-111] Finished Standard Transforms: CPU user time: 0.01 seconds. CPU system time: 0.01 seconds. Elapsed time: 0.04 seconds; current allocated memory: 275.738 MB.
INFO: [HLS 200-10] Checking synthesizability ...
INFO: [HLS 200-111] Finished Checking Synthesizability: CPU user time: 0 seconds. CPU system time: 0 seconds. Elapsed time: 0.01 seconds; current allocated memory: 275.836 MB.
INFO: [XFORM 203-401] Performing if-conversion on hyperblock to (/home/joe/Desktop/Uni/Year_4/Dissertation/Program-Synthesis-for-Efficient-ML/results/cpp/solution_addition_raw_sum.cpp:4:3) in function 'add_raw'... converting 5 basic blocks.
INFO: [HLS 200-111] Finished Loop, function and other optimizations: CPU user time: 0.02 seconds. CPU system time: 0.01 seconds. Elapsed time: 0.02 seconds; current allocated memory: 296.715 MB.
INFO: [HLS 200-111] Finished Architecture Synthesis: CPU user time: 0.01 seconds. CPU system time: 0 seconds. Elapsed time: 0.02 seconds; current allocated memory: 296.715 MB.
INFO: [HLS 200-10] Starting hardware synthesis ...
INFO: [HLS 200-10] Synthesizing 'add_raw' ...
INFO: [HLS 200-10] ----------------------------------------------------------------
INFO: [HLS 200-42] -- Implementing module 'add_raw' 
INFO: [HLS 200-10] ----------------------------------------------------------------
INFO: [SCHED 204-11] Starting scheduling ...
INFO: [SCHED 204-11] Finished scheduling.
INFO: [HLS 200-111] Finished Scheduling: CPU user time: 0.02 seconds. CPU system time: 0.02 seconds. Elapsed time: 0.06 seconds; current allocated memory: 296.715 MB.
INFO: [BIND 205-100] Starting micro-architecture generation ...
INFO: [BIND 205-101] Performing variable lifetime analysis.
INFO: [BIND 205-101] Exploring resource sharing.
INFO: [BIND 205-101] Binding ...
INFO: [BIND 205-100] Finished micro-architecture generation.
INFO: [HLS 200-111] Finished Binding: CPU user time: 0.01 seconds. CPU system time: 0 seconds. Elapsed time: 0.01 seconds; current allocated memory: 296.715 MB.
INFO: [HLS 200-10] ----------------------------------------------------------------
INFO: [HLS 200-10] -- Generating RTL for module 'add_raw' 
INFO: [HLS 200-10] ----------------------------------------------------------------
INFO: [RTGEN 206-500] Setting interface mode on port 'add_raw/m1' to 'ap_none'.
INFO: [RTGEN 206-500] Setting interface mode on port 'add_raw/e1' to 'ap_none'.
INFO: [RTGEN 206-500] Setting interface mode on port 'add_raw/m2' to 'ap_none'.
INFO: [RTGEN 206-500] Setting interface mode on port 'add_raw/e2' to 'ap_none'.
INFO: [RTGEN 206-500] Setting interface mode on function 'add_raw' to 'ap_ctrl_hs'.
WARNING: [RTGEN 206-101] Port 'add_raw/m1' has no fanin or fanout and is left dangling.
               Please use C simulation to confirm this function argument can be read from or written to.
INFO: [RTGEN 206-100] Generating core module 'sparsemux_7_2_3_1_1': 1 instance(s).
INFO: [RTGEN 206-100] Finished creating RTL model for 'add_raw'.
INFO: [HLS 200-111] Finished Creating RTL model: CPU user time: 0.02 seconds. CPU system time: 0 seconds. Elapsed time: 0.02 seconds; current allocated memory: 296.715 MB.
INFO: [HLS 200-111] Finished Generating all RTL models: CPU user time: 0.1 seconds. CPU system time: 0.02 seconds. Elapsed time: 0.13 seconds; current allocated memory: 296.715 MB.
INFO: [HLS 200-111] Finished Updating report files: CPU user time: 0.18 seconds. CPU system time: 0.04 seconds. Elapsed time: 0.22 seconds; current allocated memory: 296.715 MB.
INFO: [VHDL 208-304] Generating VHDL RTL for add_raw.
INFO: [VLOG 209-307] Generating Verilog RTL for add_raw.
INFO: [HLS 200-789] **** Estimated Fmax: 134.13 MHz
INFO: [HLS 200-2161] Finished Command csynth_design Elapsed time: 00:00:16; Allocated memory: 47.980 MB.
INFO: [HLS 200-1510] Running: export_design -rtl verilog 
INFO: [HLS 200-1915] Writing HLS config ini file /home/joe/Desktop/Uni/Year_4/Dissertation/Program-Synthesis-for-Efficient-ML/results/HLS/solution_addition_raw_sum/solution_addition_raw_sum_component/hls_config.cfg
INFO: [IMPL 213-8] Exporting RTL as a Vivado IP.
INFO: [HLS 200-802] Generated output file solution_addition_raw_sum_component/hls/impl/export.zip
INFO: [HLS 200-2161] Finished Command export_design Elapsed time: 00:00:30; Allocated memory: 16.000 MB.
