

================================================================
== Synthesis Summary Report of 'fp32_sum'
================================================================
+ General Information: 
    * Date:           Wed Nov 19 15:00:59 2025
    * Version:        2025.1 (Build 6135595 on May 21 2025)
    * Project:        solution_fp32addition_fp32_full_sum_component
    * Solution:       hls (Vivado IP Flow Target)
    * Product family: zynq
    * Target device:  xc7z020-clg400-1
    

+ Performance & Resource Estimates: 
    
    PS: '+' for module; 'o' for loop; '*' for dataflow
    +--------------------+------+-------+---------+-------+----------+---------+------+----------+------+----+---+-----------+-----+
    |       Modules      | Issue|       |     Latency     | Iteration|         | Trip |          |      |    |   |           |     |
    |       & Loops      | Type | Slack | (cycles)|  (ns) |  Latency | Interval| Count| Pipelined| BRAM | DSP| FF|    LUT    | URAM|
    +--------------------+------+-------+---------+-------+----------+---------+------+----------+------+----+---+-----------+-----+
    |+ fp32_sum          |     -|  19.26|        0|  0.000|         -|        1|     -|        no|     -|   -|  -|  1171 (2%)|    -|
    | + fp32_normaliser  |     -|  29.36|        0|  0.000|         -|        0|     -|        no|     -|   -|  -|   686 (1%)|    -|
    +--------------------+------+-------+---------+-------+----------+---------+------+----------+------+----+---+-----------+-----+


================================================================
== HW Interfaces
================================================================
* Other Ports
+-----------+---------+-----------+----------+
| Port      | Mode    | Direction | Bitwidth |
+-----------+---------+-----------+----------+
| ap_return |         | out       | 32       |
| e1        | ap_none | in        | 8        |
| e2        | ap_none | in        | 8        |
| m1        | ap_none | in        | 23       |
| m2        | ap_none | in        | 23       |
| s1        | ap_none | in        | 1        |
| s2        | ap_none | in        | 1        |
+-----------+---------+-----------+----------+

* TOP LEVEL CONTROL
+-----------+------------+-----------------------------------+
| Interface | Type       | Ports                             |
+-----------+------------+-----------------------------------+
| ap_rst    | reset      | ap_rst                            |
| ap_ctrl   | ap_ctrl_hs | ap_done ap_idle ap_ready ap_start |
+-----------+------------+-----------------------------------+


================================================================
== SW I/O Information
================================================================
* Top Function Arguments
+----------+-----------+-------------+
| Argument | Direction | Datatype    |
+----------+-----------+-------------+
| s1       | in        | ap_uint<1>  |
| e1       | in        | ap_uint<8>  |
| m1       | in        | ap_uint<23> |
| s2       | in        | ap_uint<1>  |
| e2       | in        | ap_uint<8>  |
| m2       | in        | ap_uint<23> |
| return   | out       | ap_uint<32> |
+----------+-----------+-------------+

* SW-to-HW Mapping
+----------+--------------+---------+
| Argument | HW Interface | HW Type |
+----------+--------------+---------+
| s1       | s1           | port    |
| e1       | e1           | port    |
| m1       | m1           | port    |
| s2       | s2           | port    |
| e2       | e2           | port    |
| m2       | m2           | port    |
| return   | ap_return    | port    |
+----------+--------------+---------+


================================================================
== Bind Op Report
================================================================
+--------------------------------------------------+-----+--------+------------+-----------+------------------------+---------+
| Name                                             | DSP | Pragma | Variable   | Op        | Impl                   | Latency |
+--------------------------------------------------+-----+--------+------------+-----------+------------------------+---------+
| + fp32_sum                                       | 0   |        |            |           |                        |         |
|   icmp_ln4_fu_97_p2                              |     |        | icmp_ln4   | setlt     | auto                   | 0       |
|   xor_ln4_fu_103_p2                              |     |        | xor_ln4    | xor       | auto                   | 0       |
|   icmp_ln4_1_fu_109_p2                           |     |        | icmp_ln4_1 | setne     | auto                   | 0       |
|   icmp_ln4_2_fu_123_p2                           |     |        | icmp_ln4_2 | setne     | auto                   | 0       |
|   sub_ln4_fu_137_p2                              |     |        | sub_ln4    | sub       | fabric                 | 0       |
|   lshr_ln4_fu_147_p2                             |     |        | lshr_ln4   | lshr      | auto_pipe              | 0       |
|   sub_ln4_1_fu_153_p2                            |     |        | sub_ln4_1  | sub       | fabric                 | 0       |
|   lshr_ln4_1_fu_163_p2                           |     |        | lshr_ln4_1 | lshr      | auto_pipe              | 0       |
|   tmp_0_i87_fu_177_p3                            |     |        | tmp_0_i87  | select    | auto_sel               | 0       |
|   am2_fu_185_p3                                  |     |        | am2        | select    | auto_sel               | 0       |
|   call_ret_fp32_normaliser_fu_90_target_exponent |     |        | exp        | select    | auto_sel               | 0       |
|   xor_ln8_fu_202_p2                              |     |        | xor_ln8    | xor       | auto                   | 0       |
|   icmp_ln8_fu_208_p2                             |     |        | icmp_ln8   | seteq     | auto                   | 0       |
|   and_ln8_fu_214_p2                              |     |        | and_ln8    | and       | auto                   | 0       |
|   xor_ln8_1_fu_220_p2                            |     |        | xor_ln8_1  | xor       | auto                   | 0       |
|   or_ln8_fu_226_p2                               |     |        | or_ln8     | or        | auto                   | 0       |
|   xor_ln8_2_fu_232_p2                            |     |        | xor_ln8_2  | xor       | auto                   | 0       |
|   and_ln8_1_fu_238_p2                            |     |        | and_ln8_1  | and       | auto                   | 0       |
|   icmp_ln8_1_fu_244_p2                           |     |        | icmp_ln8_1 | setlt     | auto                   | 0       |
|   xor_ln8_3_fu_250_p2                            |     |        | xor_ln8_3  | xor       | auto                   | 0       |
|   select_ln8_fu_256_p3                           |     |        | select_ln8 | select    | auto_sel               | 0       |
|   call_ret_fp32_normaliser_fu_90_raw_sign        |     |        | raw_s      | select    | auto_sel               | 0       |
|   icmp_ln8_2_fu_281_p2                           |     |        | icmp_ln8_2 | setlt     | auto                   | 0       |
|   raw_m_fu_319_p2                                |     |        | add_ln8    | add       | fabric                 | 0       |
|   raw_m_fu_319_p4                                |     |        | sub_ln8    | sub       | fabric                 | 0       |
|   raw_m_fu_319_p6                                |     |        | sub_ln8_1  | sub       | fabric                 | 0       |
|   and_ln8_2_fu_305_p2                            |     |        | and_ln8_2  | and       | auto                   | 0       |
|   sparsemux_7_2_25_1_1_U4                        |     |        | raw_m      | sparsemux | onehotencoding_realdef | 0       |
|  + fp32_normaliser                               | 0   |        |            |           |                        |         |
|    icmp_ln12_fu_348_p2                           |     |        | icmp_ln12  | seteq     | auto                   | 0       |
|    exp_24_fu_546_p2                              |     |        | exp_24     | add       | fabric                 | 0       |
|    exp_22_fu_566_p2                              |     |        | exp_22     | add       | fabric                 | 0       |
|    exp_21_fu_586_p2                              |     |        | exp_21     | add       | fabric                 | 0       |
|    exp_20_fu_606_p2                              |     |        | exp_20     | add       | fabric                 | 0       |
|    exp_19_fu_626_p2                              |     |        | exp_19     | add       | fabric                 | 0       |
|    exp_18_fu_646_p2                              |     |        | exp_18     | add       | fabric                 | 0       |
|    exp_17_fu_666_p2                              |     |        | exp_17     | add       | fabric                 | 0       |
|    exp_16_fu_686_p2                              |     |        | exp_16     | add       | fabric                 | 0       |
|    exp_15_fu_706_p2                              |     |        | exp_15     | add       | fabric                 | 0       |
|    exp_14_fu_726_p2                              |     |        | exp_14     | add       | fabric                 | 0       |
|    exp_13_fu_746_p2                              |     |        | exp_13     | add       | fabric                 | 0       |
|    exp_12_fu_766_p2                              |     |        | exp_12     | add       | fabric                 | 0       |
|    exp_11_fu_786_p2                              |     |        | exp_11     | add       | fabric                 | 0       |
|    exp_10_fu_806_p2                              |     |        | exp_10     | add       | fabric                 | 0       |
|    exp_9_fu_826_p2                               |     |        | exp_9      | add       | fabric                 | 0       |
|    exp_8_fu_846_p2                               |     |        | exp_8      | add       | fabric                 | 0       |
|    exp_7_fu_866_p2                               |     |        | exp_7      | add       | fabric                 | 0       |
|    exp_6_fu_886_p2                               |     |        | exp_6      | add       | fabric                 | 0       |
|    exp_5_fu_906_p2                               |     |        | exp_5      | add       | fabric                 | 0       |
|    exp_4_fu_926_p2                               |     |        | exp_4      | add       | fabric                 | 0       |
|    exp_3_fu_946_p2                               |     |        | exp_3      | add       | fabric                 | 0       |
|    exp_2_fu_966_p2                               |     |        | exp_2      | add       | fabric                 | 0       |
|    exp_1_fu_986_p2                               |     |        | exp_1      | add       | fabric                 | 0       |
|    exp_fu_1009_p2                                |     |        | exp        | add       | fabric                 | 0       |
+--------------------------------------------------+-----+--------+------------+-----------+------------------------+---------+


================================================================
== Storage Report
================================================================
  No bind storage info in design

================================================================
== Pragma Report
================================================================
  No pragmas found

