================================================================
== Design Size Report
================================================================

* Total Instructions per Compilation Phase
+---------------+-----------------------------+--------------+----------------------------------------------------------------------------------------+
| Phase         | Step                        | Instructions | Description                                                                            |
+---------------+-----------------------------+--------------+----------------------------------------------------------------------------------------+
| Compile/Link  |                             | 6,653        | After all functions are compiled and linked into a single design                       |
|               |                             |              |                                                                                        |
| Unroll/Inline |                             |              | After user unroll and inline pragmas are applied                                       |
|               | (1) unroll                  |   465        | user unroll pragmas are applied                                                        |
|               | (2) simplification          |   334        | simplification of applied user unroll pragmas                                          |
|               | (3) inline                  |   330        | user inline pragmas are applied                                                        |
|               | (4) simplification          |   320        | simplification of applied user inline pragmas                                          |
|               |                             |              |                                                                                        |
| Array/Struct  |                             |              | After user array partition and struct aggregate/disaggregate pragmas are applied       |
|               | (1) array partition         |   303        | user array partition pragmas are applied                                               |
|               | (2) simplification          |   303        | simplification of applied user array partition & struct aggregate/disaggregate pragmas |
|               | (3) aggregate/disaggregate  |   303        | user struct aggregate/disaggregate pragmas are applied                                 |
|               | (4) array reshape           |   303        | apply array reshape pragmas                                                            |
|               | (5) access patterns         |   303        | array access pattern optmizations                                                      |
|               |                             |              |                                                                                        |
| Performance   |                             |              | After transformations are applied to meet performance pragma targets                   |
|               | (1) loop simplification     |   303        | loop and instruction simplification                                                    |
|               | (2) parallelization         |   303        | loops are unrolled or pipelined to meet performance targets                            |
|               | (3) array partition         |   303        | arrays are partitioned to meet performance targets                                     |
|               | (4) simplification          |   303        | simplification of design after performance transformations                             |
|               |                             |              |                                                                                        |
| HW Transforms |                             |              | After hardware transfomations                                                          |
|               | (1) lowering                |   310        | initial conversion to HW specific instructions                                         |
|               | (2) optimizations           |   309        | high level synthesis optimizations                                                     |
+---------------+-----------------------------+--------------+----------------------------------------------------------------------------------------+

* Instructions per Function for each Compilation Phase
+--------------------+--------------------------------------------+--------------+---------------+--------------+-------------+---------------+
| Function           | Location                                   | Compile/Link | Unroll/Inline | Array/Struct | Performance | HW Transforms |
+--------------------+--------------------------------------------+--------------+---------------+--------------+-------------+---------------+
| + fp32_sum         | solution_fp32addition_fp32_full_sum.cpp:84 | 6,653        | 320           | 303          | 303         | 309           |
|    fp32_aligner    | solution_fp32addition_fp32_full_sum.cpp:3  | 1,170        |               |              |             |               |
|    fp32_raw_summer | solution_fp32addition_fp32_full_sum.cpp:20 |  753         |               |              |             |               |
|    fp32_normaliser | solution_fp32addition_fp32_full_sum.cpp:48 | 4,417        | 225           | 225          | 225         | 225           |
+--------------------+--------------------------------------------+--------------+---------------+--------------+-------------+---------------+

* Design Size Message Settings
+---------------------------------------------+--------+------------------------------------------------------------------+
| Message Setting                             | Value  | Description                                                      |
+---------------------------------------------+--------+------------------------------------------------------------------+
| config_compile -design_size_maximum_warning | 100000 | Show a warning when total design instructions exceeds this value |
+---------------------------------------------+--------+------------------------------------------------------------------+


