

================================================================
== Vitis HLS Report for 'fp32_normaliser'
================================================================
* Date:           Wed Nov 19 15:00:58 2025

* Version:        2025.1 (Build 6135595 on May 21 2025)
* Project:        solution_fp32addition_fp32_full_sum_component
* Solution:       hls (Vivado IP Flow Target)
* Product family: zynq
* Target device:  xc7z020-clg400-1


================================================================
== Performance Estimates
================================================================
+ Timing: 
    * Summary: 
    +--------+----------+----------+------------+
    |  Clock |  Target  | Estimated| Uncertainty|
    +--------+----------+----------+------------+
    |ap_clk  |  50.00 ns|  7.137 ns|    13.50 ns|
    +--------+----------+----------+------------+

+ Latency: 
    * Summary: 
    +---------+---------+----------+----------+-----+-----+---------+
    |  Latency (cycles) |  Latency (absolute) |  Interval | Pipeline|
    |   min   |   max   |    min   |    max   | min | max |   Type  |
    +---------+---------+----------+----------+-----+-----+---------+
    |        0|        0|      0 ns|      0 ns|    0|    0|       no|
    +---------+---------+----------+----------+-----+-----+---------+

    + Detail: 
        * Instance: 
        N/A

        * Loop: 
        N/A



================================================================
== Utilization Estimates
================================================================
* Summary: 
+-----------------+---------+-----+--------+-------+-----+
|       Name      | BRAM_18K| DSP |   FF   |  LUT  | URAM|
+-----------------+---------+-----+--------+-------+-----+
|DSP              |        -|    -|       -|      -|    -|
|Expression       |        -|    -|       0|    438|    -|
|FIFO             |        -|    -|       -|      -|    -|
|Instance         |        -|    -|       -|      -|    -|
|Memory           |        -|    -|       -|      -|    -|
|Multiplexer      |        -|    -|       0|    248|    -|
|Register         |        -|    -|       -|      -|    -|
+-----------------+---------+-----+--------+-------+-----+
|Total            |        0|    0|       0|    686|    0|
+-----------------+---------+-----+--------+-------+-----+
|Available        |      280|  220|  106400|  53200|    0|
+-----------------+---------+-----+--------+-------+-----+
|Utilization (%)  |        0|    0|       0|      1|    0|
+-----------------+---------+-----+--------+-------+-----+

+ Detail: 
    * Instance: 
    N/A

    * DSP: 
    N/A

    * Memory: 
    N/A

    * FIFO: 
    N/A

    * Expression: 
    +---------------------+----------+----+---+----+------------+------------+
    |    Variable Name    | Operation| DSP| FF| LUT| Bitwidth P0| Bitwidth P1|
    +---------------------+----------+----+---+----+------------+------------+
    |exp_10_fu_806_p2     |         +|   0|  0|  15|           8|           5|
    |exp_11_fu_786_p2     |         +|   0|  0|  15|           8|           5|
    |exp_12_fu_766_p2     |         +|   0|  0|  15|           8|           5|
    |exp_13_fu_746_p2     |         +|   0|  0|  15|           8|           5|
    |exp_14_fu_726_p2     |         +|   0|  0|  15|           8|           5|
    |exp_15_fu_706_p2     |         +|   0|  0|  15|           8|           5|
    |exp_16_fu_686_p2     |         +|   0|  0|  15|           8|           6|
    |exp_17_fu_666_p2     |         +|   0|  0|  15|           8|           6|
    |exp_18_fu_646_p2     |         +|   0|  0|  15|           8|           6|
    |exp_19_fu_626_p2     |         +|   0|  0|  15|           8|           6|
    |exp_1_fu_986_p2      |         +|   0|  0|  15|           8|           2|
    |exp_20_fu_606_p2     |         +|   0|  0|  15|           8|           6|
    |exp_21_fu_586_p2     |         +|   0|  0|  15|           8|           6|
    |exp_22_fu_566_p2     |         +|   0|  0|  15|           8|           6|
    |exp_24_fu_546_p2     |         +|   0|  0|  15|           8|           6|
    |exp_2_fu_966_p2      |         +|   0|  0|  15|           8|           3|
    |exp_3_fu_946_p2      |         +|   0|  0|  15|           8|           3|
    |exp_4_fu_926_p2      |         +|   0|  0|  15|           8|           4|
    |exp_5_fu_906_p2      |         +|   0|  0|  15|           8|           4|
    |exp_6_fu_886_p2      |         +|   0|  0|  15|           8|           4|
    |exp_7_fu_866_p2      |         +|   0|  0|  15|           8|           4|
    |exp_8_fu_846_p2      |         +|   0|  0|  15|           8|           5|
    |exp_9_fu_826_p2      |         +|   0|  0|  15|           8|           5|
    |exp_fu_1009_p2       |         +|   0|  0|  15|           8|           1|
    |ap_condition_557     |       and|   0|  0|   2|           1|           1|
    |ap_condition_562     |       and|   0|  0|   2|           1|           1|
    |ap_condition_568     |       and|   0|  0|   2|           1|           1|
    |ap_condition_575     |       and|   0|  0|   2|           1|           1|
    |ap_condition_583     |       and|   0|  0|   2|           1|           1|
    |ap_condition_592     |       and|   0|  0|   2|           1|           1|
    |ap_condition_602     |       and|   0|  0|   2|           1|           1|
    |ap_condition_613     |       and|   0|  0|   2|           1|           1|
    |ap_condition_625     |       and|   0|  0|   2|           1|           1|
    |ap_condition_638     |       and|   0|  0|   2|           1|           1|
    |ap_condition_652     |       and|   0|  0|   2|           1|           1|
    |ap_condition_667     |       and|   0|  0|   2|           1|           1|
    |ap_condition_683     |       and|   0|  0|   2|           1|           1|
    |ap_condition_687     |       and|   0|  0|   2|           1|           1|
    |ap_condition_692     |       and|   0|  0|   2|           1|           1|
    |ap_condition_698     |       and|   0|  0|   2|           1|           1|
    |ap_condition_705     |       and|   0|  0|   2|           1|           1|
    |ap_condition_713     |       and|   0|  0|   2|           1|           1|
    |ap_condition_722     |       and|   0|  0|   2|           1|           1|
    |ap_condition_732     |       and|   0|  0|   2|           1|           1|
    |ap_condition_743     |       and|   0|  0|   2|           1|           1|
    |ap_condition_755     |       and|   0|  0|   2|           1|           1|
    |ap_condition_767     |       and|   0|  0|   2|           1|           1|
    |icmp_ln12_fu_348_p2  |      icmp|   0|  0|  32|          25|           1|
    +---------------------+----------+----+---+----+------------+------------+
    |Total                |          |   0|  0| 438|         240|         137|
    +---------------------+----------+----+---+----+------------+------------+

    * Multiplexer: 
    +---------------------------------------+-----+-----------+-----+-----------+
    |                  Name                 | LUT | Input Size| Bits| Total Bits|
    +---------------------------------------+-----+-----------+-----+-----------+
    |ap_phi_mux_agg_result_0_phi_fu_341_p4  |   14|          3|   32|         96|
    |ap_phi_mux_exp_23_phi_fu_229_p50       |  117|         26|    8|        208|
    |ap_phi_mux_norm24_22_phi_fu_285_p50    |  117|         26|   23|        598|
    +---------------------------------------+-----+-----------+-----+-----------+
    |Total                                  |  248|         55|   63|        902|
    +---------------------------------------+-----+-----------+-----+-----------+

    * Register: 
    N/A



================================================================
== Interface
================================================================
* Summary: 
+------------------+-----+-----+------------+------------------+--------------+
|     RTL Ports    | Dir | Bits|  Protocol  |   Source Object  |    C Type    |
+------------------+-----+-----+------------+------------------+--------------+
|ap_ready          |  out|    1|  ap_ctrl_hs|   fp32_normaliser|  return value|
|ap_return         |  out|   32|  ap_ctrl_hs|   fp32_normaliser|  return value|
|ap_rst            |   in|    1|  ap_ctrl_hs|   fp32_normaliser|  return value|
|raw_sum_mantissa  |   in|   25|     ap_none|  raw_sum_mantissa|        scalar|
|raw_sign          |   in|    1|     ap_none|          raw_sign|        scalar|
|target_exponent   |   in|    8|     ap_none|   target_exponent|        scalar|
+------------------+-----+-----+------------+------------------+--------------+

