

================================================================
== Vitis HLS Report for 'fp32_sum'
================================================================
* Date:           Wed Nov 26 12:59:24 2025

* Version:        2025.1 (Build 6135595 on May 21 2025)
* Project:        solution_fp32addition_fp32_full_sum_component
* Solution:       hls (Vivado IP Flow Target)
* Product family: zynq
* Target device:  xc7z020-clg400-1


================================================================
== Performance Estimates
================================================================
+ Timing: 
    * Summary: 
    +--------+---------+-----------+------------+
    |  Clock |  Target | Estimated | Uncertainty|
    +--------+---------+-----------+------------+
    |ap_clk  |  1.00 ms|  20.566 ns|     0.27 ms|
    +--------+---------+-----------+------------+

+ Latency: 
    * Summary: 
    +---------+---------+----------+----------+-----+-----+---------+
    |  Latency (cycles) |  Latency (absolute) |  Interval | Pipeline|
    |   min   |   max   |    min   |    max   | min | max |   Type  |
    +---------+---------+----------+----------+-----+-----+---------+
    |        0|        0|      0 ns|      0 ns|    1|    1|       no|
    +---------+---------+----------+----------+-----+-----+---------+

    + Detail: 
        * Instance: 
        +---------------------------------+-----------------+---------+---------+----------+----------+-----+-----+---------+
        |                                 |                 |  Latency (cycles) |  Latency (absolute) |  Interval | Pipeline|
        |             Instance            |      Module     |   min   |   max   |    min   |    max   | min | max |   Type  |
        +---------------------------------+-----------------+---------+---------+----------+----------+-----+-----+---------+
        |call_ret_fp32_normaliser_fu_108  |fp32_normaliser  |        0|        0|      0 ns|      0 ns|    0|    0|       no|
        +---------------------------------+-----------------+---------+---------+----------+----------+-----+-----+---------+

        * Loop: 
        N/A



================================================================
== Utilization Estimates
================================================================
* Summary: 
+-----------------+---------+-----+--------+-------+-----+
|       Name      | BRAM_18K| DSP |   FF   |  LUT  | URAM|
+-----------------+---------+-----+--------+-------+-----+
|DSP              |        -|    -|       -|      -|    -|
|Expression       |        -|    -|       0|    495|    -|
|FIFO             |        -|    -|       -|      -|    -|
|Instance         |        -|    -|       0|    709|    -|
|Memory           |        -|    -|       -|      -|    -|
|Multiplexer      |        -|    -|       -|      -|    -|
|Register         |        -|    -|       -|      -|    -|
+-----------------+---------+-----+--------+-------+-----+
|Total            |        0|    0|       0|   1204|    0|
+-----------------+---------+-----+--------+-------+-----+
|Available        |      280|  220|  106400|  53200|    0|
+-----------------+---------+-----+--------+-------+-----+
|Utilization (%)  |        0|    0|       0|      2|    0|
+-----------------+---------+-----+--------+-------+-----+

+ Detail: 
    * Instance: 
    +---------------------------------+----------------------+---------+----+---+-----+-----+
    |             Instance            |        Module        | BRAM_18K| DSP| FF| LUT | URAM|
    +---------------------------------+----------------------+---------+----+---+-----+-----+
    |call_ret_fp32_normaliser_fu_108  |fp32_normaliser       |        0|   0|  0|  686|    0|
    |sparsemux_7_2_1_1_1_U5           |sparsemux_7_2_1_1_1   |        0|   0|  0|    9|    0|
    |sparsemux_9_3_25_1_1_U4          |sparsemux_9_3_25_1_1  |        0|   0|  0|   14|    0|
    +---------------------------------+----------------------+---------+----+---+-----+-----+
    |Total                            |                      |        0|   0|  0|  709|    0|
    +---------------------------------+----------------------+---------+----+---+-----+-----+

    * DSP: 
    N/A

    * Memory: 
    N/A

    * FIFO: 
    N/A

    * Expression: 
    +-------------------------------------------------+----------+----+---+----+------------+------------+
    |                  Variable Name                  | Operation| DSP| FF| LUT| Bitwidth P0| Bitwidth P1|
    +-------------------------------------------------+----------+----+---+----+------------+------------+
    |sum25_4_fu_328_p2                                |         +|   0|  0|  32|          25|          25|
    |de_1_fu_194_p2                                   |         -|   0|  0|  15|           8|           8|
    |de_fu_188_p2                                     |         -|   0|  0|  15|           8|           8|
    |sum25_4_fu_328_p6                                |         -|   0|  0|  32|          25|          25|
    |sum25_4_fu_328_p8                                |         -|   0|  0|  32|          25|          25|
    |and_ln32_fu_294_p2                               |       and|   0|  0|   2|           1|           1|
    |and_ln35_1_fu_312_p2                             |       and|   0|  0|   2|           1|           1|
    |and_ln35_fu_306_p2                               |       and|   0|  0|   2|           1|           1|
    |icmp_ln32_fu_250_p2                              |      icmp|   0|  0|  31|          24|          24|
    |icmp_ln35_fu_270_p2                              |      icmp|   0|  0|  31|          24|          24|
    |icmp_ln5_fu_115_p2                               |      icmp|   0|  0|  15|           8|           1|
    |icmp_ln6_fu_141_p2                               |      icmp|   0|  0|  15|           8|           1|
    |icmp_ln9_fu_167_p2                               |      icmp|   0|  0|  15|           8|           8|
    |lshr_ln11_fu_222_p2                              |      lshr|   0|  0|  67|          24|          24|
    |lshr_ln12_fu_212_p2                              |      lshr|   0|  0|  67|          24|          24|
    |or_ln35_fu_353_p2                                |        or|   0|  0|   2|           1|           1|
    |am1_1_fu_228_p3                                  |    select|   0|  0|  24|           1|          24|
    |am2_2_fu_236_p3                                  |    select|   0|  0|  24|           1|          24|
    |call_ret_fp32_normaliser_fu_108_target_exponent  |    select|   0|  0|   8|           1|           8|
    |de_2_fu_200_p3                                   |    select|   0|  0|   8|           1|           8|
    |sm1_1_fu_133_p3                                  |    select|   0|  0|  24|           1|          24|
    |sm2_1_fu_159_p3                                  |    select|   0|  0|  24|           1|          24|
    |xor_ln28_1_fu_288_p2                             |       xor|   0|  0|   2|           1|           2|
    |xor_ln28_fu_244_p2                               |       xor|   0|  0|   2|           1|           1|
    |xor_ln32_fu_300_p2                               |       xor|   0|  0|   2|           1|           2|
    |xor_ln9_fu_173_p2                                |       xor|   0|  0|   2|           1|           2|
    +-------------------------------------------------+----------+----+---+----+------------+------------+
    |Total                                            |          |   0|  0| 495|         225|         320|
    +-------------------------------------------------+----------+----+---+----+------------+------------+

    * Multiplexer: 
    N/A

    * Register: 
    N/A



================================================================
== Interface
================================================================
* Summary: 
+-----------+-----+-----+------------+--------------+--------------+
| RTL Ports | Dir | Bits|  Protocol  | Source Object|    C Type    |
+-----------+-----+-----+------------+--------------+--------------+
|ap_start   |   in|    1|  ap_ctrl_hs|      fp32_sum|  return value|
|ap_done    |  out|    1|  ap_ctrl_hs|      fp32_sum|  return value|
|ap_idle    |  out|    1|  ap_ctrl_hs|      fp32_sum|  return value|
|ap_ready   |  out|    1|  ap_ctrl_hs|      fp32_sum|  return value|
|ap_return  |  out|   32|  ap_ctrl_hs|      fp32_sum|  return value|
|ap_rst     |   in|    1|  ap_ctrl_hs|      fp32_sum|  return value|
|s1         |   in|    1|     ap_none|            s1|        scalar|
|e1         |   in|    8|     ap_none|            e1|        scalar|
|m1         |   in|   23|     ap_none|            m1|        scalar|
|s2         |   in|    1|     ap_none|            s2|        scalar|
|e2         |   in|    8|     ap_none|            e2|        scalar|
|m2         |   in|   23|     ap_none|            m2|        scalar|
+-----------+-----+-----+------------+--------------+--------------+

