

================================================================
== Synthesis Summary Report of 'max2'
================================================================
+ General Information: 
    * Date:           Wed Nov  5 13:18:42 2025
    * Version:        2025.1 (Build 6135595 on May 21 2025)
    * Project:        solution_naivefp32adder_full_adder_component
    * Solution:       hls (Vivado IP Flow Target)
    * Product family: zynq
    * Target device:  xc7z020-clg400-1
    

+ Performance & Resource Estimates: 
    
    PS: '+' for module; 'o' for loop; '*' for dataflow
    +--------+---------+-------+---------+-------+----------+---------+------+----------+------+----+---+----------+-----+
    | Modules|  Issue  |       |     Latency     | Iteration|         | Trip |          |      |    |   |          |     |
    | & Loops|   Type  | Slack | (cycles)|  (ns) |  Latency | Interval| Count| Pipelined| BRAM | DSP| FF|    LUT   | URAM|
    +--------+---------+-------+---------+-------+----------+---------+------+----------+------+----+---+----------+-----+
    |+ max2  |   Timing|  -2.76|        0|  0.000|         -|        1|     -|        no|     -|   -|  -|  17 (~0%)|    -|
    +--------+---------+-------+---------+-------+----------+---------+------+----------+------+----+---+----------+-----+


================================================================
== HW Interfaces
================================================================
* Other Ports
+-----------+---------+-----------+----------+
| Port      | Mode    | Direction | Bitwidth |
+-----------+---------+-----------+----------+
| ap_return |         | out       | 4        |
| x         | ap_none | in        | 4        |
| y         | ap_none | in        | 4        |
+-----------+---------+-----------+----------+

* TOP LEVEL CONTROL
+-----------+------------+-----------------------------------+
| Interface | Type       | Ports                             |
+-----------+------------+-----------------------------------+
| ap_rst    | reset      | ap_rst                            |
| ap_ctrl   | ap_ctrl_hs | ap_done ap_idle ap_ready ap_start |
+-----------+------------+-----------------------------------+


================================================================
== SW I/O Information
================================================================
* Top Function Arguments
+----------+-----------+------------+
| Argument | Direction | Datatype   |
+----------+-----------+------------+
| x        | in        | ap_uint<4> |
| y        | in        | ap_uint<4> |
| return   | out       | ap_uint<4> |
+----------+-----------+------------+

* SW-to-HW Mapping
+----------+--------------+---------+
| Argument | HW Interface | HW Type |
+----------+--------------+---------+
| x        | x            | port    |
| y        | y            | port    |
| return   | ap_return    | port    |
+----------+--------------+---------+


================================================================
== Bind Op Report
================================================================
+---------------------+-----+--------+------------+--------+----------+---------+
| Name                | DSP | Pragma | Variable   | Op     | Impl     | Latency |
+---------------------+-----+--------+------------+--------+----------+---------+
| + max2              | 0   |        |            |        |          |         |
|   icmp_ln4_fu_36_p2 |     |        | icmp_ln4   | setgt  | auto     | 0       |
|   ap_return         |     |        | select_ln4 | select | auto_sel | 0       |
+---------------------+-----+--------+------------+--------+----------+---------+


================================================================
== Storage Report
================================================================
  No bind storage info in design

================================================================
== Pragma Report
================================================================
  No pragmas found

