Wed Nov  5 13:18:29 2025: Running xcd server. This server was built by gradle.
Wed Nov  5 13:18:29 2025: Server was asked to start on port: '36755'
Wed Nov  5 13:18:29 2025: Server is using token UUID: '71c691d0-6cc5-40fe-a631-235285d9992d'
Wed Nov  5 13:18:29 2025: SESSION_MGR: creating session with session uuid: '6d04a3e9-ade5-4ab9-8d63-1f78fcd2ec76' and name 'default'
Wed Nov  5 13:18:29 2025: Attempting to start server on port '36755'
Wed Nov  5 13:18:29 2025: XCD main fifo: created main fifo '/tmp/xcdmain71c691d0-6cc5-40fe-a631-235285d9992d', fd read = 15
Wed Nov  5 13:18:29 2025: Running Dispatch Server
Wed Nov  5 13:18:29 2025: Version 2.2.0
Wed Nov  5 13:18:30 2025: Dispatch Server: Accepted socket connection from client
Wed Nov  5 13:18:30 2025: Starting Socket connection
Wed Nov  5 13:18:30 2025: EXCHANGE_TOKEN received, server token: 71c691d0-6cc5-40fe-a631-235285d9992d, passed token: 71c691d0-6cc5-40fe-a631-235285d9992d
Wed Nov  5 13:18:30 2025: SESSION_MGR: creating session with session uuid: '8375efbd-4aef-4dcc-a1bb-27fa12908ee7' and name 'vitis_hls'
Wed Nov  5 13:18:30 2025: KERNEL_SVC: creating session with uuid: '8375efbd-4aef-4dcc-a1bb-27fa12908ee7' and name 'vitis_hls'
Wed Nov  5 13:18:30 2025: GUIDANCE_SMGR: creating guidance session with uuid: '8375efbd-4aef-4dcc-a1bb-27fa12908ee7' and name 'vitis_hls'
Wed Nov  5 13:18:43 2025: Running xcd server. This server was built by gradle.
Wed Nov  5 13:18:43 2025: Server was asked to start on port: '34465'
Wed Nov  5 13:18:43 2025: Server is using token UUID: '548a3768-830c-40d2-bd0a-c4e367b519d1'
Wed Nov  5 13:18:43 2025: SESSION_MGR: creating session with session uuid: '6d04a3e9-ade5-4ab9-8d63-1f78fcd2ec76' and name 'default'
Wed Nov  5 13:18:43 2025: Attempting to start server on port '34465'
Wed Nov  5 13:18:43 2025: XCD main fifo: created main fifo '/tmp/xcdmain548a3768-830c-40d2-bd0a-c4e367b519d1', fd read = 16
Wed Nov  5 13:18:43 2025: Running Dispatch Server
Wed Nov  5 13:18:43 2025: Version 2.2.0
Wed Nov  5 13:18:45 2025: Dispatch Server: Accepted socket connection from client
Wed Nov  5 13:18:45 2025: Starting Socket connection
Wed Nov  5 13:18:45 2025: EXCHANGE_TOKEN received, server token: 548a3768-830c-40d2-bd0a-c4e367b519d1, passed token: 548a3768-830c-40d2-bd0a-c4e367b519d1
Wed Nov  5 13:18:45 2025: SESSION_MGR: creating session with session uuid: '64eb84f6-28ef-4b36-94c4-1d232f01bb47' and name 'vitis_hls'
Wed Nov  5 13:18:45 2025: KERNEL_SVC: creating session with uuid: '64eb84f6-28ef-4b36-94c4-1d232f01bb47' and name 'vitis_hls'
Wed Nov  5 13:18:45 2025: GUIDANCE_SMGR: creating guidance session with uuid: '64eb84f6-28ef-4b36-94c4-1d232f01bb47' and name 'vitis_hls'
Wed Nov  5 13:18:45 2025: STOP_SERVER received, server token: 71c691d0-6cc5-40fe-a631-235285d9992d, passed token: 71c691d0-6cc5-40fe-a631-235285d9992d
Wed Nov  5 13:18:45 2025: Socket received request to stop server.
Wed Nov  5 13:18:45 2025: Dispatch Server: do_await_stop
Wed Nov  5 13:18:45 2025: Dispatch Server: stopping mainFifo_
Wed Nov  5 13:18:45 2025: XCD main fifo: Stopping
Wed Nov  5 13:18:45 2025: XCD main fifo: do_read error code: Operation canceled
Wed Nov  5 13:18:45 2025: XCD main fifo: bytes_transferred: 0
Wed Nov  5 13:18:45 2025: SERVER: destructor for server bound to port 36755
Wed Nov  5 13:18:45 2025: XCD main fifo: Good unlink of /tmp/xcdmain71c691d0-6cc5-40fe-a631-235285d9992d
Wed Nov  5 13:18:45 2025: Server exiting with status 0.
Wed Nov  5 13:18:45 2025: Closing log file.
Wed Nov  5 13:19:13 2025: STOP_SERVER received, server token: 548a3768-830c-40d2-bd0a-c4e367b519d1, passed token: 548a3768-830c-40d2-bd0a-c4e367b519d1
Wed Nov  5 13:19:13 2025: Socket received request to stop server.
Wed Nov  5 13:19:13 2025: Dispatch Server: do_await_stop
Wed Nov  5 13:19:13 2025: Dispatch Server: stopping mainFifo_
Wed Nov  5 13:19:13 2025: XCD main fifo: Stopping
Wed Nov  5 13:19:13 2025: XCD main fifo: do_read error code: Operation canceled
Wed Nov  5 13:19:13 2025: XCD main fifo: bytes_transferred: 0
Wed Nov  5 13:19:13 2025: SERVER: destructor for server bound to port 34465
Wed Nov  5 13:19:13 2025: XCD main fifo: Good unlink of /tmp/xcdmain548a3768-830c-40d2-bd0a-c4e367b519d1
Wed Nov  5 13:19:13 2025: Server exiting with status 0.
Wed Nov  5 13:19:13 2025: Closing log file.
