Wed Nov 12 13:32:30 2025: Running xcd server. This server was built by gradle.
Wed Nov 12 13:32:30 2025: Server was asked to start on port: '45051'
Wed Nov 12 13:32:30 2025: Server is using token UUID: '30600f95-f29c-49e1-82c3-2cc96948df17'
Wed Nov 12 13:32:30 2025: SESSION_MGR: creating session with session uuid: '6d04a3e9-ade5-4ab9-8d63-1f78fcd2ec76' and name 'default'
Wed Nov 12 13:32:30 2025: Attempting to start server on port '45051'
Wed Nov 12 13:32:30 2025: XCD main fifo: created main fifo '/tmp/xcdmain30600f95-f29c-49e1-82c3-2cc96948df17', fd read = 15
Wed Nov 12 13:32:30 2025: Running Dispatch Server
Wed Nov 12 13:32:30 2025: Version 2.2.0
Wed Nov 12 13:32:32 2025: Dispatch Server: Accepted socket connection from client
Wed Nov 12 13:32:32 2025: Starting Socket connection
Wed Nov 12 13:32:32 2025: EXCHANGE_TOKEN received, server token: 30600f95-f29c-49e1-82c3-2cc96948df17, passed token: 30600f95-f29c-49e1-82c3-2cc96948df17
Wed Nov 12 13:32:32 2025: SESSION_MGR: creating session with session uuid: 'c685e4b5-fd6e-4b38-bdff-9d7ff39375a9' and name 'vitis_hls'
Wed Nov 12 13:32:32 2025: KERNEL_SVC: creating session with uuid: 'c685e4b5-fd6e-4b38-bdff-9d7ff39375a9' and name 'vitis_hls'
Wed Nov 12 13:32:32 2025: GUIDANCE_SMGR: creating guidance session with uuid: 'c685e4b5-fd6e-4b38-bdff-9d7ff39375a9' and name 'vitis_hls'
Wed Nov 12 13:32:44 2025: Running xcd server. This server was built by gradle.
Wed Nov 12 13:32:44 2025: Server was asked to start on port: '42093'
Wed Nov 12 13:32:44 2025: Server is using token UUID: '4e4fef36-655f-4e08-ac52-a5490ca3721d'
Wed Nov 12 13:32:44 2025: SESSION_MGR: creating session with session uuid: '6d04a3e9-ade5-4ab9-8d63-1f78fcd2ec76' and name 'default'
Wed Nov 12 13:32:44 2025: Attempting to start server on port '42093'
Wed Nov 12 13:32:44 2025: XCD main fifo: created main fifo '/tmp/xcdmain4e4fef36-655f-4e08-ac52-a5490ca3721d', fd read = 16
Wed Nov 12 13:32:44 2025: Running Dispatch Server
Wed Nov 12 13:32:44 2025: Version 2.2.0
Wed Nov 12 13:32:45 2025: Dispatch Server: Accepted socket connection from client
Wed Nov 12 13:32:45 2025: Starting Socket connection
Wed Nov 12 13:32:45 2025: EXCHANGE_TOKEN received, server token: 4e4fef36-655f-4e08-ac52-a5490ca3721d, passed token: 4e4fef36-655f-4e08-ac52-a5490ca3721d
Wed Nov 12 13:32:45 2025: SESSION_MGR: creating session with session uuid: '154853f9-1bfb-41f6-8764-51f19e826c10' and name 'vitis_hls'
Wed Nov 12 13:32:45 2025: KERNEL_SVC: creating session with uuid: '154853f9-1bfb-41f6-8764-51f19e826c10' and name 'vitis_hls'
Wed Nov 12 13:32:45 2025: GUIDANCE_SMGR: creating guidance session with uuid: '154853f9-1bfb-41f6-8764-51f19e826c10' and name 'vitis_hls'
Wed Nov 12 13:32:45 2025: STOP_SERVER received, server token: 30600f95-f29c-49e1-82c3-2cc96948df17, passed token: 30600f95-f29c-49e1-82c3-2cc96948df17
Wed Nov 12 13:32:45 2025: Socket received request to stop server.
Wed Nov 12 13:32:45 2025: Dispatch Server: do_await_stop
Wed Nov 12 13:32:45 2025: Dispatch Server: stopping mainFifo_
Wed Nov 12 13:32:45 2025: XCD main fifo: Stopping
Wed Nov 12 13:32:45 2025: XCD main fifo: do_read error code: Operation canceled
Wed Nov 12 13:32:45 2025: XCD main fifo: bytes_transferred: 0
Wed Nov 12 13:32:45 2025: SERVER: destructor for server bound to port 45051
Wed Nov 12 13:32:45 2025: XCD main fifo: Good unlink of /tmp/xcdmain30600f95-f29c-49e1-82c3-2cc96948df17
Wed Nov 12 13:32:45 2025: Server exiting with status 0.
Wed Nov 12 13:32:45 2025: Closing log file.
Wed Nov 12 13:33:11 2025: STOP_SERVER received, server token: 4e4fef36-655f-4e08-ac52-a5490ca3721d, passed token: 4e4fef36-655f-4e08-ac52-a5490ca3721d
Wed Nov 12 13:33:11 2025: Socket received request to stop server.
Wed Nov 12 13:33:11 2025: Dispatch Server: do_await_stop
Wed Nov 12 13:33:11 2025: Dispatch Server: stopping mainFifo_
Wed Nov 12 13:33:11 2025: XCD main fifo: Stopping
Wed Nov 12 13:33:11 2025: XCD main fifo: do_read error code: Operation canceled
Wed Nov 12 13:33:11 2025: XCD main fifo: bytes_transferred: 0
Wed Nov 12 13:33:11 2025: SERVER: destructor for server bound to port 42093
Wed Nov 12 13:33:11 2025: XCD main fifo: Good unlink of /tmp/xcdmain4e4fef36-655f-4e08-ac52-a5490ca3721d
Wed Nov 12 13:33:11 2025: Server exiting with status 0.
Wed Nov 12 13:33:11 2025: Closing log file.
