
****** Vivado v2025.1 (64-bit)
  **** SW Build 6140274 on Wed May 21 22:58:25 MDT 2025
  **** IP Build 6138677 on Thu May 22 03:10:11 MDT 2025
  **** SharedData Build 6139179 on Tue May 20 17:58:58 MDT 2025
  **** Start of session at: Sun Nov 16 20:39:33 2025
    ** Copyright 1986-2022 Xilinx, Inc. All Rights Reserved.
    ** Copyright 2022-2025 Advanced Micro Devices, Inc. All Rights Reserved.

source /home/joe/Desktop/Uni/Year_4/Dissertation/Program-Synthesis-for-Efficient-ML/results/HLS/solution_addition_alignment/vivado.tcl
# set v_files  [glob -nocomplain {/home/joe/Desktop/Uni/Year_4/Dissertation/Program-Synthesis-for-Efficient-ML/results/HLS/solution_addition_alignment/verilog_out/*.v}]
# set sv_files [glob -nocomplain {/home/joe/Desktop/Uni/Year_4/Dissertation/Program-Synthesis-for-Efficient-ML/results/HLS/solution_addition_alignment/verilog_out/*.sv}]
# if {[llength $v_files] == 0 && [llength $sv_files] == 0} {
#       puts "ERROR: No RTL files found in /home/joe/Desktop/Uni/Year_4/Dissertation/Program-Synthesis-for-Efficient-ML/results/HLS/solution_addition_alignment/verilog_out"
#       exit 1
#     }
# if {[llength $v_files]  > 0} { read_verilog $v_files }
# foreach f $sv_files { read_verilog -sv $f }
# synth_design -top select_exponent -part xc7z020clg400-1
Command: synth_design -top select_exponent -part xc7z020clg400-1
Starting synth_design
Attempting to get a license for feature 'Synthesis' and/or device 'xc7z020'
INFO: [Common 17-349] Got license for feature 'Synthesis' and/or device 'xc7z020'
INFO: [Synth 8-7079] Multithreading enabled for synth_design using a maximum of 7 processes.
INFO: [Synth 8-7078] Launching helper process for spawning children vivado processes
INFO: [Synth 8-7075] Helper process launched with PID 478474
---------------------------------------------------------------------------------
Starting Synthesize : Time (s): cpu = 00:00:04 ; elapsed = 00:00:05 . Memory (MB): peak = 1958.383 ; gain = 419.812 ; free physical = 154 ; free virtual = 2380
---------------------------------------------------------------------------------
