Wed Oct 29 00:39:58 2025: Running xcd server. This server was built by gradle.
Wed Oct 29 00:39:58 2025: Server was asked to start on port: '36565'
Wed Oct 29 00:39:58 2025: Server is using token UUID: 'ebd6c4ab-1fa6-4ab9-9d03-a1dc75e688b6'
Wed Oct 29 00:39:58 2025: SESSION_MGR: creating session with session uuid: '6d04a3e9-ade5-4ab9-8d63-1f78fcd2ec76' and name 'default'
Wed Oct 29 00:39:58 2025: Attempting to start server on port '36565'
Wed Oct 29 00:39:58 2025: XCD main fifo: created main fifo '/tmp/xcdmainebd6c4ab-1fa6-4ab9-9d03-a1dc75e688b6', fd read = 15
Wed Oct 29 00:39:58 2025: Running Dispatch Server
Wed Oct 29 00:39:58 2025: Version 2.2.0
Wed Oct 29 00:39:59 2025: Dispatch Server: Accepted socket connection from client
Wed Oct 29 00:39:59 2025: Starting Socket connection
Wed Oct 29 00:39:59 2025: EXCHANGE_TOKEN received, server token: ebd6c4ab-1fa6-4ab9-9d03-a1dc75e688b6, passed token: ebd6c4ab-1fa6-4ab9-9d03-a1dc75e688b6
Wed Oct 29 00:39:59 2025: SESSION_MGR: creating session with session uuid: '2b85d414-d5a9-4acb-9107-8c0d11c5f87f' and name 'vitis_hls'
Wed Oct 29 00:39:59 2025: KERNEL_SVC: creating session with uuid: '2b85d414-d5a9-4acb-9107-8c0d11c5f87f' and name 'vitis_hls'
Wed Oct 29 00:39:59 2025: GUIDANCE_SMGR: creating guidance session with uuid: '2b85d414-d5a9-4acb-9107-8c0d11c5f87f' and name 'vitis_hls'
Wed Oct 29 00:40:11 2025: Running xcd server. This server was built by gradle.
Wed Oct 29 00:40:11 2025: Server was asked to start on port: '43351'
Wed Oct 29 00:40:11 2025: Server is using token UUID: '35234617-c507-4579-90aa-c8c393500d95'
Wed Oct 29 00:40:11 2025: SESSION_MGR: creating session with session uuid: '6d04a3e9-ade5-4ab9-8d63-1f78fcd2ec76' and name 'default'
Wed Oct 29 00:40:11 2025: Attempting to start server on port '43351'
Wed Oct 29 00:40:11 2025: XCD main fifo: created main fifo '/tmp/xcdmain35234617-c507-4579-90aa-c8c393500d95', fd read = 16
Wed Oct 29 00:40:11 2025: Running Dispatch Server
Wed Oct 29 00:40:11 2025: Version 2.2.0
Wed Oct 29 00:40:12 2025: Dispatch Server: Accepted socket connection from client
Wed Oct 29 00:40:12 2025: Starting Socket connection
Wed Oct 29 00:40:12 2025: EXCHANGE_TOKEN received, server token: 35234617-c507-4579-90aa-c8c393500d95, passed token: 35234617-c507-4579-90aa-c8c393500d95
Wed Oct 29 00:40:12 2025: SESSION_MGR: creating session with session uuid: '1a7f7408-8980-494c-8cd3-c6633ceb609b' and name 'vitis_hls'
Wed Oct 29 00:40:12 2025: KERNEL_SVC: creating session with uuid: '1a7f7408-8980-494c-8cd3-c6633ceb609b' and name 'vitis_hls'
Wed Oct 29 00:40:12 2025: GUIDANCE_SMGR: creating guidance session with uuid: '1a7f7408-8980-494c-8cd3-c6633ceb609b' and name 'vitis_hls'
Wed Oct 29 00:40:12 2025: STOP_SERVER received, server token: ebd6c4ab-1fa6-4ab9-9d03-a1dc75e688b6, passed token: ebd6c4ab-1fa6-4ab9-9d03-a1dc75e688b6
Wed Oct 29 00:40:12 2025: Socket received request to stop server.
Wed Oct 29 00:40:12 2025: Dispatch Server: do_await_stop
Wed Oct 29 00:40:12 2025: Dispatch Server: stopping mainFifo_
Wed Oct 29 00:40:12 2025: XCD main fifo: Stopping
Wed Oct 29 00:40:12 2025: XCD main fifo: do_read error code: Operation canceled
Wed Oct 29 00:40:12 2025: XCD main fifo: bytes_transferred: 0
Wed Oct 29 00:40:12 2025: SERVER: destructor for server bound to port 36565
Wed Oct 29 00:40:12 2025: XCD main fifo: Good unlink of /tmp/xcdmainebd6c4ab-1fa6-4ab9-9d03-a1dc75e688b6
Wed Oct 29 00:40:12 2025: Server exiting with status 0.
Wed Oct 29 00:40:12 2025: Closing log file.
Wed Oct 29 00:40:37 2025: STOP_SERVER received, server token: 35234617-c507-4579-90aa-c8c393500d95, passed token: 35234617-c507-4579-90aa-c8c393500d95
Wed Oct 29 00:40:37 2025: Socket received request to stop server.
Wed Oct 29 00:40:37 2025: Dispatch Server: do_await_stop
Wed Oct 29 00:40:37 2025: Dispatch Server: stopping mainFifo_
Wed Oct 29 00:40:37 2025: XCD main fifo: Stopping
Wed Oct 29 00:40:37 2025: XCD main fifo: do_read error code: Operation canceled
Wed Oct 29 00:40:37 2025: XCD main fifo: bytes_transferred: 0
Wed Oct 29 00:40:37 2025: SERVER: destructor for server bound to port 43351
Wed Oct 29 00:40:37 2025: XCD main fifo: Good unlink of /tmp/xcdmain35234617-c507-4579-90aa-c8c393500d95
Wed Oct 29 00:40:37 2025: Server exiting with status 0.
Wed Oct 29 00:40:37 2025: Closing log file.
