#-----------------------------------------------------------
# Vivado v2025.1 (64-bit)
# SW Build 6140274 on Wed May 21 22:58:25 MDT 2025
# IP Build 6138677 on Thu May 22 03:10:11 MDT 2025
# SharedData Build 6139179 on Tue May 20 17:58:58 MDT 2025
# Start of session at: Tue Nov 11 15:14:33 2025
# Process ID         : 285394
# Current directory  : /home/joe/Desktop/Uni/Year_4/Dissertation/Program-Synthesis-for-Efficient-ML/results/HLS/solution_fp32addition_fp32_raw_sum/solution_fp32addition_fp32_raw_sum_component/hls/impl/ip
# Command line       : vivado -notrace -mode batch -source run_ippack.tcl
# Log file           : /home/joe/Desktop/Uni/Year_4/Dissertation/Program-Synthesis-for-Efficient-ML/results/HLS/solution_fp32addition_fp32_raw_sum/solution_fp32addition_fp32_raw_sum_component/hls/impl/ip/vivado.log
# Journal file       : /home/joe/Desktop/Uni/Year_4/Dissertation/Program-Synthesis-for-Efficient-ML/results/HLS/solution_fp32addition_fp32_raw_sum/solution_fp32addition_fp32_raw_sum_component/hls/impl/ip/vivado.jou
# Running On         : joe
# Platform           : Ubuntu
# Operating System   : Ubuntu 24.04.3 LTS
# Processor Detail   : Intel(R) Core(TM) i7-10870H CPU @ 2.20GHz
# CPU Frequency      : 3812.165 MHz
# CPU Physical cores : 8
# CPU Logical cores  : 16
# Host memory        : 16592 MB
# Swap memory        : 4294 MB
# Total Virtual      : 20887 MB
# Available Virtual  : 5552 MB
#-----------------------------------------------------------
source run_ippack.tcl -notrace
INFO: calling package_hls_ip ip_types=vitis sysgen json_file=/home/joe/Desktop/Uni/Year_4/Dissertation/Program-Synthesis-for-Efficient-ML/results/HLS/solution_fp32addition_fp32_raw_sum/solution_fp32addition_fp32_raw_sum_component/hls/hls_data.json outdir=/home/joe/Desktop/Uni/Year_4/Dissertation/Program-Synthesis-for-Efficient-ML/results/HLS/solution_fp32addition_fp32_raw_sum/solution_fp32addition_fp32_raw_sum_component/hls/impl/ip srcdir=/home/joe/Desktop/Uni/Year_4/Dissertation/Program-Synthesis-for-Efficient-ML/results/HLS/solution_fp32addition_fp32_raw_sum/solution_fp32addition_fp32_raw_sum_component/hls ippack_options_dict= ippack_options_dict=
INFO: Copied 1 ipmisc file(s) to /home/joe/Desktop/Uni/Year_4/Dissertation/Program-Synthesis-for-Efficient-ML/results/HLS/solution_fp32addition_fp32_raw_sum/solution_fp32addition_fp32_raw_sum_component/hls/impl/ip/misc
INFO: Copied 2 verilog file(s) to /home/joe/Desktop/Uni/Year_4/Dissertation/Program-Synthesis-for-Efficient-ML/results/HLS/solution_fp32addition_fp32_raw_sum/solution_fp32addition_fp32_raw_sum_component/hls/impl/ip/hdl/verilog
INFO: Copied 2 vhdl file(s) to /home/joe/Desktop/Uni/Year_4/Dissertation/Program-Synthesis-for-Efficient-ML/results/HLS/solution_fp32addition_fp32_raw_sum/solution_fp32addition_fp32_raw_sum_component/hls/impl/ip/hdl/vhdl
INFO: Import ports from HDL: /home/joe/Desktop/Uni/Year_4/Dissertation/Program-Synthesis-for-Efficient-ML/results/HLS/solution_fp32addition_fp32_raw_sum/solution_fp32addition_fp32_raw_sum_component/hls/impl/ip/hdl/vhdl/fp32_raw_summer.vhd (fp32_raw_summer)
INFO: Add ap_ctrl interface ap_ctrl
INFO: Add data interface ap_return
INFO: [IP_Flow 19-234] Refreshing IP repositories
INFO: [IP_Flow 19-1704] No user IP repositories specified
INFO: [IP_Flow 19-2313] Loaded Vivado IP repository '/tools/Xilinx/2025.1/Vivado/data/ip'.
INFO: Add reset interface ap_rst
INFO: Add data interface s1
INFO: Add data interface aligned_m1
INFO: Add data interface s2
INFO: Add data interface aligned_m2
INFO: Calling post_process_vitis to specialize IP
INFO: Calling post_process_sysgen to specialize IP
Generating sysgen info xml from json file
INFO: Created IP /home/joe/Desktop/Uni/Year_4/Dissertation/Program-Synthesis-for-Efficient-ML/results/HLS/solution_fp32addition_fp32_raw_sum/solution_fp32addition_fp32_raw_sum_component/hls/impl/ip/component.xml
INFO: Created IP archive /home/joe/Desktop/Uni/Year_4/Dissertation/Program-Synthesis-for-Efficient-ML/results/HLS/solution_fp32addition_fp32_raw_sum/solution_fp32addition_fp32_raw_sum_component/hls/impl/ip/xilinx_com_hls_fp32_raw_summer_1_0.zip
INFO: [Common 17-206] Exiting Vivado at Tue Nov 11 15:14:38 2025...
