==============================================================
Vitis HLS - High-Level Synthesis from C, C++ and OpenCL v2025.1 (64-bit)
Tool Version Limit: 2025.05
Copyright 1986-2022 Xilinx, Inc. All Rights Reserved.
Copyright 2022-2025 Advanced Micro Devices, Inc. All Rights Reserved.

==============================================================
INFO: [HLS 200-1505] Using flow_target 'vivado'
INFO: [HLS 200-2176] Writing Vitis IDE component file /home/joe/Desktop/Uni/Year_4/Dissertation/Program-Synthesis-for-Efficient-ML/results/HLS/solution_fp32addition_fp32_alignment/solution_fp32addition_fp32_alignment_component/vitis-comp.json
INFO: [HLS 200-1915] Writing HLS config ini file /home/joe/Desktop/Uni/Year_4/Dissertation/Program-Synthesis-for-Efficient-ML/results/HLS/solution_fp32addition_fp32_alignment/solution_fp32addition_fp32_alignment_component/hls_config.cfg
INFO: [HLS 200-1510] Running: set_top fp32_aligner 
INFO: [HLS 200-1510] Running: add_files /home/joe/Desktop/Uni/Year_4/Dissertation/Program-Synthesis-for-Efficient-ML/results/cpp/solution_fp32addition_fp32_alignment.cpp 
INFO: [HLS 200-10] Adding design file '/home/joe/Desktop/Uni/Year_4/Dissertation/Program-Synthesis-for-Efficient-ML/results/cpp/solution_fp32addition_fp32_alignment.cpp' to the project
INFO: [HLS 200-1510] Running: set_part xc7z020clg400-1 
INFO: [HLS 200-1611] Setting target device to 'xc7z020-clg400-1'
INFO: [HLS 200-1510] Running: create_clock -period 1000000000ns 
INFO: [SYN 201-201] Setting up clock 'default' with a period of 1e+09ns.
INFO: [HLS 200-1510] Running: csynth_design 
INFO: [HLS 200-1915] Writing HLS config ini file /home/joe/Desktop/Uni/Year_4/Dissertation/Program-Synthesis-for-Efficient-ML/results/HLS/solution_fp32addition_fp32_alignment/solution_fp32addition_fp32_alignment_component/hls_config.cfg
INFO: [HLS 200-111] Finished File checks and directory preparation: CPU user time: 0.44 seconds. CPU system time: 0.04 seconds. Elapsed time: 3.04 seconds; current allocated memory: 264.770 MB.
INFO: [HLS 200-10] Analyzing design file '/home/joe/Desktop/Uni/Year_4/Dissertation/Program-Synthesis-for-Efficient-ML/results/cpp/solution_fp32addition_fp32_alignment.cpp' ... 
INFO: [HLS 200-111] Finished Source Code Analysis and Preprocessing: CPU user time: 2.77 seconds. CPU system time: 0.38 seconds. Elapsed time: 3.38 seconds; current allocated memory: 266.320 MB.
INFO: [HLS 200-777] Using interface defaults for 'Vivado' flow target.
INFO: [HLS 200-1995] There were 2,405 instructions in the design after the 'Compile/Link' phase of compilation. See the Design Size Report for more details (/home/joe/Desktop/Uni/Year_4/Dissertation/Program-Synthesis-for-Efficient-ML/results/HLS/solution_fp32addition_fp32_alignment/solution_fp32addition_fp32_alignment_component/hls/syn/report/csynth_design_size.rpt:2)
INFO: [HLS 200-1995] There were 140 instructions in the design after the 'Unroll/Inline (step 1)' phase of compilation. See the Design Size Report for more details (/home/joe/Desktop/Uni/Year_4/Dissertation/Program-Synthesis-for-Efficient-ML/results/HLS/solution_fp32addition_fp32_alignment/solution_fp32addition_fp32_alignment_component/hls/syn/report/csynth_design_size.rpt:2)
INFO: [HLS 200-1995] There were 49 instructions in the design after the 'Unroll/Inline (step 2)' phase of compilation. See the Design Size Report for more details (/home/joe/Desktop/Uni/Year_4/Dissertation/Program-Synthesis-for-Efficient-ML/results/HLS/solution_fp32addition_fp32_alignment/solution_fp32addition_fp32_alignment_component/hls/syn/report/csynth_design_size.rpt:2)
INFO: [HLS 200-1995] There were 49 instructions in the design after the 'Unroll/Inline (step 3)' phase of compilation. See the Design Size Report for more details (/home/joe/Desktop/Uni/Year_4/Dissertation/Program-Synthesis-for-Efficient-ML/results/HLS/solution_fp32addition_fp32_alignment/solution_fp32addition_fp32_alignment_component/hls/syn/report/csynth_design_size.rpt:2)
INFO: [HLS 200-1995] There were 45 instructions in the design after the 'Unroll/Inline (step 4)' phase of compilation. See the Design Size Report for more details (/home/joe/Desktop/Uni/Year_4/Dissertation/Program-Synthesis-for-Efficient-ML/results/HLS/solution_fp32addition_fp32_alignment/solution_fp32addition_fp32_alignment_component/hls/syn/report/csynth_design_size.rpt:2)
INFO: [HLS 200-1995] There were 39 instructions in the design after the 'Array/Struct (step 1)' phase of compilation. See the Design Size Report for more details (/home/joe/Desktop/Uni/Year_4/Dissertation/Program-Synthesis-for-Efficient-ML/results/HLS/solution_fp32addition_fp32_alignment/solution_fp32addition_fp32_alignment_component/hls/syn/report/csynth_design_size.rpt:2)
INFO: [HLS 200-1995] There were 39 instructions in the design after the 'Array/Struct (step 2)' phase of compilation. See the Design Size Report for more details (/home/joe/Desktop/Uni/Year_4/Dissertation/Program-Synthesis-for-Efficient-ML/results/HLS/solution_fp32addition_fp32_alignment/solution_fp32addition_fp32_alignment_component/hls/syn/report/csynth_design_size.rpt:2)
INFO: [HLS 200-1995] There were 39 instructions in the design after the 'Array/Struct (step 3)' phase of compilation. See the Design Size Report for more details (/home/joe/Desktop/Uni/Year_4/Dissertation/Program-Synthesis-for-Efficient-ML/results/HLS/solution_fp32addition_fp32_alignment/solution_fp32addition_fp32_alignment_component/hls/syn/report/csynth_design_size.rpt:2)
INFO: [HLS 200-1995] There were 39 instructions in the design after the 'Array/Struct (step 4)' phase of compilation. See the Design Size Report for more details (/home/joe/Desktop/Uni/Year_4/Dissertation/Program-Synthesis-for-Efficient-ML/results/HLS/solution_fp32addition_fp32_alignment/solution_fp32addition_fp32_alignment_component/hls/syn/report/csynth_design_size.rpt:2)
INFO: [HLS 200-1995] There were 39 instructions in the design after the 'Array/Struct (step 5)' phase of compilation. See the Design Size Report for more details (/home/joe/Desktop/Uni/Year_4/Dissertation/Program-Synthesis-for-Efficient-ML/results/HLS/solution_fp32addition_fp32_alignment/solution_fp32addition_fp32_alignment_component/hls/syn/report/csynth_design_size.rpt:2)
INFO: [HLS 200-1995] There were 39 instructions in the design after the 'Performance (step 1)' phase of compilation. See the Design Size Report for more details (/home/joe/Desktop/Uni/Year_4/Dissertation/Program-Synthesis-for-Efficient-ML/results/HLS/solution_fp32addition_fp32_alignment/solution_fp32addition_fp32_alignment_component/hls/syn/report/csynth_design_size.rpt:2)
INFO: [HLS 200-1995] There were 39 instructions in the design after the 'Performance (step 2)' phase of compilation. See the Design Size Report for more details (/home/joe/Desktop/Uni/Year_4/Dissertation/Program-Synthesis-for-Efficient-ML/results/HLS/solution_fp32addition_fp32_alignment/solution_fp32addition_fp32_alignment_component/hls/syn/report/csynth_design_size.rpt:2)
INFO: [HLS 200-1995] There were 39 instructions in the design after the 'Performance (step 3)' phase of compilation. See the Design Size Report for more details (/home/joe/Desktop/Uni/Year_4/Dissertation/Program-Synthesis-for-Efficient-ML/results/HLS/solution_fp32addition_fp32_alignment/solution_fp32addition_fp32_alignment_component/hls/syn/report/csynth_design_size.rpt:2)
INFO: [HLS 200-1995] There were 39 instructions in the design after the 'Performance (step 4)' phase of compilation. See the Design Size Report for more details (/home/joe/Desktop/Uni/Year_4/Dissertation/Program-Synthesis-for-Efficient-ML/results/HLS/solution_fp32addition_fp32_alignment/solution_fp32addition_fp32_alignment_component/hls/syn/report/csynth_design_size.rpt:2)
INFO: [HLS 200-1995] There were 43 instructions in the design after the 'HW Transforms (step 1)' phase of compilation. See the Design Size Report for more details (/home/joe/Desktop/Uni/Year_4/Dissertation/Program-Synthesis-for-Efficient-ML/results/HLS/solution_fp32addition_fp32_alignment/solution_fp32addition_fp32_alignment_component/hls/syn/report/csynth_design_size.rpt:2)
INFO: [HLS 200-1995] There were 42 instructions in the design after the 'HW Transforms (step 2)' phase of compilation. See the Design Size Report for more details (/home/joe/Desktop/Uni/Year_4/Dissertation/Program-Synthesis-for-Efficient-ML/results/HLS/solution_fp32addition_fp32_alignment/solution_fp32addition_fp32_alignment_component/hls/syn/report/csynth_design_size.rpt:2)
INFO: [HLS 200-111] Finished Compiling Optimization and Transform: CPU user time: 1.7 seconds. CPU system time: 0.24 seconds. Elapsed time: 6.86 seconds; current allocated memory: 275.734 MB.
INFO: [HLS 200-111] Finished Checking Pragmas: CPU user time: 0 seconds. CPU system time: 0 seconds. Elapsed time: 0 seconds; current allocated memory: 275.734 MB.
INFO: [HLS 200-10] Starting code transformations ...
INFO: [HLS 200-111] Finished Standard Transforms: CPU user time: 0.01 seconds. CPU system time: 0 seconds. Elapsed time: 0.04 seconds; current allocated memory: 275.734 MB.
INFO: [HLS 200-10] Checking synthesizability ...
INFO: [HLS 200-111] Finished Checking Synthesizability: CPU user time: 0.01 seconds. CPU system time: 0 seconds. Elapsed time: 0.01 seconds; current allocated memory: 275.840 MB.
INFO: [XFORM 203-401] Performing if-conversion on hyperblock to (/home/joe/Desktop/Uni/Year_4/Dissertation/Program-Synthesis-for-Efficient-ML/results/cpp/solution_fp32addition_fp32_alignment.cpp:4:3) in function 'fp32_aligner'... converting 4 basic blocks.
INFO: [HLS 200-111] Finished Loop, function and other optimizations: CPU user time: 0.02 seconds. CPU system time: 0.01 seconds. Elapsed time: 0.03 seconds; current allocated memory: 296.707 MB.
INFO: [HLS 200-111] Finished Architecture Synthesis: CPU user time: 0.02 seconds. CPU system time: 0 seconds. Elapsed time: 0.02 seconds; current allocated memory: 296.707 MB.
INFO: [HLS 200-10] Starting hardware synthesis ...
INFO: [HLS 200-10] Synthesizing 'fp32_aligner' ...
INFO: [HLS 200-10] ----------------------------------------------------------------
INFO: [HLS 200-42] -- Implementing module 'fp32_aligner' 
INFO: [HLS 200-10] ----------------------------------------------------------------
INFO: [SCHED 204-11] Starting scheduling ...
INFO: [SCHED 204-11] Finished scheduling.
INFO: [HLS 200-111] Finished Scheduling: CPU user time: 0.02 seconds. CPU system time: 0.01 seconds. Elapsed time: 0.05 seconds; current allocated memory: 296.707 MB.
INFO: [BIND 205-100] Starting micro-architecture generation ...
INFO: [BIND 205-101] Performing variable lifetime analysis.
INFO: [BIND 205-101] Exploring resource sharing.
INFO: [BIND 205-101] Binding ...
INFO: [BIND 205-100] Finished micro-architecture generation.
INFO: [HLS 200-111] Finished Binding: CPU user time: 0.01 seconds. CPU system time: 0.01 seconds. Elapsed time: 0.01 seconds; current allocated memory: 296.707 MB.
INFO: [HLS 200-10] ----------------------------------------------------------------
INFO: [HLS 200-10] -- Generating RTL for module 'fp32_aligner' 
INFO: [HLS 200-10] ----------------------------------------------------------------
INFO: [RTGEN 206-500] Setting interface mode on port 'fp32_aligner/e1' to 'ap_none'.
INFO: [RTGEN 206-500] Setting interface mode on port 'fp32_aligner/m1' to 'ap_none'.
INFO: [RTGEN 206-500] Setting interface mode on port 'fp32_aligner/e2' to 'ap_none'.
INFO: [RTGEN 206-500] Setting interface mode on port 'fp32_aligner/m2' to 'ap_none'.
INFO: [RTGEN 206-500] Setting interface mode on function 'fp32_aligner' to 'ap_ctrl_hs'.
INFO: [RTGEN 206-100] Finished creating RTL model for 'fp32_aligner'.
INFO: [HLS 200-111] Finished Creating RTL model: CPU user time: 0.02 seconds. CPU system time: 0 seconds. Elapsed time: 0.02 seconds; current allocated memory: 296.707 MB.
INFO: [HLS 200-111] Finished Generating all RTL models: CPU user time: 0.18 seconds. CPU system time: 0.02 seconds. Elapsed time: 0.2 seconds; current allocated memory: 296.707 MB.
INFO: [HLS 200-111] Finished Updating report files: CPU user time: 0.22 seconds. CPU system time: 0.03 seconds. Elapsed time: 0.26 seconds; current allocated memory: 296.707 MB.
INFO: [VHDL 208-304] Generating VHDL RTL for fp32_aligner.
INFO: [VLOG 209-307] Generating Verilog RTL for fp32_aligner.
INFO: [HLS 200-789] **** Estimated Fmax: 146.78 MHz
INFO: [HLS 200-2161] Finished Command csynth_design Elapsed time: 00:00:13; Allocated memory: 47.938 MB.
INFO: [HLS 200-1510] Running: export_design -rtl verilog 
INFO: [HLS 200-1915] Writing HLS config ini file /home/joe/Desktop/Uni/Year_4/Dissertation/Program-Synthesis-for-Efficient-ML/results/HLS/solution_fp32addition_fp32_alignment/solution_fp32addition_fp32_alignment_component/hls_config.cfg
INFO: [IMPL 213-8] Exporting RTL as a Vivado IP.
INFO: [HLS 200-802] Generated output file solution_fp32addition_fp32_alignment_component/hls/impl/export.zip
INFO: [HLS 200-2161] Finished Command export_design Elapsed time: 00:00:29; Allocated memory: 16.000 MB.
