  **** HLS Build v2025.1 6135595
Sourcing Tcl script '/home/joe/Desktop/Uni/Year_4/Dissertation/Program-Synthesis-for-Efficient-ML/results/HLS/solution_fp32addition_fp32_normalisation/hls.tcl'
INFO: [HLS 200-1510] Running: open_component -reset solution_fp32addition_fp32_normalisation_component -flow_target vivado 
INFO: [HLS 200-10] Creating and opening component '/home/joe/Desktop/Uni/Year_4/Dissertation/Program-Synthesis-for-Efficient-ML/results/HLS/solution_fp32addition_fp32_normalisation/solution_fp32addition_fp32_normalisation_component'.
INFO: [HLS 200-10] Cleaning up the component database.
INFO: [HLS 200-1505] Using flow_target 'vivado'
Resolution: For help on HLS 200-1505 see docs.xilinx.com/access/sources/dita/topic?Doc_Version=2025.1%20English&url=ug1448-hls-guidance&resourceid=200-1505.html
INFO: [HLS 200-2176] Writing Vitis IDE component file /home/joe/Desktop/Uni/Year_4/Dissertation/Program-Synthesis-for-Efficient-ML/results/HLS/solution_fp32addition_fp32_normalisation/solution_fp32addition_fp32_normalisation_component/vitis-comp.json
INFO: [HLS 200-1915] Writing HLS config ini file /home/joe/Desktop/Uni/Year_4/Dissertation/Program-Synthesis-for-Efficient-ML/results/HLS/solution_fp32addition_fp32_normalisation/solution_fp32addition_fp32_normalisation_component/hls_config.cfg
INFO: [HLS 200-1510] Running: set_top fp32_normaliser 
INFO: [HLS 200-1510] Running: add_files /home/joe/Desktop/Uni/Year_4/Dissertation/Program-Synthesis-for-Efficient-ML/results/cpp/solution_fp32addition_fp32_normalisation.cpp 
INFO: [HLS 200-10] Adding design file '/home/joe/Desktop/Uni/Year_4/Dissertation/Program-Synthesis-for-Efficient-ML/results/cpp/solution_fp32addition_fp32_normalisation.cpp' to the project
INFO: [HLS 200-1510] Running: set_part xc7z020clg400-1 
INFO: [HLS 200-1611] Setting target device to 'xc7z020-clg400-1'
INFO: [HLS 200-1510] Running: create_clock -period 50ns 
INFO: [SYN 201-201] Setting up clock 'default' with a period of 50ns.
INFO: [HLS 200-1510] Running: csynth_design 
INFO: [HLS 200-1915] Writing HLS config ini file /home/joe/Desktop/Uni/Year_4/Dissertation/Program-Synthesis-for-Efficient-ML/results/HLS/solution_fp32addition_fp32_normalisation/solution_fp32addition_fp32_normalisation_component/hls_config.cfg
INFO: [HLS 200-111] Finished File checks and directory preparation: CPU user time: 0.4 seconds. CPU system time: 0.04 seconds. Elapsed time: 2.95 seconds; current allocated memory: 264.730 MB.
INFO: [HLS 200-10] Analyzing design file '/home/joe/Desktop/Uni/Year_4/Dissertation/Program-Synthesis-for-Efficient-ML/results/cpp/solution_fp32addition_fp32_normalisation.cpp' ... 
INFO: [HLS 200-111] Finished Source Code Analysis and Preprocessing: CPU user time: 2.45 seconds. CPU system time: 0.3 seconds. Elapsed time: 2.73 seconds; current allocated memory: 266.281 MB.
INFO: [HLS 200-777] Using interface defaults for 'Vivado' flow target.
INFO: [HLS 200-1995] There were 4,419 instructions in the design after the 'Compile/Link' phase of compilation. See the Design Size Report for more details (/home/joe/Desktop/Uni/Year_4/Dissertation/Program-Synthesis-for-Efficient-ML/results/HLS/solution_fp32addition_fp32_normalisation/solution_fp32addition_fp32_normalisation_component/hls/syn/report/csynth_design_size.rpt:2)
INFO: [HLS 200-1995] There were 298 instructions in the design after the 'Unroll/Inline (step 1)' phase of compilation. See the Design Size Report for more details (/home/joe/Desktop/Uni/Year_4/Dissertation/Program-Synthesis-for-Efficient-ML/results/HLS/solution_fp32addition_fp32_normalisation/solution_fp32addition_fp32_normalisation_component/hls/syn/report/csynth_design_size.rpt:2)
INFO: [HLS 200-1995] There were 228 instructions in the design after the 'Unroll/Inline (step 2)' phase of compilation. See the Design Size Report for more details (/home/joe/Desktop/Uni/Year_4/Dissertation/Program-Synthesis-for-Efficient-ML/results/HLS/solution_fp32addition_fp32_normalisation/solution_fp32addition_fp32_normalisation_component/hls/syn/report/csynth_design_size.rpt:2)
INFO: [HLS 200-1995] There were 228 instructions in the design after the 'Unroll/Inline (step 3)' phase of compilation. See the Design Size Report for more details (/home/joe/Desktop/Uni/Year_4/Dissertation/Program-Synthesis-for-Efficient-ML/results/HLS/solution_fp32addition_fp32_normalisation/solution_fp32addition_fp32_normalisation_component/hls/syn/report/csynth_design_size.rpt:2)
INFO: [HLS 200-1995] There were 228 instructions in the design after the 'Unroll/Inline (step 4)' phase of compilation. See the Design Size Report for more details (/home/joe/Desktop/Uni/Year_4/Dissertation/Program-Synthesis-for-Efficient-ML/results/HLS/solution_fp32addition_fp32_normalisation/solution_fp32addition_fp32_normalisation_component/hls/syn/report/csynth_design_size.rpt:2)
INFO: [HLS 200-1995] There were 228 instructions in the design after the 'Array/Struct (step 1)' phase of compilation. See the Design Size Report for more details (/home/joe/Desktop/Uni/Year_4/Dissertation/Program-Synthesis-for-Efficient-ML/results/HLS/solution_fp32addition_fp32_normalisation/solution_fp32addition_fp32_normalisation_component/hls/syn/report/csynth_design_size.rpt:2)
INFO: [HLS 200-1995] There were 228 instructions in the design after the 'Array/Struct (step 2)' phase of compilation. See the Design Size Report for more details (/home/joe/Desktop/Uni/Year_4/Dissertation/Program-Synthesis-for-Efficient-ML/results/HLS/solution_fp32addition_fp32_normalisation/solution_fp32addition_fp32_normalisation_component/hls/syn/report/csynth_design_size.rpt:2)
INFO: [HLS 200-1995] There were 228 instructions in the design after the 'Array/Struct (step 3)' phase of compilation. See the Design Size Report for more details (/home/joe/Desktop/Uni/Year_4/Dissertation/Program-Synthesis-for-Efficient-ML/results/HLS/solution_fp32addition_fp32_normalisation/solution_fp32addition_fp32_normalisation_component/hls/syn/report/csynth_design_size.rpt:2)
INFO: [HLS 200-1995] There were 228 instructions in the design after the 'Array/Struct (step 4)' phase of compilation. See the Design Size Report for more details (/home/joe/Desktop/Uni/Year_4/Dissertation/Program-Synthesis-for-Efficient-ML/results/HLS/solution_fp32addition_fp32_normalisation/solution_fp32addition_fp32_normalisation_component/hls/syn/report/csynth_design_size.rpt:2)
INFO: [HLS 200-1995] There were 228 instructions in the design after the 'Array/Struct (step 5)' phase of compilation. See the Design Size Report for more details (/home/joe/Desktop/Uni/Year_4/Dissertation/Program-Synthesis-for-Efficient-ML/results/HLS/solution_fp32addition_fp32_normalisation/solution_fp32addition_fp32_normalisation_component/hls/syn/report/csynth_design_size.rpt:2)
INFO: [HLS 200-1995] There were 228 instructions in the design after the 'Performance (step 1)' phase of compilation. See the Design Size Report for more details (/home/joe/Desktop/Uni/Year_4/Dissertation/Program-Synthesis-for-Efficient-ML/results/HLS/solution_fp32addition_fp32_normalisation/solution_fp32addition_fp32_normalisation_component/hls/syn/report/csynth_design_size.rpt:2)
INFO: [HLS 200-1995] There were 228 instructions in the design after the 'Performance (step 2)' phase of compilation. See the Design Size Report for more details (/home/joe/Desktop/Uni/Year_4/Dissertation/Program-Synthesis-for-Efficient-ML/results/HLS/solution_fp32addition_fp32_normalisation/solution_fp32addition_fp32_normalisation_component/hls/syn/report/csynth_design_size.rpt:2)
INFO: [HLS 200-1995] There were 228 instructions in the design after the 'Performance (step 3)' phase of compilation. See the Design Size Report for more details (/home/joe/Desktop/Uni/Year_4/Dissertation/Program-Synthesis-for-Efficient-ML/results/HLS/solution_fp32addition_fp32_normalisation/solution_fp32addition_fp32_normalisation_component/hls/syn/report/csynth_design_size.rpt:2)
INFO: [HLS 200-1995] There were 228 instructions in the design after the 'Performance (step 4)' phase of compilation. See the Design Size Report for more details (/home/joe/Desktop/Uni/Year_4/Dissertation/Program-Synthesis-for-Efficient-ML/results/HLS/solution_fp32addition_fp32_normalisation/solution_fp32addition_fp32_normalisation_component/hls/syn/report/csynth_design_size.rpt:2)
INFO: [HLS 200-1995] There were 232 instructions in the design after the 'HW Transforms (step 1)' phase of compilation. See the Design Size Report for more details (/home/joe/Desktop/Uni/Year_4/Dissertation/Program-Synthesis-for-Efficient-ML/results/HLS/solution_fp32addition_fp32_normalisation/solution_fp32addition_fp32_normalisation_component/hls/syn/report/csynth_design_size.rpt:2)
INFO: [HLS 200-1995] There were 231 instructions in the design after the 'HW Transforms (step 2)' phase of compilation. See the Design Size Report for more details (/home/joe/Desktop/Uni/Year_4/Dissertation/Program-Synthesis-for-Efficient-ML/results/HLS/solution_fp32addition_fp32_normalisation/solution_fp32addition_fp32_normalisation_component/hls/syn/report/csynth_design_size.rpt:2)
INFO: [HLS 200-111] Finished Compiling Optimization and Transform: CPU user time: 1.88 seconds. CPU system time: 0.29 seconds. Elapsed time: 6.75 seconds; current allocated memory: 275.695 MB.
INFO: [HLS 200-111] Finished Checking Pragmas: CPU user time: 0 seconds. CPU system time: 0 seconds. Elapsed time: 0 seconds; current allocated memory: 275.695 MB.
INFO: [HLS 200-10] Starting code transformations ...
INFO: [HLS 200-111] Finished Standard Transforms: CPU user time: 0.02 seconds. CPU system time: 0 seconds. Elapsed time: 0.02 seconds; current allocated memory: 276.145 MB.
INFO: [HLS 200-10] Checking synthesizability ...
INFO: [HLS 200-111] Finished Checking Synthesizability: CPU user time: 0.01 seconds. CPU system time: 0 seconds. Elapsed time: 0.01 seconds; current allocated memory: 276.348 MB.
INFO: [XFORM 203-401] Performing if-conversion on hyperblock from (/home/joe/Desktop/Uni/Year_4/Dissertation/Program-Synthesis-for-Efficient-ML/results/cpp/solution_fp32addition_fp32_normalisation.cpp:7:14) in function 'fp32_normaliser'... converting 50 basic blocks.
INFO: [HLS 200-111] Finished Loop, function and other optimizations: CPU user time: 0.05 seconds. CPU system time: 0 seconds. Elapsed time: 0.06 seconds; current allocated memory: 298.531 MB.
INFO: [HLS 200-111] Finished Architecture Synthesis: CPU user time: 0.06 seconds. CPU system time: 0 seconds. Elapsed time: 0.06 seconds; current allocated memory: 298.531 MB.
INFO: [HLS 200-10] Starting hardware synthesis ...
INFO: [HLS 200-10] Synthesizing 'fp32_normaliser' ...
INFO: [HLS 200-10] ----------------------------------------------------------------
INFO: [HLS 200-42] -- Implementing module 'fp32_normaliser' 
INFO: [HLS 200-10] ----------------------------------------------------------------
INFO: [SCHED 204-11] Starting scheduling ...
INFO: [SCHED 204-11] Finished scheduling.
INFO: [HLS 200-111] Finished Scheduling: CPU user time: 0.05 seconds. CPU system time: 0.02 seconds. Elapsed time: 0.06 seconds; current allocated memory: 298.531 MB.
INFO: [BIND 205-100] Starting micro-architecture generation ...
INFO: [BIND 205-101] Performing variable lifetime analysis.
INFO: [BIND 205-101] Exploring resource sharing.
INFO: [BIND 205-101] Binding ...
INFO: [BIND 205-100] Finished micro-architecture generation.
INFO: [HLS 200-111] Finished Binding: CPU user time: 0.04 seconds. CPU system time: 0 seconds. Elapsed time: 0.03 seconds; current allocated memory: 298.531 MB.
INFO: [HLS 200-10] ----------------------------------------------------------------
INFO: [HLS 200-10] -- Generating RTL for module 'fp32_normaliser' 
INFO: [HLS 200-10] ----------------------------------------------------------------
INFO: [RTGEN 206-500] Setting interface mode on port 'fp32_normaliser/raw_sum_mantissa' to 'ap_none'.
INFO: [RTGEN 206-500] Setting interface mode on port 'fp32_normaliser/raw_sign' to 'ap_none'.
INFO: [RTGEN 206-500] Setting interface mode on port 'fp32_normaliser/target_exponent' to 'ap_none'.
INFO: [RTGEN 206-500] Setting interface mode on function 'fp32_normaliser' to 'ap_ctrl_hs'.
INFO: [RTGEN 206-100] Finished creating RTL model for 'fp32_normaliser'.
INFO: [HLS 200-111] Finished Creating RTL model: CPU user time: 0.04 seconds. CPU system time: 0.01 seconds. Elapsed time: 0.05 seconds; current allocated memory: 298.531 MB.
INFO: [HLS 200-111] Finished Generating all RTL models: CPU user time: 0.2 seconds. CPU system time: 0.01 seconds. Elapsed time: 0.21 seconds; current allocated memory: 298.531 MB.
INFO: [HLS 200-111] Finished Updating report files: CPU user time: 0.25 seconds. CPU system time: 0.03 seconds. Elapsed time: 0.29 seconds; current allocated memory: 298.531 MB.
INFO: [VHDL 208-304] Generating VHDL RTL for fp32_normaliser.
INFO: [VLOG 209-307] Generating Verilog RTL for fp32_normaliser.
INFO: [HLS 200-789] **** Estimated Fmax: 140.11 MHz
INFO: [HLS 200-2161] Finished Command csynth_design Elapsed time: 00:00:13; Allocated memory: 49.801 MB.
INFO: [HLS 200-1510] Running: export_design -rtl verilog 
INFO: [HLS 200-1915] Writing HLS config ini file /home/joe/Desktop/Uni/Year_4/Dissertation/Program-Synthesis-for-Efficient-ML/results/HLS/solution_fp32addition_fp32_normalisation/solution_fp32addition_fp32_normalisation_component/hls_config.cfg
INFO: [IMPL 213-8] Exporting RTL as a Vivado IP.

****** Vivado v2025.1 (64-bit)
  **** SW Build 6140274 on Wed May 21 22:58:25 MDT 2025
  **** IP Build 6138677 on Thu May 22 03:10:11 MDT 2025
  **** SharedData Build 6139179 on Tue May 20 17:58:58 MDT 2025
  **** Start of session at: Wed Nov 19 15:04:08 2025
    ** Copyright 1986-2022 Xilinx, Inc. All Rights Reserved.
    ** Copyright 2022-2025 Advanced Micro Devices, Inc. All Rights Reserved.

source run_ippack.tcl -notrace
INFO: calling package_hls_ip ip_types=vitis sysgen json_file=/home/joe/Desktop/Uni/Year_4/Dissertation/Program-Synthesis-for-Efficient-ML/results/HLS/solution_fp32addition_fp32_normalisation/solution_fp32addition_fp32_normalisation_component/hls/hls_data.json outdir=/home/joe/Desktop/Uni/Year_4/Dissertation/Program-Synthesis-for-Efficient-ML/results/HLS/solution_fp32addition_fp32_normalisation/solution_fp32addition_fp32_normalisation_component/hls/impl/ip srcdir=/home/joe/Desktop/Uni/Year_4/Dissertation/Program-Synthesis-for-Efficient-ML/results/HLS/solution_fp32addition_fp32_normalisation/solution_fp32addition_fp32_normalisation_component/hls ippack_options_dict= ippack_options_dict=
INFO: Copied 1 ipmisc file(s) to /home/joe/Desktop/Uni/Year_4/Dissertation/Program-Synthesis-for-Efficient-ML/results/HLS/solution_fp32addition_fp32_normalisation/solution_fp32addition_fp32_normalisation_component/hls/impl/ip/misc
INFO: Copied 1 verilog file(s) to /home/joe/Desktop/Uni/Year_4/Dissertation/Program-Synthesis-for-Efficient-ML/results/HLS/solution_fp32addition_fp32_normalisation/solution_fp32addition_fp32_normalisation_component/hls/impl/ip/hdl/verilog
INFO: Copied 1 vhdl file(s) to /home/joe/Desktop/Uni/Year_4/Dissertation/Program-Synthesis-for-Efficient-ML/results/HLS/solution_fp32addition_fp32_normalisation/solution_fp32addition_fp32_normalisation_component/hls/impl/ip/hdl/vhdl
INFO: Import ports from HDL: /home/joe/Desktop/Uni/Year_4/Dissertation/Program-Synthesis-for-Efficient-ML/results/HLS/solution_fp32addition_fp32_normalisation/solution_fp32addition_fp32_normalisation_component/hls/impl/ip/hdl/vhdl/fp32_normaliser.vhd (fp32_normaliser)
INFO: Add ap_ctrl interface ap_ctrl
INFO: Add data interface ap_return
INFO: [IP_Flow 19-234] Refreshing IP repositories
INFO: [IP_Flow 19-1704] No user IP repositories specified
INFO: [IP_Flow 19-2313] Loaded Vivado IP repository '/tools/Xilinx/2025.1/Vivado/data/ip'.
INFO: Add reset interface ap_rst
INFO: Add data interface raw_sum_mantissa
INFO: Add data interface raw_sign
INFO: Add data interface target_exponent
INFO: Calling post_process_vitis to specialize IP
INFO: Calling post_process_sysgen to specialize IP
Generating sysgen info xml from json file
INFO: Created IP /home/joe/Desktop/Uni/Year_4/Dissertation/Program-Synthesis-for-Efficient-ML/results/HLS/solution_fp32addition_fp32_normalisation/solution_fp32addition_fp32_normalisation_component/hls/impl/ip/component.xml
INFO: Created IP archive /home/joe/Desktop/Uni/Year_4/Dissertation/Program-Synthesis-for-Efficient-ML/results/HLS/solution_fp32addition_fp32_normalisation/solution_fp32addition_fp32_normalisation_component/hls/impl/ip/xilinx_com_hls_fp32_normaliser_1_0.zip
INFO: [Common 17-206] Exiting Vivado at Wed Nov 19 15:04:12 2025...
INFO: [HLS 200-802] Generated output file solution_fp32addition_fp32_normalisation_component/hls/impl/export.zip
INFO: [HLS 200-2161] Finished Command export_design Elapsed time: 00:00:29; Allocated memory: 18.008 MB.
INFO: [HLS 200-112] Total CPU user time: 22.81 seconds. Total CPU system time: 1.95 seconds. Total elapsed time: 43.85 seconds; peak allocated memory: 316.539 MB.
INFO: [vitis-run 60-791] Total elapsed time: 0h 0m 45s
INFO: [vitis-run 60-1662] Stopping dispatch session having empty uuid.
