

================================================================
== Synthesis Summary Report of 'normalise_addition'
================================================================
+ General Information: 
    * Date:           Wed Nov 19 15:20:21 2025
    * Version:        2025.1 (Build 6135595 on May 21 2025)
    * Project:        solution_addition_normalisation_component
    * Solution:       hls (Vivado IP Flow Target)
    * Product family: zynq
    * Target device:  xc7z020-clg400-1
    

+ Performance & Resource Estimates: 
    
    PS: '+' for module; 'o' for loop; '*' for dataflow
    +----------------------+------+-------+---------+-------+----------+---------+------+----------+------+----+---+----------+-----+
    |        Modules       | Issue|       |     Latency     | Iteration|         | Trip |          |      |    |   |          |     |
    |        & Loops       | Type | Slack | (cycles)|  (ns) |  Latency | Interval| Count| Pipelined| BRAM | DSP| FF|    LUT   | URAM|
    +----------------------+------+-------+---------+-------+----------+---------+------+----------+------+----+---+----------+-----+
    |+ normalise_addition  |     -|  33.70|        0|  0.000|         -|        1|     -|        no|     -|   -|  -|  47 (~0%)|    -|
    +----------------------+------+-------+---------+-------+----------+---------+------+----------+------+----+---+----------+-----+


================================================================
== HW Interfaces
================================================================
* Other Ports
+------------+---------+-----------+----------+
| Port       | Mode    | Direction | Bitwidth |
+------------+---------+-----------+----------+
| ap_return  |         | out       | 8        |
| raw_sum    | ap_none | in        | 5        |
| target_exp | ap_none | in        | 4        |
+------------+---------+-----------+----------+

* TOP LEVEL CONTROL
+-----------+------------+-----------------------------------+
| Interface | Type       | Ports                             |
+-----------+------------+-----------------------------------+
| ap_rst    | reset      | ap_rst                            |
| ap_ctrl   | ap_ctrl_hs | ap_done ap_idle ap_ready ap_start |
+-----------+------------+-----------------------------------+


================================================================
== SW I/O Information
================================================================
* Top Function Arguments
+------------+-----------+------------+
| Argument   | Direction | Datatype   |
+------------+-----------+------------+
| raw_sum    | in        | ap_uint<5> |
| target_exp | in        | ap_uint<4> |
| return     | out       | ap_uint<8> |
+------------+-----------+------------+

* SW-to-HW Mapping
+------------+--------------+---------+
| Argument   | HW Interface | HW Type |
+------------+--------------+---------+
| raw_sum    | raw_sum      | port    |
| target_exp | target_exp   | port    |
| return     | ap_return    | port    |
+------------+--------------+---------+


================================================================
== Bind Op Report
================================================================
+------------------------+-----+--------+------------+--------+----------+---------+
| Name                   | DSP | Pragma | Variable   | Op     | Impl     | Latency |
+------------------------+-----+--------+------------+--------+----------+---------+
| + normalise_addition   | 0   |        |            |        |          |         |
|   add_ln4_fu_54_p2     |     |        | add_ln4    | add    | fabric   | 0       |
|   tmp_0_fu_86_p3       |     |        | tmp_0      | select | auto_sel | 0       |
|   add_ln4_1_fu_94_p2   |     |        | add_ln4_1  | add    | fabric   | 0       |
|   add_ln4_2_fu_108_p2  |     |        | add_ln4_2  | add    | fabric   | 0       |
|   select_ln4_fu_114_p3 |     |        | select_ln4 | select | auto_sel | 0       |
+------------------------+-----+--------+------------+--------+----------+---------+


================================================================
== Storage Report
================================================================
  No bind storage info in design

================================================================
== Pragma Report
================================================================
  No pragmas found

