  **** HLS Build v2025.1 6135595
Sourcing Tcl script '/home/joe/Desktop/Uni/Year_4/Dissertation/Program-Synthesis-for-Efficient-ML/results/HLS/solution_multiplication_mant/hls.tcl'
INFO: [HLS 200-1510] Running: open_component -reset solution_multiplication_mant_component -flow_target vivado 
INFO: [HLS 200-10] Creating and opening component '/home/joe/Desktop/Uni/Year_4/Dissertation/Program-Synthesis-for-Efficient-ML/results/HLS/solution_multiplication_mant/solution_multiplication_mant_component'.
INFO: [HLS 200-10] Cleaning up the component database.
INFO: [HLS 200-1505] Using flow_target 'vivado'
Resolution: For help on HLS 200-1505 see docs.xilinx.com/access/sources/dita/topic?Doc_Version=2025.1%20English&url=ug1448-hls-guidance&resourceid=200-1505.html
INFO: [HLS 200-2176] Writing Vitis IDE component file /home/joe/Desktop/Uni/Year_4/Dissertation/Program-Synthesis-for-Efficient-ML/results/HLS/solution_multiplication_mant/solution_multiplication_mant_component/vitis-comp.json
INFO: [HLS 200-1915] Writing HLS config ini file /home/joe/Desktop/Uni/Year_4/Dissertation/Program-Synthesis-for-Efficient-ML/results/HLS/solution_multiplication_mant/solution_multiplication_mant_component/hls_config.cfg
INFO: [HLS 200-1510] Running: set_top mult_mxint_mant 
INFO: [HLS 200-1510] Running: add_files /home/joe/Desktop/Uni/Year_4/Dissertation/Program-Synthesis-for-Efficient-ML/results/cpp/solution_multiplication_mant.cpp 
INFO: [HLS 200-10] Adding design file '/home/joe/Desktop/Uni/Year_4/Dissertation/Program-Synthesis-for-Efficient-ML/results/cpp/solution_multiplication_mant.cpp' to the project
INFO: [HLS 200-1510] Running: set_part xc7z020clg400-1 
INFO: [HLS 200-1611] Setting target device to 'xc7z020-clg400-1'
INFO: [HLS 200-1510] Running: create_clock -period 1000000000ns 
INFO: [SYN 201-201] Setting up clock 'default' with a period of 1e+09ns.
INFO: [HLS 200-1510] Running: csynth_design 
INFO: [HLS 200-1915] Writing HLS config ini file /home/joe/Desktop/Uni/Year_4/Dissertation/Program-Synthesis-for-Efficient-ML/results/HLS/solution_multiplication_mant/solution_multiplication_mant_component/hls_config.cfg
INFO: [HLS 200-111] Finished File checks and directory preparation: CPU user time: 0.57 seconds. CPU system time: 0.06 seconds. Elapsed time: 3.2 seconds; current allocated memory: 264.734 MB.
INFO: [HLS 200-10] Analyzing design file '/home/joe/Desktop/Uni/Year_4/Dissertation/Program-Synthesis-for-Efficient-ML/results/cpp/solution_multiplication_mant.cpp' ... 
INFO: [HLS 200-111] Finished Source Code Analysis and Preprocessing: CPU user time: 3.08 seconds. CPU system time: 0.5 seconds. Elapsed time: 3.82 seconds; current allocated memory: 266.238 MB.
INFO: [HLS 200-777] Using interface defaults for 'Vivado' flow target.
INFO: [HLS 200-1995] There were 2,868 instructions in the design after the 'Compile/Link' phase of compilation. See the Design Size Report for more details (/home/joe/Desktop/Uni/Year_4/Dissertation/Program-Synthesis-for-Efficient-ML/results/HLS/solution_multiplication_mant/solution_multiplication_mant_component/hls/syn/report/csynth_design_size.rpt:2)
INFO: [HLS 200-1995] There were 164 instructions in the design after the 'Unroll/Inline (step 1)' phase of compilation. See the Design Size Report for more details (/home/joe/Desktop/Uni/Year_4/Dissertation/Program-Synthesis-for-Efficient-ML/results/HLS/solution_multiplication_mant/solution_multiplication_mant_component/hls/syn/report/csynth_design_size.rpt:2)
INFO: [HLS 200-1995] There were 36 instructions in the design after the 'Unroll/Inline (step 2)' phase of compilation. See the Design Size Report for more details (/home/joe/Desktop/Uni/Year_4/Dissertation/Program-Synthesis-for-Efficient-ML/results/HLS/solution_multiplication_mant/solution_multiplication_mant_component/hls/syn/report/csynth_design_size.rpt:2)
INFO: [HLS 200-1995] There were 36 instructions in the design after the 'Unroll/Inline (step 3)' phase of compilation. See the Design Size Report for more details (/home/joe/Desktop/Uni/Year_4/Dissertation/Program-Synthesis-for-Efficient-ML/results/HLS/solution_multiplication_mant/solution_multiplication_mant_component/hls/syn/report/csynth_design_size.rpt:2)
INFO: [HLS 200-1995] There were 36 instructions in the design after the 'Unroll/Inline (step 4)' phase of compilation. See the Design Size Report for more details (/home/joe/Desktop/Uni/Year_4/Dissertation/Program-Synthesis-for-Efficient-ML/results/HLS/solution_multiplication_mant/solution_multiplication_mant_component/hls/syn/report/csynth_design_size.rpt:2)
INFO: [HLS 200-1995] There were 30 instructions in the design after the 'Array/Struct (step 1)' phase of compilation. See the Design Size Report for more details (/home/joe/Desktop/Uni/Year_4/Dissertation/Program-Synthesis-for-Efficient-ML/results/HLS/solution_multiplication_mant/solution_multiplication_mant_component/hls/syn/report/csynth_design_size.rpt:2)
INFO: [HLS 200-1995] There were 30 instructions in the design after the 'Array/Struct (step 2)' phase of compilation. See the Design Size Report for more details (/home/joe/Desktop/Uni/Year_4/Dissertation/Program-Synthesis-for-Efficient-ML/results/HLS/solution_multiplication_mant/solution_multiplication_mant_component/hls/syn/report/csynth_design_size.rpt:2)
INFO: [HLS 200-1995] There were 30 instructions in the design after the 'Array/Struct (step 3)' phase of compilation. See the Design Size Report for more details (/home/joe/Desktop/Uni/Year_4/Dissertation/Program-Synthesis-for-Efficient-ML/results/HLS/solution_multiplication_mant/solution_multiplication_mant_component/hls/syn/report/csynth_design_size.rpt:2)
INFO: [HLS 200-1995] There were 30 instructions in the design after the 'Array/Struct (step 4)' phase of compilation. See the Design Size Report for more details (/home/joe/Desktop/Uni/Year_4/Dissertation/Program-Synthesis-for-Efficient-ML/results/HLS/solution_multiplication_mant/solution_multiplication_mant_component/hls/syn/report/csynth_design_size.rpt:2)
INFO: [HLS 200-1995] There were 30 instructions in the design after the 'Array/Struct (step 5)' phase of compilation. See the Design Size Report for more details (/home/joe/Desktop/Uni/Year_4/Dissertation/Program-Synthesis-for-Efficient-ML/results/HLS/solution_multiplication_mant/solution_multiplication_mant_component/hls/syn/report/csynth_design_size.rpt:2)
INFO: [HLS 200-1995] There were 30 instructions in the design after the 'Performance (step 1)' phase of compilation. See the Design Size Report for more details (/home/joe/Desktop/Uni/Year_4/Dissertation/Program-Synthesis-for-Efficient-ML/results/HLS/solution_multiplication_mant/solution_multiplication_mant_component/hls/syn/report/csynth_design_size.rpt:2)
INFO: [HLS 200-1995] There were 30 instructions in the design after the 'Performance (step 2)' phase of compilation. See the Design Size Report for more details (/home/joe/Desktop/Uni/Year_4/Dissertation/Program-Synthesis-for-Efficient-ML/results/HLS/solution_multiplication_mant/solution_multiplication_mant_component/hls/syn/report/csynth_design_size.rpt:2)
INFO: [HLS 200-1995] There were 30 instructions in the design after the 'Performance (step 3)' phase of compilation. See the Design Size Report for more details (/home/joe/Desktop/Uni/Year_4/Dissertation/Program-Synthesis-for-Efficient-ML/results/HLS/solution_multiplication_mant/solution_multiplication_mant_component/hls/syn/report/csynth_design_size.rpt:2)
INFO: [HLS 200-1995] There were 30 instructions in the design after the 'Performance (step 4)' phase of compilation. See the Design Size Report for more details (/home/joe/Desktop/Uni/Year_4/Dissertation/Program-Synthesis-for-Efficient-ML/results/HLS/solution_multiplication_mant/solution_multiplication_mant_component/hls/syn/report/csynth_design_size.rpt:2)
INFO: [HLS 200-1995] There were 33 instructions in the design after the 'HW Transforms (step 1)' phase of compilation. See the Design Size Report for more details (/home/joe/Desktop/Uni/Year_4/Dissertation/Program-Synthesis-for-Efficient-ML/results/HLS/solution_multiplication_mant/solution_multiplication_mant_component/hls/syn/report/csynth_design_size.rpt:2)
INFO: [HLS 200-1995] There were 26 instructions in the design after the 'HW Transforms (step 2)' phase of compilation. See the Design Size Report for more details (/home/joe/Desktop/Uni/Year_4/Dissertation/Program-Synthesis-for-Efficient-ML/results/HLS/solution_multiplication_mant/solution_multiplication_mant_component/hls/syn/report/csynth_design_size.rpt:2)
INFO: [HLS 200-111] Finished Compiling Optimization and Transform: CPU user time: 1.99 seconds. CPU system time: 0.34 seconds. Elapsed time: 7.19 seconds; current allocated memory: 275.617 MB.
INFO: [HLS 200-111] Finished Checking Pragmas: CPU user time: 0 seconds. CPU system time: 0.01 seconds. Elapsed time: 0 seconds; current allocated memory: 275.617 MB.
INFO: [HLS 200-10] Starting code transformations ...
INFO: [HLS 200-111] Finished Standard Transforms: CPU user time: 0.01 seconds. CPU system time: 0 seconds. Elapsed time: 0.04 seconds; current allocated memory: 275.691 MB.
INFO: [HLS 200-10] Checking synthesizability ...
INFO: [HLS 200-111] Finished Checking Synthesizability: CPU user time: 0 seconds. CPU system time: 0 seconds. Elapsed time: 0.01 seconds; current allocated memory: 275.801 MB.
INFO: [HLS 200-111] Finished Loop, function and other optimizations: CPU user time: 0.01 seconds. CPU system time: 0.01 seconds. Elapsed time: 0.02 seconds; current allocated memory: 296.316 MB.
INFO: [HLS 200-111] Finished Architecture Synthesis: CPU user time: 0.01 seconds. CPU system time: 0 seconds. Elapsed time: 0.01 seconds; current allocated memory: 296.316 MB.
INFO: [HLS 200-10] Starting hardware synthesis ...
INFO: [HLS 200-10] Synthesizing 'mult_mxint_mant' ...
INFO: [HLS 200-10] ----------------------------------------------------------------
INFO: [HLS 200-42] -- Implementing module 'mult_mxint_mant' 
INFO: [HLS 200-10] ----------------------------------------------------------------
INFO: [SCHED 204-11] Starting scheduling ...
INFO: [SCHED 204-11] Finished scheduling.
INFO: [HLS 200-111] Finished Scheduling: CPU user time: 0.02 seconds. CPU system time: 0.01 seconds. Elapsed time: 0.05 seconds; current allocated memory: 296.316 MB.
INFO: [BIND 205-100] Starting micro-architecture generation ...
INFO: [BIND 205-101] Performing variable lifetime analysis.
INFO: [BIND 205-101] Exploring resource sharing.
INFO: [BIND 205-101] Binding ...
INFO: [BIND 205-100] Finished micro-architecture generation.
INFO: [HLS 200-111] Finished Binding: CPU user time: 0 seconds. CPU system time: 0.01 seconds. Elapsed time: 0.01 seconds; current allocated memory: 296.316 MB.
INFO: [HLS 200-10] ----------------------------------------------------------------
INFO: [HLS 200-10] -- Generating RTL for module 'mult_mxint_mant' 
INFO: [HLS 200-10] ----------------------------------------------------------------
INFO: [RTGEN 206-500] Setting interface mode on port 'mult_mxint_mant/m1' to 'ap_none'.
INFO: [RTGEN 206-500] Setting interface mode on port 'mult_mxint_mant/m2' to 'ap_none'.
INFO: [RTGEN 206-500] Setting interface mode on function 'mult_mxint_mant' to 'ap_ctrl_hs'.
INFO: [RTGEN 206-100] Generating core module 'mul_4s_4s_4_1_1': 1 instance(s).
INFO: [RTGEN 206-100] Finished creating RTL model for 'mult_mxint_mant'.
INFO: [HLS 200-111] Finished Creating RTL model: CPU user time: 0.01 seconds. CPU system time: 0 seconds. Elapsed time: 0.01 seconds; current allocated memory: 296.316 MB.
INFO: [HLS 200-111] Finished Generating all RTL models: CPU user time: 0.12 seconds. CPU system time: 0.01 seconds. Elapsed time: 0.14 seconds; current allocated memory: 296.316 MB.
INFO: [HLS 200-111] Finished Updating report files: CPU user time: 0.23 seconds. CPU system time: 0.04 seconds. Elapsed time: 0.27 seconds; current allocated memory: 296.316 MB.
INFO: [VHDL 208-304] Generating VHDL RTL for mult_mxint_mant.
INFO: [VLOG 209-307] Generating Verilog RTL for mult_mxint_mant.
INFO: [HLS 200-789] **** Estimated Fmax: 427.35 MHz
INFO: [HLS 200-2161] Finished Command csynth_design Elapsed time: 00:00:14; Allocated memory: 47.582 MB.
INFO: [HLS 200-1510] Running: export_design -rtl verilog 
INFO: [HLS 200-1915] Writing HLS config ini file /home/joe/Desktop/Uni/Year_4/Dissertation/Program-Synthesis-for-Efficient-ML/results/HLS/solution_multiplication_mant/solution_multiplication_mant_component/hls_config.cfg
INFO: [IMPL 213-8] Exporting RTL as a Vivado IP.

****** Vivado v2025.1 (64-bit)
  **** SW Build 6140274 on Wed May 21 22:58:25 MDT 2025
  **** IP Build 6138677 on Thu May 22 03:10:11 MDT 2025
  **** SharedData Build 6139179 on Tue May 20 17:58:58 MDT 2025
  **** Start of session at: Tue Nov  4 16:14:28 2025
    ** Copyright 1986-2022 Xilinx, Inc. All Rights Reserved.
    ** Copyright 2022-2025 Advanced Micro Devices, Inc. All Rights Reserved.

source run_ippack.tcl -notrace
INFO: calling package_hls_ip ip_types=vitis sysgen json_file=/home/joe/Desktop/Uni/Year_4/Dissertation/Program-Synthesis-for-Efficient-ML/results/HLS/solution_multiplication_mant/solution_multiplication_mant_component/hls/hls_data.json outdir=/home/joe/Desktop/Uni/Year_4/Dissertation/Program-Synthesis-for-Efficient-ML/results/HLS/solution_multiplication_mant/solution_multiplication_mant_component/hls/impl/ip srcdir=/home/joe/Desktop/Uni/Year_4/Dissertation/Program-Synthesis-for-Efficient-ML/results/HLS/solution_multiplication_mant/solution_multiplication_mant_component/hls ippack_options_dict= ippack_options_dict=
INFO: Copied 1 ipmisc file(s) to /home/joe/Desktop/Uni/Year_4/Dissertation/Program-Synthesis-for-Efficient-ML/results/HLS/solution_multiplication_mant/solution_multiplication_mant_component/hls/impl/ip/misc
INFO: Copied 2 verilog file(s) to /home/joe/Desktop/Uni/Year_4/Dissertation/Program-Synthesis-for-Efficient-ML/results/HLS/solution_multiplication_mant/solution_multiplication_mant_component/hls/impl/ip/hdl/verilog
INFO: Copied 2 vhdl file(s) to /home/joe/Desktop/Uni/Year_4/Dissertation/Program-Synthesis-for-Efficient-ML/results/HLS/solution_multiplication_mant/solution_multiplication_mant_component/hls/impl/ip/hdl/vhdl
INFO: Import ports from HDL: /home/joe/Desktop/Uni/Year_4/Dissertation/Program-Synthesis-for-Efficient-ML/results/HLS/solution_multiplication_mant/solution_multiplication_mant_component/hls/impl/ip/hdl/vhdl/mult_mxint_mant.vhd (mult_mxint_mant)
INFO: Add ap_ctrl interface ap_ctrl
INFO: Add data interface ap_return
INFO: [IP_Flow 19-234] Refreshing IP repositories
INFO: [IP_Flow 19-1704] No user IP repositories specified
INFO: [IP_Flow 19-2313] Loaded Vivado IP repository '/tools/Xilinx/2025.1/Vivado/data/ip'.
INFO: Add reset interface ap_rst
INFO: Add data interface m1
INFO: Add data interface m2
INFO: Calling post_process_vitis to specialize IP
INFO: Calling post_process_sysgen to specialize IP
Generating sysgen info xml from json file
INFO: Created IP /home/joe/Desktop/Uni/Year_4/Dissertation/Program-Synthesis-for-Efficient-ML/results/HLS/solution_multiplication_mant/solution_multiplication_mant_component/hls/impl/ip/component.xml
INFO: Created IP archive /home/joe/Desktop/Uni/Year_4/Dissertation/Program-Synthesis-for-Efficient-ML/results/HLS/solution_multiplication_mant/solution_multiplication_mant_component/hls/impl/ip/xilinx_com_hls_mult_mxint_mant_1_0.zip
INFO: [Common 17-206] Exiting Vivado at Tue Nov  4 16:14:34 2025...
INFO: [HLS 200-802] Generated output file solution_multiplication_mant_component/hls/impl/export.zip
INFO: [HLS 200-2161] Finished Command export_design Elapsed time: 00:00:30; Allocated memory: 16.000 MB.
INFO: [HLS 200-112] Total CPU user time: 21.84 seconds. Total CPU system time: 2.86 seconds. Total elapsed time: 48.4 seconds; peak allocated memory: 312.316 MB.
INFO: [vitis-run 60-791] Total elapsed time: 0h 0m 49s
INFO: [vitis-run 60-1662] Stopping dispatch session having empty uuid.
