  **** HLS Build v2025.1 6135595
Sourcing Tcl script '/home/joe/Desktop/Uni/Year_4/Dissertation/Program-Synthesis-for-Efficient-ML/results/HLS/solution_fp32addition_fp32_full_sum/hls.tcl'
INFO: [HLS 200-1510] Running: open_component -reset solution_fp32addition_fp32_full_sum_component -flow_target vivado 
INFO: [HLS 200-10] Creating and opening component '/home/joe/Desktop/Uni/Year_4/Dissertation/Program-Synthesis-for-Efficient-ML/results/HLS/solution_fp32addition_fp32_full_sum/solution_fp32addition_fp32_full_sum_component'.
INFO: [HLS 200-10] Cleaning up the component database.
INFO: [HLS 200-1505] Using flow_target 'vivado'
Resolution: For help on HLS 200-1505 see docs.xilinx.com/access/sources/dita/topic?Doc_Version=2025.1%20English&url=ug1448-hls-guidance&resourceid=200-1505.html
INFO: [HLS 200-2176] Writing Vitis IDE component file /home/joe/Desktop/Uni/Year_4/Dissertation/Program-Synthesis-for-Efficient-ML/results/HLS/solution_fp32addition_fp32_full_sum/solution_fp32addition_fp32_full_sum_component/vitis-comp.json
INFO: [HLS 200-1915] Writing HLS config ini file /home/joe/Desktop/Uni/Year_4/Dissertation/Program-Synthesis-for-Efficient-ML/results/HLS/solution_fp32addition_fp32_full_sum/solution_fp32addition_fp32_full_sum_component/hls_config.cfg
INFO: [HLS 200-1510] Running: set_top fp32_sum 
INFO: [HLS 200-1510] Running: add_files /home/joe/Desktop/Uni/Year_4/Dissertation/Program-Synthesis-for-Efficient-ML/results/cpp/solution_fp32addition_fp32_full_sum.cpp 
INFO: [HLS 200-10] Adding design file '/home/joe/Desktop/Uni/Year_4/Dissertation/Program-Synthesis-for-Efficient-ML/results/cpp/solution_fp32addition_fp32_full_sum.cpp' to the project
INFO: [HLS 200-1510] Running: set_part xc7z020clg400-1 
INFO: [HLS 200-1611] Setting target device to 'xc7z020-clg400-1'
INFO: [HLS 200-1510] Running: create_clock -period 1000000ns 
INFO: [SYN 201-201] Setting up clock 'default' with a period of 1e+06ns.
INFO: [HLS 200-1510] Running: csynth_design 
INFO: [HLS 200-1915] Writing HLS config ini file /home/joe/Desktop/Uni/Year_4/Dissertation/Program-Synthesis-for-Efficient-ML/results/HLS/solution_fp32addition_fp32_full_sum/solution_fp32addition_fp32_full_sum_component/hls_config.cfg
INFO: [HLS 200-111] Finished File checks and directory preparation: CPU user time: 0.5 seconds. CPU system time: 0.05 seconds. Elapsed time: 3.12 seconds; current allocated memory: 264.734 MB.
INFO: [HLS 200-10] Analyzing design file '/home/joe/Desktop/Uni/Year_4/Dissertation/Program-Synthesis-for-Efficient-ML/results/cpp/solution_fp32addition_fp32_full_sum.cpp' ... 
INFO: [HLS 200-111] Finished Source Code Analysis and Preprocessing: CPU user time: 3.09 seconds. CPU system time: 0.42 seconds. Elapsed time: 3.73 seconds; current allocated memory: 266.289 MB.
INFO: [HLS 200-777] Using interface defaults for 'Vivado' flow target.
INFO: [HLS 200-1995] There were 7,871 instructions in the design after the 'Compile/Link' phase of compilation. See the Design Size Report for more details (/home/joe/Desktop/Uni/Year_4/Dissertation/Program-Synthesis-for-Efficient-ML/results/HLS/solution_fp32addition_fp32_full_sum/solution_fp32addition_fp32_full_sum_component/hls/syn/report/csynth_design_size.rpt:2)
INFO: [HLS 200-1995] There were 513 instructions in the design after the 'Unroll/Inline (step 1)' phase of compilation. See the Design Size Report for more details (/home/joe/Desktop/Uni/Year_4/Dissertation/Program-Synthesis-for-Efficient-ML/results/HLS/solution_fp32addition_fp32_full_sum/solution_fp32addition_fp32_full_sum_component/hls/syn/report/csynth_design_size.rpt:2)
INFO: [HLS 200-1995] There were 327 instructions in the design after the 'Unroll/Inline (step 2)' phase of compilation. See the Design Size Report for more details (/home/joe/Desktop/Uni/Year_4/Dissertation/Program-Synthesis-for-Efficient-ML/results/HLS/solution_fp32addition_fp32_full_sum/solution_fp32addition_fp32_full_sum_component/hls/syn/report/csynth_design_size.rpt:2)
INFO: [HLS 200-1995] There were 315 instructions in the design after the 'Unroll/Inline (step 3)' phase of compilation. See the Design Size Report for more details (/home/joe/Desktop/Uni/Year_4/Dissertation/Program-Synthesis-for-Efficient-ML/results/HLS/solution_fp32addition_fp32_full_sum/solution_fp32addition_fp32_full_sum_component/hls/syn/report/csynth_design_size.rpt:2)
INFO: [HLS 200-1995] There were 303 instructions in the design after the 'Unroll/Inline (step 4)' phase of compilation. See the Design Size Report for more details (/home/joe/Desktop/Uni/Year_4/Dissertation/Program-Synthesis-for-Efficient-ML/results/HLS/solution_fp32addition_fp32_full_sum/solution_fp32addition_fp32_full_sum_component/hls/syn/report/csynth_design_size.rpt:2)
INFO: [HLS 200-1995] There were 301 instructions in the design after the 'Array/Struct (step 1)' phase of compilation. See the Design Size Report for more details (/home/joe/Desktop/Uni/Year_4/Dissertation/Program-Synthesis-for-Efficient-ML/results/HLS/solution_fp32addition_fp32_full_sum/solution_fp32addition_fp32_full_sum_component/hls/syn/report/csynth_design_size.rpt:2)
INFO: [HLS 200-1995] There were 301 instructions in the design after the 'Array/Struct (step 2)' phase of compilation. See the Design Size Report for more details (/home/joe/Desktop/Uni/Year_4/Dissertation/Program-Synthesis-for-Efficient-ML/results/HLS/solution_fp32addition_fp32_full_sum/solution_fp32addition_fp32_full_sum_component/hls/syn/report/csynth_design_size.rpt:2)
INFO: [HLS 200-1995] There were 301 instructions in the design after the 'Array/Struct (step 3)' phase of compilation. See the Design Size Report for more details (/home/joe/Desktop/Uni/Year_4/Dissertation/Program-Synthesis-for-Efficient-ML/results/HLS/solution_fp32addition_fp32_full_sum/solution_fp32addition_fp32_full_sum_component/hls/syn/report/csynth_design_size.rpt:2)
INFO: [HLS 200-1995] There were 301 instructions in the design after the 'Array/Struct (step 4)' phase of compilation. See the Design Size Report for more details (/home/joe/Desktop/Uni/Year_4/Dissertation/Program-Synthesis-for-Efficient-ML/results/HLS/solution_fp32addition_fp32_full_sum/solution_fp32addition_fp32_full_sum_component/hls/syn/report/csynth_design_size.rpt:2)
INFO: [HLS 200-1995] There were 301 instructions in the design after the 'Array/Struct (step 5)' phase of compilation. See the Design Size Report for more details (/home/joe/Desktop/Uni/Year_4/Dissertation/Program-Synthesis-for-Efficient-ML/results/HLS/solution_fp32addition_fp32_full_sum/solution_fp32addition_fp32_full_sum_component/hls/syn/report/csynth_design_size.rpt:2)
INFO: [HLS 200-1995] There were 301 instructions in the design after the 'Performance (step 1)' phase of compilation. See the Design Size Report for more details (/home/joe/Desktop/Uni/Year_4/Dissertation/Program-Synthesis-for-Efficient-ML/results/HLS/solution_fp32addition_fp32_full_sum/solution_fp32addition_fp32_full_sum_component/hls/syn/report/csynth_design_size.rpt:2)
INFO: [HLS 200-1995] There were 301 instructions in the design after the 'Performance (step 2)' phase of compilation. See the Design Size Report for more details (/home/joe/Desktop/Uni/Year_4/Dissertation/Program-Synthesis-for-Efficient-ML/results/HLS/solution_fp32addition_fp32_full_sum/solution_fp32addition_fp32_full_sum_component/hls/syn/report/csynth_design_size.rpt:2)
INFO: [HLS 200-1995] There were 301 instructions in the design after the 'Performance (step 3)' phase of compilation. See the Design Size Report for more details (/home/joe/Desktop/Uni/Year_4/Dissertation/Program-Synthesis-for-Efficient-ML/results/HLS/solution_fp32addition_fp32_full_sum/solution_fp32addition_fp32_full_sum_component/hls/syn/report/csynth_design_size.rpt:2)
INFO: [HLS 200-1995] There were 301 instructions in the design after the 'Performance (step 4)' phase of compilation. See the Design Size Report for more details (/home/joe/Desktop/Uni/Year_4/Dissertation/Program-Synthesis-for-Efficient-ML/results/HLS/solution_fp32addition_fp32_full_sum/solution_fp32addition_fp32_full_sum_component/hls/syn/report/csynth_design_size.rpt:2)
INFO: [HLS 200-1995] There were 306 instructions in the design after the 'HW Transforms (step 1)' phase of compilation. See the Design Size Report for more details (/home/joe/Desktop/Uni/Year_4/Dissertation/Program-Synthesis-for-Efficient-ML/results/HLS/solution_fp32addition_fp32_full_sum/solution_fp32addition_fp32_full_sum_component/hls/syn/report/csynth_design_size.rpt:2)
INFO: [HLS 200-1995] There were 305 instructions in the design after the 'HW Transforms (step 2)' phase of compilation. See the Design Size Report for more details (/home/joe/Desktop/Uni/Year_4/Dissertation/Program-Synthesis-for-Efficient-ML/results/HLS/solution_fp32addition_fp32_full_sum/solution_fp32addition_fp32_full_sum_component/hls/syn/report/csynth_design_size.rpt:2)
INFO: [HLS 214-178] Inlining function 'fp32_aligner(ap_uint<8>, ap_uint<23>, ap_uint<8>, ap_uint<23>)' into 'fp32_sum(ap_uint<1>, ap_uint<8>, ap_uint<23>, ap_uint<1>, ap_uint<8>, ap_uint<23>)' (/home/joe/Desktop/Uni/Year_4/Dissertation/Program-Synthesis-for-Efficient-ML/results/cpp/solution_fp32addition_fp32_full_sum.cpp:48:0)
INFO: [HLS 214-178] Inlining function 'fp32_raw_summer(ap_uint<1>, ap_uint<24>, ap_uint<1>, ap_uint<24>)' into 'fp32_sum(ap_uint<1>, ap_uint<8>, ap_uint<23>, ap_uint<1>, ap_uint<8>, ap_uint<23>)' (/home/joe/Desktop/Uni/Year_4/Dissertation/Program-Synthesis-for-Efficient-ML/results/cpp/solution_fp32addition_fp32_full_sum.cpp:48:0)
INFO: [HLS 200-111] Finished Compiling Optimization and Transform: CPU user time: 2.25 seconds. CPU system time: 0.37 seconds. Elapsed time: 7.31 seconds; current allocated memory: 276.070 MB.
INFO: [HLS 200-111] Finished Checking Pragmas: CPU user time: 0 seconds. CPU system time: 0 seconds. Elapsed time: 0 seconds; current allocated memory: 276.070 MB.
INFO: [HLS 200-10] Starting code transformations ...
INFO: [HLS 200-111] Finished Standard Transforms: CPU user time: 0.02 seconds. CPU system time: 0 seconds. Elapsed time: 0.05 seconds; current allocated memory: 276.398 MB.
INFO: [HLS 200-10] Checking synthesizability ...
INFO: [HLS 200-111] Finished Checking Synthesizability: CPU user time: 0.01 seconds. CPU system time: 0 seconds. Elapsed time: 0.02 seconds; current allocated memory: 276.785 MB.
INFO: [XFORM 203-401] Performing if-conversion on hyperblock to (/home/joe/Desktop/Uni/Year_4/Dissertation/Program-Synthesis-for-Efficient-ML/results/cpp/solution_fp32addition_fp32_full_sum.cpp:60:1) in function 'fp32_sum'... converting 3 basic blocks.
INFO: [XFORM 203-401] Performing if-conversion on hyperblock from (/home/joe/Desktop/Uni/Year_4/Dissertation/Program-Synthesis-for-Efficient-ML/results/cpp/solution_fp32addition_fp32_full_sum.cpp:15:14) in function 'fp32_normaliser'... converting 50 basic blocks.
INFO: [HLS 200-111] Finished Loop, function and other optimizations: CPU user time: 0.06 seconds. CPU system time: 0.01 seconds. Elapsed time: 0.07 seconds; current allocated memory: 299.168 MB.
INFO: [HLS 200-111] Finished Architecture Synthesis: CPU user time: 0.05 seconds. CPU system time: 0 seconds. Elapsed time: 0.05 seconds; current allocated memory: 300.027 MB.
INFO: [HLS 200-10] Starting hardware synthesis ...
INFO: [HLS 200-10] Synthesizing 'fp32_sum' ...
INFO: [HLS 200-10] ----------------------------------------------------------------
INFO: [HLS 200-42] -- Implementing module 'fp32_normaliser' 
INFO: [HLS 200-10] ----------------------------------------------------------------
INFO: [SCHED 204-11] Starting scheduling ...
INFO: [SCHED 204-11] Finished scheduling.
INFO: [HLS 200-111] Finished Scheduling: CPU user time: 0.04 seconds. CPU system time: 0.01 seconds. Elapsed time: 0.08 seconds; current allocated memory: 300.141 MB.
INFO: [BIND 205-100] Starting micro-architecture generation ...
INFO: [BIND 205-101] Performing variable lifetime analysis.
INFO: [BIND 205-101] Exploring resource sharing.
INFO: [BIND 205-101] Binding ...
INFO: [BIND 205-100] Finished micro-architecture generation.
INFO: [HLS 200-111] Finished Binding: CPU user time: 0.03 seconds. CPU system time: 0 seconds. Elapsed time: 0.03 seconds; current allocated memory: 300.141 MB.
INFO: [HLS 200-10] ----------------------------------------------------------------
INFO: [HLS 200-42] -- Implementing module 'fp32_sum' 
INFO: [HLS 200-10] ----------------------------------------------------------------
INFO: [SCHED 204-11] Starting scheduling ...
INFO: [SCHED 204-11] Finished scheduling.
INFO: [HLS 200-111] Finished Scheduling: CPU user time: 0.02 seconds. CPU system time: 0.01 seconds. Elapsed time: 0.02 seconds; current allocated memory: 300.141 MB.
INFO: [BIND 205-100] Starting micro-architecture generation ...
INFO: [BIND 205-101] Performing variable lifetime analysis.
INFO: [BIND 205-101] Exploring resource sharing.
INFO: [BIND 205-101] Binding ...
INFO: [BIND 205-100] Finished micro-architecture generation.
INFO: [HLS 200-111] Finished Binding: CPU user time: 0.01 seconds. CPU system time: 0 seconds. Elapsed time: 0.01 seconds; current allocated memory: 300.141 MB.
INFO: [HLS 200-10] ----------------------------------------------------------------
INFO: [HLS 200-10] -- Generating RTL for module 'fp32_normaliser' 
INFO: [HLS 200-10] ----------------------------------------------------------------
INFO: [RTGEN 206-100] Finished creating RTL model for 'fp32_normaliser'.
INFO: [HLS 200-111] Finished Creating RTL model: CPU user time: 0.03 seconds. CPU system time: 0 seconds. Elapsed time: 0.03 seconds; current allocated memory: 300.211 MB.
INFO: [HLS 200-10] ----------------------------------------------------------------
INFO: [HLS 200-10] -- Generating RTL for module 'fp32_sum' 
INFO: [HLS 200-10] ----------------------------------------------------------------
INFO: [RTGEN 206-500] Setting interface mode on port 'fp32_sum/s1' to 'ap_none'.
INFO: [RTGEN 206-500] Setting interface mode on port 'fp32_sum/e1' to 'ap_none'.
INFO: [RTGEN 206-500] Setting interface mode on port 'fp32_sum/m1' to 'ap_none'.
INFO: [RTGEN 206-500] Setting interface mode on port 'fp32_sum/s2' to 'ap_none'.
INFO: [RTGEN 206-500] Setting interface mode on port 'fp32_sum/e2' to 'ap_none'.
INFO: [RTGEN 206-500] Setting interface mode on port 'fp32_sum/m2' to 'ap_none'.
INFO: [RTGEN 206-500] Setting interface mode on function 'fp32_sum' to 'ap_ctrl_hs'.
WARNING: [RTGEN 206-101] Port 'fp32_sum/m2' has no fanin or fanout and is left dangling.
               Please use C simulation to confirm this function argument can be read from or written to.
INFO: [RTGEN 206-100] Finished creating RTL model for 'fp32_sum'.
INFO: [HLS 200-111] Finished Creating RTL model: CPU user time: 0.06 seconds. CPU system time: 0.01 seconds. Elapsed time: 0.07 seconds; current allocated memory: 304.715 MB.
INFO: [HLS 200-111] Finished Generating all RTL models: CPU user time: 0.13 seconds. CPU system time: 0.01 seconds. Elapsed time: 0.16 seconds; current allocated memory: 306.605 MB.
INFO: [HLS 200-111] Finished Updating report files: CPU user time: 0.24 seconds. CPU system time: 0.05 seconds. Elapsed time: 0.28 seconds; current allocated memory: 308.293 MB.
INFO: [VHDL 208-304] Generating VHDL RTL for fp32_sum.
INFO: [VLOG 209-307] Generating Verilog RTL for fp32_sum.
INFO: [HLS 200-789] **** Estimated Fmax: 67.13 MHz
INFO: [HLS 200-2161] Finished Command csynth_design Elapsed time: 00:00:15; Allocated memory: 59.559 MB.
INFO: [HLS 200-1510] Running: export_design -rtl verilog 
INFO: [HLS 200-1915] Writing HLS config ini file /home/joe/Desktop/Uni/Year_4/Dissertation/Program-Synthesis-for-Efficient-ML/results/HLS/solution_fp32addition_fp32_full_sum/solution_fp32addition_fp32_full_sum_component/hls_config.cfg
INFO: [IMPL 213-8] Exporting RTL as a Vivado IP.

****** Vivado v2025.1 (64-bit)
  **** SW Build 6140274 on Wed May 21 22:58:25 MDT 2025
  **** IP Build 6138677 on Thu May 22 03:10:11 MDT 2025
  **** SharedData Build 6139179 on Tue May 20 17:58:58 MDT 2025
  **** Start of session at: Wed Nov 26 12:48:01 2025
    ** Copyright 1986-2022 Xilinx, Inc. All Rights Reserved.
    ** Copyright 2022-2025 Advanced Micro Devices, Inc. All Rights Reserved.

source run_ippack.tcl -notrace
INFO: calling package_hls_ip ip_types=vitis sysgen json_file=/home/joe/Desktop/Uni/Year_4/Dissertation/Program-Synthesis-for-Efficient-ML/results/HLS/solution_fp32addition_fp32_full_sum/solution_fp32addition_fp32_full_sum_component/hls/hls_data.json outdir=/home/joe/Desktop/Uni/Year_4/Dissertation/Program-Synthesis-for-Efficient-ML/results/HLS/solution_fp32addition_fp32_full_sum/solution_fp32addition_fp32_full_sum_component/hls/impl/ip srcdir=/home/joe/Desktop/Uni/Year_4/Dissertation/Program-Synthesis-for-Efficient-ML/results/HLS/solution_fp32addition_fp32_full_sum/solution_fp32addition_fp32_full_sum_component/hls ippack_options_dict= ippack_options_dict=
INFO: Copied 1 ipmisc file(s) to /home/joe/Desktop/Uni/Year_4/Dissertation/Program-Synthesis-for-Efficient-ML/results/HLS/solution_fp32addition_fp32_full_sum/solution_fp32addition_fp32_full_sum_component/hls/impl/ip/misc
INFO: Copied 2 verilog file(s) to /home/joe/Desktop/Uni/Year_4/Dissertation/Program-Synthesis-for-Efficient-ML/results/HLS/solution_fp32addition_fp32_full_sum/solution_fp32addition_fp32_full_sum_component/hls/impl/ip/hdl/verilog
INFO: Copied 2 vhdl file(s) to /home/joe/Desktop/Uni/Year_4/Dissertation/Program-Synthesis-for-Efficient-ML/results/HLS/solution_fp32addition_fp32_full_sum/solution_fp32addition_fp32_full_sum_component/hls/impl/ip/hdl/vhdl
INFO: Import ports from HDL: /home/joe/Desktop/Uni/Year_4/Dissertation/Program-Synthesis-for-Efficient-ML/results/HLS/solution_fp32addition_fp32_full_sum/solution_fp32addition_fp32_full_sum_component/hls/impl/ip/hdl/vhdl/fp32_sum.vhd (fp32_sum)
INFO: Add ap_ctrl interface ap_ctrl
INFO: Add data interface ap_return
INFO: [IP_Flow 19-234] Refreshing IP repositories
INFO: [IP_Flow 19-1704] No user IP repositories specified
INFO: [IP_Flow 19-2313] Loaded Vivado IP repository '/tools/Xilinx/2025.1/Vivado/data/ip'.
INFO: Add reset interface ap_rst
INFO: Add data interface s1
INFO: Add data interface e1
INFO: Add data interface m1
INFO: Add data interface s2
INFO: Add data interface e2
INFO: Add data interface m2
INFO: Calling post_process_vitis to specialize IP
INFO: Calling post_process_sysgen to specialize IP
Generating sysgen info xml from json file
INFO: Created IP /home/joe/Desktop/Uni/Year_4/Dissertation/Program-Synthesis-for-Efficient-ML/results/HLS/solution_fp32addition_fp32_full_sum/solution_fp32addition_fp32_full_sum_component/hls/impl/ip/component.xml
INFO: Created IP archive /home/joe/Desktop/Uni/Year_4/Dissertation/Program-Synthesis-for-Efficient-ML/results/HLS/solution_fp32addition_fp32_full_sum/solution_fp32addition_fp32_full_sum_component/hls/impl/ip/xilinx_com_hls_fp32_sum_1_0.zip
INFO: [Common 17-206] Exiting Vivado at Wed Nov 26 12:48:07 2025...
INFO: [HLS 200-802] Generated output file solution_fp32addition_fp32_full_sum_component/hls/impl/export.zip
INFO: [HLS 200-2161] Finished Command export_design Elapsed time: 00:00:31; Allocated memory: 19.953 MB.
INFO: [HLS 200-112] Total CPU user time: 23 seconds. Total CPU system time: 3.13 seconds. Total elapsed time: 49.4 seconds; peak allocated memory: 328.246 MB.
INFO: [vitis-run 60-791] Total elapsed time: 0h 0m 51s
INFO: [vitis-run 60-1662] Stopping dispatch session having empty uuid.
