Wed Oct 29 00:57:29 2025: Running xcd server. This server was built by gradle.
Wed Oct 29 00:57:29 2025: Server was asked to start on port: '43539'
Wed Oct 29 00:57:29 2025: Server is using token UUID: '0b1d6964-4e74-4784-bd92-1d0baee98750'
Wed Oct 29 00:57:29 2025: SESSION_MGR: creating session with session uuid: '6d04a3e9-ade5-4ab9-8d63-1f78fcd2ec76' and name 'default'
Wed Oct 29 00:57:29 2025: Attempting to start server on port '43539'
Wed Oct 29 00:57:29 2025: XCD main fifo: created main fifo '/tmp/xcdmain0b1d6964-4e74-4784-bd92-1d0baee98750', fd read = 15
Wed Oct 29 00:57:29 2025: Running Dispatch Server
Wed Oct 29 00:57:29 2025: Version 2.2.0
Wed Oct 29 00:57:30 2025: Dispatch Server: Accepted socket connection from client
Wed Oct 29 00:57:30 2025: Starting Socket connection
Wed Oct 29 00:57:30 2025: EXCHANGE_TOKEN received, server token: 0b1d6964-4e74-4784-bd92-1d0baee98750, passed token: 0b1d6964-4e74-4784-bd92-1d0baee98750
Wed Oct 29 00:57:30 2025: SESSION_MGR: creating session with session uuid: '37eac116-3d1f-47ee-b544-40e57043c977' and name 'vitis_hls'
Wed Oct 29 00:57:30 2025: KERNEL_SVC: creating session with uuid: '37eac116-3d1f-47ee-b544-40e57043c977' and name 'vitis_hls'
Wed Oct 29 00:57:30 2025: GUIDANCE_SMGR: creating guidance session with uuid: '37eac116-3d1f-47ee-b544-40e57043c977' and name 'vitis_hls'
Wed Oct 29 00:57:42 2025: Running xcd server. This server was built by gradle.
Wed Oct 29 00:57:42 2025: Server was asked to start on port: '35187'
Wed Oct 29 00:57:42 2025: Server is using token UUID: '72a4decb-348e-463f-911b-68bc39128ffa'
Wed Oct 29 00:57:42 2025: SESSION_MGR: creating session with session uuid: '6d04a3e9-ade5-4ab9-8d63-1f78fcd2ec76' and name 'default'
Wed Oct 29 00:57:42 2025: Attempting to start server on port '35187'
Wed Oct 29 00:57:42 2025: XCD main fifo: created main fifo '/tmp/xcdmain72a4decb-348e-463f-911b-68bc39128ffa', fd read = 16
Wed Oct 29 00:57:42 2025: Running Dispatch Server
Wed Oct 29 00:57:42 2025: Version 2.2.0
Wed Oct 29 00:57:43 2025: Dispatch Server: Accepted socket connection from client
Wed Oct 29 00:57:43 2025: Starting Socket connection
Wed Oct 29 00:57:43 2025: EXCHANGE_TOKEN received, server token: 72a4decb-348e-463f-911b-68bc39128ffa, passed token: 72a4decb-348e-463f-911b-68bc39128ffa
Wed Oct 29 00:57:43 2025: SESSION_MGR: creating session with session uuid: '90d74046-2f7f-4204-bce6-f2eb7a57c5d3' and name 'vitis_hls'
Wed Oct 29 00:57:43 2025: KERNEL_SVC: creating session with uuid: '90d74046-2f7f-4204-bce6-f2eb7a57c5d3' and name 'vitis_hls'
Wed Oct 29 00:57:43 2025: GUIDANCE_SMGR: creating guidance session with uuid: '90d74046-2f7f-4204-bce6-f2eb7a57c5d3' and name 'vitis_hls'
Wed Oct 29 00:57:43 2025: STOP_SERVER received, server token: 0b1d6964-4e74-4784-bd92-1d0baee98750, passed token: 0b1d6964-4e74-4784-bd92-1d0baee98750
Wed Oct 29 00:57:43 2025: Socket received request to stop server.
Wed Oct 29 00:57:43 2025: Dispatch Server: do_await_stop
Wed Oct 29 00:57:43 2025: Dispatch Server: stopping mainFifo_
Wed Oct 29 00:57:43 2025: XCD main fifo: Stopping
Wed Oct 29 00:57:43 2025: XCD main fifo: do_read error code: Operation canceled
Wed Oct 29 00:57:43 2025: XCD main fifo: bytes_transferred: 0
Wed Oct 29 00:57:43 2025: SERVER: destructor for server bound to port 43539
Wed Oct 29 00:57:43 2025: XCD main fifo: Good unlink of /tmp/xcdmain0b1d6964-4e74-4784-bd92-1d0baee98750
Wed Oct 29 00:57:43 2025: Server exiting with status 0.
Wed Oct 29 00:57:43 2025: Closing log file.
Wed Oct 29 00:58:08 2025: STOP_SERVER received, server token: 72a4decb-348e-463f-911b-68bc39128ffa, passed token: 72a4decb-348e-463f-911b-68bc39128ffa
Wed Oct 29 00:58:08 2025: Socket received request to stop server.
Wed Oct 29 00:58:08 2025: Dispatch Server: do_await_stop
Wed Oct 29 00:58:08 2025: Dispatch Server: stopping mainFifo_
Wed Oct 29 00:58:08 2025: XCD main fifo: Stopping
Wed Oct 29 00:58:08 2025: XCD main fifo: do_read error code: Operation canceled
Wed Oct 29 00:58:08 2025: XCD main fifo: bytes_transferred: 0
Wed Oct 29 00:58:08 2025: SERVER: destructor for server bound to port 35187
Wed Oct 29 00:58:08 2025: XCD main fifo: Good unlink of /tmp/xcdmain72a4decb-348e-463f-911b-68bc39128ffa
Wed Oct 29 00:58:08 2025: Server exiting with status 0.
Wed Oct 29 00:58:08 2025: Closing log file.
