
****** Vivado v2025.1 (64-bit)
  **** SW Build 6140274 on Wed May 21 22:58:25 MDT 2025
  **** IP Build 6138677 on Thu May 22 03:10:11 MDT 2025
  **** SharedData Build 6139179 on Tue May 20 17:58:58 MDT 2025
  **** Start of session at: Tue Nov 11 16:19:04 2025
    ** Copyright 1986-2022 Xilinx, Inc. All Rights Reserved.
    ** Copyright 2022-2025 Advanced Micro Devices, Inc. All Rights Reserved.

source /home/joe/Desktop/Uni/Year_4/Dissertation/Program-Synthesis-for-Efficient-ML/results/HLS/solution_addition_raw_sum/vivado.tcl
# set v_files  [glob -nocomplain {/home/joe/Desktop/Uni/Year_4/Dissertation/Program-Synthesis-for-Efficient-ML/results/HLS/solution_addition_raw_sum/verilog_out/*.v}]
# set sv_files [glob -nocomplain {/home/joe/Desktop/Uni/Year_4/Dissertation/Program-Synthesis-for-Efficient-ML/results/HLS/solution_addition_raw_sum/verilog_out/*.sv}]
# if {[llength $v_files] == 0 && [llength $sv_files] == 0} {
#       puts "ERROR: No RTL files found in /home/joe/Desktop/Uni/Year_4/Dissertation/Program-Synthesis-for-Efficient-ML/results/HLS/solution_addition_raw_sum/verilog_out"
#       exit 1
#     }
# if {[llength $v_files]  > 0} { read_verilog $v_files }
# foreach f $sv_files { read_verilog -sv $f }
# synth_design -top add_raw -part xc7z020clg400-1
Command: synth_design -top add_raw -part xc7z020clg400-1
Starting synth_design
Attempting to get a license for feature 'Synthesis' and/or device 'xc7z020'
INFO: [Common 17-349] Got license for feature 'Synthesis' and/or device 'xc7z020'
INFO: [Synth 8-7079] Multithreading enabled for synth_design using a maximum of 7 processes.
INFO: [Synth 8-7078] Launching helper process for spawning children vivado processes
INFO: [Synth 8-7075] Helper process launched with PID 323505
---------------------------------------------------------------------------------
Starting Synthesize : Time (s): cpu = 00:00:03 ; elapsed = 00:00:03 . Memory (MB): peak = 1950.703 ; gain = 418.992 ; free physical = 969 ; free virtual = 5423
---------------------------------------------------------------------------------
INFO: [Synth 8-6157] synthesizing module 'add_raw' [/home/joe/Desktop/Uni/Year_4/Dissertation/Program-Synthesis-for-Efficient-ML/results/HLS/solution_addition_raw_sum/verilog_out/add_raw.v:9]
INFO: [Synth 8-6157] synthesizing module 'add_raw_sparsemux_7_2_3_1_1' [/home/joe/Desktop/Uni/Year_4/Dissertation/Program-Synthesis-for-Efficient-ML/results/HLS/solution_addition_raw_sum/verilog_out/add_raw_sparsemux_7_2_3_1_1.v:8]
	Parameter din0_WIDTH bound to: 3 - type: integer 
	Parameter din1_WIDTH bound to: 3 - type: integer 
	Parameter din2_WIDTH bound to: 3 - type: integer 
	Parameter def_WIDTH bound to: 3 - type: integer 
	Parameter sel_WIDTH bound to: 2 - type: integer 
	Parameter dout_WIDTH bound to: 3 - type: integer 
	Parameter CASE0 bound to: 2'b10 
	Parameter CASE1 bound to: 2'b01 
	Parameter CASE2 bound to: 2'b00 
	Parameter ID bound to: 1 - type: integer 
	Parameter NUM_STAGE bound to: 1 - type: integer 
INFO: [Synth 8-6155] done synthesizing module 'add_raw_sparsemux_7_2_3_1_1' (0#1) [/home/joe/Desktop/Uni/Year_4/Dissertation/Program-Synthesis-for-Efficient-ML/results/HLS/solution_addition_raw_sum/verilog_out/add_raw_sparsemux_7_2_3_1_1.v:8]
INFO: [Synth 8-6155] done synthesizing module 'add_raw' (0#1) [/home/joe/Desktop/Uni/Year_4/Dissertation/Program-Synthesis-for-Efficient-ML/results/HLS/solution_addition_raw_sum/verilog_out/add_raw.v:9]
WARNING: [Synth 8-3917] design add_raw has port ap_idle driven by constant 1
WARNING: [Synth 8-3917] design add_raw has port ap_return[8] driven by constant 0
WARNING: [Synth 8-3917] design add_raw has port ap_return[4] driven by constant 0
WARNING: [Synth 8-7129] Port m1[3] in module add_raw is either unconnected or has no load
WARNING: [Synth 8-7129] Port m1[2] in module add_raw is either unconnected or has no load
WARNING: [Synth 8-7129] Port m1[1] in module add_raw is either unconnected or has no load
WARNING: [Synth 8-7129] Port m1[0] in module add_raw is either unconnected or has no load
WARNING: [Synth 8-7129] Port ap_rst in module add_raw is either unconnected or has no load
---------------------------------------------------------------------------------
Finished Synthesize : Time (s): cpu = 00:00:04 ; elapsed = 00:00:04 . Memory (MB): peak = 2023.672 ; gain = 491.961 ; free physical = 886 ; free virtual = 5341
---------------------------------------------------------------------------------
---------------------------------------------------------------------------------
Finished Constraint Validation : Time (s): cpu = 00:00:05 ; elapsed = 00:00:05 . Memory (MB): peak = 2041.484 ; gain = 509.773 ; free physical = 886 ; free virtual = 5341
---------------------------------------------------------------------------------
---------------------------------------------------------------------------------
Start Loading Part and Timing Information
---------------------------------------------------------------------------------
Loading part: xc7z020clg400-1
INFO: [Device 21-403] Loading part xc7z020clg400-1
---------------------------------------------------------------------------------
Finished Loading Part and Timing Information : Time (s): cpu = 00:00:05 ; elapsed = 00:00:05 . Memory (MB): peak = 2041.484 ; gain = 509.773 ; free physical = 886 ; free virtual = 5341
---------------------------------------------------------------------------------
---------------------------------------------------------------------------------
Finished RTL Optimization Phase 2 : Time (s): cpu = 00:00:05 ; elapsed = 00:00:05 . Memory (MB): peak = 2047.422 ; gain = 515.711 ; free physical = 879 ; free virtual = 5335
---------------------------------------------------------------------------------
No constraint files found.
---------------------------------------------------------------------------------
Start RTL Component Statistics 
---------------------------------------------------------------------------------
Detailed RTL Component Info : 
+---Adders : 
	   3 Input    4 Bit       Adders := 1     
+---XORs : 
	   2 Input      1 Bit         XORs := 3     
+---Muxes : 
	   2 Input    4 Bit        Muxes := 1     
	   4 Input    3 Bit        Muxes := 1     
---------------------------------------------------------------------------------
Finished RTL Component Statistics 
---------------------------------------------------------------------------------
---------------------------------------------------------------------------------
Start Part Resource Summary
---------------------------------------------------------------------------------
Part Resources:
DSPs: 220 (col length:60)
BRAMs: 280 (col length: RAMB18 60 RAMB36 30)
---------------------------------------------------------------------------------
Finished Part Resource Summary
---------------------------------------------------------------------------------
No constraint files found.
---------------------------------------------------------------------------------
Start Cross Boundary and Area Optimization
---------------------------------------------------------------------------------
WARNING: [Synth 8-7080] Parallel synthesis criteria is not met
WARNING: [Synth 8-3917] design add_raw has port ap_idle driven by constant 1
WARNING: [Synth 8-3917] design add_raw has port ap_return[8] driven by constant 0
WARNING: [Synth 8-3917] design add_raw has port ap_return[4] driven by constant 0
WARNING: [Synth 8-7129] Port m1[3] in module add_raw is either unconnected or has no load
WARNING: [Synth 8-7129] Port m1[2] in module add_raw is either unconnected or has no load
WARNING: [Synth 8-7129] Port m1[1] in module add_raw is either unconnected or has no load
WARNING: [Synth 8-7129] Port m1[0] in module add_raw is either unconnected or has no load
WARNING: [Synth 8-7129] Port ap_rst in module add_raw is either unconnected or has no load
---------------------------------------------------------------------------------
Finished Cross Boundary and Area Optimization : Time (s): cpu = 00:00:08 ; elapsed = 00:00:08 . Memory (MB): peak = 2208.273 ; gain = 676.562 ; free physical = 772 ; free virtual = 5233
---------------------------------------------------------------------------------
No constraint files found.
---------------------------------------------------------------------------------
Start Timing Optimization
---------------------------------------------------------------------------------
---------------------------------------------------------------------------------
Finished Timing Optimization : Time (s): cpu = 00:00:08 ; elapsed = 00:00:08 . Memory (MB): peak = 2208.273 ; gain = 676.562 ; free physical = 772 ; free virtual = 5233
---------------------------------------------------------------------------------
---------------------------------------------------------------------------------
Start Technology Mapping
---------------------------------------------------------------------------------
---------------------------------------------------------------------------------
Finished Technology Mapping : Time (s): cpu = 00:00:08 ; elapsed = 00:00:08 . Memory (MB): peak = 2208.273 ; gain = 676.562 ; free physical = 772 ; free virtual = 5233
---------------------------------------------------------------------------------
---------------------------------------------------------------------------------
Start IO Insertion
---------------------------------------------------------------------------------
---------------------------------------------------------------------------------
Start Flattening Before IO Insertion
---------------------------------------------------------------------------------
---------------------------------------------------------------------------------
Finished Flattening Before IO Insertion
---------------------------------------------------------------------------------
---------------------------------------------------------------------------------
Start Final Netlist Cleanup
---------------------------------------------------------------------------------
---------------------------------------------------------------------------------
Finished Final Netlist Cleanup
---------------------------------------------------------------------------------
---------------------------------------------------------------------------------
Finished IO Insertion : Time (s): cpu = 00:00:11 ; elapsed = 00:00:11 . Memory (MB): peak = 2376.086 ; gain = 844.375 ; free physical = 678 ; free virtual = 5140
---------------------------------------------------------------------------------
---------------------------------------------------------------------------------
Start Renaming Generated Instances
---------------------------------------------------------------------------------
---------------------------------------------------------------------------------
Finished Renaming Generated Instances : Time (s): cpu = 00:00:11 ; elapsed = 00:00:11 . Memory (MB): peak = 2376.086 ; gain = 844.375 ; free physical = 678 ; free virtual = 5140
---------------------------------------------------------------------------------
---------------------------------------------------------------------------------
Start Rebuilding User Hierarchy
---------------------------------------------------------------------------------
---------------------------------------------------------------------------------
Finished Rebuilding User Hierarchy : Time (s): cpu = 00:00:11 ; elapsed = 00:00:11 . Memory (MB): peak = 2376.086 ; gain = 844.375 ; free physical = 678 ; free virtual = 5140
---------------------------------------------------------------------------------
---------------------------------------------------------------------------------
Start Renaming Generated Ports
---------------------------------------------------------------------------------
---------------------------------------------------------------------------------
Finished Renaming Generated Ports : Time (s): cpu = 00:00:11 ; elapsed = 00:00:11 . Memory (MB): peak = 2376.086 ; gain = 844.375 ; free physical = 679 ; free virtual = 5140
---------------------------------------------------------------------------------
---------------------------------------------------------------------------------
Start Handling Custom Attributes
---------------------------------------------------------------------------------
---------------------------------------------------------------------------------
Finished Handling Custom Attributes : Time (s): cpu = 00:00:11 ; elapsed = 00:00:11 . Memory (MB): peak = 2376.086 ; gain = 844.375 ; free physical = 679 ; free virtual = 5140
---------------------------------------------------------------------------------
---------------------------------------------------------------------------------
Start Renaming Generated Nets
---------------------------------------------------------------------------------
---------------------------------------------------------------------------------
Finished Renaming Generated Nets : Time (s): cpu = 00:00:11 ; elapsed = 00:00:11 . Memory (MB): peak = 2376.086 ; gain = 844.375 ; free physical = 679 ; free virtual = 5140
---------------------------------------------------------------------------------
---------------------------------------------------------------------------------
Start Writing Synthesis Report
---------------------------------------------------------------------------------

Report BlackBoxes: 
+-+--------------+----------+
| |BlackBox name |Instances |
+-+--------------+----------+
+-+--------------+----------+

Report Cell Usage: 
+------+-----+------+
|      |Cell |Count |
+------+-----+------+
|1     |LUT2 |     1|
|2     |LUT3 |     5|
|3     |LUT4 |     3|
|4     |LUT5 |     5|
|5     |LUT6 |    10|
|6     |IBUF |    13|
|7     |OBUF |    12|
+------+-----+------+

Report Instance Areas: 
+------+---------+-------+------+
|      |Instance |Module |Cells |
+------+---------+-------+------+
|1     |top      |       |    49|
+------+---------+-------+------+
---------------------------------------------------------------------------------
Finished Writing Synthesis Report : Time (s): cpu = 00:00:11 ; elapsed = 00:00:11 . Memory (MB): peak = 2376.086 ; gain = 844.375 ; free physical = 679 ; free virtual = 5140
---------------------------------------------------------------------------------
Synthesis finished with 0 errors, 0 critical warnings and 17 warnings.
Synthesis Optimization Runtime : Time (s): cpu = 00:00:11 ; elapsed = 00:00:11 . Memory (MB): peak = 2376.086 ; gain = 844.375 ; free physical = 679 ; free virtual = 5140
Synthesis Optimization Complete : Time (s): cpu = 00:00:11 ; elapsed = 00:00:11 . Memory (MB): peak = 2376.094 ; gain = 844.375 ; free physical = 679 ; free virtual = 5140
INFO: [Project 1-571] Translating synthesized netlist
Netlist sorting complete. Time (s): cpu = 00:00:00 ; elapsed = 00:00:00 . Memory (MB): peak = 2391.930 ; gain = 0.000 ; free physical = 818 ; free virtual = 5280
INFO: [Project 1-570] Preparing netlist for logic optimization
INFO: [Opt 31-138] Pushed 0 inverter(s) to 0 load pin(s).
Netlist sorting complete. Time (s): cpu = 00:00:00 ; elapsed = 00:00:00 . Memory (MB): peak = 2527.512 ; gain = 0.000 ; free physical = 710 ; free virtual = 5182
INFO: [Project 1-111] Unisim Transformation Summary:
No Unisim elements were transformed.

Synth Design complete | Checksum: b318265a
INFO: [Common 17-83] Releasing license: Synthesis
14 Infos, 17 Warnings, 0 Critical Warnings and 0 Errors encountered.
synth_design completed successfully
synth_design: Time (s): cpu = 00:00:16 ; elapsed = 00:00:13 . Memory (MB): peak = 2527.547 ; gain = 995.836 ; free physical = 710 ; free virtual = 5182
INFO: [Common 17-2834] synth_design peak Physical Memory [PSS] (MB): overall = 1973.967; main = 1973.967; forked = 333.682
INFO: [Common 17-2834] synth_design peak Virtual Memory [VSS] (MB): overall = 3258.453; main = 2527.516; forked = 956.176
# if {[llength [get_ports -quiet ap_clk]]} {
#       create_clock -name ap_clk -period 4.000 [get_ports ap_clk]
#     } else {
#       puts "INFO: No ap_clk port found; skipping create_clock (design appears combinational)."
#     }
INFO: No ap_clk port found; skipping create_clock (design appears combinational).
# opt_design
Command: opt_design
Attempting to get a license for feature 'Implementation' and/or device 'xc7z020'
INFO: [Common 17-349] Got license for feature 'Implementation' and/or device 'xc7z020'
Running DRC as a precondition to command opt_design

Starting DRC Task
INFO: [DRC 23-27] Running DRC with 8 threads
INFO: [Project 1-461] DRC finished with 0 Errors
INFO: [Project 1-462] Please refer to the DRC report (report_drc) for more information.

Time (s): cpu = 00:00:00.7 ; elapsed = 00:00:00.29 . Memory (MB): peak = 2591.543 ; gain = 63.996 ; free physical = 705 ; free virtual = 5177

Starting Cache Timing Information Task
INFO: [Timing 38-35] Done setting XDC timing constraints.
Ending Cache Timing Information Task | Checksum: 13b9bd376

Time (s): cpu = 00:00:04 ; elapsed = 00:00:05 . Memory (MB): peak = 2826.496 ; gain = 234.953 ; free physical = 552 ; free virtual = 5029

Starting Logic Optimization Task

Phase 1 Initialization

Phase 1.1 Core Generation And Design Setup
Phase 1.1 Core Generation And Design Setup | Checksum: 13b9bd376

Time (s): cpu = 00:00:00 ; elapsed = 00:00:00 . Memory (MB): peak = 3117.434 ; gain = 0.000 ; free physical = 259 ; free virtual = 4736

Phase 1.2 Setup Constraints And Sort Netlist
Phase 1.2 Setup Constraints And Sort Netlist | Checksum: 13b9bd376

Time (s): cpu = 00:00:00 ; elapsed = 00:00:00 . Memory (MB): peak = 3117.434 ; gain = 0.000 ; free physical = 259 ; free virtual = 4736
Phase 1 Initialization | Checksum: 13b9bd376

Time (s): cpu = 00:00:00 ; elapsed = 00:00:00 . Memory (MB): peak = 3117.434 ; gain = 0.000 ; free physical = 259 ; free virtual = 4736

Phase 2 Timer Update And Timing Data Collection

Phase 2.1 Timer Update
Phase 2.1 Timer Update | Checksum: 13b9bd376

Time (s): cpu = 00:00:00.01 ; elapsed = 00:00:00.01 . Memory (MB): peak = 3117.434 ; gain = 0.000 ; free physical = 259 ; free virtual = 4736

Phase 2.2 Timing Data Collection
Phase 2.2 Timing Data Collection | Checksum: 13b9bd376

Time (s): cpu = 00:00:00.01 ; elapsed = 00:00:00.01 . Memory (MB): peak = 3117.434 ; gain = 0.000 ; free physical = 258 ; free virtual = 4736
Phase 2 Timer Update And Timing Data Collection | Checksum: 13b9bd376

Time (s): cpu = 00:00:00.01 ; elapsed = 00:00:00.01 . Memory (MB): peak = 3117.434 ; gain = 0.000 ; free physical = 258 ; free virtual = 4736

Phase 3 Retarget
INFO: [Opt 31-1851] Number of loadless carry chains removed were: 0
INFO: [Opt 31-1834] Total Chains To Be Transformed Were: 0 AND Number of Transformed insts Created are: 0
INFO: [Opt 31-138] Pushed 0 inverter(s) to 0 load pin(s).
INFO: [Opt 31-49] Retargeted 0 cell(s).
Phase 3 Retarget | Checksum: 13b9bd376

Time (s): cpu = 00:00:00.01 ; elapsed = 00:00:00.02 . Memory (MB): peak = 3117.434 ; gain = 0.000 ; free physical = 259 ; free virtual = 4736
Retarget | Checksum: 13b9bd376
INFO: [Opt 31-389] Phase Retarget created 0 cells and removed 0 cells

Phase 4 Constant propagation
INFO: [Opt 31-138] Pushed 0 inverter(s) to 0 load pin(s).
Phase 4 Constant propagation | Checksum: 13b9bd376

Time (s): cpu = 00:00:00.01 ; elapsed = 00:00:00.02 . Memory (MB): peak = 3117.434 ; gain = 0.000 ; free physical = 259 ; free virtual = 4736
Constant propagation | Checksum: 13b9bd376
INFO: [Opt 31-389] Phase Constant propagation created 0 cells and removed 0 cells

Phase 5 Sweep
INFO: [Constraints 18-11670] Building netlist checker database with flags, 0x8
Done building netlist checker database: Time (s): cpu = 00:00:00 ; elapsed = 00:00:00 . Memory (MB): peak = 3117.434 ; gain = 0.000 ; free physical = 259 ; free virtual = 4736
Phase 5 Sweep | Checksum: 13b9bd376

Time (s): cpu = 00:00:00.01 ; elapsed = 00:00:00.02 . Memory (MB): peak = 3117.434 ; gain = 0.000 ; free physical = 259 ; free virtual = 4736
Sweep | Checksum: 13b9bd376
INFO: [Opt 31-389] Phase Sweep created 0 cells and removed 0 cells

Phase 6 BUFG optimization
Phase 6 BUFG optimization | Checksum: 13b9bd376

Time (s): cpu = 00:00:00.02 ; elapsed = 00:00:00.02 . Memory (MB): peak = 3149.449 ; gain = 32.016 ; free physical = 259 ; free virtual = 4736
BUFG optimization | Checksum: 13b9bd376
INFO: [Opt 31-662] Phase BUFG optimization created 0 cells of which 0 are BUFGs and removed 0 cells.

Phase 7 Shift Register Optimization
INFO: [Opt 31-1064] SRL Remap converted 0 SRLs to 0 registers and converted 0 registers of register chains to 0 SRLs
Phase 7 Shift Register Optimization | Checksum: 13b9bd376

Time (s): cpu = 00:00:00.02 ; elapsed = 00:00:00.02 . Memory (MB): peak = 3149.449 ; gain = 32.016 ; free physical = 259 ; free virtual = 4736
Shift Register Optimization | Checksum: 13b9bd376
INFO: [Opt 31-389] Phase Shift Register Optimization created 0 cells and removed 0 cells

Phase 8 Post Processing Netlist
Phase 8 Post Processing Netlist | Checksum: 13b9bd376

Time (s): cpu = 00:00:00.02 ; elapsed = 00:00:00.02 . Memory (MB): peak = 3149.449 ; gain = 32.016 ; free physical = 259 ; free virtual = 4736
Post Processing Netlist | Checksum: 13b9bd376
INFO: [Opt 31-389] Phase Post Processing Netlist created 0 cells and removed 0 cells

Phase 9 Finalization

Phase 9.1 Finalizing Design Cores and Updating Shapes
Phase 9.1 Finalizing Design Cores and Updating Shapes | Checksum: 13b9bd376

Time (s): cpu = 00:00:00.02 ; elapsed = 00:00:00.03 . Memory (MB): peak = 3149.449 ; gain = 32.016 ; free physical = 259 ; free virtual = 4736

Phase 9.2 Verifying Netlist Connectivity

Starting Connectivity Check Task

Time (s): cpu = 00:00:00 ; elapsed = 00:00:00 . Memory (MB): peak = 3149.449 ; gain = 0.000 ; free physical = 259 ; free virtual = 4736
Phase 9.2 Verifying Netlist Connectivity | Checksum: 13b9bd376

Time (s): cpu = 00:00:00.02 ; elapsed = 00:00:00.03 . Memory (MB): peak = 3149.449 ; gain = 32.016 ; free physical = 259 ; free virtual = 4736
Phase 9 Finalization | Checksum: 13b9bd376

Time (s): cpu = 00:00:00.02 ; elapsed = 00:00:00.03 . Memory (MB): peak = 3149.449 ; gain = 32.016 ; free physical = 259 ; free virtual = 4736
Opt_design Change Summary
=========================


-------------------------------------------------------------------------------------------------------------------------
|  Phase                        |  #Cells created  |  #Cells Removed  |  #Constrained objects preventing optimizations  |
-------------------------------------------------------------------------------------------------------------------------
|  Retarget                     |               0  |               0  |                                              0  |
|  Constant propagation         |               0  |               0  |                                              0  |
|  Sweep                        |               0  |               0  |                                              0  |
|  BUFG optimization            |               0  |               0  |                                              0  |
|  Shift Register Optimization  |               0  |               0  |                                              0  |
|  Post Processing Netlist      |               0  |               0  |                                              0  |
-------------------------------------------------------------------------------------------------------------------------


Ending Logic Optimization Task | Checksum: 13b9bd376

Time (s): cpu = 00:00:00.02 ; elapsed = 00:00:00.03 . Memory (MB): peak = 3149.449 ; gain = 32.016 ; free physical = 259 ; free virtual = 4736

Starting Power Optimization Task
INFO: [Pwropt 34-132] Skipping clock gating for clocks with a period < 2.00 ns.
Ending Power Optimization Task | Checksum: 13b9bd376

Time (s): cpu = 00:00:00.01 ; elapsed = 00:00:00.01 . Memory (MB): peak = 3149.449 ; gain = 0.000 ; free physical = 259 ; free virtual = 4736

Starting Final Cleanup Task
Ending Final Cleanup Task | Checksum: 13b9bd376

Time (s): cpu = 00:00:00 ; elapsed = 00:00:00 . Memory (MB): peak = 3149.449 ; gain = 0.000 ; free physical = 259 ; free virtual = 4736

Starting Netlist Obfuscation Task
Netlist sorting complete. Time (s): cpu = 00:00:00 ; elapsed = 00:00:00 . Memory (MB): peak = 3149.449 ; gain = 0.000 ; free physical = 259 ; free virtual = 4736
Ending Netlist Obfuscation Task | Checksum: 13b9bd376

Time (s): cpu = 00:00:00 ; elapsed = 00:00:00 . Memory (MB): peak = 3149.449 ; gain = 0.000 ; free physical = 259 ; free virtual = 4736
INFO: [Common 17-83] Releasing license: Implementation
20 Infos, 0 Warnings, 0 Critical Warnings and 0 Errors encountered.
opt_design completed successfully
opt_design: Time (s): cpu = 00:00:07 ; elapsed = 00:00:07 . Memory (MB): peak = 3149.449 ; gain = 621.902 ; free physical = 259 ; free virtual = 4736
# place_design
Command: place_design
Attempting to get a license for feature 'Implementation' and/or device 'xc7z020'
INFO: [Common 17-349] Got license for feature 'Implementation' and/or device 'xc7z020'
INFO: [Common 17-83] Releasing license: Implementation
INFO: [DRC 23-27] Running DRC with 8 threads
INFO: [Vivado_Tcl 4-198] DRC finished with 0 Errors
INFO: [Vivado_Tcl 4-199] Please refer to the DRC report (report_drc) for more information.
Running DRC as a precondition to command place_design
INFO: [DRC 23-27] Running DRC with 8 threads
INFO: [Vivado_Tcl 4-198] DRC finished with 0 Errors
INFO: [Vivado_Tcl 4-199] Please refer to the DRC report (report_drc) for more information.
INFO: [Place 30-611] Multithreading enabled for place_design using a maximum of 8 CPUs

Starting Placer Task

Phase 1 Placer Initialization

Phase 1.1 Placer Initialization Netlist Sorting
Netlist sorting complete. Time (s): cpu = 00:00:00 ; elapsed = 00:00:00 . Memory (MB): peak = 3149.449 ; gain = 0.000 ; free physical = 258 ; free virtual = 4735
Phase 1.1 Placer Initialization Netlist Sorting | Checksum: 8883ad1c

Time (s): cpu = 00:00:00 ; elapsed = 00:00:00.01 . Memory (MB): peak = 3149.449 ; gain = 0.000 ; free physical = 258 ; free virtual = 4735
Netlist sorting complete. Time (s): cpu = 00:00:00 ; elapsed = 00:00:00 . Memory (MB): peak = 3149.449 ; gain = 0.000 ; free physical = 258 ; free virtual = 4735

Phase 1.2 IO Placement/ Clock Placement/ Build Placer Device
INFO: [Timing 38-35] Done setting XDC timing constraints.
Phase 1.2 IO Placement/ Clock Placement/ Build Placer Device | Checksum: 101c3840e

Time (s): cpu = 00:00:00.32 ; elapsed = 00:00:00.08 . Memory (MB): peak = 3149.449 ; gain = 0.000 ; free physical = 259 ; free virtual = 4736

Phase 1.3 Build Placer Netlist Model
Phase 1.3 Build Placer Netlist Model | Checksum: 1c335bff4

Time (s): cpu = 00:00:00.43 ; elapsed = 00:00:00.11 . Memory (MB): peak = 3149.449 ; gain = 0.000 ; free physical = 259 ; free virtual = 4736

Phase 1.4 Constrain Clocks/Macros
Phase 1.4 Constrain Clocks/Macros | Checksum: 1c335bff4

Time (s): cpu = 00:00:00.44 ; elapsed = 00:00:00.11 . Memory (MB): peak = 3149.449 ; gain = 0.000 ; free physical = 259 ; free virtual = 4736
Phase 1 Placer Initialization | Checksum: 1c335bff4

Time (s): cpu = 00:00:00.44 ; elapsed = 00:00:00.12 . Memory (MB): peak = 3149.449 ; gain = 0.000 ; free physical = 259 ; free virtual = 4736

Phase 2 Global Placement

Phase 2.1 Floorplanning
Phase 2.1 Floorplanning | Checksum: 1c335bff4

Time (s): cpu = 00:00:00.44 ; elapsed = 00:00:00.12 . Memory (MB): peak = 3149.449 ; gain = 0.000 ; free physical = 259 ; free virtual = 4736

Phase 2.2 Update Timing before SLR Path Opt
Phase 2.2 Update Timing before SLR Path Opt | Checksum: 1c335bff4

Time (s): cpu = 00:00:00.44 ; elapsed = 00:00:00.12 . Memory (MB): peak = 3149.449 ; gain = 0.000 ; free physical = 259 ; free virtual = 4736

Phase 2.3 Post-Processing in Floorplanning
Phase 2.3 Post-Processing in Floorplanning | Checksum: 1c335bff4

Time (s): cpu = 00:00:00.45 ; elapsed = 00:00:00.12 . Memory (MB): peak = 3149.449 ; gain = 0.000 ; free physical = 259 ; free virtual = 4736

Phase 2.4 Global Place Phase1
Phase 2.4 Global Place Phase1 | Checksum: 15b871c19

Time (s): cpu = 00:00:03 ; elapsed = 00:00:00.72 . Memory (MB): peak = 3181.465 ; gain = 32.016 ; free physical = 317 ; free virtual = 4794

Phase 2.5 Global Place Phase2
WARNING: [Place 46-29] Timing had been disabled during Placer and, therefore, physical synthesis in Placer will be skipped.
Phase 2.5 Global Place Phase2 | Checksum: 15a4f9967

Time (s): cpu = 00:00:03 ; elapsed = 00:00:00.78 . Memory (MB): peak = 3181.465 ; gain = 32.016 ; free physical = 330 ; free virtual = 4807
Phase 2 Global Placement | Checksum: 15a4f9967

Time (s): cpu = 00:00:03 ; elapsed = 00:00:00.78 . Memory (MB): peak = 3181.465 ; gain = 32.016 ; free physical = 330 ; free virtual = 4807

Phase 3 Detail Placement

Phase 3.1 Commit Multi Column Macros
Phase 3.1 Commit Multi Column Macros | Checksum: 15a4f9967

Time (s): cpu = 00:00:03 ; elapsed = 00:00:00.78 . Memory (MB): peak = 3181.465 ; gain = 32.016 ; free physical = 330 ; free virtual = 4807

Phase 3.2 Commit Most Macros & LUTRAMs
Phase 3.2 Commit Most Macros & LUTRAMs | Checksum: 1757555c5

Time (s): cpu = 00:00:03 ; elapsed = 00:00:00.79 . Memory (MB): peak = 3181.465 ; gain = 32.016 ; free physical = 330 ; free virtual = 4807

Phase 3.3 Area Swap Optimization
Phase 3.3 Area Swap Optimization | Checksum: 1dd29b16c

Time (s): cpu = 00:00:04 ; elapsed = 00:00:00.79 . Memory (MB): peak = 3181.465 ; gain = 32.016 ; free physical = 330 ; free virtual = 4807

Phase 3.4 Pipeline Register Optimization
Phase 3.4 Pipeline Register Optimization | Checksum: 1dd29b16c

Time (s): cpu = 00:00:04 ; elapsed = 00:00:00.79 . Memory (MB): peak = 3181.465 ; gain = 32.016 ; free physical = 330 ; free virtual = 4807

Phase 3.5 Small Shape Detail Placement
Phase 3.5 Small Shape Detail Placement | Checksum: 176f29610

Time (s): cpu = 00:00:04 ; elapsed = 00:00:00.88 . Memory (MB): peak = 3181.465 ; gain = 32.016 ; free physical = 326 ; free virtual = 4803

Phase 3.6 Re-assign LUT pins
Phase 3.6 Re-assign LUT pins | Checksum: 176f29610

Time (s): cpu = 00:00:04 ; elapsed = 00:00:00.88 . Memory (MB): peak = 3181.465 ; gain = 32.016 ; free physical = 326 ; free virtual = 4803

Phase 3.7 Pipeline Register Optimization
Phase 3.7 Pipeline Register Optimization | Checksum: 176f29610

Time (s): cpu = 00:00:04 ; elapsed = 00:00:00.88 . Memory (MB): peak = 3181.465 ; gain = 32.016 ; free physical = 326 ; free virtual = 4803
Phase 3 Detail Placement | Checksum: 176f29610

Time (s): cpu = 00:00:04 ; elapsed = 00:00:00.88 . Memory (MB): peak = 3181.465 ; gain = 32.016 ; free physical = 326 ; free virtual = 4803

Phase 4 Post Placement Optimization and Clean-Up

Phase 4.1 Post Commit Optimization
Phase 4.1 Post Commit Optimization | Checksum: 176f29610

Time (s): cpu = 00:00:04 ; elapsed = 00:00:00.91 . Memory (MB): peak = 3181.465 ; gain = 32.016 ; free physical = 326 ; free virtual = 4803

Phase 4.2 Post Placement Cleanup
Phase 4.2 Post Placement Cleanup | Checksum: 176f29610

Time (s): cpu = 00:00:04 ; elapsed = 00:00:00.91 . Memory (MB): peak = 3181.465 ; gain = 32.016 ; free physical = 326 ; free virtual = 4803

Phase 4.3 Placer Reporting

Phase 4.3.1 Print Estimated Congestion
INFO: [Place 30-612] Post-Placement Estimated Congestion 
 ____________________________________________________
|           | Global Congestion | Short Congestion  |
| Direction | Region Size       | Region Size       |
|___________|___________________|___________________|
|      North|                1x1|                1x1|
|___________|___________________|___________________|
|      South|                1x1|                1x1|
|___________|___________________|___________________|
|       East|                1x1|                1x1|
|___________|___________________|___________________|
|       West|                1x1|                1x1|
|___________|___________________|___________________|

Phase 4.3.1 Print Estimated Congestion | Checksum: 176f29610

Time (s): cpu = 00:00:04 ; elapsed = 00:00:00.92 . Memory (MB): peak = 3181.465 ; gain = 32.016 ; free physical = 326 ; free virtual = 4803
Phase 4.3 Placer Reporting | Checksum: 176f29610

Time (s): cpu = 00:00:04 ; elapsed = 00:00:00.92 . Memory (MB): peak = 3181.465 ; gain = 32.016 ; free physical = 326 ; free virtual = 4803

Phase 4.4 Final Placement Cleanup
Netlist sorting complete. Time (s): cpu = 00:00:00 ; elapsed = 00:00:00 . Memory (MB): peak = 3181.465 ; gain = 0.000 ; free physical = 326 ; free virtual = 4803

Time (s): cpu = 00:00:04 ; elapsed = 00:00:00.92 . Memory (MB): peak = 3181.465 ; gain = 32.016 ; free physical = 326 ; free virtual = 4803
Phase 4 Post Placement Optimization and Clean-Up | Checksum: 176f29610

Time (s): cpu = 00:00:04 ; elapsed = 00:00:00.92 . Memory (MB): peak = 3181.465 ; gain = 32.016 ; free physical = 326 ; free virtual = 4803
Ending Placer Task | Checksum: ff75d117

Time (s): cpu = 00:00:04 ; elapsed = 00:00:00.92 . Memory (MB): peak = 3181.465 ; gain = 32.016 ; free physical = 326 ; free virtual = 4803
11 Infos, 1 Warnings, 0 Critical Warnings and 0 Errors encountered.
place_design completed successfully
# route_design
Command: route_design
Attempting to get a license for feature 'Implementation' and/or device 'xc7z020'
INFO: [Common 17-349] Got license for feature 'Implementation' and/or device 'xc7z020'


Starting Routing Task
INFO: [Route 35-254] Multithreading enabled for route_design using a maximum of 8 CPUs

Phase 1 Build RT Design
Checksum: PlaceDB: 76f223fb ConstDB: 0 ShapeSum: 728a3a2c RouteDB: 15f972f0
Post Restoration Checksum: NetGraph: 2d08186d | NumContArr: 565995a3 | Constraints: c2a8fa9d | Timing: c2a8fa9d
Phase 1 Build RT Design | Checksum: 208b3a34a

Time (s): cpu = 00:00:17 ; elapsed = 00:00:15 . Memory (MB): peak = 3181.465 ; gain = 0.000 ; free physical = 343 ; free virtual = 4742

Phase 2 Router Initialization
INFO: [Route 35-64] No timing constraints were detected. The router will operate in resource-optimization mode.

Phase 2.1 Fix Topology Constraints
Phase 2.1 Fix Topology Constraints | Checksum: 208b3a34a

Time (s): cpu = 00:00:17 ; elapsed = 00:00:15 . Memory (MB): peak = 3181.465 ; gain = 0.000 ; free physical = 340 ; free virtual = 4738

Phase 2.2 Pre Route Cleanup
Phase 2.2 Pre Route Cleanup | Checksum: 208b3a34a

Time (s): cpu = 00:00:17 ; elapsed = 00:00:15 . Memory (MB): peak = 3181.465 ; gain = 0.000 ; free physical = 340 ; free virtual = 4738
 Number of Nodes with overlaps = 0

Router Utilization Summary
  Global Vertical Routing Utilization    = 0 %
  Global Horizontal Routing Utilization  = 0 %
  Routable Net Status*
  *Does not include unroutable nets such as driverless and loadless.
  Run report_route_status for detailed report.
  Number of Failed Nets               = 37
    (Failed Nets is the sum of unrouted and partially routed nets)
  Number of Unrouted Nets             = 37
  Number of Partially Routed Nets     = 0
  Number of Node Overlaps             = 0

Phase 2 Router Initialization | Checksum: 223293e1d

Time (s): cpu = 00:00:18 ; elapsed = 00:00:15 . Memory (MB): peak = 3181.465 ; gain = 0.000 ; free physical = 335 ; free virtual = 4734

Phase 3 Global Routing
Phase 3 Global Routing | Checksum: 223293e1d

Time (s): cpu = 00:00:18 ; elapsed = 00:00:15 . Memory (MB): peak = 3181.465 ; gain = 0.000 ; free physical = 335 ; free virtual = 4734

Phase 4 Initial Routing

Phase 4.1 Initial Net Routing Pass
Phase 4.1 Initial Net Routing Pass | Checksum: 1e6a4b6dc

Time (s): cpu = 00:00:18 ; elapsed = 00:00:15 . Memory (MB): peak = 3181.465 ; gain = 0.000 ; free physical = 335 ; free virtual = 4734
Phase 4 Initial Routing | Checksum: 1e6a4b6dc

Time (s): cpu = 00:00:18 ; elapsed = 00:00:15 . Memory (MB): peak = 3181.465 ; gain = 0.000 ; free physical = 335 ; free virtual = 4734

Phase 5 Rip-up And Reroute

Phase 5.1 Global Iteration 0
 Number of Nodes with overlaps = 2
 Number of Nodes with overlaps = 0
Phase 5.1 Global Iteration 0 | Checksum: 186f990da

Time (s): cpu = 00:00:18 ; elapsed = 00:00:15 . Memory (MB): peak = 3181.465 ; gain = 0.000 ; free physical = 335 ; free virtual = 4734
Phase 5 Rip-up And Reroute | Checksum: 186f990da

Time (s): cpu = 00:00:18 ; elapsed = 00:00:15 . Memory (MB): peak = 3181.465 ; gain = 0.000 ; free physical = 335 ; free virtual = 4734

Phase 6 Delay and Skew Optimization
Phase 6 Delay and Skew Optimization | Checksum: 186f990da

Time (s): cpu = 00:00:18 ; elapsed = 00:00:15 . Memory (MB): peak = 3181.465 ; gain = 0.000 ; free physical = 335 ; free virtual = 4734

Phase 7 Post Hold Fix

Phase 7.1 Hold Fix Iter
Phase 7.1 Hold Fix Iter | Checksum: 186f990da

Time (s): cpu = 00:00:18 ; elapsed = 00:00:15 . Memory (MB): peak = 3181.465 ; gain = 0.000 ; free physical = 335 ; free virtual = 4734
Phase 7 Post Hold Fix | Checksum: 186f990da

Time (s): cpu = 00:00:18 ; elapsed = 00:00:15 . Memory (MB): peak = 3181.465 ; gain = 0.000 ; free physical = 335 ; free virtual = 4734

Phase 8 Route finalize

Router Utilization Summary
  Global Vertical Routing Utilization    = 0.00890546 %
  Global Horizontal Routing Utilization  = 0.00481744 %
  Routable Net Status*
  *Does not include unroutable nets such as driverless and loadless.
  Run report_route_status for detailed report.
  Number of Failed Nets               = 0
    (Failed Nets is the sum of unrouted and partially routed nets)
  Number of Unrouted Nets             = 0
  Number of Partially Routed Nets     = 0
  Number of Node Overlaps             = 0


--GLOBAL Congestion:
Utilization threshold used for congestion level computation: 0.85
Congestion Report
North Dir 1x1 Area, Max Cong = 21.6216%, No Congested Regions.
South Dir 1x1 Area, Max Cong = 7.20721%, No Congested Regions.
East Dir 1x1 Area, Max Cong = 5.88235%, No Congested Regions.
West Dir 1x1 Area, Max Cong = 4.41176%, No Congested Regions.

------------------------------
Reporting congestion hotspots
------------------------------
Direction: North
----------------
Congested clusters found at Level 0
Effective congestion level: 0 Aspect Ratio: 1 Sparse Ratio: 0
Direction: South
----------------
Congested clusters found at Level 0
Effective congestion level: 0 Aspect Ratio: 1 Sparse Ratio: 0
Direction: East
----------------
Congested clusters found at Level 0
Effective congestion level: 0 Aspect Ratio: 1 Sparse Ratio: 0
Direction: West
----------------
Congested clusters found at Level 0
Effective congestion level: 0 Aspect Ratio: 1 Sparse Ratio: 0

Phase 8 Route finalize | Checksum: 186f990da

Time (s): cpu = 00:00:18 ; elapsed = 00:00:15 . Memory (MB): peak = 3181.465 ; gain = 0.000 ; free physical = 335 ; free virtual = 4734

Phase 9 Verifying routed nets

 Verification completed successfully
Phase 9 Verifying routed nets | Checksum: 186f990da

Time (s): cpu = 00:00:18 ; elapsed = 00:00:15 . Memory (MB): peak = 3181.465 ; gain = 0.000 ; free physical = 335 ; free virtual = 4734

Phase 10 Depositing Routes
Phase 10 Depositing Routes | Checksum: 191af718b

Time (s): cpu = 00:00:18 ; elapsed = 00:00:15 . Memory (MB): peak = 3181.465 ; gain = 0.000 ; free physical = 335 ; free virtual = 4734

Phase 11 Post Process Routing
Phase 11 Post Process Routing | Checksum: 191af718b

Time (s): cpu = 00:00:18 ; elapsed = 00:00:15 . Memory (MB): peak = 3181.465 ; gain = 0.000 ; free physical = 335 ; free virtual = 4734
Total Elapsed time in route_design: 15.47 secs

Phase 12 Post-Route Event Processing
Phase 12 Post-Route Event Processing | Checksum: e449bf02

Time (s): cpu = 00:00:18 ; elapsed = 00:00:15 . Memory (MB): peak = 3181.465 ; gain = 0.000 ; free physical = 335 ; free virtual = 4734
INFO: [Route 35-16] Router Completed Successfully
Ending Routing Task | Checksum: e449bf02

Time (s): cpu = 00:00:18 ; elapsed = 00:00:15 . Memory (MB): peak = 3181.465 ; gain = 0.000 ; free physical = 335 ; free virtual = 4734

Routing Is Done.
INFO: [Common 17-83] Releasing license: Implementation
5 Infos, 0 Warnings, 0 Critical Warnings and 0 Errors encountered.
route_design completed successfully
route_design: Time (s): cpu = 00:00:18 ; elapsed = 00:00:15 . Memory (MB): peak = 3181.465 ; gain = 0.000 ; free physical = 335 ; free virtual = 4734
# report_utilization    -file /home/joe/Desktop/Uni/Year_4/Dissertation/Program-Synthesis-for-Efficient-ML/results/HLS/solution_addition_raw_sum/utilization.rpt
# report_timing_summary -file /home/joe/Desktop/Uni/Year_4/Dissertation/Program-Synthesis-for-Efficient-ML/results/HLS/solution_addition_raw_sum/timing.rpt
INFO: [Timing 38-91] UpdateTimingParams: Speed grade: -1, Delay Type: min_max.
INFO: [Timing 38-191] Multithreading enabled for timing update using a maximum of 8 CPUs
# set rpx_path "/home/joe/Desktop/Uni/Year_4/Dissertation/Program-Synthesis-for-Efficient-ML/results/HLS/solution_addition_raw_sum/timing.rpx"
# if {[catch {report_timing_summary -rpx $rpx_path} err]} {
#       puts "INFO: RPX timing not available: $err"
#     }
INFO: [Timing 38-91] UpdateTimingParams: Speed grade: -1, Delay Type: min_max.
INFO: [Timing 38-191] Multithreading enabled for timing update using a maximum of 8 CPUs
Copyright 1986-2022 Xilinx, Inc. All Rights Reserved. Copyright 2022-2025 Advanced Micro Devices, Inc. All Rights Reserved.
--------------------------------------------------------------------------------------------------------------------------------------------------------------------------
| Tool Version : Vivado v.2025.1 (lin64) Build 6140274 Wed May 21 22:58:25 MDT 2025
| Date         : Tue Nov 11 16:19:45 2025
| Host         : joe running 64-bit Ubuntu 24.04.3 LTS
| Command      : report_timing_summary -rpx /home/joe/Desktop/Uni/Year_4/Dissertation/Program-Synthesis-for-Efficient-ML/results/HLS/solution_addition_raw_sum/timing.rpx
| Design       : add_raw
| Device       : 7z020-clg400
| Speed File   : -1  PRODUCTION 1.12 2019-11-22
| Design State : Routed
--------------------------------------------------------------------------------------------------------------------------------------------------------------------------

Timing Summary Report

------------------------------------------------------------------------------------------------
| Timer Settings
| --------------
------------------------------------------------------------------------------------------------

  Enable Multi Corner Analysis               :  Yes
  Enable Pessimism Removal                   :  Yes
  Pessimism Removal Resolution               :  Nearest Common Node
  Enable Input Delay Default Clock           :  No
  Enable Preset / Clear Arcs                 :  No
  Disable Flight Delays                      :  No
  Ignore I/O Paths                           :  No
  Timing Early Launch at Borrowing Latches   :  No
  Borrow Time for Max Delay Exceptions       :  Yes
  Merge Timing Exceptions                    :  Yes
  Inter-SLR Compensation                     :  Conservative

  Corner  Analyze    Analyze    
  Name    Max Paths  Min Paths  
  ------  ---------  ---------  
  Slow    Yes        Yes        
  Fast    Yes        Yes        


------------------------------------------------------------------------------------------------
| Report Methodology
| ------------------
------------------------------------------------------------------------------------------------

No report available as report_methodology has not been run prior. Run report_methodology on the current design for the summary of methodology violations.



check_timing report

Table of Contents
-----------------
1. checking no_clock (0)
2. checking constant_clock (0)
3. checking pulse_width_clock (0)
4. checking unconstrained_internal_endpoints (0)
5. checking no_input_delay (0)
6. checking no_output_delay (0)
7. checking multiple_clock (0)
8. checking generated_clocks (0)
9. checking loops (0)
10. checking partial_input_delay (0)
11. checking partial_output_delay (0)
12. checking latch_loops (0)

1. checking no_clock (0)
------------------------
 There are 0 register/latch pins with no clock.


2. checking constant_clock (0)
------------------------------
 There are 0 register/latch pins with constant_clock.


3. checking pulse_width_clock (0)
---------------------------------
 There are 0 register/latch pins which need pulse_width check


4. checking unconstrained_internal_endpoints (0)
------------------------------------------------
 There are 0 pins that are not constrained for maximum delay.

 There are 0 pins that are not constrained for maximum delay due to constant clock.


5. checking no_input_delay (0)
------------------------------
 There are 0 input ports with no input delay specified.

 There are 0 input ports with no input delay but user has a false path constraint.


6. checking no_output_delay (0)
-------------------------------
 There are 0 ports with no output delay specified.

 There are 0 ports with no output delay but user has a false path constraint

 There are 0 ports with no output delay but with a timing clock defined on it or propagating through it


7. checking multiple_clock (0)
------------------------------
 There are 0 register/latch pins with multiple clocks.


8. checking generated_clocks (0)
--------------------------------
 There are 0 generated clocks that are not connected to a clock source.


9. checking loops (0)
---------------------
 There are 0 combinational loops in the design.


10. checking partial_input_delay (0)
------------------------------------
 There are 0 input ports with partial input delay specified.


11. checking partial_output_delay (0)
-------------------------------------
 There are 0 ports with partial output delay specified.


12. checking latch_loops (0)
----------------------------
 There are 0 combinational latch loops in the design through latch input



------------------------------------------------------------------------------------------------
| Design Timing Summary
| ---------------------
------------------------------------------------------------------------------------------------

    WNS(ns)      TNS(ns)  TNS Failing Endpoints  TNS Total Endpoints      WHS(ns)      THS(ns)  THS Failing Endpoints  THS Total Endpoints     WPWS(ns)     TPWS(ns)  TPWS Failing Endpoints  TPWS Total Endpoints  
    -------      -------  ---------------------  -------------------      -------      -------  ---------------------  -------------------     --------     --------  ----------------------  --------------------  
         NA           NA                     NA                   NA           NA           NA                     NA                   NA           NA           NA                      NA                    NA  


There are no user specified timing constraints.


------------------------------------------------------------------------------------------------
| Clock Summary
| -------------
------------------------------------------------------------------------------------------------


------------------------------------------------------------------------------------------------
| Intra Clock Table
| -----------------
------------------------------------------------------------------------------------------------

Clock             WNS(ns)      TNS(ns)  TNS Failing Endpoints  TNS Total Endpoints      WHS(ns)      THS(ns)  THS Failing Endpoints  THS Total Endpoints     WPWS(ns)     TPWS(ns)  TPWS Failing Endpoints  TPWS Total Endpoints  
-----             -------      -------  ---------------------  -------------------      -------      -------  ---------------------  -------------------     --------     --------  ----------------------  --------------------  


------------------------------------------------------------------------------------------------
| Inter Clock Table
| -----------------
------------------------------------------------------------------------------------------------

From Clock    To Clock          WNS(ns)      TNS(ns)  TNS Failing Endpoints  TNS Total Endpoints      WHS(ns)      THS(ns)  THS Failing Endpoints  THS Total Endpoints  
----------    --------          -------      -------  ---------------------  -------------------      -------      -------  ---------------------  -------------------  


------------------------------------------------------------------------------------------------
| Other Path Groups Table
| -----------------------
------------------------------------------------------------------------------------------------

Path Group    From Clock    To Clock          WNS(ns)      TNS(ns)  TNS Failing Endpoints  TNS Total Endpoints      WHS(ns)      THS(ns)  THS Failing Endpoints  THS Total Endpoints  
----------    ----------    --------          -------      -------  ---------------------  -------------------      -------      -------  ---------------------  -------------------  


------------------------------------------------------------------------------------------------
| Timing Details
| --------------
------------------------------------------------------------------------------------------------


INFO: [Common 17-206] Exiting Vivado at Tue Nov 11 16:19:45 2025...
