

================================================================
== Synthesis Summary Report of 'fp32_normaliser'
================================================================
+ General Information: 
    * Date:           Wed Nov 19 19:49:47 2025
    * Version:        2025.1 (Build 6135595 on May 21 2025)
    * Project:        solution_fp32addition_fp32_normalisation_component
    * Solution:       hls (Vivado IP Flow Target)
    * Product family: zynq
    * Target device:  xc7z020-clg400-1
    

+ Performance & Resource Estimates: 
    
    PS: '+' for module; 'o' for loop; '*' for dataflow
    +-------------------+------+-------+---------+-------+----------+---------+------+----------+------+----+---+----------+-----+
    |      Modules      | Issue|       |     Latency     | Iteration|         | Trip |          |      |    |   |          |     |
    |      & Loops      | Type | Slack | (cycles)|  (ns) |  Latency | Interval| Count| Pipelined| BRAM | DSP| FF|    LUT   | URAM|
    +-------------------+------+-------+---------+-------+----------+---------+------+----------+------+----+---+----------+-----+
    |+ fp32_normaliser  |     -|  29.36|        0|  0.000|         -|        1|     -|        no|     -|   -|  -|  686 (1%)|    -|
    +-------------------+------+-------+---------+-------+----------+---------+------+----------+------+----+---+----------+-----+


================================================================
== HW Interfaces
================================================================
* Other Ports
+------------------+---------+-----------+----------+
| Port             | Mode    | Direction | Bitwidth |
+------------------+---------+-----------+----------+
| ap_return        |         | out       | 32       |
| raw_sign         | ap_none | in        | 1        |
| raw_sum_mantissa | ap_none | in        | 25       |
| target_exponent  | ap_none | in        | 8        |
+------------------+---------+-----------+----------+

* TOP LEVEL CONTROL
+-----------+------------+-----------------------------------+
| Interface | Type       | Ports                             |
+-----------+------------+-----------------------------------+
| ap_rst    | reset      | ap_rst                            |
| ap_ctrl   | ap_ctrl_hs | ap_done ap_idle ap_ready ap_start |
+-----------+------------+-----------------------------------+


================================================================
== SW I/O Information
================================================================
* Top Function Arguments
+------------------+-----------+-------------+
| Argument         | Direction | Datatype    |
+------------------+-----------+-------------+
| raw_sum_mantissa | in        | ap_uint<25> |
| raw_sign         | in        | ap_uint<1>  |
| target_exponent  | in        | ap_uint<8>  |
| return           | out       | ap_uint<32> |
+------------------+-----------+-------------+

* SW-to-HW Mapping
+------------------+------------------+---------+
| Argument         | HW Interface     | HW Type |
+------------------+------------------+---------+
| raw_sum_mantissa | raw_sum_mantissa | port    |
| raw_sign         | raw_sign         | port    |
| target_exponent  | target_exponent  | port    |
| return           | ap_return        | port    |
+------------------+------------------+---------+


================================================================
== Bind Op Report
================================================================
+----------------------+-----+--------+----------+-------+--------+---------+
| Name                 | DSP | Pragma | Variable | Op    | Impl   | Latency |
+----------------------+-----+--------+----------+-------+--------+---------+
| + fp32_normaliser    | 0   |        |          |       |        |         |
|   icmp_ln4_fu_362_p2 |     |        | icmp_ln4 | seteq | auto   | 0       |
|   exp_24_fu_560_p2   |     |        | exp_24   | add   | fabric | 0       |
|   exp_22_fu_580_p2   |     |        | exp_22   | add   | fabric | 0       |
|   exp_21_fu_600_p2   |     |        | exp_21   | add   | fabric | 0       |
|   exp_20_fu_620_p2   |     |        | exp_20   | add   | fabric | 0       |
|   exp_19_fu_640_p2   |     |        | exp_19   | add   | fabric | 0       |
|   exp_18_fu_660_p2   |     |        | exp_18   | add   | fabric | 0       |
|   exp_17_fu_680_p2   |     |        | exp_17   | add   | fabric | 0       |
|   exp_16_fu_700_p2   |     |        | exp_16   | add   | fabric | 0       |
|   exp_15_fu_720_p2   |     |        | exp_15   | add   | fabric | 0       |
|   exp_14_fu_740_p2   |     |        | exp_14   | add   | fabric | 0       |
|   exp_13_fu_760_p2   |     |        | exp_13   | add   | fabric | 0       |
|   exp_12_fu_780_p2   |     |        | exp_12   | add   | fabric | 0       |
|   exp_11_fu_800_p2   |     |        | exp_11   | add   | fabric | 0       |
|   exp_10_fu_820_p2   |     |        | exp_10   | add   | fabric | 0       |
|   exp_9_fu_840_p2    |     |        | exp_9    | add   | fabric | 0       |
|   exp_8_fu_860_p2    |     |        | exp_8    | add   | fabric | 0       |
|   exp_7_fu_880_p2    |     |        | exp_7    | add   | fabric | 0       |
|   exp_6_fu_900_p2    |     |        | exp_6    | add   | fabric | 0       |
|   exp_5_fu_920_p2    |     |        | exp_5    | add   | fabric | 0       |
|   exp_4_fu_940_p2    |     |        | exp_4    | add   | fabric | 0       |
|   exp_3_fu_960_p2    |     |        | exp_3    | add   | fabric | 0       |
|   exp_2_fu_980_p2    |     |        | exp_2    | add   | fabric | 0       |
|   exp_1_fu_1000_p2   |     |        | exp_1    | add   | fabric | 0       |
|   exp_fu_1023_p2     |     |        | exp      | add   | fabric | 0       |
+----------------------+-----+--------+----------+-------+--------+---------+


================================================================
== Storage Report
================================================================
  No bind storage info in design

================================================================
== Pragma Report
================================================================
  No pragmas found

