

================================================================
== Vitis HLS Report for 'fp32_normaliser'
================================================================
* Date:           Wed Nov 26 12:36:56 2025

* Version:        2025.1 (Build 6135595 on May 21 2025)
* Project:        solution_fp32addition_fp32_normalisation_component
* Solution:       hls (Vivado IP Flow Target)
* Product family: zynq
* Target device:  xc7z020-clg400-1


================================================================
== Performance Estimates
================================================================
+ Timing: 
    * Summary: 
    +--------+----------+----------+------------+
    |  Clock |  Target  | Estimated| Uncertainty|
    +--------+----------+----------+------------+
    |ap_clk  |  50.00 ns|  7.137 ns|    13.50 ns|
    +--------+----------+----------+------------+

+ Latency: 
    * Summary: 
    +---------+---------+----------+----------+-----+-----+---------+
    |  Latency (cycles) |  Latency (absolute) |  Interval | Pipeline|
    |   min   |   max   |    min   |    max   | min | max |   Type  |
    +---------+---------+----------+----------+-----+-----+---------+
    |        0|        0|      0 ns|      0 ns|    1|    1|       no|
    +---------+---------+----------+----------+-----+-----+---------+

    + Detail: 
        * Instance: 
        N/A

        * Loop: 
        N/A



================================================================
== Utilization Estimates
================================================================
* Summary: 
+-----------------+---------+-----+--------+-------+-----+
|       Name      | BRAM_18K| DSP |   FF   |  LUT  | URAM|
+-----------------+---------+-----+--------+-------+-----+
|DSP              |        -|    -|       -|      -|    -|
|Expression       |        -|    -|       0|    438|    -|
|FIFO             |        -|    -|       -|      -|    -|
|Instance         |        -|    -|       -|      -|    -|
|Memory           |        -|    -|       -|      -|    -|
|Multiplexer      |        -|    -|       0|    248|    -|
|Register         |        -|    -|       -|      -|    -|
+-----------------+---------+-----+--------+-------+-----+
|Total            |        0|    0|       0|    686|    0|
+-----------------+---------+-----+--------+-------+-----+
|Available        |      280|  220|  106400|  53200|    0|
+-----------------+---------+-----+--------+-------+-----+
|Utilization (%)  |        0|    0|       0|      1|    0|
+-----------------+---------+-----+--------+-------+-----+

+ Detail: 
    * Instance: 
    N/A

    * DSP: 
    N/A

    * Memory: 
    N/A

    * FIFO: 
    N/A

    * Expression: 
    +--------------------+----------+----+---+----+------------+------------+
    |    Variable Name   | Operation| DSP| FF| LUT| Bitwidth P0| Bitwidth P1|
    +--------------------+----------+----+---+----+------------+------------+
    |exp_10_fu_820_p2    |         +|   0|  0|  15|           8|           5|
    |exp_11_fu_800_p2    |         +|   0|  0|  15|           8|           5|
    |exp_12_fu_780_p2    |         +|   0|  0|  15|           8|           5|
    |exp_13_fu_760_p2    |         +|   0|  0|  15|           8|           5|
    |exp_14_fu_740_p2    |         +|   0|  0|  15|           8|           5|
    |exp_15_fu_720_p2    |         +|   0|  0|  15|           8|           5|
    |exp_16_fu_700_p2    |         +|   0|  0|  15|           8|           6|
    |exp_17_fu_680_p2    |         +|   0|  0|  15|           8|           6|
    |exp_18_fu_660_p2    |         +|   0|  0|  15|           8|           6|
    |exp_19_fu_640_p2    |         +|   0|  0|  15|           8|           6|
    |exp_1_fu_1000_p2    |         +|   0|  0|  15|           8|           2|
    |exp_20_fu_620_p2    |         +|   0|  0|  15|           8|           6|
    |exp_21_fu_600_p2    |         +|   0|  0|  15|           8|           6|
    |exp_22_fu_580_p2    |         +|   0|  0|  15|           8|           6|
    |exp_24_fu_560_p2    |         +|   0|  0|  15|           8|           6|
    |exp_2_fu_980_p2     |         +|   0|  0|  15|           8|           3|
    |exp_3_fu_960_p2     |         +|   0|  0|  15|           8|           3|
    |exp_4_fu_940_p2     |         +|   0|  0|  15|           8|           4|
    |exp_5_fu_920_p2     |         +|   0|  0|  15|           8|           4|
    |exp_6_fu_900_p2     |         +|   0|  0|  15|           8|           4|
    |exp_7_fu_880_p2     |         +|   0|  0|  15|           8|           4|
    |exp_8_fu_860_p2     |         +|   0|  0|  15|           8|           5|
    |exp_9_fu_840_p2     |         +|   0|  0|  15|           8|           5|
    |exp_fu_1023_p2      |         +|   0|  0|  15|           8|           1|
    |ap_condition_563    |       and|   0|  0|   2|           1|           1|
    |ap_condition_569    |       and|   0|  0|   2|           1|           1|
    |ap_condition_575    |       and|   0|  0|   2|           1|           1|
    |ap_condition_582    |       and|   0|  0|   2|           1|           1|
    |ap_condition_590    |       and|   0|  0|   2|           1|           1|
    |ap_condition_599    |       and|   0|  0|   2|           1|           1|
    |ap_condition_609    |       and|   0|  0|   2|           1|           1|
    |ap_condition_620    |       and|   0|  0|   2|           1|           1|
    |ap_condition_632    |       and|   0|  0|   2|           1|           1|
    |ap_condition_645    |       and|   0|  0|   2|           1|           1|
    |ap_condition_659    |       and|   0|  0|   2|           1|           1|
    |ap_condition_674    |       and|   0|  0|   2|           1|           1|
    |ap_condition_690    |       and|   0|  0|   2|           1|           1|
    |ap_condition_694    |       and|   0|  0|   2|           1|           1|
    |ap_condition_699    |       and|   0|  0|   2|           1|           1|
    |ap_condition_705    |       and|   0|  0|   2|           1|           1|
    |ap_condition_712    |       and|   0|  0|   2|           1|           1|
    |ap_condition_720    |       and|   0|  0|   2|           1|           1|
    |ap_condition_729    |       and|   0|  0|   2|           1|           1|
    |ap_condition_739    |       and|   0|  0|   2|           1|           1|
    |ap_condition_750    |       and|   0|  0|   2|           1|           1|
    |ap_condition_762    |       and|   0|  0|   2|           1|           1|
    |ap_condition_774    |       and|   0|  0|   2|           1|           1|
    |icmp_ln4_fu_362_p2  |      icmp|   0|  0|  32|          25|           1|
    +--------------------+----------+----+---+----+------------+------------+
    |Total               |          |   0|  0| 438|         240|         137|
    +--------------------+----------+----+---+----+------------+------------+

    * Multiplexer: 
    +-------------------------------------+-----+-----------+-----+-----------+
    |                 Name                | LUT | Input Size| Bits| Total Bits|
    +-------------------------------------+-----+-----------+-----+-----------+
    |ap_phi_mux_exp_23_phi_fu_243_p50     |  117|         26|    8|        208|
    |ap_phi_mux_norm24_22_phi_fu_299_p50  |  117|         26|   23|        598|
    |ap_phi_mux_retval_0_phi_fu_355_p4    |   14|          3|   32|         96|
    +-------------------------------------+-----+-----------+-----+-----------+
    |Total                                |  248|         55|   63|        902|
    +-------------------------------------+-----+-----------+-----+-----------+

    * Register: 
    N/A



================================================================
== Interface
================================================================
* Summary: 
+------------------+-----+-----+------------+------------------+--------------+
|     RTL Ports    | Dir | Bits|  Protocol  |   Source Object  |    C Type    |
+------------------+-----+-----+------------+------------------+--------------+
|ap_start          |   in|    1|  ap_ctrl_hs|   fp32_normaliser|  return value|
|ap_done           |  out|    1|  ap_ctrl_hs|   fp32_normaliser|  return value|
|ap_idle           |  out|    1|  ap_ctrl_hs|   fp32_normaliser|  return value|
|ap_ready          |  out|    1|  ap_ctrl_hs|   fp32_normaliser|  return value|
|ap_return         |  out|   32|  ap_ctrl_hs|   fp32_normaliser|  return value|
|ap_rst            |   in|    1|  ap_ctrl_hs|   fp32_normaliser|  return value|
|raw_sum_mantissa  |   in|   25|     ap_none|  raw_sum_mantissa|        scalar|
|raw_sign          |   in|    1|     ap_none|          raw_sign|        scalar|
|target_exponent   |   in|    8|     ap_none|   target_exponent|        scalar|
+------------------+-----+-----+------------+------------------+--------------+

