[INFO] Target: FP32AdditionTarget | Component: full_sum_combined
[INFO] NUM_ITERATIONS=15, TIMEOUT=10s, RUN_IMPLEMENTATION=False, DIRECTED_IO=True, RUN_ACCURACY=False, SYNTH_FP32_MUL_MODE=small, SYNTH_FP32_ADD_MODE=default, SYGUS_DUMP=False, SYGUS_FAST_ENUM=False, SYGUS_PBE=True, SYGUS_SYM_BREAK_PBE=True, FP32_OUTPUT_MATCH_MSB_BITS=32, FP32_AUTO_RELAX_OUTPUT_MATCH=True, FP32_RESET_MSB_PER_SAMPLE=True, FP32_RELAX_ON_TIMEOUT=True, FP32_TIMEOUT_RETRY_ONCE=False, FP32_TIMEOUT_RETRY_MULTIPLIER=4, FP32_RELAX_ON_INFEASIBLE=True, FP32_RELAX_ON_FAIL=True, FP32_RELAX_SCHEDULE=staged, FP32_STAGE_MANTISSA_BITS=15, FP32_MIN_OUTPUT_MATCH_MSB_BITS=24, FP32_OUTPUT_MATCH_STEP=1, RANDOM_SEED=43
[INFO] FP32 add synthesis operand mode=default range=[-10000.0, 10000.0]
--- Starting Synthesis for [FP32AdditionTarget -> full_sum_combined] ---

--- Iteration 1/15 ---
Generating new constraint with inputs: (1.0, 1.0)
(constraint (= (fp32_sum #b0 #b01111111 #b00000000000000000000000 #b0 #b01111111 #b00000000000000000000000) (concat #b0 (concat #b10000000 #b00000000000000000000000))))
SUCCESS: accepted (MSB match = 32). Total constraints: 1
[INFO] Final accepted level for this sample: stage-2 strict (MSB=32).

--- Iteration 2/15 ---
Generating new constraint with inputs: (1.5, -1.5)
(constraint (= (fp32_sum #b0 #b01111111 #b10000000000000000000000 #b1 #b01111111 #b10000000000000000000000) (concat #b0 (concat #b00000000 #b00000000000000000000000))))
[INFO] fail at MSB match = 32. Trying weaker match...
(constraint (= ((_ extract 31 8) (fp32_sum #b0 #b01111111 #b10000000000000000000000 #b1 #b01111111 #b10000000000000000000000)) ((_ extract 31 8) (concat #b0 (concat #b00000000 #b00000000000000000000000)))))
[INFO] infeasible at MSB match = 24. Trying weaker match...
(constraint (= ((_ extract 31 23) (fp32_sum #b0 #b01111111 #b10000000000000000000000 #b1 #b01111111 #b10000000000000000000000)) ((_ extract 31 23) (concat #b0 (concat #b00000000 #b00000000000000000000000)))))
[INFO] infeasible at MSB match = 9. Trying weaker match...
SKIPPED: (1.500, -1.500) could not be added (even after relaxation).

--- Iteration 3/15 ---
Generating new constraint with inputs: (1.5, -0.5)
(constraint (= (fp32_sum #b0 #b01111111 #b10000000000000000000000 #b1 #b01111110 #b00000000000000000000000) (concat #b0 (concat #b01111111 #b00000000000000000000000))))
[INFO] fail at MSB match = 32. Trying weaker match...
(constraint (= ((_ extract 31 8) (fp32_sum #b0 #b01111111 #b10000000000000000000000 #b1 #b01111110 #b00000000000000000000000)) ((_ extract 31 8) (concat #b0 (concat #b01111111 #b00000000000000000000000)))))
[INFO] infeasible at MSB match = 24. Trying weaker match...
(constraint (= ((_ extract 31 23) (fp32_sum #b0 #b01111111 #b10000000000000000000000 #b1 #b01111110 #b00000000000000000000000)) ((_ extract 31 23) (concat #b0 (concat #b01111111 #b00000000000000000000000)))))
[INFO] infeasible at MSB match = 9. Trying weaker match...
SKIPPED: (1.500, -0.500) could not be added (even after relaxation).

--- Iteration 4/15 ---
Generating new constraint with inputs: (1.5, -1.25)
(constraint (= (fp32_sum #b0 #b01111111 #b10000000000000000000000 #b1 #b01111111 #b01000000000000000000000) (concat #b0 (concat #b01111101 #b00000000000000000000000))))
[INFO] fail at MSB match = 32. Trying weaker match...
(constraint (= ((_ extract 31 8) (fp32_sum #b0 #b01111111 #b10000000000000000000000 #b1 #b01111111 #b01000000000000000000000)) ((_ extract 31 8) (concat #b0 (concat #b01111101 #b00000000000000000000000)))))
[INFO] infeasible at MSB match = 24. Trying weaker match...
(constraint (= ((_ extract 31 23) (fp32_sum #b0 #b01111111 #b10000000000000000000000 #b1 #b01111111 #b01000000000000000000000)) ((_ extract 31 23) (concat #b0 (concat #b01111101 #b00000000000000000000000)))))
[INFO] infeasible at MSB match = 9. Trying weaker match...
SKIPPED: (1.500, -1.250) could not be added (even after relaxation).

--- Iteration 5/15 ---
Generating new constraint with inputs: (1.25, -1.0)
(constraint (= (fp32_sum #b0 #b01111111 #b01000000000000000000000 #b1 #b01111111 #b00000000000000000000000) (concat #b0 (concat #b01111101 #b00000000000000000000000))))
[INFO] fail at MSB match = 32. Trying weaker match...
(constraint (= ((_ extract 31 8) (fp32_sum #b0 #b01111111 #b01000000000000000000000 #b1 #b01111111 #b00000000000000000000000)) ((_ extract 31 8) (concat #b0 (concat #b01111101 #b00000000000000000000000)))))
[INFO] infeasible at MSB match = 24. Trying weaker match...
(constraint (= ((_ extract 31 23) (fp32_sum #b0 #b01111111 #b01000000000000000000000 #b1 #b01111111 #b00000000000000000000000)) ((_ extract 31 23) (concat #b0 (concat #b01111101 #b00000000000000000000000)))))
[INFO] infeasible at MSB match = 9. Trying weaker match...
SKIPPED: (1.250, -1.000) could not be added (even after relaxation).

--- Iteration 6/15 ---
Generating new constraint with inputs: (1.5, 1.5)
(constraint (= (fp32_sum #b0 #b01111111 #b10000000000000000000000 #b0 #b01111111 #b10000000000000000000000) (concat #b0 (concat #b10000000 #b10000000000000000000000))))
SUCCESS: accepted (MSB match = 32). Total constraints: 2
[INFO] Final accepted level for this sample: stage-2 strict (MSB=32).

--- Iteration 7/15 ---
Generating new constraint with inputs: (1.75, 1.75)
(constraint (= (fp32_sum #b0 #b01111111 #b11000000000000000000000 #b0 #b01111111 #b11000000000000000000000) (concat #b0 (concat #b10000000 #b11000000000000000000000))))
SUCCESS: accepted (MSB match = 32). Total constraints: 3
[INFO] Final accepted level for this sample: stage-2 strict (MSB=32).

--- Iteration 8/15 ---
Generating new constraint with inputs: (1.5, 0.75)
(constraint (= (fp32_sum #b0 #b01111111 #b10000000000000000000000 #b0 #b01111110 #b10000000000000000000000) (concat #b0 (concat #b10000000 #b00100000000000000000000))))
[INFO] fail at MSB match = 32. Trying weaker match...
(constraint (= ((_ extract 31 8) (fp32_sum #b0 #b01111111 #b10000000000000000000000 #b0 #b01111110 #b10000000000000000000000)) ((_ extract 31 8) (concat #b0 (concat #b10000000 #b00100000000000000000000)))))
[INFO] infeasible at MSB match = 24. Trying weaker match...
(constraint (= ((_ extract 31 23) (fp32_sum #b0 #b01111111 #b10000000000000000000000 #b0 #b01111110 #b10000000000000000000000)) ((_ extract 31 23) (concat #b0 (concat #b10000000 #b00100000000000000000000)))))
SUCCESS: accepted (MSB match = 9). Total constraints: 4
(constraint (= ((_ extract 31 8) (fp32_sum #b0 #b01111111 #b10000000000000000000000 #b0 #b01111110 #b10000000000000000000000)) ((_ extract 31 8) (concat #b0 (concat #b10000000 #b00100000000000000000000)))))
(constraint (= (fp32_sum #b0 #b01111111 #b10000000000000000000000 #b0 #b01111110 #b10000000000000000000000) (concat #b0 (concat #b10000000 #b00100000000000000000000))))
[INFO] Stage-0 accepted, but no upgrade succeeded for this sample.
[INFO] Final accepted level for this sample: stage-0 (sign+exp, MSB=9).

--- Iteration 9/15 ---
Generating new constraint with inputs: (1.5, 0.375)
(constraint (= (fp32_sum #b0 #b01111111 #b10000000000000000000000 #b0 #b01111101 #b10000000000000000000000) (concat #b0 (concat #b01111111 #b11100000000000000000000))))
SUCCESS: accepted (MSB match = 32). Total constraints: 5
[INFO] Final accepted level for this sample: stage-2 strict (MSB=32).

--- Iteration 10/15 ---
Generating new constraint with inputs: (1.5, 0.1875)
(constraint (= (fp32_sum #b0 #b01111111 #b10000000000000000000000 #b0 #b01111100 #b10000000000000000000000) (concat #b0 (concat #b01111111 #b10110000000000000000000))))
SUCCESS: accepted (MSB match = 32). Total constraints: 6
[INFO] Final accepted level for this sample: stage-2 strict (MSB=32).

--- Iteration 11/15 ---
Generating new constraint with inputs: (1.25, 1.5)
(constraint (= (fp32_sum #b0 #b01111111 #b01000000000000000000000 #b0 #b01111111 #b10000000000000000000000) (concat #b0 (concat #b10000000 #b01100000000000000000000))))
SUCCESS: accepted (MSB match = 32). Total constraints: 7
[INFO] Final accepted level for this sample: stage-2 strict (MSB=32).

--- Iteration 12/15 ---
Generating new constraint with inputs: (1.5, 1.25)
(constraint (= (fp32_sum #b0 #b01111111 #b10000000000000000000000 #b0 #b01111111 #b01000000000000000000000) (concat #b0 (concat #b10000000 #b01100000000000000000000))))
SUCCESS: accepted (MSB match = 32). Total constraints: 8
[INFO] Final accepted level for this sample: stage-2 strict (MSB=32).

--- Iteration 13/15 ---
Generating new constraint with inputs: (8192.0, 1e-06)
(constraint (= (fp32_sum #b0 #b10001100 #b00000000000000000000000 #b0 #b01101011 #b00001100011011110111101) (concat #b0 (concat #b10001100 #b00000000000000000000000))))
SUCCESS: accepted (MSB match = 32). Total constraints: 9
[INFO] Final accepted level for this sample: stage-2 strict (MSB=32).

--- Iteration 14/15 ---
Generating new constraint with inputs: (-9228.963213252398, 3924.4864527410555)
(constraint (= (fp32_sum #b1 #b10001100 #b00100000011001111011010 #b0 #b10001010 #b11101010100011111001001) (concat #b1 (concat #b10001011 #b01001011100001111010000))))
[CVC5] Solver timed out after 10 seconds.
[INFO] Timeout at this stage. Trying stage-0 (sign+exp) fallback...
(constraint (= ((_ extract 31 23) (fp32_sum #b1 #b10001100 #b00100000011001111011010 #b0 #b10001010 #b11101010100011111001001)) ((_ extract 31 23) (concat #b1 (concat #b10001011 #b01001011100001111010000)))))
[CVC5] Solver timed out after 10 seconds.
[INFO] Timeout. No staged fallback; skipping this sample.
SKIPPED: (-9228.963, 3924.486) could not be added (even after relaxation).

--- Iteration 15/15 ---
Generating new constraint with inputs: (-7121.335572092779, -749.3549034182488)
(constraint (= (fp32_sum #b1 #b10001011 #b10111101000101010101111 #b1 #b10001000 #b01110110101011010110111) (concat #b1 (concat #b10001011 #b11101011111010110000101))))
SUCCESS: accepted (MSB match = 32). Total constraints: 10
[INFO] Final accepted level for this sample: stage-2 strict (MSB=32).


--- Synthesis Complete! ---

Constraints accepted: 10/15

--- Final Synthesized Program ---
(define-fun shr24_sat ((x (_ BitVec 24)) (d (_ BitVec 8))) (_ BitVec 24)
  (ite (bvuge d (_ bv24 8))
       (_ bv0 24)
       (bvlshr x ((_ zero_extend 16) d))))

(define-fun norm24_from_raw ((raw (_ BitVec 25))) (_ BitVec 24)
  (ite (= raw (_ bv0 25)) (_ bv0 24)
    (ite (= ((_ extract 24 24) raw) #b1) ((_ extract 24 1) raw)
      (ite (= ((_ extract 23 23) raw) #b1) ((_ extract 23 0) raw)
        (ite (= ((_ extract 22 22) raw) #b1) (concat ((_ extract 22 0) raw) (_ bv0 1))
          (ite (= ((_ extract 21 21) raw) #b1) (concat ((_ extract 21 0) raw) (_ bv0 2))
            (ite (= ((_ extract 20 20) raw) #b1) (concat ((_ extract 20 0) raw) (_ bv0 3))
              (ite (= ((_ extract 19 19) raw) #b1) (concat ((_ extract 19 0) raw) (_ bv0 4))
                (ite (= ((_ extract 18 18) raw) #b1) (concat ((_ extract 18 0) raw) (_ bv0 5))
                  (ite (= ((_ extract 17 17) raw) #b1) (concat ((_ extract 17 0) raw) (_ bv0 6))
                    (ite (= ((_ extract 16 16) raw) #b1) (concat ((_ extract 16 0) raw) (_ bv0 7))
                      (ite (= ((_ extract 15 15) raw) #b1) (concat ((_ extract 15 0) raw) (_ bv0 8))
                        (ite (= ((_ extract 14 14) raw) #b1) (concat ((_ extract 14 0) raw) (_ bv0 9))
                          (ite (= ((_ extract 13 13) raw) #b1) (concat ((_ extract 13 0) raw) (_ bv0 10))
                            (ite (= ((_ extract 12 12) raw) #b1) (concat ((_ extract 12 0) raw) (_ bv0 11))
                              (ite (= ((_ extract 11 11) raw) #b1) (concat ((_ extract 11 0) raw) (_ bv0 12))
                                (ite (= ((_ extract 10 10) raw) #b1) (concat ((_ extract 10 0) raw) (_ bv0 13))
                                  (ite (= ((_ extract 9 9) raw) #b1) (concat ((_ extract 9 0) raw) (_ bv0 14))
                                    (ite (= ((_ extract 8 8) raw) #b1) (concat ((_ extract 8 0) raw) (_ bv0 15))
                                      (ite (= ((_ extract 7 7) raw) #b1) (concat ((_ extract 7 0) raw) (_ bv0 16))
                                        (ite (= ((_ extract 6 6) raw) #b1) (concat ((_ extract 6 0) raw) (_ bv0 17))
                                          (ite (= ((_ extract 5 5) raw) #b1) (concat ((_ extract 5 0) raw) (_ bv0 18))
                                            (ite (= ((_ extract 4 4) raw) #b1) (concat ((_ extract 4 0) raw) (_ bv0 19))
                                              (ite (= ((_ extract 3 3) raw) #b1) (concat ((_ extract 3 0) raw) (_ bv0 20))
                                                (ite (= ((_ extract 2 2) raw) #b1) (concat ((_ extract 2 0) raw) (_ bv0 21))
                                                  (ite (= ((_ extract 1 1) raw) #b1) (concat ((_ extract 1 0) raw) (_ bv0 22))
                                                    (concat ((_ extract 0 0) raw) (_ bv0 23))))))))))))))))))))))))))))

(define-fun exp_delta_from_raw ((raw (_ BitVec 25))) (_ BitVec 8)
  (ite (= raw (_ bv0 25)) (_ bv0 8)
    (ite (= ((_ extract 24 24) raw) #b1) (_ bv1 8)
      (ite (= ((_ extract 23 23) raw) #b1) (_ bv0 8)
        (ite (= ((_ extract 22 22) raw) #b1) (bvneg (_ bv1 8))
          (ite (= ((_ extract 21 21) raw) #b1) (bvneg (_ bv2 8))
            (ite (= ((_ extract 20 20) raw) #b1) (bvneg (_ bv3 8))
              (ite (= ((_ extract 19 19) raw) #b1) (bvneg (_ bv4 8))
                (ite (= ((_ extract 18 18) raw) #b1) (bvneg (_ bv5 8))
                  (ite (= ((_ extract 17 17) raw) #b1) (bvneg (_ bv6 8))
                    (ite (= ((_ extract 16 16) raw) #b1) (bvneg (_ bv7 8))
                      (ite (= ((_ extract 15 15) raw) #b1) (bvneg (_ bv8 8))
                        (ite (= ((_ extract 14 14) raw) #b1) (bvneg (_ bv9 8))
                          (ite (= ((_ extract 13 13) raw) #b1) (bvneg (_ bv10 8))
                            (ite (= ((_ extract 12 12) raw) #b1) (bvneg (_ bv11 8))
                              (ite (= ((_ extract 11 11) raw) #b1) (bvneg (_ bv12 8))
                                (ite (= ((_ extract 10 10) raw) #b1) (bvneg (_ bv13 8))
                                  (ite (= ((_ extract 9 9) raw) #b1) (bvneg (_ bv14 8))
                                    (ite (= ((_ extract 8 8) raw) #b1) (bvneg (_ bv15 8))
                                      (ite (= ((_ extract 7 7) raw) #b1) (bvneg (_ bv16 8))
                                        (ite (= ((_ extract 6 6) raw) #b1) (bvneg (_ bv17 8))
                                          (ite (= ((_ extract 5 5) raw) #b1) (bvneg (_ bv18 8))
                                            (ite (= ((_ extract 4 4) raw) #b1) (bvneg (_ bv19 8))
                                              (ite (= ((_ extract 3 3) raw) #b1) (bvneg (_ bv20 8))
                                                (ite (= ((_ extract 2 2) raw) #b1) (bvneg (_ bv21 8))
                                                  (ite (= ((_ extract 1 1) raw) #b1) (bvneg (_ bv22 8))
                                                    (bvneg (_ bv23 8))))))))))))))))))))))))))))

(define-fun fp32_sum ((s1 (_ BitVec 1)) (e1 (_ BitVec 8)) (m1 (_ BitVec 23)) (s2 (_ BitVec 1)) (e2 (_ BitVec 8)) (m2 (_ BitVec 23))) (_ BitVec 32) (let ((_let_1 (concat #b1 m1))) (let ((_let_2 (concat #b1 m2))) (let ((_let_3 (bvuge e1 e2))) (let ((_let_4 (bvadd ((_ zero_extend 1) (ite _let_3 _let_1 _let_2)) ((_ zero_extend 1) (shr24_sat (ite _let_3 _let_2 _let_1) (bvsub e1 e2)))))) (concat s1 (concat (bvadd (ite (bvugt e1 e2) e1 e2) (exp_delta_from_raw _let_4)) ((_ extract 22 0) (norm24_from_raw _let_4)))))))))

 Solution saved to: results/smt2/hpsweep_fp32_add_combined_t10_i15_r02.smt2

Translating SMT output to C using smt2c...
[INFO] Found 4 define-fun block(s). Order passed to smt2c:
    - shr24_sat
    - norm24_from_raw
    - exp_delta_from_raw
    - fp32_sum
C file saved to: results/c/hpsweep_fp32_add_combined_t10_i15_r02.c

Generated C code:

ap_uint<24> shr24_sat(ap_uint<24> x, unsigned char d) {
  return d >= 24 ? (ap_uint<24>)  0 : (ap_uint<24>)  x >> (ap_uint<24>)d;
}

ap_uint<24> norm24_from_raw(ap_uint<25> raw) {
  ap_uint<1> __smt2c_ext_0 = ((ap_uint<25>)raw).range(24, 24);
  ap_uint<24> __smt2c_ext_1 = ((ap_uint<25>)raw).range(24, 1);
  ap_uint<1> __smt2c_ext_2 = ((ap_uint<25>)raw).range(23, 23);
  ap_uint<24> __smt2c_ext_3 = ((ap_uint<25>)raw).range(23, 0);
  ap_uint<1> __smt2c_ext_4 = ((ap_uint<25>)raw).range(22, 22);
  ap_uint<23> __smt2c_ext_5 = ((ap_uint<25>)raw).range(22, 0);
  ap_uint<1> __smt2c_ext_6 = ((ap_uint<25>)raw).range(21, 21);
  ap_uint<22> __smt2c_ext_7 = ((ap_uint<25>)raw).range(21, 0);
  ap_uint<1> __smt2c_ext_8 = ((ap_uint<25>)raw).range(20, 20);
  ap_uint<21> __smt2c_ext_9 = ((ap_uint<25>)raw).range(20, 0);
  ap_uint<1> __smt2c_ext_10 = ((ap_uint<25>)raw).range(19, 19);
  ap_uint<20> __smt2c_ext_11 = ((ap_uint<25>)raw).range(19, 0);
  ap_uint<1> __smt2c_ext_12 = ((ap_uint<25>)raw).range(18, 18);
  ap_uint<19> __smt2c_ext_13 = ((ap_uint<25>)raw).range(18, 0);
  ap_uint<1> __smt2c_ext_14 = ((ap_uint<25>)raw).range(17, 17);
  ap_uint<18> __smt2c_ext_15 = ((ap_uint<25>)raw).range(17, 0);
  ap_uint<1> __smt2c_ext_16 = ((ap_uint<25>)raw).range(16, 16);
  ap_uint<17> __smt2c_ext_17 = ((ap_uint<25>)raw).range(16, 0);
  ap_uint<1> __smt2c_ext_18 = ((ap_uint<25>)raw).range(15, 15);
  unsigned short int __smt2c_ext_19 = ((ap_uint<25>)raw).range(15, 0);
  ap_uint<1> __smt2c_ext_20 = ((ap_uint<25>)raw).range(14, 14);
  ap_uint<15> __smt2c_ext_21 = ((ap_uint<25>)raw).range(14, 0);
  ap_uint<1> __smt2c_ext_22 = ((ap_uint<25>)raw).range(13, 13);
  ap_uint<14> __smt2c_ext_23 = ((ap_uint<25>)raw).range(13, 0);
  ap_uint<1> __smt2c_ext_24 = ((ap_uint<25>)raw).range(12, 12);
  ap_uint<13> __smt2c_ext_25 = ((ap_uint<25>)raw).range(12, 0);
  ap_uint<1> __smt2c_ext_26 = ((ap_uint<25>)raw).range(11, 11);
  ap_uint<12> __smt2c_ext_27 = ((ap_uint<25>)raw).range(11, 0);
  ap_uint<1> __smt2c_ext_28 = ((ap_uint<25>)raw).range(10, 10);
  ap_uint<11> __smt2c_ext_29 = ((ap_uint<25>)raw).range(10, 0);
  ap_uint<1> __smt2c_ext_30 = ((ap_uint<25>)raw).range(9, 9);
  ap_uint<10> __smt2c_ext_31 = ((ap_uint<25>)raw).range(9, 0);
  ap_uint<1> __smt2c_ext_32 = ((ap_uint<25>)raw).range(8, 8);
  ap_uint<9> __smt2c_ext_33 = ((ap_uint<25>)raw).range(8, 0);
  ap_uint<1> __smt2c_ext_34 = ((ap_uint<25>)raw).range(7, 7);
  unsigned char __smt2c_ext_35 = ((ap_uint<25>)raw).range(7, 0);
  ap_uint<1> __smt2c_ext_36 = ((ap_uint<25>)raw).range(6, 6);
  ap_uint<7> __smt2c_ext_37 = ((ap_uint<25>)raw).range(6, 0);
  ap_uint<1> __smt2c_ext_38 = ((ap_uint<25>)raw).range(5, 5);
  ap_uint<6> __smt2c_ext_39 = ((ap_uint<25>)raw).range(5, 0);
  ap_uint<1> __smt2c_ext_40 = ((ap_uint<25>)raw).range(4, 4);
  ap_uint<5> __smt2c_ext_41 = ((ap_uint<25>)raw).range(4, 0);
  ap_uint<1> __smt2c_ext_42 = ((ap_uint<25>)raw).range(3, 3);
  ap_uint<4> __smt2c_ext_43 = ((ap_uint<25>)raw).range(3, 0);
  ap_uint<1> __smt2c_ext_44 = ((ap_uint<25>)raw).range(2, 2);
  ap_uint<3> __smt2c_ext_45 = ((ap_uint<25>)raw).range(2, 0);
  ap_uint<1> __smt2c_ext_46 = ((ap_uint<25>)raw).range(1, 1);
  ap_uint<2> __smt2c_ext_47 = ((ap_uint<25>)raw).range(1, 0);
  ap_uint<1> __smt2c_ext_48 = ((ap_uint<25>)raw).range(0, 0);
  ap_uint<24> __smt2c_result;
  if(raw == 0) {
    __smt2c_result = 0;
  }
  else if(__smt2c_ext_0 == 1) {
    __smt2c_result = __smt2c_ext_1;
  }
  else if(__smt2c_ext_2 == 1) {
    __smt2c_result = __smt2c_ext_3;
  }
  else if(__smt2c_ext_4 == 1) {
    __smt2c_result = (ap_uint<24>)__smt2c_ext_5 << 1 | (ap_uint<24>)0;
  }
  else if(__smt2c_ext_6 == 1) {
    __smt2c_result = (ap_uint<24>)__smt2c_ext_7 << 2 | (ap_uint<24>)0;
  }
  else if(__smt2c_ext_8 == 1) {
    __smt2c_result = (ap_uint<24>)__smt2c_ext_9 << 3 | (ap_uint<24>)0;
  }
  else if(__smt2c_ext_10 == 1) {
    __smt2c_result = (ap_uint<24>)__smt2c_ext_11 << 4 | (ap_uint<24>)0;
  }
  else if(__smt2c_ext_12 == 1) {
    __smt2c_result = (ap_uint<24>)__smt2c_ext_13 << 5 | (ap_uint<24>)0;
  }
  else if(__smt2c_ext_14 == 1) {
    __smt2c_result = (ap_uint<24>)__smt2c_ext_15 << 6 | (ap_uint<24>)0;
  }
  else if(__smt2c_ext_16 == 1) {
    __smt2c_result = (ap_uint<24>)__smt2c_ext_17 << 7 | (ap_uint<24>)0;
  }
  else if(__smt2c_ext_18 == 1) {
    __smt2c_result = (ap_uint<24>)__smt2c_ext_19 << 8 | (ap_uint<24>)0;
  }
  else if(__smt2c_ext_20 == 1) {
    __smt2c_result = (ap_uint<24>)__smt2c_ext_21 << 9 | (ap_uint<24>)0;
  }
  else if(__smt2c_ext_22 == 1) {
    __smt2c_result = (ap_uint<24>)__smt2c_ext_23 << 10 | (ap_uint<24>)0;
  }
  else if(__smt2c_ext_24 == 1) {
    __smt2c_result = (ap_uint<24>)__smt2c_ext_25 << 11 | (ap_uint<24>)0;
  }
  else if(__smt2c_ext_26 == 1) {
    __smt2c_result = (ap_uint<24>)__smt2c_ext_27 << 12 | (ap_uint<24>)0;
  }
  else if(__smt2c_ext_28 == 1) {
    __smt2c_result = (ap_uint<24>)__smt2c_ext_29 << 13 | (ap_uint<24>)0;
  }
  else if(__smt2c_ext_30 == 1) {
    __smt2c_result = (ap_uint<24>)__smt2c_ext_31 << 14 | (ap_uint<24>)0;
  }
  else if(__smt2c_ext_32 == 1) {
    __smt2c_result = (ap_uint<24>)__smt2c_ext_33 << 15 | (ap_uint<24>)0;
  }
  else if(__smt2c_ext_34 == 1) {
    __smt2c_result = (ap_uint<24>)__smt2c_ext_35 << 16 | (ap_uint<24>)0;
  }
  else if(__smt2c_ext_36 == 1) {
    __smt2c_result = (ap_uint<24>)__smt2c_ext_37 << 17 | (ap_uint<24>)0;
  }
  else if(__smt2c_ext_38 == 1) {
    __smt2c_result = (ap_uint<24>)__smt2c_ext_39 << 18 | (ap_uint<24>)0;
  }
  else if(__smt2c_ext_40 == 1) {
    __smt2c_result = (ap_uint<24>)__smt2c_ext_41 << 19 | (ap_uint<24>)0;
  }
  else if(__smt2c_ext_42 == 1) {
    __smt2c_result = (ap_uint<24>)__smt2c_ext_43 << 20 | (ap_uint<24>)0;
  }
  else if(__smt2c_ext_44 == 1) {
    __smt2c_result = (ap_uint<24>)__smt2c_ext_45 << 21 | (ap_uint<24>)0;
  }
  else if(__smt2c_ext_46 == 1) {
    __smt2c_result = (ap_uint<24>)__smt2c_ext_47 << 22 | (ap_uint<24>)0;
  }
  else {
    __smt2c_result = (ap_uint<24>)__smt2c_ext_48 << 23 | (ap_uint<24>)0;
  }
  return __smt2c_result;
}

unsigned char exp_delta_from_raw(ap_uint<25> raw) {
  ap_uint<1> __smt2c_ext_0 = ((ap_uint<25>)raw).range(24, 24);
  ap_uint<1> __smt2c_ext_1 = ((ap_uint<25>)raw).range(23, 23);
  ap_uint<1> __smt2c_ext_2 = ((ap_uint<25>)raw).range(22, 22);
  ap_uint<1> __smt2c_ext_3 = ((ap_uint<25>)raw).range(21, 21);
  ap_uint<1> __smt2c_ext_4 = ((ap_uint<25>)raw).range(20, 20);
  ap_uint<1> __smt2c_ext_5 = ((ap_uint<25>)raw).range(19, 19);
  ap_uint<1> __smt2c_ext_6 = ((ap_uint<25>)raw).range(18, 18);
  ap_uint<1> __smt2c_ext_7 = ((ap_uint<25>)raw).range(17, 17);
  ap_uint<1> __smt2c_ext_8 = ((ap_uint<25>)raw).range(16, 16);
  ap_uint<1> __smt2c_ext_9 = ((ap_uint<25>)raw).range(15, 15);
  ap_uint<1> __smt2c_ext_10 = ((ap_uint<25>)raw).range(14, 14);
  ap_uint<1> __smt2c_ext_11 = ((ap_uint<25>)raw).range(13, 13);
  ap_uint<1> __smt2c_ext_12 = ((ap_uint<25>)raw).range(12, 12);
  ap_uint<1> __smt2c_ext_13 = ((ap_uint<25>)raw).range(11, 11);
  ap_uint<1> __smt2c_ext_14 = ((ap_uint<25>)raw).range(10, 10);
  ap_uint<1> __smt2c_ext_15 = ((ap_uint<25>)raw).range(9, 9);
  ap_uint<1> __smt2c_ext_16 = ((ap_uint<25>)raw).range(8, 8);
  ap_uint<1> __smt2c_ext_17 = ((ap_uint<25>)raw).range(7, 7);
  ap_uint<1> __smt2c_ext_18 = ((ap_uint<25>)raw).range(6, 6);
  ap_uint<1> __smt2c_ext_19 = ((ap_uint<25>)raw).range(5, 5);
  ap_uint<1> __smt2c_ext_20 = ((ap_uint<25>)raw).range(4, 4);
  ap_uint<1> __smt2c_ext_21 = ((ap_uint<25>)raw).range(3, 3);
  ap_uint<1> __smt2c_ext_22 = ((ap_uint<25>)raw).range(2, 2);
  ap_uint<1> __smt2c_ext_23 = ((ap_uint<25>)raw).range(1, 1);
  unsigned char __smt2c_result;
  if(raw == 0) {
    __smt2c_result = 0;
  }
  else if(__smt2c_ext_0 == 1) {
    __smt2c_result = 1;
  }
  else if(__smt2c_ext_1 == 1) {
    __smt2c_result = 0;
  }
  else if(__smt2c_ext_2 == 1) {
    __smt2c_result = -1;
  }
  else if(__smt2c_ext_3 == 1) {
    __smt2c_result = -2;
  }
  else if(__smt2c_ext_4 == 1) {
    __smt2c_result = -3;
  }
  else if(__smt2c_ext_5 == 1) {
    __smt2c_result = -4;
  }
  else if(__smt2c_ext_6 == 1) {
    __smt2c_result = -5;
  }
  else if(__smt2c_ext_7 == 1) {
    __smt2c_result = -6;
  }
  else if(__smt2c_ext_8 == 1) {
    __smt2c_result = -7;
  }
  else if(__smt2c_ext_9 == 1) {
    __smt2c_result = -8;
  }
  else if(__smt2c_ext_10 == 1) {
    __smt2c_result = -9;
  }
  else if(__smt2c_ext_11 == 1) {
    __smt2c_result = -10;
  }
  else if(__smt2c_ext_12 == 1) {
    __smt2c_result = -11;
  }
  else if(__smt2c_ext_13 == 1) {
    __smt2c_result = -12;
  }
  else if(__smt2c_ext_14 == 1) {
    __smt2c_result = -13;
  }
  else if(__smt2c_ext_15 == 1) {
    __smt2c_result = -14;
  }
  else if(__smt2c_ext_16 == 1) {
    __smt2c_result = -15;
  }
  else if(__smt2c_ext_17 == 1) {
    __smt2c_result = -16;
  }
  else if(__smt2c_ext_18 == 1) {
    __smt2c_result = -17;
  }
  else if(__smt2c_ext_19 == 1) {
    __smt2c_result = -18;
  }
  else if(__smt2c_ext_20 == 1) {
    __smt2c_result = -19;
  }
  else if(__smt2c_ext_21 == 1) {
    __smt2c_result = -20;
  }
  else if(__smt2c_ext_22 == 1) {
    __smt2c_result = -21;
  }
  else if(__smt2c_ext_23 == 1) {
    __smt2c_result = -22;
  }
  else {
    __smt2c_result = -23;
  }
  return __smt2c_result;
}

unsigned int fp32_sum(ap_uint<1> s1, unsigned char e1, ap_uint<23> m1, ap_uint<1> s2, unsigned char e2, ap_uint<23> m2) {
  ap_uint<24> _let_1 = (ap_uint<24>)1 << 23 | (ap_uint<24>)m1;
  ap_uint<24> _let_2 = (ap_uint<24>)1 << 23 | (ap_uint<24>)m2;
  __CPROVER_bool _let_3 = e1 >= e2;
  ap_uint<25> _let_4 = (ap_uint<25>)(_let_3 ? (ap_uint<24>)  _let_1 : (ap_uint<24>)  _let_2) + (ap_uint<25>)shr24_sat(_let_3 ? (ap_uint<24>)  _let_2 : (ap_uint<24>)  _let_1, e1 - e2);
  ap_uint<24> __smt2c_src_0 = norm24_from_raw(_let_4);
  ap_uint<23> __smt2c_ext_1 = ((ap_uint<24>)__smt2c_src_0).range(22, 0);
  return (unsigned int)s1 << 31 | (unsigned int)((ap_uint<31>)((e1 > e2 ? (unsigned char)  e1 : (unsigned char)  e2) + exp_delta_from_raw(_let_4)) << 23 | (ap_uint<31>)__smt2c_ext_1);
}

Converting C output to HLS-compatible C++...

HLS C++ file saved to: /home/joe/Desktop/Uni/Year_4/Dissertation/Program-Synthesis-for-Efficient-ML/results/cpp/hpsweep_fp32_add_combined_t10_i15_r02.cpp
Generated HLS-ready C++ code:

#include <ap_int.h>

ap_uint<24> shr24_sat(ap_uint<24> x, ap_uint<8> d) {
  return d >= 24 ? (ap_uint<24>)  0 : (ap_uint<24>)  x >> (ap_uint<24>)d;
}

ap_uint<24> norm24_from_raw(ap_uint<25> raw) {
  ap_uint<1> __smt2c_ext_0 = ((ap_uint<25>)raw).range(24, 24);
  ap_uint<24> __smt2c_ext_1 = ((ap_uint<25>)raw).range(24, 1);
  ap_uint<1> __smt2c_ext_2 = ((ap_uint<25>)raw).range(23, 23);
  ap_uint<24> __smt2c_ext_3 = ((ap_uint<25>)raw).range(23, 0);
  ap_uint<1> __smt2c_ext_4 = ((ap_uint<25>)raw).range(22, 22);
  ap_uint<23> __smt2c_ext_5 = ((ap_uint<25>)raw).range(22, 0);
  ap_uint<1> __smt2c_ext_6 = ((ap_uint<25>)raw).range(21, 21);
  ap_uint<22> __smt2c_ext_7 = ((ap_uint<25>)raw).range(21, 0);
  ap_uint<1> __smt2c_ext_8 = ((ap_uint<25>)raw).range(20, 20);
  ap_uint<21> __smt2c_ext_9 = ((ap_uint<25>)raw).range(20, 0);
  ap_uint<1> __smt2c_ext_10 = ((ap_uint<25>)raw).range(19, 19);
  ap_uint<20> __smt2c_ext_11 = ((ap_uint<25>)raw).range(19, 0);
  ap_uint<1> __smt2c_ext_12 = ((ap_uint<25>)raw).range(18, 18);
  ap_uint<19> __smt2c_ext_13 = ((ap_uint<25>)raw).range(18, 0);
  ap_uint<1> __smt2c_ext_14 = ((ap_uint<25>)raw).range(17, 17);
  ap_uint<18> __smt2c_ext_15 = ((ap_uint<25>)raw).range(17, 0);
  ap_uint<1> __smt2c_ext_16 = ((ap_uint<25>)raw).range(16, 16);
  ap_uint<17> __smt2c_ext_17 = ((ap_uint<25>)raw).range(16, 0);
  ap_uint<1> __smt2c_ext_18 = ((ap_uint<25>)raw).range(15, 15);
  ap_uint<16> __smt2c_ext_19 = ((ap_uint<25>)raw).range(15, 0);
  ap_uint<1> __smt2c_ext_20 = ((ap_uint<25>)raw).range(14, 14);
  ap_uint<15> __smt2c_ext_21 = ((ap_uint<25>)raw).range(14, 0);
  ap_uint<1> __smt2c_ext_22 = ((ap_uint<25>)raw).range(13, 13);
  ap_uint<14> __smt2c_ext_23 = ((ap_uint<25>)raw).range(13, 0);
  ap_uint<1> __smt2c_ext_24 = ((ap_uint<25>)raw).range(12, 12);
  ap_uint<13> __smt2c_ext_25 = ((ap_uint<25>)raw).range(12, 0);
  ap_uint<1> __smt2c_ext_26 = ((ap_uint<25>)raw).range(11, 11);
  ap_uint<12> __smt2c_ext_27 = ((ap_uint<25>)raw).range(11, 0);
  ap_uint<1> __smt2c_ext_28 = ((ap_uint<25>)raw).range(10, 10);
  ap_uint<11> __smt2c_ext_29 = ((ap_uint<25>)raw).range(10, 0);
  ap_uint<1> __smt2c_ext_30 = ((ap_uint<25>)raw).range(9, 9);
  ap_uint<10> __smt2c_ext_31 = ((ap_uint<25>)raw).range(9, 0);
  ap_uint<1> __smt2c_ext_32 = ((ap_uint<25>)raw).range(8, 8);
  ap_uint<9> __smt2c_ext_33 = ((ap_uint<25>)raw).range(8, 0);
  ap_uint<1> __smt2c_ext_34 = ((ap_uint<25>)raw).range(7, 7);
  ap_uint<8> __smt2c_ext_35 = ((ap_uint<25>)raw).range(7, 0);
  ap_uint<1> __smt2c_ext_36 = ((ap_uint<25>)raw).range(6, 6);
  ap_uint<7> __smt2c_ext_37 = ((ap_uint<25>)raw).range(6, 0);
  ap_uint<1> __smt2c_ext_38 = ((ap_uint<25>)raw).range(5, 5);
  ap_uint<6> __smt2c_ext_39 = ((ap_uint<25>)raw).range(5, 0);
  ap_uint<1> __smt2c_ext_40 = ((ap_uint<25>)raw).range(4, 4);
  ap_uint<5> __smt2c_ext_41 = ((ap_uint<25>)raw).range(4, 0);
  ap_uint<1> __smt2c_ext_42 = ((ap_uint<25>)raw).range(3, 3);
  ap_uint<4> __smt2c_ext_43 = ((ap_uint<25>)raw).range(3, 0);
  ap_uint<1> __smt2c_ext_44 = ((ap_uint<25>)raw).range(2, 2);
  ap_uint<3> __smt2c_ext_45 = ((ap_uint<25>)raw).range(2, 0);
  ap_uint<1> __smt2c_ext_46 = ((ap_uint<25>)raw).range(1, 1);
  ap_uint<2> __smt2c_ext_47 = ((ap_uint<25>)raw).range(1, 0);
  ap_uint<1> __smt2c_ext_48 = ((ap_uint<25>)raw).range(0, 0);
  ap_uint<24> __smt2c_result;
  if(raw == 0) {
    __smt2c_result = 0;
  }
  else if(__smt2c_ext_0 == 1) {
    __smt2c_result = __smt2c_ext_1;
  }
  else if(__smt2c_ext_2 == 1) {
    __smt2c_result = __smt2c_ext_3;
  }
  else if(__smt2c_ext_4 == 1) {
    __smt2c_result = (ap_uint<24>)__smt2c_ext_5 << 1 | (ap_uint<24>)0;
  }
  else if(__smt2c_ext_6 == 1) {
    __smt2c_result = (ap_uint<24>)__smt2c_ext_7 << 2 | (ap_uint<24>)0;
  }
  else if(__smt2c_ext_8 == 1) {
    __smt2c_result = (ap_uint<24>)__smt2c_ext_9 << 3 | (ap_uint<24>)0;
  }
  else if(__smt2c_ext_10 == 1) {
    __smt2c_result = (ap_uint<24>)__smt2c_ext_11 << 4 | (ap_uint<24>)0;
  }
  else if(__smt2c_ext_12 == 1) {
    __smt2c_result = (ap_uint<24>)__smt2c_ext_13 << 5 | (ap_uint<24>)0;
  }
  else if(__smt2c_ext_14 == 1) {
    __smt2c_result = (ap_uint<24>)__smt2c_ext_15 << 6 | (ap_uint<24>)0;
  }
  else if(__smt2c_ext_16 == 1) {
    __smt2c_result = (ap_uint<24>)__smt2c_ext_17 << 7 | (ap_uint<24>)0;
  }
  else if(__smt2c_ext_18 == 1) {
    __smt2c_result = (ap_uint<24>)__smt2c_ext_19 << 8 | (ap_uint<24>)0;
  }
  else if(__smt2c_ext_20 == 1) {
    __smt2c_result = (ap_uint<24>)__smt2c_ext_21 << 9 | (ap_uint<24>)0;
  }
  else if(__smt2c_ext_22 == 1) {
    __smt2c_result = (ap_uint<24>)__smt2c_ext_23 << 10 | (ap_uint<24>)0;
  }
  else if(__smt2c_ext_24 == 1) {
    __smt2c_result = (ap_uint<24>)__smt2c_ext_25 << 11 | (ap_uint<24>)0;
  }
  else if(__smt2c_ext_26 == 1) {
    __smt2c_result = (ap_uint<24>)__smt2c_ext_27 << 12 | (ap_uint<24>)0;
  }
  else if(__smt2c_ext_28 == 1) {
    __smt2c_result = (ap_uint<24>)__smt2c_ext_29 << 13 | (ap_uint<24>)0;
  }
  else if(__smt2c_ext_30 == 1) {
    __smt2c_result = (ap_uint<24>)__smt2c_ext_31 << 14 | (ap_uint<24>)0;
  }
  else if(__smt2c_ext_32 == 1) {
    __smt2c_result = (ap_uint<24>)__smt2c_ext_33 << 15 | (ap_uint<24>)0;
  }
  else if(__smt2c_ext_34 == 1) {
    __smt2c_result = (ap_uint<24>)__smt2c_ext_35 << 16 | (ap_uint<24>)0;
  }
  else if(__smt2c_ext_36 == 1) {
    __smt2c_result = (ap_uint<24>)__smt2c_ext_37 << 17 | (ap_uint<24>)0;
  }
  else if(__smt2c_ext_38 == 1) {
    __smt2c_result = (ap_uint<24>)__smt2c_ext_39 << 18 | (ap_uint<24>)0;
  }
  else if(__smt2c_ext_40 == 1) {
    __smt2c_result = (ap_uint<24>)__smt2c_ext_41 << 19 | (ap_uint<24>)0;
  }
  else if(__smt2c_ext_42 == 1) {
    __smt2c_result = (ap_uint<24>)__smt2c_ext_43 << 20 | (ap_uint<24>)0;
  }
  else if(__smt2c_ext_44 == 1) {
    __smt2c_result = (ap_uint<24>)__smt2c_ext_45 << 21 | (ap_uint<24>)0;
  }
  else if(__smt2c_ext_46 == 1) {
    __smt2c_result = (ap_uint<24>)__smt2c_ext_47 << 22 | (ap_uint<24>)0;
  }
  else {
    __smt2c_result = (ap_uint<24>)__smt2c_ext_48 << 23 | (ap_uint<24>)0;
  }
  return __smt2c_result;
}

ap_uint<8> exp_delta_from_raw(ap_uint<25> raw) {
  ap_uint<1> __smt2c_ext_0 = ((ap_uint<25>)raw).range(24, 24);
  ap_uint<1> __smt2c_ext_1 = ((ap_uint<25>)raw).range(23, 23);
  ap_uint<1> __smt2c_ext_2 = ((ap_uint<25>)raw).range(22, 22);
  ap_uint<1> __smt2c_ext_3 = ((ap_uint<25>)raw).range(21, 21);
  ap_uint<1> __smt2c_ext_4 = ((ap_uint<25>)raw).range(20, 20);
  ap_uint<1> __smt2c_ext_5 = ((ap_uint<25>)raw).range(19, 19);
  ap_uint<1> __smt2c_ext_6 = ((ap_uint<25>)raw).range(18, 18);
  ap_uint<1> __smt2c_ext_7 = ((ap_uint<25>)raw).range(17, 17);
  ap_uint<1> __smt2c_ext_8 = ((ap_uint<25>)raw).range(16, 16);
  ap_uint<1> __smt2c_ext_9 = ((ap_uint<25>)raw).range(15, 15);
  ap_uint<1> __smt2c_ext_10 = ((ap_uint<25>)raw).range(14, 14);
  ap_uint<1> __smt2c_ext_11 = ((ap_uint<25>)raw).range(13, 13);
  ap_uint<1> __smt2c_ext_12 = ((ap_uint<25>)raw).range(12, 12);
  ap_uint<1> __smt2c_ext_13 = ((ap_uint<25>)raw).range(11, 11);
  ap_uint<1> __smt2c_ext_14 = ((ap_uint<25>)raw).range(10, 10);
  ap_uint<1> __smt2c_ext_15 = ((ap_uint<25>)raw).range(9, 9);
  ap_uint<1> __smt2c_ext_16 = ((ap_uint<25>)raw).range(8, 8);
  ap_uint<1> __smt2c_ext_17 = ((ap_uint<25>)raw).range(7, 7);
  ap_uint<1> __smt2c_ext_18 = ((ap_uint<25>)raw).range(6, 6);
  ap_uint<1> __smt2c_ext_19 = ((ap_uint<25>)raw).range(5, 5);
  ap_uint<1> __smt2c_ext_20 = ((ap_uint<25>)raw).range(4, 4);
  ap_uint<1> __smt2c_ext_21 = ((ap_uint<25>)raw).range(3, 3);
  ap_uint<1> __smt2c_ext_22 = ((ap_uint<25>)raw).range(2, 2);
  ap_uint<1> __smt2c_ext_23 = ((ap_uint<25>)raw).range(1, 1);
  ap_uint<8> __smt2c_result;
  if(raw == 0) {
    __smt2c_result = 0;
  }
  else if(__smt2c_ext_0 == 1) {
    __smt2c_result = 1;
  }
  else if(__smt2c_ext_1 == 1) {
    __smt2c_result = 0;
  }
  else if(__smt2c_ext_2 == 1) {
    __smt2c_result = -1;
  }
  else if(__smt2c_ext_3 == 1) {
    __smt2c_result = -2;
  }
  else if(__smt2c_ext_4 == 1) {
    __smt2c_result = -3;
  }
  else if(__smt2c_ext_5 == 1) {
    __smt2c_result = -4;
  }
  else if(__smt2c_ext_6 == 1) {
    __smt2c_result = -5;
  }
  else if(__smt2c_ext_7 == 1) {
    __smt2c_result = -6;
  }
  else if(__smt2c_ext_8 == 1) {
    __smt2c_result = -7;
  }
  else if(__smt2c_ext_9 == 1) {
    __smt2c_result = -8;
  }
  else if(__smt2c_ext_10 == 1) {
    __smt2c_result = -9;
  }
  else if(__smt2c_ext_11 == 1) {
    __smt2c_result = -10;
  }
  else if(__smt2c_ext_12 == 1) {
    __smt2c_result = -11;
  }
  else if(__smt2c_ext_13 == 1) {
    __smt2c_result = -12;
  }
  else if(__smt2c_ext_14 == 1) {
    __smt2c_result = -13;
  }
  else if(__smt2c_ext_15 == 1) {
    __smt2c_result = -14;
  }
  else if(__smt2c_ext_16 == 1) {
    __smt2c_result = -15;
  }
  else if(__smt2c_ext_17 == 1) {
    __smt2c_result = -16;
  }
  else if(__smt2c_ext_18 == 1) {
    __smt2c_result = -17;
  }
  else if(__smt2c_ext_19 == 1) {
    __smt2c_result = -18;
  }
  else if(__smt2c_ext_20 == 1) {
    __smt2c_result = -19;
  }
  else if(__smt2c_ext_21 == 1) {
    __smt2c_result = -20;
  }
  else if(__smt2c_ext_22 == 1) {
    __smt2c_result = -21;
  }
  else if(__smt2c_ext_23 == 1) {
    __smt2c_result = -22;
  }
  else {
    __smt2c_result = -23;
  }
  return __smt2c_result;
}

ap_uint<32> fp32_sum(ap_uint<1> s1, ap_uint<8> e1, ap_uint<23> m1, ap_uint<1> s2, ap_uint<8> e2, ap_uint<23> m2) {
  ap_uint<24> _let_1 = (ap_uint<24>)1 << 23 | (ap_uint<24>)m1;
  ap_uint<24> _let_2 = (ap_uint<24>)1 << 23 | (ap_uint<24>)m2;
  bool _let_3 = e1 >= e2;
  ap_uint<25> _let_4 = ap_uint<25>(((_let_3 ? (ap_uint<24>)  _let_1 : (ap_uint<24>)  _let_2) + (ap_uint<25>)shr24_sat(_let_3 ? (ap_uint<24>)  _let_2 : (ap_uint<24>)  _let_1, e1 - e2)));
  ap_uint<24> __smt2c_src_0 = norm24_from_raw(_let_4);
  ap_uint<23> __smt2c_ext_1 = ((ap_uint<24>)__smt2c_src_0).range(22, 0);
  return (ap_uint<32>)s1 << 31 | (ap_uint<32>)((ap_uint<31>)((e1 > e2 ? (ap_uint<8>)  e1 : (ap_uint<8>)  e2) + exp_delta_from_raw(_let_4)) << 23 | (ap_uint<31>)__smt2c_ext_1);
}

[INFO] Selected top by symbol presence: fp32_sum
[INFO] Generated HLS TCL script: /home/joe/Desktop/Uni/Year_4/Dissertation/Program-Synthesis-for-Efficient-ML/results/HLS/hpsweep_fp32_add_combined_t10_i15_r02/hls.tcl
[INFO] Running Vitis HLS synthesis...

[SUCCESS] Vitis HLS run completed successfully.
[INFO] Staged 2 Verilog files into: /home/joe/Desktop/Uni/Year_4/Dissertation/Program-Synthesis-for-Efficient-ML/results/HLS/hpsweep_fp32_add_combined_t10_i15_r02/verilog_out
[INFO] Candidate RTL modules: ['fp32_sum', 'fp32_sum_norm24_from_raw']

--- Hardware Results ---
{
    "LUTs": 604,
    "FFs": 0,
    "DSPs": 0,
    "BRAMs": 0,
    "Cycles": 0,
    "Fmax_MHz": 239.292
}
