[INFO] Target: FP32AdditionTarget | Component: full_sum_combined
[INFO] NUM_ITERATIONS=50, TIMEOUT=60s, RUN_IMPLEMENTATION=False, DIRECTED_IO=True, RUN_ACCURACY=False, SYNTH_FP32_MUL_MODE=small, SYNTH_FP32_ADD_MODE=default, SYGUS_DUMP=False, SYGUS_FAST_ENUM=False, SYGUS_PBE=True, SYGUS_SYM_BREAK_PBE=True, FP32_OUTPUT_MATCH_MSB_BITS=32, FP32_AUTO_RELAX_OUTPUT_MATCH=True, FP32_RESET_MSB_PER_SAMPLE=True, FP32_RELAX_ON_TIMEOUT=True, FP32_TIMEOUT_RETRY_ONCE=False, FP32_TIMEOUT_RETRY_MULTIPLIER=4, FP32_RELAX_ON_INFEASIBLE=True, FP32_RELAX_ON_FAIL=True, FP32_RELAX_SCHEDULE=staged, FP32_STAGE_MANTISSA_BITS=15, FP32_MIN_OUTPUT_MATCH_MSB_BITS=24, FP32_OUTPUT_MATCH_STEP=1, RANDOM_SEED=44
[INFO] FP32 add synthesis operand mode=default range=[-10000.0, 10000.0]
--- Starting Synthesis for [FP32AdditionTarget -> full_sum_combined] ---

--- Iteration 1/50 ---
Generating new constraint with inputs: (1.0, 1.0)
(constraint (= (fp32_sum #b0 #b01111111 #b00000000000000000000000 #b0 #b01111111 #b00000000000000000000000) (concat #b0 (concat #b10000000 #b00000000000000000000000))))
SUCCESS: accepted (MSB match = 32). Total constraints: 1
[INFO] Final accepted level for this sample: stage-2 strict (MSB=32).

--- Iteration 2/50 ---
Generating new constraint with inputs: (1.5, -1.5)
(constraint (= (fp32_sum #b0 #b01111111 #b10000000000000000000000 #b1 #b01111111 #b10000000000000000000000) (concat #b0 (concat #b00000000 #b00000000000000000000000))))
[INFO] fail at MSB match = 32. Trying weaker match...
(constraint (= ((_ extract 31 8) (fp32_sum #b0 #b01111111 #b10000000000000000000000 #b1 #b01111111 #b10000000000000000000000)) ((_ extract 31 8) (concat #b0 (concat #b00000000 #b00000000000000000000000)))))
[INFO] infeasible at MSB match = 24. Trying weaker match...
(constraint (= ((_ extract 31 23) (fp32_sum #b0 #b01111111 #b10000000000000000000000 #b1 #b01111111 #b10000000000000000000000)) ((_ extract 31 23) (concat #b0 (concat #b00000000 #b00000000000000000000000)))))
[INFO] infeasible at MSB match = 9. Trying weaker match...
SKIPPED: (1.500, -1.500) could not be added (even after relaxation).

--- Iteration 3/50 ---
Generating new constraint with inputs: (1.5, -0.5)
(constraint (= (fp32_sum #b0 #b01111111 #b10000000000000000000000 #b1 #b01111110 #b00000000000000000000000) (concat #b0 (concat #b01111111 #b00000000000000000000000))))
[INFO] fail at MSB match = 32. Trying weaker match...
(constraint (= ((_ extract 31 8) (fp32_sum #b0 #b01111111 #b10000000000000000000000 #b1 #b01111110 #b00000000000000000000000)) ((_ extract 31 8) (concat #b0 (concat #b01111111 #b00000000000000000000000)))))
[INFO] infeasible at MSB match = 24. Trying weaker match...
(constraint (= ((_ extract 31 23) (fp32_sum #b0 #b01111111 #b10000000000000000000000 #b1 #b01111110 #b00000000000000000000000)) ((_ extract 31 23) (concat #b0 (concat #b01111111 #b00000000000000000000000)))))
[INFO] infeasible at MSB match = 9. Trying weaker match...
SKIPPED: (1.500, -0.500) could not be added (even after relaxation).

--- Iteration 4/50 ---
Generating new constraint with inputs: (1.5, -1.25)
(constraint (= (fp32_sum #b0 #b01111111 #b10000000000000000000000 #b1 #b01111111 #b01000000000000000000000) (concat #b0 (concat #b01111101 #b00000000000000000000000))))
[INFO] fail at MSB match = 32. Trying weaker match...
(constraint (= ((_ extract 31 8) (fp32_sum #b0 #b01111111 #b10000000000000000000000 #b1 #b01111111 #b01000000000000000000000)) ((_ extract 31 8) (concat #b0 (concat #b01111101 #b00000000000000000000000)))))
[INFO] infeasible at MSB match = 24. Trying weaker match...
(constraint (= ((_ extract 31 23) (fp32_sum #b0 #b01111111 #b10000000000000000000000 #b1 #b01111111 #b01000000000000000000000)) ((_ extract 31 23) (concat #b0 (concat #b01111101 #b00000000000000000000000)))))
[INFO] infeasible at MSB match = 9. Trying weaker match...
SKIPPED: (1.500, -1.250) could not be added (even after relaxation).

--- Iteration 5/50 ---
Generating new constraint with inputs: (1.25, -1.0)
(constraint (= (fp32_sum #b0 #b01111111 #b01000000000000000000000 #b1 #b01111111 #b00000000000000000000000) (concat #b0 (concat #b01111101 #b00000000000000000000000))))
[INFO] fail at MSB match = 32. Trying weaker match...
(constraint (= ((_ extract 31 8) (fp32_sum #b0 #b01111111 #b01000000000000000000000 #b1 #b01111111 #b00000000000000000000000)) ((_ extract 31 8) (concat #b0 (concat #b01111101 #b00000000000000000000000)))))
[INFO] infeasible at MSB match = 24. Trying weaker match...
(constraint (= ((_ extract 31 23) (fp32_sum #b0 #b01111111 #b01000000000000000000000 #b1 #b01111111 #b00000000000000000000000)) ((_ extract 31 23) (concat #b0 (concat #b01111101 #b00000000000000000000000)))))
[INFO] infeasible at MSB match = 9. Trying weaker match...
SKIPPED: (1.250, -1.000) could not be added (even after relaxation).

--- Iteration 6/50 ---
Generating new constraint with inputs: (1.5, 1.5)
(constraint (= (fp32_sum #b0 #b01111111 #b10000000000000000000000 #b0 #b01111111 #b10000000000000000000000) (concat #b0 (concat #b10000000 #b10000000000000000000000))))
SUCCESS: accepted (MSB match = 32). Total constraints: 2
[INFO] Final accepted level for this sample: stage-2 strict (MSB=32).

--- Iteration 7/50 ---
Generating new constraint with inputs: (1.75, 1.75)
(constraint (= (fp32_sum #b0 #b01111111 #b11000000000000000000000 #b0 #b01111111 #b11000000000000000000000) (concat #b0 (concat #b10000000 #b11000000000000000000000))))
SUCCESS: accepted (MSB match = 32). Total constraints: 3
[INFO] Final accepted level for this sample: stage-2 strict (MSB=32).

--- Iteration 8/50 ---
Generating new constraint with inputs: (1.5, 0.75)
(constraint (= (fp32_sum #b0 #b01111111 #b10000000000000000000000 #b0 #b01111110 #b10000000000000000000000) (concat #b0 (concat #b10000000 #b00100000000000000000000))))
[INFO] fail at MSB match = 32. Trying weaker match...
(constraint (= ((_ extract 31 8) (fp32_sum #b0 #b01111111 #b10000000000000000000000 #b0 #b01111110 #b10000000000000000000000)) ((_ extract 31 8) (concat #b0 (concat #b10000000 #b00100000000000000000000)))))
[INFO] infeasible at MSB match = 24. Trying weaker match...
(constraint (= ((_ extract 31 23) (fp32_sum #b0 #b01111111 #b10000000000000000000000 #b0 #b01111110 #b10000000000000000000000)) ((_ extract 31 23) (concat #b0 (concat #b10000000 #b00100000000000000000000)))))
SUCCESS: accepted (MSB match = 9). Total constraints: 4
(constraint (= ((_ extract 31 8) (fp32_sum #b0 #b01111111 #b10000000000000000000000 #b0 #b01111110 #b10000000000000000000000)) ((_ extract 31 8) (concat #b0 (concat #b10000000 #b00100000000000000000000)))))
(constraint (= (fp32_sum #b0 #b01111111 #b10000000000000000000000 #b0 #b01111110 #b10000000000000000000000) (concat #b0 (concat #b10000000 #b00100000000000000000000))))
[INFO] Stage-0 accepted, but no upgrade succeeded for this sample.
[INFO] Final accepted level for this sample: stage-0 (sign+exp, MSB=9).

--- Iteration 9/50 ---
Generating new constraint with inputs: (1.5, 0.375)
(constraint (= (fp32_sum #b0 #b01111111 #b10000000000000000000000 #b0 #b01111101 #b10000000000000000000000) (concat #b0 (concat #b01111111 #b11100000000000000000000))))
SUCCESS: accepted (MSB match = 32). Total constraints: 5
[INFO] Final accepted level for this sample: stage-2 strict (MSB=32).

--- Iteration 10/50 ---
Generating new constraint with inputs: (1.5, 0.1875)
(constraint (= (fp32_sum #b0 #b01111111 #b10000000000000000000000 #b0 #b01111100 #b10000000000000000000000) (concat #b0 (concat #b01111111 #b10110000000000000000000))))
SUCCESS: accepted (MSB match = 32). Total constraints: 6
[INFO] Final accepted level for this sample: stage-2 strict (MSB=32).

--- Iteration 11/50 ---
Generating new constraint with inputs: (1.25, 1.5)
(constraint (= (fp32_sum #b0 #b01111111 #b01000000000000000000000 #b0 #b01111111 #b10000000000000000000000) (concat #b0 (concat #b10000000 #b01100000000000000000000))))
SUCCESS: accepted (MSB match = 32). Total constraints: 7
[INFO] Final accepted level for this sample: stage-2 strict (MSB=32).

--- Iteration 12/50 ---
Generating new constraint with inputs: (1.5, 1.25)
(constraint (= (fp32_sum #b0 #b01111111 #b10000000000000000000000 #b0 #b01111111 #b01000000000000000000000) (concat #b0 (concat #b10000000 #b01100000000000000000000))))
