[INFO] Target: FP32AdditionTarget | Component: full_sum_combined
[INFO] NUM_ITERATIONS=50, TIMEOUT=10s, RUN_IMPLEMENTATION=False, DIRECTED_IO=True, RUN_ACCURACY=False, SYNTH_FP32_MUL_MODE=small, SYNTH_FP32_ADD_MODE=default, SYGUS_DUMP=False, SYGUS_FAST_ENUM=False, SYGUS_PBE=True, SYGUS_SYM_BREAK_PBE=True, FP32_OUTPUT_MATCH_MSB_BITS=32, FP32_AUTO_RELAX_OUTPUT_MATCH=True, FP32_RESET_MSB_PER_SAMPLE=True, FP32_RELAX_ON_TIMEOUT=True, FP32_TIMEOUT_RETRY_ONCE=False, FP32_TIMEOUT_RETRY_MULTIPLIER=4, FP32_RELAX_ON_INFEASIBLE=True, FP32_RELAX_ON_FAIL=True, FP32_RELAX_SCHEDULE=staged, FP32_STAGE_MANTISSA_BITS=15, FP32_MIN_OUTPUT_MATCH_MSB_BITS=24, FP32_OUTPUT_MATCH_STEP=1, RANDOM_SEED=44
[INFO] FP32 add synthesis operand mode=default range=[-10000.0, 10000.0]
--- Starting Synthesis for [FP32AdditionTarget -> full_sum_combined] ---

--- Iteration 1/50 ---
Generating new constraint with inputs: (1.0, 1.0)
(constraint (= (fp32_sum #b0 #b01111111 #b00000000000000000000000 #b0 #b01111111 #b00000000000000000000000) (concat #b0 (concat #b10000000 #b00000000000000000000000))))
SUCCESS: accepted (MSB match = 32). Total constraints: 1
[INFO] Final accepted level for this sample: stage-2 strict (MSB=32).

--- Iteration 2/50 ---
Generating new constraint with inputs: (1.5, -1.5)
(constraint (= (fp32_sum #b0 #b01111111 #b10000000000000000000000 #b1 #b01111111 #b10000000000000000000000) (concat #b0 (concat #b00000000 #b00000000000000000000000))))
[INFO] fail at MSB match = 32. Trying weaker match...
(constraint (= ((_ extract 31 8) (fp32_sum #b0 #b01111111 #b10000000000000000000000 #b1 #b01111111 #b10000000000000000000000)) ((_ extract 31 8) (concat #b0 (concat #b00000000 #b00000000000000000000000)))))
[INFO] infeasible at MSB match = 24. Trying weaker match...
(constraint (= ((_ extract 31 23) (fp32_sum #b0 #b01111111 #b10000000000000000000000 #b1 #b01111111 #b10000000000000000000000)) ((_ extract 31 23) (concat #b0 (concat #b00000000 #b00000000000000000000000)))))
[INFO] infeasible at MSB match = 9. Trying weaker match...
SKIPPED: (1.500, -1.500) could not be added (even after relaxation).

--- Iteration 3/50 ---
Generating new constraint with inputs: (1.5, -0.5)
(constraint (= (fp32_sum #b0 #b01111111 #b10000000000000000000000 #b1 #b01111110 #b00000000000000000000000) (concat #b0 (concat #b01111111 #b00000000000000000000000))))
[INFO] fail at MSB match = 32. Trying weaker match...
(constraint (= ((_ extract 31 8) (fp32_sum #b0 #b01111111 #b10000000000000000000000 #b1 #b01111110 #b00000000000000000000000)) ((_ extract 31 8) (concat #b0 (concat #b01111111 #b00000000000000000000000)))))
[INFO] infeasible at MSB match = 24. Trying weaker match...
(constraint (= ((_ extract 31 23) (fp32_sum #b0 #b01111111 #b10000000000000000000000 #b1 #b01111110 #b00000000000000000000000)) ((_ extract 31 23) (concat #b0 (concat #b01111111 #b00000000000000000000000)))))
[INFO] infeasible at MSB match = 9. Trying weaker match...
SKIPPED: (1.500, -0.500) could not be added (even after relaxation).

--- Iteration 4/50 ---
Generating new constraint with inputs: (1.5, -1.25)
(constraint (= (fp32_sum #b0 #b01111111 #b10000000000000000000000 #b1 #b01111111 #b01000000000000000000000) (concat #b0 (concat #b01111101 #b00000000000000000000000))))
[INFO] fail at MSB match = 32. Trying weaker match...
(constraint (= ((_ extract 31 8) (fp32_sum #b0 #b01111111 #b10000000000000000000000 #b1 #b01111111 #b01000000000000000000000)) ((_ extract 31 8) (concat #b0 (concat #b01111101 #b00000000000000000000000)))))
[INFO] infeasible at MSB match = 24. Trying weaker match...
(constraint (= ((_ extract 31 23) (fp32_sum #b0 #b01111111 #b10000000000000000000000 #b1 #b01111111 #b01000000000000000000000)) ((_ extract 31 23) (concat #b0 (concat #b01111101 #b00000000000000000000000)))))
[INFO] infeasible at MSB match = 9. Trying weaker match...
SKIPPED: (1.500, -1.250) could not be added (even after relaxation).

--- Iteration 5/50 ---
Generating new constraint with inputs: (1.25, -1.0)
(constraint (= (fp32_sum #b0 #b01111111 #b01000000000000000000000 #b1 #b01111111 #b00000000000000000000000) (concat #b0 (concat #b01111101 #b00000000000000000000000))))
[INFO] fail at MSB match = 32. Trying weaker match...
(constraint (= ((_ extract 31 8) (fp32_sum #b0 #b01111111 #b01000000000000000000000 #b1 #b01111111 #b00000000000000000000000)) ((_ extract 31 8) (concat #b0 (concat #b01111101 #b00000000000000000000000)))))
[INFO] infeasible at MSB match = 24. Trying weaker match...
(constraint (= ((_ extract 31 23) (fp32_sum #b0 #b01111111 #b01000000000000000000000 #b1 #b01111111 #b00000000000000000000000)) ((_ extract 31 23) (concat #b0 (concat #b01111101 #b00000000000000000000000)))))
[INFO] infeasible at MSB match = 9. Trying weaker match...
SKIPPED: (1.250, -1.000) could not be added (even after relaxation).

--- Iteration 6/50 ---
Generating new constraint with inputs: (1.5, 1.5)
(constraint (= (fp32_sum #b0 #b01111111 #b10000000000000000000000 #b0 #b01111111 #b10000000000000000000000) (concat #b0 (concat #b10000000 #b10000000000000000000000))))
SUCCESS: accepted (MSB match = 32). Total constraints: 2
[INFO] Final accepted level for this sample: stage-2 strict (MSB=32).

--- Iteration 7/50 ---
Generating new constraint with inputs: (1.75, 1.75)
(constraint (= (fp32_sum #b0 #b01111111 #b11000000000000000000000 #b0 #b01111111 #b11000000000000000000000) (concat #b0 (concat #b10000000 #b11000000000000000000000))))
SUCCESS: accepted (MSB match = 32). Total constraints: 3
[INFO] Final accepted level for this sample: stage-2 strict (MSB=32).

--- Iteration 8/50 ---
Generating new constraint with inputs: (1.5, 0.75)
(constraint (= (fp32_sum #b0 #b01111111 #b10000000000000000000000 #b0 #b01111110 #b10000000000000000000000) (concat #b0 (concat #b10000000 #b00100000000000000000000))))
[INFO] fail at MSB match = 32. Trying weaker match...
(constraint (= ((_ extract 31 8) (fp32_sum #b0 #b01111111 #b10000000000000000000000 #b0 #b01111110 #b10000000000000000000000)) ((_ extract 31 8) (concat #b0 (concat #b10000000 #b00100000000000000000000)))))
[INFO] infeasible at MSB match = 24. Trying weaker match...
(constraint (= ((_ extract 31 23) (fp32_sum #b0 #b01111111 #b10000000000000000000000 #b0 #b01111110 #b10000000000000000000000)) ((_ extract 31 23) (concat #b0 (concat #b10000000 #b00100000000000000000000)))))
SUCCESS: accepted (MSB match = 9). Total constraints: 4
(constraint (= ((_ extract 31 8) (fp32_sum #b0 #b01111111 #b10000000000000000000000 #b0 #b01111110 #b10000000000000000000000)) ((_ extract 31 8) (concat #b0 (concat #b10000000 #b00100000000000000000000)))))
(constraint (= (fp32_sum #b0 #b01111111 #b10000000000000000000000 #b0 #b01111110 #b10000000000000000000000) (concat #b0 (concat #b10000000 #b00100000000000000000000))))
[INFO] Stage-0 accepted, but no upgrade succeeded for this sample.
[INFO] Final accepted level for this sample: stage-0 (sign+exp, MSB=9).

--- Iteration 9/50 ---
Generating new constraint with inputs: (1.5, 0.375)
(constraint (= (fp32_sum #b0 #b01111111 #b10000000000000000000000 #b0 #b01111101 #b10000000000000000000000) (concat #b0 (concat #b01111111 #b11100000000000000000000))))
SUCCESS: accepted (MSB match = 32). Total constraints: 5
[INFO] Final accepted level for this sample: stage-2 strict (MSB=32).

--- Iteration 10/50 ---
Generating new constraint with inputs: (1.5, 0.1875)
(constraint (= (fp32_sum #b0 #b01111111 #b10000000000000000000000 #b0 #b01111100 #b10000000000000000000000) (concat #b0 (concat #b01111111 #b10110000000000000000000))))
SUCCESS: accepted (MSB match = 32). Total constraints: 6
[INFO] Final accepted level for this sample: stage-2 strict (MSB=32).

--- Iteration 11/50 ---
Generating new constraint with inputs: (1.25, 1.5)
(constraint (= (fp32_sum #b0 #b01111111 #b01000000000000000000000 #b0 #b01111111 #b10000000000000000000000) (concat #b0 (concat #b10000000 #b01100000000000000000000))))
SUCCESS: accepted (MSB match = 32). Total constraints: 7
[INFO] Final accepted level for this sample: stage-2 strict (MSB=32).

--- Iteration 12/50 ---
Generating new constraint with inputs: (1.5, 1.25)
(constraint (= (fp32_sum #b0 #b01111111 #b10000000000000000000000 #b0 #b01111111 #b01000000000000000000000) (concat #b0 (concat #b10000000 #b01100000000000000000000))))
SUCCESS: accepted (MSB match = 32). Total constraints: 8
[INFO] Final accepted level for this sample: stage-2 strict (MSB=32).

--- Iteration 13/50 ---
Generating new constraint with inputs: (8192.0, 1e-06)
(constraint (= (fp32_sum #b0 #b10001100 #b00000000000000000000000 #b0 #b01101011 #b00001100011011110111101) (concat #b0 (concat #b10001100 #b00000000000000000000000))))
SUCCESS: accepted (MSB match = 32). Total constraints: 9
[INFO] Final accepted level for this sample: stage-2 strict (MSB=32).

--- Iteration 14/50 ---
Generating new constraint with inputs: (-1829.2824149101252, 839.4401820919247)
(constraint (= (fp32_sum #b1 #b10001001 #b11001001010100100001010 #b0 #b10001000 #b10100011101110000101100) (concat #b1 (concat #b10001000 #b11101110111010111101000))))
[CVC5] Solver timed out after 10 seconds.
[INFO] Timeout at this stage. Trying stage-0 (sign+exp) fallback...
(constraint (= ((_ extract 31 23) (fp32_sum #b1 #b10001001 #b11001001010100100001010 #b0 #b10001000 #b10100011101110000101100)) ((_ extract 31 23) (concat #b1 (concat #b10001000 #b11101110111010111101000)))))
[CVC5] Solver timed out after 10 seconds.
[INFO] Timeout. No staged fallback; skipping this sample.
SKIPPED: (-1829.282, 839.440) could not be added (even after relaxation).

--- Iteration 15/50 ---
Generating new constraint with inputs: (7240.732329585466, -6466.687116091123)
(constraint (= (fp32_sum #b0 #b10001011 #b11000100100010111011100 #b1 #b10001011 #b10010100001010101111111) (concat #b0 (concat #b10001000 #b10000011000001011101000))))
[CVC5] Solver timed out after 10 seconds.
[INFO] Timeout at this stage. Trying stage-0 (sign+exp) fallback...
(constraint (= ((_ extract 31 23) (fp32_sum #b0 #b10001011 #b11000100100010111011100 #b1 #b10001011 #b10010100001010101111111)) ((_ extract 31 23) (concat #b0 (concat #b10001000 #b10000011000001011101000)))))
[CVC5] Solver timed out after 10 seconds.
[INFO] Timeout. No staged fallback; skipping this sample.
SKIPPED: (7240.732, -6466.687) could not be added (even after relaxation).

--- Iteration 16/50 ---
Generating new constraint with inputs: (-5496.809588437066, -9418.054934637777)
(constraint (= (fp32_sum #b1 #b10001011 #b01010111100011001111010 #b1 #b10001100 #b00100110010100000111000) (concat #b1 (concat #b10001100 #b11010010000101101110101))))
[CVC5] Solver timed out after 10 seconds.
[INFO] Timeout at this stage. Trying stage-0 (sign+exp) fallback...
(constraint (= ((_ extract 31 23) (fp32_sum #b1 #b10001011 #b01010111100011001111010 #b1 #b10001100 #b00100110010100000111000)) ((_ extract 31 23) (concat #b1 (concat #b10001100 #b11010010000101101110101)))))
[CVC5] Solver timed out after 10 seconds.
[INFO] Timeout. No staged fallback; skipping this sample.
SKIPPED: (-5496.810, -9418.055) could not be added (even after relaxation).

--- Iteration 17/50 ---
Generating new constraint with inputs: (-7666.989331142724, -9823.887482258662)
(constraint (= (fp32_sum #b1 #b10001011 #b11011111001011111101010 #b1 #b10001100 #b00110010111111110001101) (concat #b1 (concat #b10001101 #b00010001010010111000001))))
[CVC5] Solver timed out after 10 seconds.
[INFO] Timeout at this stage. Trying stage-0 (sign+exp) fallback...
(constraint (= ((_ extract 31 23) (fp32_sum #b1 #b10001011 #b11011111001011111101010 #b1 #b10001100 #b00110010111111110001101)) ((_ extract 31 23) (concat #b1 (concat #b10001101 #b00010001010010111000001)))))
[CVC5] Solver timed out after 10 seconds.
[INFO] Timeout. No staged fallback; skipping this sample.
SKIPPED: (-7666.989, -9823.887) could not be added (even after relaxation).

--- Iteration 18/50 ---
Generating new constraint with inputs: (-6866.193298332723, 274.2641700535132)
(constraint (= (fp32_sum #b1 #b10001011 #b10101101001000110001100 #b0 #b10000111 #b00010010010000111010000) (concat #b1 (concat #b10001011 #b10011011111111101101111))))
[CVC5] Solver timed out after 10 seconds.
[INFO] Timeout at this stage. Trying stage-0 (sign+exp) fallback...
(constraint (= ((_ extract 31 23) (fp32_sum #b1 #b10001011 #b10101101001000110001100 #b0 #b10000111 #b00010010010000111010000)) ((_ extract 31 23) (concat #b1 (concat #b10001011 #b10011011111111101101111)))))
SUCCESS: accepted at stage-0 after timeout.
(constraint (= ((_ extract 31 8) (fp32_sum #b1 #b10001011 #b10101101001000110001100 #b0 #b10000111 #b00010010010000111010000)) ((_ extract 31 8) (concat #b1 (concat #b10001011 #b10011011111111101101111)))))
[CVC5] Solver timed out after 10 seconds.
[INFO] Stage-0 accepted, but no upgrade succeeded for this sample.
[INFO] Final accepted level for this sample: stage-0 (sign+exp, MSB=9).

--- Iteration 19/50 ---
Generating new constraint with inputs: (9789.85820755102, 3870.2052286287617)
(constraint (= (fp32_sum #b0 #b10001100 #b00110001111011101101111 #b0 #b10001010 #b11100011110001101001001) (concat #b0 (concat #b10001100 #b10101010111000001000001))))
[CVC5] Solver timed out after 10 seconds.
[INFO] Timeout at this stage. Trying stage-0 (sign+exp) fallback...
(constraint (= ((_ extract 31 23) (fp32_sum #b0 #b10001100 #b00110001111011101101111 #b0 #b10001010 #b11100011110001101001001)) ((_ extract 31 23) (concat #b0 (concat #b10001100 #b10101010111000001000001)))))
[CVC5] Solver timed out after 10 seconds.
[INFO] Timeout. No staged fallback; skipping this sample.
SKIPPED: (9789.858, 3870.205) could not be added (even after relaxation).

--- Iteration 20/50 ---
Generating new constraint with inputs: (-2431.4685775343814, -1899.0452936148786)
(constraint (= (fp32_sum #b1 #b10001010 #b00101111111011101111111 #b1 #b10001001 #b11011010110000101110011) (concat #b1 (concat #b10001011 #b00001110101010000011100))))
SUCCESS: accepted (MSB match = 32). Total constraints: 11
[INFO] Final accepted level for this sample: stage-2 strict (MSB=32).

--- Iteration 21/50 ---
Generating new constraint with inputs: (3826.1925682475867, -3477.602547662801)
(constraint (= (fp32_sum #b0 #b10001010 #b11011110010001100010101 #b1 #b10001010 #b10110010101100110100100) (concat #b0 (concat #b10000111 #b01011100100101110001000))))
[CVC5] Solver timed out after 10 seconds.
[INFO] Timeout at this stage. Trying stage-0 (sign+exp) fallback...
(constraint (= ((_ extract 31 23) (fp32_sum #b0 #b10001010 #b11011110010001100010101 #b1 #b10001010 #b10110010101100110100100)) ((_ extract 31 23) (concat #b0 (concat #b10000111 #b01011100100101110001000)))))
[CVC5] Solver timed out after 10 seconds.
[INFO] Timeout. No staged fallback; skipping this sample.
SKIPPED: (3826.193, -3477.603) could not be added (even after relaxation).

--- Iteration 22/50 ---
Generating new constraint with inputs: (-8528.931388434636, 6830.457938124182)
(constraint (= (fp32_sum #b1 #b10001100 #b00001010100001110111010 #b0 #b10001011 #b10101010111001110101010) (concat #b1 (concat #b10001001 #b10101000100111100101000))))
[CVC5] Solver timed out after 10 seconds.
[INFO] Timeout at this stage. Trying stage-0 (sign+exp) fallback...
(constraint (= ((_ extract 31 23) (fp32_sum #b1 #b10001100 #b00001010100001110111010 #b0 #b10001011 #b10101010111001110101010)) ((_ extract 31 23) (concat #b1 (concat #b10001001 #b10101000100111100101000)))))
[CVC5] Solver timed out after 10 seconds.
[INFO] Timeout. No staged fallback; skipping this sample.
SKIPPED: (-8528.931, 6830.458) could not be added (even after relaxation).

--- Iteration 23/50 ---
Generating new constraint with inputs: (2344.3991182816644, -7759.803457407048)
(constraint (= (fp32_sum #b0 #b10001010 #b00100101000011001100011 #b1 #b10001011 #b11100100111111001101101) (concat #b1 (concat #b10001011 #b01010010011101100111100))))
[CVC5] Solver timed out after 10 seconds.
[INFO] Timeout at this stage. Trying stage-0 (sign+exp) fallback...
(constraint (= ((_ extract 31 23) (fp32_sum #b0 #b10001010 #b00100101000011001100011 #b1 #b10001011 #b11100100111111001101101)) ((_ extract 31 23) (concat #b1 (concat #b10001011 #b01010010011101100111100)))))
[CVC5] Solver timed out after 10 seconds.
[INFO] Timeout. No staged fallback; skipping this sample.
SKIPPED: (2344.399, -7759.803) could not be added (even after relaxation).

--- Iteration 24/50 ---
Generating new constraint with inputs: (-8598.666252401654, -8107.449074089299)
(constraint (= (fp32_sum #b1 #b10001100 #b00001100101101010101010 #b1 #b10001011 #b11111010101101110011000) (concat #b1 (concat #b10001101 #b00000101000010000111011))))
[CVC5] Solver timed out after 10 seconds.
[INFO] Timeout at this stage. Trying stage-0 (sign+exp) fallback...
(constraint (= ((_ extract 31 23) (fp32_sum #b1 #b10001100 #b00001100101101010101010 #b1 #b10001011 #b11111010101101110011000)) ((_ extract 31 23) (concat #b1 (concat #b10001101 #b00000101000010000111011)))))
[CVC5] Solver timed out after 10 seconds.
[INFO] Timeout. No staged fallback; skipping this sample.
SKIPPED: (-8598.666, -8107.449) could not be added (even after relaxation).

--- Iteration 25/50 ---
Generating new constraint with inputs: (9178.464906726549, -7845.662691724613)
(constraint (= (fp32_sum #b0 #b10001100 #b00011110110100111011100 #b1 #b10001011 #b11101010010110101001101) (concat #b0 (concat #b10001001 #b01001101001100110110000))))
[CVC5] Solver timed out after 10 seconds.
[INFO] Timeout at this stage. Trying stage-0 (sign+exp) fallback...
(constraint (= ((_ extract 31 23) (fp32_sum #b0 #b10001100 #b00011110110100111011100 #b1 #b10001011 #b11101010010110101001101)) ((_ extract 31 23) (concat #b0 (concat #b10001001 #b01001101001100110110000)))))
[CVC5] Solver timed out after 10 seconds.
[INFO] Timeout. No staged fallback; skipping this sample.
SKIPPED: (9178.465, -7845.663) could not be added (even after relaxation).

--- Iteration 26/50 ---
Generating new constraint with inputs: (2506.3393744568184, 9391.349597231609)
(constraint (= (fp32_sum #b0 #b10001010 #b00111001010010101101110 #b0 #b10001100 #b00100101011110101100110) (concat #b0 (concat #b10001100 #b01110011110011011000001))))
[CVC5] Solver timed out after 10 seconds.
[INFO] Timeout at this stage. Trying stage-0 (sign+exp) fallback...
(constraint (= ((_ extract 31 23) (fp32_sum #b0 #b10001010 #b00111001010010101101110 #b0 #b10001100 #b00100101011110101100110)) ((_ extract 31 23) (concat #b0 (concat #b10001100 #b01110011110011011000001)))))
[CVC5] Solver timed out after 10 seconds.
[INFO] Timeout. No staged fallback; skipping this sample.
SKIPPED: (2506.339, 9391.350) could not be added (even after relaxation).

--- Iteration 27/50 ---
Generating new constraint with inputs: (-9299.933411992928, -2282.423064736585)
(constraint (= (fp32_sum #b1 #b10001100 #b00100010100111110111100 #b1 #b10001010 #b00011101010011011000101) (concat #b1 (concat #b10001100 #b01101001111100101101101))))
[CVC5] Solver timed out after 10 seconds.
[INFO] Timeout at this stage. Trying stage-0 (sign+exp) fallback...
(constraint (= ((_ extract 31 23) (fp32_sum #b1 #b10001100 #b00100010100111110111100 #b1 #b10001010 #b00011101010011011000101)) ((_ extract 31 23) (concat #b1 (concat #b10001100 #b01101001111100101101101)))))
[CVC5] Solver timed out after 10 seconds.
[INFO] Timeout. No staged fallback; skipping this sample.
SKIPPED: (-9299.933, -2282.423) could not be added (even after relaxation).

--- Iteration 28/50 ---
Generating new constraint with inputs: (-454.38059030376826, 8337.789206293324)
(constraint (= (fp32_sum #b1 #b10000111 #b11000110011000010110111 #b0 #b10001100 #b00000100100011100101000) (concat #b0 (concat #b10001011 #b11101100101101101000110))))
[CVC5] Solver timed out after 10 seconds.
[INFO] Timeout at this stage. Trying stage-0 (sign+exp) fallback...
(constraint (= ((_ extract 31 23) (fp32_sum #b1 #b10000111 #b11000110011000010110111 #b0 #b10001100 #b00000100100011100101000)) ((_ extract 31 23) (concat #b0 (concat #b10001011 #b11101100101101101000110)))))
[CVC5] Solver timed out after 10 seconds.
[INFO] Timeout. No staged fallback; skipping this sample.
SKIPPED: (-454.381, 8337.789) could not be added (even after relaxation).

--- Iteration 29/50 ---
Generating new constraint with inputs: (-6228.136698895303, -4833.062626851166)
(constraint (= (fp32_sum #b1 #b10001011 #b10000101010000100011000 #b1 #b10001011 #b00101110000100010000000) (concat #b1 (concat #b10001100 #b01011001101010011001100))))
[CVC5] Solver timed out after 10 seconds.
[INFO] Timeout at this stage. Trying stage-0 (sign+exp) fallback...
(constraint (= ((_ extract 31 23) (fp32_sum #b1 #b10001011 #b10000101010000100011000 #b1 #b10001011 #b00101110000100010000000)) ((_ extract 31 23) (concat #b1 (concat #b10001100 #b01011001101010011001100)))))
[CVC5] Solver timed out after 10 seconds.
[INFO] Timeout. No staged fallback; skipping this sample.
SKIPPED: (-6228.137, -4833.063) could not be added (even after relaxation).

--- Iteration 30/50 ---
Generating new constraint with inputs: (-5040.707174456036, -9015.905254565952)
(constraint (= (fp32_sum #b1 #b10001011 #b00111011000010110101000 #b1 #b10001100 #b00011001101111110011111) (concat #b1 (concat #b10001100 #b10110111010001001110011))))
[CVC5] Solver timed out after 10 seconds.
[INFO] Timeout at this stage. Trying stage-0 (sign+exp) fallback...
(constraint (= ((_ extract 31 23) (fp32_sum #b1 #b10001011 #b00111011000010110101000 #b1 #b10001100 #b00011001101111110011111)) ((_ extract 31 23) (concat #b1 (concat #b10001100 #b10110111010001001110011)))))
[CVC5] Solver timed out after 10 seconds.
[INFO] Timeout. No staged fallback; skipping this sample.
SKIPPED: (-5040.707, -9015.905) could not be added (even after relaxation).

--- Iteration 31/50 ---
Generating new constraint with inputs: (3474.336409653957, 6334.108811596201)
(constraint (= (fp32_sum #b0 #b10001010 #b10110010010010101100010 #b0 #b10001011 #b10001011111000011011111) (concat #b0 (concat #b10001100 #b00110010100000111001000))))
[CVC5] Solver timed out after 10 seconds.
[INFO] Timeout at this stage. Trying stage-0 (sign+exp) fallback...
(constraint (= ((_ extract 31 23) (fp32_sum #b0 #b10001010 #b10110010010010101100010 #b0 #b10001011 #b10001011111000011011111)) ((_ extract 31 23) (concat #b0 (concat #b10001100 #b00110010100000111001000)))))
[CVC5] Solver timed out after 10 seconds.
[INFO] Timeout. No staged fallback; skipping this sample.
SKIPPED: (3474.336, 6334.109) could not be added (even after relaxation).

--- Iteration 32/50 ---
Generating new constraint with inputs: (-1272.6989820805557, -9243.32950434017)
(constraint (= (fp32_sum #b1 #b10001001 #b00111110001011001011110 #b1 #b10001100 #b00100000110110101010001) (concat #b1 (concat #b10001100 #b01001000101000000011100))))
[CVC5] Solver timed out after 10 seconds.
[INFO] Timeout at this stage. Trying stage-0 (sign+exp) fallback...
(constraint (= ((_ extract 31 23) (fp32_sum #b1 #b10001001 #b00111110001011001011110 #b1 #b10001100 #b00100000110110101010001)) ((_ extract 31 23) (concat #b1 (concat #b10001100 #b01001000101000000011100)))))
[CVC5] Solver timed out after 10 seconds.
[INFO] Timeout. No staged fallback; skipping this sample.
SKIPPED: (-1272.699, -9243.330) could not be added (even after relaxation).

--- Iteration 33/50 ---
Generating new constraint with inputs: (4271.599604892306, 4740.920341678804)
(constraint (= (fp32_sum #b0 #b10001011 #b00001010111110011001100 #b0 #b10001011 #b00101000010011101011101) (concat #b0 (concat #b10001100 #b00011001101001000010100))))
[CVC5] Solver timed out after 10 seconds.
[INFO] Timeout at this stage. Trying stage-0 (sign+exp) fallback...
(constraint (= ((_ extract 31 23) (fp32_sum #b0 #b10001011 #b00001010111110011001100 #b0 #b10001011 #b00101000010011101011101)) ((_ extract 31 23) (concat #b0 (concat #b10001100 #b00011001101001000010100)))))
[CVC5] Solver timed out after 10 seconds.
[INFO] Timeout. No staged fallback; skipping this sample.
SKIPPED: (4271.600, 4740.920) could not be added (even after relaxation).

--- Iteration 34/50 ---
Generating new constraint with inputs: (3068.920941874094, -3426.943217290328)
(constraint (= (fp32_sum #b0 #b10001010 #b01111111100111010111100 #b1 #b10001010 #b10101100010111100010111) (concat #b1 (concat #b10000111 #b01100110000001011011000))))
[CVC5] Solver timed out after 10 seconds.
[INFO] Timeout at this stage. Trying stage-0 (sign+exp) fallback...
(constraint (= ((_ extract 31 23) (fp32_sum #b0 #b10001010 #b01111111100111010111100 #b1 #b10001010 #b10101100010111100010111)) ((_ extract 31 23) (concat #b1 (concat #b10000111 #b01100110000001011011000)))))
[CVC5] Solver timed out after 10 seconds.
[INFO] Timeout. No staged fallback; skipping this sample.
SKIPPED: (3068.921, -3426.943) could not be added (even after relaxation).

--- Iteration 35/50 ---
Generating new constraint with inputs: (6609.63378412696, 2611.164071206693)
(constraint (= (fp32_sum #b0 #b10001011 #b10011101000110100010010 #b0 #b10001010 #b01000110011001010100000) (concat #b0 (concat #b10001100 #b00100000001001100110001))))
[CVC5] Solver timed out after 10 seconds.
[INFO] Timeout at this stage. Trying stage-0 (sign+exp) fallback...
(constraint (= ((_ extract 31 23) (fp32_sum #b0 #b10001011 #b10011101000110100010010 #b0 #b10001010 #b01000110011001010100000)) ((_ extract 31 23) (concat #b0 (concat #b10001100 #b00100000001001100110001)))))
[CVC5] Solver timed out after 10 seconds.
[INFO] Timeout. No staged fallback; skipping this sample.
SKIPPED: (6609.634, 2611.164) could not be added (even after relaxation).

--- Iteration 36/50 ---
Generating new constraint with inputs: (1799.472242886175, 810.5877266208608)
(constraint (= (fp32_sum #b0 #b10001001 #b11000001110111100011101 #b0 #b10001000 #b10010101010010110011101) (concat #b0 (concat #b10001010 #b01000110010000011110101))))
[CVC5] Solver timed out after 10 seconds.
[INFO] Timeout at this stage. Trying stage-0 (sign+exp) fallback...
(constraint (= ((_ extract 31 23) (fp32_sum #b0 #b10001001 #b11000001110111100011101 #b0 #b10001000 #b10010101010010110011101)) ((_ extract 31 23) (concat #b0 (concat #b10001010 #b01000110010000011110101)))))
[CVC5] Solver timed out after 10 seconds.
[INFO] Timeout. No staged fallback; skipping this sample.
SKIPPED: (1799.472, 810.588) could not be added (even after relaxation).

--- Iteration 37/50 ---
Generating new constraint with inputs: (-5334.770160399267, -888.5499844684673)
(constraint (= (fp32_sum #b1 #b10001011 #b01001101011011000101001 #b1 #b10001000 #b10111100010001100110011) (concat #b1 (concat #b10001011 #b10000100111101010001111))))
[CVC5] Solver timed out after 10 seconds.
[INFO] Timeout at this stage. Trying stage-0 (sign+exp) fallback...
(constraint (= ((_ extract 31 23) (fp32_sum #b1 #b10001011 #b01001101011011000101001 #b1 #b10001000 #b10111100010001100110011)) ((_ extract 31 23) (concat #b1 (concat #b10001011 #b10000100111101010001111)))))
[CVC5] Solver timed out after 10 seconds.
[INFO] Timeout. No staged fallback; skipping this sample.
SKIPPED: (-5334.770, -888.550) could not be added (even after relaxation).

--- Iteration 38/50 ---
Generating new constraint with inputs: (5881.193389985394, 3675.1066140860457)
(constraint (= (fp32_sum #b0 #b10001011 #b01101111100100110001100 #b0 #b10001010 #b11001011011000110110101) (concat #b0 (concat #b10001100 #b00101010101000100110011))))
[CVC5] Solver timed out after 10 seconds.
[INFO] Timeout at this stage. Trying stage-0 (sign+exp) fallback...
(constraint (= ((_ extract 31 23) (fp32_sum #b0 #b10001011 #b01101111100100110001100 #b0 #b10001010 #b11001011011000110110101)) ((_ extract 31 23) (concat #b0 (concat #b10001100 #b00101010101000100110011)))))
[CVC5] Solver timed out after 10 seconds.
[INFO] Timeout. No staged fallback; skipping this sample.
SKIPPED: (5881.193, 3675.107) could not be added (even after relaxation).

--- Iteration 39/50 ---
Generating new constraint with inputs: (-3081.8527018647956, 6392.2791143278955)
(constraint (= (fp32_sum #b1 #b10001010 #b10000001001110110100101 #b0 #b10001011 #b10001111100001000111100) (concat #b0 (concat #b10001010 #b10011101110011011010100))))
[CVC5] Solver timed out after 10 seconds.
[INFO] Timeout at this stage. Trying stage-0 (sign+exp) fallback...
(constraint (= ((_ extract 31 23) (fp32_sum #b1 #b10001010 #b10000001001110110100101 #b0 #b10001011 #b10001111100001000111100)) ((_ extract 31 23) (concat #b0 (concat #b10001010 #b10011101110011011010100)))))
[CVC5] Solver timed out after 10 seconds.
[INFO] Timeout. No staged fallback; skipping this sample.
SKIPPED: (-3081.853, 6392.279) could not be added (even after relaxation).

--- Iteration 40/50 ---
Generating new constraint with inputs: (6788.323929550381, -9127.536225621468)
(constraint (= (fp32_sum #b0 #b10001011 #b10101000010001010010111 #b1 #b10001100 #b00011101001111000100101) (concat #b1 (concat #b10001010 #b00100100011001101101000))))
[CVC5] Solver timed out after 10 seconds.
[INFO] Timeout at this stage. Trying stage-0 (sign+exp) fallback...
(constraint (= ((_ extract 31 23) (fp32_sum #b0 #b10001011 #b10101000010001010010111 #b1 #b10001100 #b00011101001111000100101)) ((_ extract 31 23) (concat #b1 (concat #b10001010 #b00100100011001101101000)))))
[CVC5] Solver timed out after 10 seconds.
[INFO] Timeout. No staged fallback; skipping this sample.
SKIPPED: (6788.324, -9127.536) could not be added (even after relaxation).

--- Iteration 41/50 ---
Generating new constraint with inputs: (-6854.614912079289, -5537.069904334515)
(constraint (= (fp32_sum #b1 #b10001011 #b10101100011010011101011 #b1 #b10001011 #b01011010000100010001111) (concat #b1 (concat #b10001100 #b10000011001111010111101))))
[CVC5] Solver timed out after 10 seconds.
[INFO] Timeout at this stage. Trying stage-0 (sign+exp) fallback...
(constraint (= ((_ extract 31 23) (fp32_sum #b1 #b10001011 #b10101100011010011101011 #b1 #b10001011 #b01011010000100010001111)) ((_ extract 31 23) (concat #b1 (concat #b10001100 #b10000011001111010111101)))))
[CVC5] Solver timed out after 10 seconds.
[INFO] Timeout. No staged fallback; skipping this sample.
SKIPPED: (-6854.615, -5537.070) could not be added (even after relaxation).

--- Iteration 42/50 ---
Generating new constraint with inputs: (-9708.231303090142, 5069.104672048923)
(constraint (= (fp32_sum #b1 #b10001100 #b00101111011000011101101 #b0 #b10001011 #b00111100110100011010110) (concat #b1 (concat #b10001011 #b00100001111100100000100))))
[CVC5] Solver timed out after 10 seconds.
[INFO] Timeout at this stage. Trying stage-0 (sign+exp) fallback...
(constraint (= ((_ extract 31 23) (fp32_sum #b1 #b10001100 #b00101111011000011101101 #b0 #b10001011 #b00111100110100011010110)) ((_ extract 31 23) (concat #b1 (concat #b10001011 #b00100001111100100000100)))))
[CVC5] Solver timed out after 10 seconds.
[INFO] Timeout. No staged fallback; skipping this sample.
SKIPPED: (-9708.231, 5069.105) could not be added (even after relaxation).

--- Iteration 43/50 ---
Generating new constraint with inputs: (2935.807787775704, 864.033741017869)
(constraint (= (fp32_sum #b0 #b10001010 #b01101110111110011101101 #b0 #b10001000 #b10110000000001000101001) (concat #b0 (concat #b10001010 #b11011010111110101110111))))
[CVC5] Solver timed out after 10 seconds.
[INFO] Timeout at this stage. Trying stage-0 (sign+exp) fallback...
(constraint (= ((_ extract 31 23) (fp32_sum #b0 #b10001010 #b01101110111110011101101 #b0 #b10001000 #b10110000000001000101001)) ((_ extract 31 23) (concat #b0 (concat #b10001010 #b11011010111110101110111)))))
[CVC5] Solver timed out after 10 seconds.
[INFO] Timeout. No staged fallback; skipping this sample.
SKIPPED: (2935.808, 864.034) could not be added (even after relaxation).

--- Iteration 44/50 ---
Generating new constraint with inputs: (9893.309614717662, -2866.4407784524055)
(constraint (= (fp32_sum #b0 #b10001100 #b00110101001010100111101 #b1 #b10001010 #b01100110010011100001101) (concat #b0 (concat #b10001011 #b10110111001011011110100))))
[CVC5] Solver timed out after 10 seconds.
[INFO] Timeout at this stage. Trying stage-0 (sign+exp) fallback...
(constraint (= ((_ extract 31 23) (fp32_sum #b0 #b10001100 #b00110101001010100111101 #b1 #b10001010 #b01100110010011100001101)) ((_ extract 31 23) (concat #b0 (concat #b10001011 #b10110111001011011110100)))))
[CVC5] Solver timed out after 10 seconds.
[INFO] Timeout. No staged fallback; skipping this sample.
SKIPPED: (9893.310, -2866.441) could not be added (even after relaxation).

--- Iteration 45/50 ---
Generating new constraint with inputs: (-6019.06099847985, -7769.61634145035)
(constraint (= (fp32_sum #b1 #b10001011 #b01111000001100001111101 #b1 #b10001011 #b11100101100110011101110) (concat #b1 (concat #b10001100 #b10101110111001010110101))))
[CVC5] Solver timed out after 10 seconds.
[INFO] Timeout at this stage. Trying stage-0 (sign+exp) fallback...
(constraint (= ((_ extract 31 23) (fp32_sum #b1 #b10001011 #b01111000001100001111101 #b1 #b10001011 #b11100101100110011101110)) ((_ extract 31 23) (concat #b1 (concat #b10001100 #b10101110111001010110101)))))
[CVC5] Solver timed out after 10 seconds.
[INFO] Timeout. No staged fallback; skipping this sample.
SKIPPED: (-6019.061, -7769.616) could not be added (even after relaxation).

--- Iteration 46/50 ---
Generating new constraint with inputs: (-3197.3902713744783, 6761.13027688787)
(constraint (= (fp32_sum #b1 #b10001010 #b10001111101011000111111 #b0 #b10001011 #b10100110100100100001011) (concat #b0 (concat #b10001010 #b10111101011101111011000))))
[CVC5] Solver timed out after 10 seconds.
[INFO] Timeout at this stage. Trying stage-0 (sign+exp) fallback...
(constraint (= ((_ extract 31 23) (fp32_sum #b1 #b10001010 #b10001111101011000111111 #b0 #b10001011 #b10100110100100100001011)) ((_ extract 31 23) (concat #b0 (concat #b10001010 #b10111101011101111011000)))))
[CVC5] Solver timed out after 10 seconds.
[INFO] Timeout. No staged fallback; skipping this sample.
SKIPPED: (-3197.390, 6761.130) could not be added (even after relaxation).

--- Iteration 47/50 ---
Generating new constraint with inputs: (2134.540336832928, -8814.54944626711)
(constraint (= (fp32_sum #b0 #b10001010 #b00001010110100010100101 #b1 #b10001100 #b00010011011101000110011) (concat #b1 (concat #b10001011 #b10100001100000000010100))))
[CVC5] Solver timed out after 10 seconds.
[INFO] Timeout at this stage. Trying stage-0 (sign+exp) fallback...
(constraint (= ((_ extract 31 23) (fp32_sum #b0 #b10001010 #b00001010110100010100101 #b1 #b10001100 #b00010011011101000110011)) ((_ extract 31 23) (concat #b1 (concat #b10001011 #b10100001100000000010100)))))
[CVC5] Solver timed out after 10 seconds.
[INFO] Timeout. No staged fallback; skipping this sample.
SKIPPED: (2134.540, -8814.549) could not be added (even after relaxation).

--- Iteration 48/50 ---
Generating new constraint with inputs: (-1335.314845932422, -9040.366906543512)
(constraint (= (fp32_sum #b1 #b10001001 #b01001101110101000010011 #b1 #b10001100 #b00011010100000101111000) (concat #b1 (concat #b10001100 #b01000100001111010111010))))
[CVC5] Solver timed out after 10 seconds.
[INFO] Timeout at this stage. Trying stage-0 (sign+exp) fallback...
(constraint (= ((_ extract 31 23) (fp32_sum #b1 #b10001001 #b01001101110101000010011 #b1 #b10001100 #b00011010100000101111000)) ((_ extract 31 23) (concat #b1 (concat #b10001100 #b01000100001111010111010)))))
[CVC5] Solver timed out after 10 seconds.
[INFO] Timeout. No staged fallback; skipping this sample.
SKIPPED: (-1335.315, -9040.367) could not be added (even after relaxation).

--- Iteration 49/50 ---
Generating new constraint with inputs: (2461.7565384425707, -7550.208547311659)
(constraint (= (fp32_sum #b0 #b10001010 #b00110011101110000011011 #b1 #b10001011 #b11010111111000110101011) (concat #b1 (concat #b10001011 #b00111110000001110011110))))
[CVC5] Solver timed out after 10 seconds.
[INFO] Timeout at this stage. Trying stage-0 (sign+exp) fallback...
(constraint (= ((_ extract 31 23) (fp32_sum #b0 #b10001010 #b00110011101110000011011 #b1 #b10001011 #b11010111111000110101011)) ((_ extract 31 23) (concat #b1 (concat #b10001011 #b00111110000001110011110)))))
[CVC5] Solver timed out after 10 seconds.
[INFO] Timeout. No staged fallback; skipping this sample.
SKIPPED: (2461.757, -7550.209) could not be added (even after relaxation).

--- Iteration 50/50 ---
Generating new constraint with inputs: (-6411.195705456914, 2848.970701568871)
(constraint (= (fp32_sum #b1 #b10001011 #b10010000101100110010001 #b0 #b10001010 #b01100100000111110001000) (concat #b1 (concat #b10001010 #b10111101010001110011010))))
[CVC5] Solver timed out after 10 seconds.
[INFO] Timeout at this stage. Trying stage-0 (sign+exp) fallback...
(constraint (= ((_ extract 31 23) (fp32_sum #b1 #b10001011 #b10010000101100110010001 #b0 #b10001010 #b01100100000111110001000)) ((_ extract 31 23) (concat #b1 (concat #b10001010 #b10111101010001110011010)))))
[CVC5] Solver timed out after 10 seconds.
[INFO] Timeout. No staged fallback; skipping this sample.
SKIPPED: (-6411.196, 2848.971) could not be added (even after relaxation).


--- Synthesis Complete! ---

Constraints accepted: 11/50

--- Final Synthesized Program ---
(define-fun shr24_sat ((x (_ BitVec 24)) (d (_ BitVec 8))) (_ BitVec 24)
  (ite (bvuge d (_ bv24 8))
       (_ bv0 24)
       (bvlshr x ((_ zero_extend 16) d))))

(define-fun norm24_from_raw ((raw (_ BitVec 25))) (_ BitVec 24)
  (ite (= raw (_ bv0 25)) (_ bv0 24)
    (ite (= ((_ extract 24 24) raw) #b1) ((_ extract 24 1) raw)
      (ite (= ((_ extract 23 23) raw) #b1) ((_ extract 23 0) raw)
        (ite (= ((_ extract 22 22) raw) #b1) (concat ((_ extract 22 0) raw) (_ bv0 1))
          (ite (= ((_ extract 21 21) raw) #b1) (concat ((_ extract 21 0) raw) (_ bv0 2))
            (ite (= ((_ extract 20 20) raw) #b1) (concat ((_ extract 20 0) raw) (_ bv0 3))
              (ite (= ((_ extract 19 19) raw) #b1) (concat ((_ extract 19 0) raw) (_ bv0 4))
                (ite (= ((_ extract 18 18) raw) #b1) (concat ((_ extract 18 0) raw) (_ bv0 5))
                  (ite (= ((_ extract 17 17) raw) #b1) (concat ((_ extract 17 0) raw) (_ bv0 6))
                    (ite (= ((_ extract 16 16) raw) #b1) (concat ((_ extract 16 0) raw) (_ bv0 7))
                      (ite (= ((_ extract 15 15) raw) #b1) (concat ((_ extract 15 0) raw) (_ bv0 8))
                        (ite (= ((_ extract 14 14) raw) #b1) (concat ((_ extract 14 0) raw) (_ bv0 9))
                          (ite (= ((_ extract 13 13) raw) #b1) (concat ((_ extract 13 0) raw) (_ bv0 10))
                            (ite (= ((_ extract 12 12) raw) #b1) (concat ((_ extract 12 0) raw) (_ bv0 11))
                              (ite (= ((_ extract 11 11) raw) #b1) (concat ((_ extract 11 0) raw) (_ bv0 12))
                                (ite (= ((_ extract 10 10) raw) #b1) (concat ((_ extract 10 0) raw) (_ bv0 13))
                                  (ite (= ((_ extract 9 9) raw) #b1) (concat ((_ extract 9 0) raw) (_ bv0 14))
                                    (ite (= ((_ extract 8 8) raw) #b1) (concat ((_ extract 8 0) raw) (_ bv0 15))
                                      (ite (= ((_ extract 7 7) raw) #b1) (concat ((_ extract 7 0) raw) (_ bv0 16))
                                        (ite (= ((_ extract 6 6) raw) #b1) (concat ((_ extract 6 0) raw) (_ bv0 17))
                                          (ite (= ((_ extract 5 5) raw) #b1) (concat ((_ extract 5 0) raw) (_ bv0 18))
                                            (ite (= ((_ extract 4 4) raw) #b1) (concat ((_ extract 4 0) raw) (_ bv0 19))
                                              (ite (= ((_ extract 3 3) raw) #b1) (concat ((_ extract 3 0) raw) (_ bv0 20))
                                                (ite (= ((_ extract 2 2) raw) #b1) (concat ((_ extract 2 0) raw) (_ bv0 21))
                                                  (ite (= ((_ extract 1 1) raw) #b1) (concat ((_ extract 1 0) raw) (_ bv0 22))
                                                    (concat ((_ extract 0 0) raw) (_ bv0 23))))))))))))))))))))))))))))

(define-fun exp_delta_from_raw ((raw (_ BitVec 25))) (_ BitVec 8)
  (ite (= raw (_ bv0 25)) (_ bv0 8)
    (ite (= ((_ extract 24 24) raw) #b1) (_ bv1 8)
      (ite (= ((_ extract 23 23) raw) #b1) (_ bv0 8)
        (ite (= ((_ extract 22 22) raw) #b1) (bvneg (_ bv1 8))
          (ite (= ((_ extract 21 21) raw) #b1) (bvneg (_ bv2 8))
            (ite (= ((_ extract 20 20) raw) #b1) (bvneg (_ bv3 8))
              (ite (= ((_ extract 19 19) raw) #b1) (bvneg (_ bv4 8))
                (ite (= ((_ extract 18 18) raw) #b1) (bvneg (_ bv5 8))
                  (ite (= ((_ extract 17 17) raw) #b1) (bvneg (_ bv6 8))
                    (ite (= ((_ extract 16 16) raw) #b1) (bvneg (_ bv7 8))
                      (ite (= ((_ extract 15 15) raw) #b1) (bvneg (_ bv8 8))
                        (ite (= ((_ extract 14 14) raw) #b1) (bvneg (_ bv9 8))
                          (ite (= ((_ extract 13 13) raw) #b1) (bvneg (_ bv10 8))
                            (ite (= ((_ extract 12 12) raw) #b1) (bvneg (_ bv11 8))
                              (ite (= ((_ extract 11 11) raw) #b1) (bvneg (_ bv12 8))
                                (ite (= ((_ extract 10 10) raw) #b1) (bvneg (_ bv13 8))
                                  (ite (= ((_ extract 9 9) raw) #b1) (bvneg (_ bv14 8))
                                    (ite (= ((_ extract 8 8) raw) #b1) (bvneg (_ bv15 8))
                                      (ite (= ((_ extract 7 7) raw) #b1) (bvneg (_ bv16 8))
                                        (ite (= ((_ extract 6 6) raw) #b1) (bvneg (_ bv17 8))
                                          (ite (= ((_ extract 5 5) raw) #b1) (bvneg (_ bv18 8))
                                            (ite (= ((_ extract 4 4) raw) #b1) (bvneg (_ bv19 8))
                                              (ite (= ((_ extract 3 3) raw) #b1) (bvneg (_ bv20 8))
                                                (ite (= ((_ extract 2 2) raw) #b1) (bvneg (_ bv21 8))
                                                  (ite (= ((_ extract 1 1) raw) #b1) (bvneg (_ bv22 8))
                                                    (bvneg (_ bv23 8))))))))))))))))))))))))))))

(define-fun fp32_sum ((s1 (_ BitVec 1)) (e1 (_ BitVec 8)) (m1 (_ BitVec 23)) (s2 (_ BitVec 1)) (e2 (_ BitVec 8)) (m2 (_ BitVec 23))) (_ BitVec 32) (let ((_let_1 (concat #b1 m1))) (let ((_let_2 (concat #b1 m2))) (let ((_let_3 (bvuge e1 e2))) (let ((_let_4 (bvadd ((_ zero_extend 1) (ite _let_3 _let_1 _let_2)) ((_ zero_extend 1) (shr24_sat (ite _let_3 _let_2 _let_1) (bvsub e1 e2)))))) (concat s1 (concat (bvadd (ite (bvugt e1 e2) e1 e2) (exp_delta_from_raw _let_4)) ((_ extract 22 0) (norm24_from_raw _let_4)))))))))

 Solution saved to: results/smt2/hpsweep_fp32_add_combined_t10_i50_r03.smt2

Translating SMT output to C using smt2c...
[INFO] Found 4 define-fun block(s). Order passed to smt2c:
    - shr24_sat
    - norm24_from_raw
    - exp_delta_from_raw
    - fp32_sum
C file saved to: results/c/hpsweep_fp32_add_combined_t10_i50_r03.c

Generated C code:

ap_uint<24> shr24_sat(ap_uint<24> x, unsigned char d) {
  return d >= 24 ? (ap_uint<24>)  0 : (ap_uint<24>)  x >> (ap_uint<24>)d;
}

ap_uint<24> norm24_from_raw(ap_uint<25> raw) {
  ap_uint<1> __smt2c_ext_0 = ((ap_uint<25>)raw).range(24, 24);
  ap_uint<24> __smt2c_ext_1 = ((ap_uint<25>)raw).range(24, 1);
  ap_uint<1> __smt2c_ext_2 = ((ap_uint<25>)raw).range(23, 23);
  ap_uint<24> __smt2c_ext_3 = ((ap_uint<25>)raw).range(23, 0);
  ap_uint<1> __smt2c_ext_4 = ((ap_uint<25>)raw).range(22, 22);
  ap_uint<23> __smt2c_ext_5 = ((ap_uint<25>)raw).range(22, 0);
  ap_uint<1> __smt2c_ext_6 = ((ap_uint<25>)raw).range(21, 21);
  ap_uint<22> __smt2c_ext_7 = ((ap_uint<25>)raw).range(21, 0);
  ap_uint<1> __smt2c_ext_8 = ((ap_uint<25>)raw).range(20, 20);
  ap_uint<21> __smt2c_ext_9 = ((ap_uint<25>)raw).range(20, 0);
  ap_uint<1> __smt2c_ext_10 = ((ap_uint<25>)raw).range(19, 19);
  ap_uint<20> __smt2c_ext_11 = ((ap_uint<25>)raw).range(19, 0);
  ap_uint<1> __smt2c_ext_12 = ((ap_uint<25>)raw).range(18, 18);
  ap_uint<19> __smt2c_ext_13 = ((ap_uint<25>)raw).range(18, 0);
  ap_uint<1> __smt2c_ext_14 = ((ap_uint<25>)raw).range(17, 17);
  ap_uint<18> __smt2c_ext_15 = ((ap_uint<25>)raw).range(17, 0);
  ap_uint<1> __smt2c_ext_16 = ((ap_uint<25>)raw).range(16, 16);
  ap_uint<17> __smt2c_ext_17 = ((ap_uint<25>)raw).range(16, 0);
  ap_uint<1> __smt2c_ext_18 = ((ap_uint<25>)raw).range(15, 15);
  unsigned short int __smt2c_ext_19 = ((ap_uint<25>)raw).range(15, 0);
  ap_uint<1> __smt2c_ext_20 = ((ap_uint<25>)raw).range(14, 14);
  ap_uint<15> __smt2c_ext_21 = ((ap_uint<25>)raw).range(14, 0);
  ap_uint<1> __smt2c_ext_22 = ((ap_uint<25>)raw).range(13, 13);
  ap_uint<14> __smt2c_ext_23 = ((ap_uint<25>)raw).range(13, 0);
  ap_uint<1> __smt2c_ext_24 = ((ap_uint<25>)raw).range(12, 12);
  ap_uint<13> __smt2c_ext_25 = ((ap_uint<25>)raw).range(12, 0);
  ap_uint<1> __smt2c_ext_26 = ((ap_uint<25>)raw).range(11, 11);
  ap_uint<12> __smt2c_ext_27 = ((ap_uint<25>)raw).range(11, 0);
  ap_uint<1> __smt2c_ext_28 = ((ap_uint<25>)raw).range(10, 10);
  ap_uint<11> __smt2c_ext_29 = ((ap_uint<25>)raw).range(10, 0);
  ap_uint<1> __smt2c_ext_30 = ((ap_uint<25>)raw).range(9, 9);
  ap_uint<10> __smt2c_ext_31 = ((ap_uint<25>)raw).range(9, 0);
  ap_uint<1> __smt2c_ext_32 = ((ap_uint<25>)raw).range(8, 8);
  ap_uint<9> __smt2c_ext_33 = ((ap_uint<25>)raw).range(8, 0);
  ap_uint<1> __smt2c_ext_34 = ((ap_uint<25>)raw).range(7, 7);
  unsigned char __smt2c_ext_35 = ((ap_uint<25>)raw).range(7, 0);
  ap_uint<1> __smt2c_ext_36 = ((ap_uint<25>)raw).range(6, 6);
  ap_uint<7> __smt2c_ext_37 = ((ap_uint<25>)raw).range(6, 0);
  ap_uint<1> __smt2c_ext_38 = ((ap_uint<25>)raw).range(5, 5);
  ap_uint<6> __smt2c_ext_39 = ((ap_uint<25>)raw).range(5, 0);
  ap_uint<1> __smt2c_ext_40 = ((ap_uint<25>)raw).range(4, 4);
  ap_uint<5> __smt2c_ext_41 = ((ap_uint<25>)raw).range(4, 0);
  ap_uint<1> __smt2c_ext_42 = ((ap_uint<25>)raw).range(3, 3);
  ap_uint<4> __smt2c_ext_43 = ((ap_uint<25>)raw).range(3, 0);
  ap_uint<1> __smt2c_ext_44 = ((ap_uint<25>)raw).range(2, 2);
  ap_uint<3> __smt2c_ext_45 = ((ap_uint<25>)raw).range(2, 0);
  ap_uint<1> __smt2c_ext_46 = ((ap_uint<25>)raw).range(1, 1);
  ap_uint<2> __smt2c_ext_47 = ((ap_uint<25>)raw).range(1, 0);
  ap_uint<1> __smt2c_ext_48 = ((ap_uint<25>)raw).range(0, 0);
  ap_uint<24> __smt2c_result;
  if(raw == 0) {
    __smt2c_result = 0;
  }
  else if(__smt2c_ext_0 == 1) {
    __smt2c_result = __smt2c_ext_1;
  }
  else if(__smt2c_ext_2 == 1) {
    __smt2c_result = __smt2c_ext_3;
  }
  else if(__smt2c_ext_4 == 1) {
    __smt2c_result = (ap_uint<24>)__smt2c_ext_5 << 1 | (ap_uint<24>)0;
  }
  else if(__smt2c_ext_6 == 1) {
    __smt2c_result = (ap_uint<24>)__smt2c_ext_7 << 2 | (ap_uint<24>)0;
  }
  else if(__smt2c_ext_8 == 1) {
    __smt2c_result = (ap_uint<24>)__smt2c_ext_9 << 3 | (ap_uint<24>)0;
  }
  else if(__smt2c_ext_10 == 1) {
    __smt2c_result = (ap_uint<24>)__smt2c_ext_11 << 4 | (ap_uint<24>)0;
  }
  else if(__smt2c_ext_12 == 1) {
    __smt2c_result = (ap_uint<24>)__smt2c_ext_13 << 5 | (ap_uint<24>)0;
  }
  else if(__smt2c_ext_14 == 1) {
    __smt2c_result = (ap_uint<24>)__smt2c_ext_15 << 6 | (ap_uint<24>)0;
  }
  else if(__smt2c_ext_16 == 1) {
    __smt2c_result = (ap_uint<24>)__smt2c_ext_17 << 7 | (ap_uint<24>)0;
  }
  else if(__smt2c_ext_18 == 1) {
    __smt2c_result = (ap_uint<24>)__smt2c_ext_19 << 8 | (ap_uint<24>)0;
  }
  else if(__smt2c_ext_20 == 1) {
    __smt2c_result = (ap_uint<24>)__smt2c_ext_21 << 9 | (ap_uint<24>)0;
  }
  else if(__smt2c_ext_22 == 1) {
    __smt2c_result = (ap_uint<24>)__smt2c_ext_23 << 10 | (ap_uint<24>)0;
  }
  else if(__smt2c_ext_24 == 1) {
    __smt2c_result = (ap_uint<24>)__smt2c_ext_25 << 11 | (ap_uint<24>)0;
  }
  else if(__smt2c_ext_26 == 1) {
    __smt2c_result = (ap_uint<24>)__smt2c_ext_27 << 12 | (ap_uint<24>)0;
  }
  else if(__smt2c_ext_28 == 1) {
    __smt2c_result = (ap_uint<24>)__smt2c_ext_29 << 13 | (ap_uint<24>)0;
  }
  else if(__smt2c_ext_30 == 1) {
    __smt2c_result = (ap_uint<24>)__smt2c_ext_31 << 14 | (ap_uint<24>)0;
  }
  else if(__smt2c_ext_32 == 1) {
    __smt2c_result = (ap_uint<24>)__smt2c_ext_33 << 15 | (ap_uint<24>)0;
  }
  else if(__smt2c_ext_34 == 1) {
    __smt2c_result = (ap_uint<24>)__smt2c_ext_35 << 16 | (ap_uint<24>)0;
  }
  else if(__smt2c_ext_36 == 1) {
    __smt2c_result = (ap_uint<24>)__smt2c_ext_37 << 17 | (ap_uint<24>)0;
  }
  else if(__smt2c_ext_38 == 1) {
    __smt2c_result = (ap_uint<24>)__smt2c_ext_39 << 18 | (ap_uint<24>)0;
  }
  else if(__smt2c_ext_40 == 1) {
    __smt2c_result = (ap_uint<24>)__smt2c_ext_41 << 19 | (ap_uint<24>)0;
  }
  else if(__smt2c_ext_42 == 1) {
    __smt2c_result = (ap_uint<24>)__smt2c_ext_43 << 20 | (ap_uint<24>)0;
  }
  else if(__smt2c_ext_44 == 1) {
    __smt2c_result = (ap_uint<24>)__smt2c_ext_45 << 21 | (ap_uint<24>)0;
  }
  else if(__smt2c_ext_46 == 1) {
    __smt2c_result = (ap_uint<24>)__smt2c_ext_47 << 22 | (ap_uint<24>)0;
  }
  else {
    __smt2c_result = (ap_uint<24>)__smt2c_ext_48 << 23 | (ap_uint<24>)0;
  }
  return __smt2c_result;
}

unsigned char exp_delta_from_raw(ap_uint<25> raw) {
  ap_uint<1> __smt2c_ext_0 = ((ap_uint<25>)raw).range(24, 24);
  ap_uint<1> __smt2c_ext_1 = ((ap_uint<25>)raw).range(23, 23);
  ap_uint<1> __smt2c_ext_2 = ((ap_uint<25>)raw).range(22, 22);
  ap_uint<1> __smt2c_ext_3 = ((ap_uint<25>)raw).range(21, 21);
  ap_uint<1> __smt2c_ext_4 = ((ap_uint<25>)raw).range(20, 20);
  ap_uint<1> __smt2c_ext_5 = ((ap_uint<25>)raw).range(19, 19);
  ap_uint<1> __smt2c_ext_6 = ((ap_uint<25>)raw).range(18, 18);
  ap_uint<1> __smt2c_ext_7 = ((ap_uint<25>)raw).range(17, 17);
  ap_uint<1> __smt2c_ext_8 = ((ap_uint<25>)raw).range(16, 16);
  ap_uint<1> __smt2c_ext_9 = ((ap_uint<25>)raw).range(15, 15);
  ap_uint<1> __smt2c_ext_10 = ((ap_uint<25>)raw).range(14, 14);
  ap_uint<1> __smt2c_ext_11 = ((ap_uint<25>)raw).range(13, 13);
  ap_uint<1> __smt2c_ext_12 = ((ap_uint<25>)raw).range(12, 12);
  ap_uint<1> __smt2c_ext_13 = ((ap_uint<25>)raw).range(11, 11);
  ap_uint<1> __smt2c_ext_14 = ((ap_uint<25>)raw).range(10, 10);
  ap_uint<1> __smt2c_ext_15 = ((ap_uint<25>)raw).range(9, 9);
  ap_uint<1> __smt2c_ext_16 = ((ap_uint<25>)raw).range(8, 8);
  ap_uint<1> __smt2c_ext_17 = ((ap_uint<25>)raw).range(7, 7);
  ap_uint<1> __smt2c_ext_18 = ((ap_uint<25>)raw).range(6, 6);
  ap_uint<1> __smt2c_ext_19 = ((ap_uint<25>)raw).range(5, 5);
  ap_uint<1> __smt2c_ext_20 = ((ap_uint<25>)raw).range(4, 4);
  ap_uint<1> __smt2c_ext_21 = ((ap_uint<25>)raw).range(3, 3);
  ap_uint<1> __smt2c_ext_22 = ((ap_uint<25>)raw).range(2, 2);
  ap_uint<1> __smt2c_ext_23 = ((ap_uint<25>)raw).range(1, 1);
  unsigned char __smt2c_result;
  if(raw == 0) {
    __smt2c_result = 0;
  }
  else if(__smt2c_ext_0 == 1) {
    __smt2c_result = 1;
  }
  else if(__smt2c_ext_1 == 1) {
    __smt2c_result = 0;
  }
  else if(__smt2c_ext_2 == 1) {
    __smt2c_result = -1;
  }
  else if(__smt2c_ext_3 == 1) {
    __smt2c_result = -2;
  }
  else if(__smt2c_ext_4 == 1) {
    __smt2c_result = -3;
  }
  else if(__smt2c_ext_5 == 1) {
    __smt2c_result = -4;
  }
  else if(__smt2c_ext_6 == 1) {
    __smt2c_result = -5;
  }
  else if(__smt2c_ext_7 == 1) {
    __smt2c_result = -6;
  }
  else if(__smt2c_ext_8 == 1) {
    __smt2c_result = -7;
  }
  else if(__smt2c_ext_9 == 1) {
    __smt2c_result = -8;
  }
  else if(__smt2c_ext_10 == 1) {
    __smt2c_result = -9;
  }
  else if(__smt2c_ext_11 == 1) {
    __smt2c_result = -10;
  }
  else if(__smt2c_ext_12 == 1) {
    __smt2c_result = -11;
  }
  else if(__smt2c_ext_13 == 1) {
    __smt2c_result = -12;
  }
  else if(__smt2c_ext_14 == 1) {
    __smt2c_result = -13;
  }
  else if(__smt2c_ext_15 == 1) {
    __smt2c_result = -14;
  }
  else if(__smt2c_ext_16 == 1) {
    __smt2c_result = -15;
  }
  else if(__smt2c_ext_17 == 1) {
    __smt2c_result = -16;
  }
  else if(__smt2c_ext_18 == 1) {
    __smt2c_result = -17;
  }
  else if(__smt2c_ext_19 == 1) {
    __smt2c_result = -18;
  }
  else if(__smt2c_ext_20 == 1) {
    __smt2c_result = -19;
  }
  else if(__smt2c_ext_21 == 1) {
    __smt2c_result = -20;
  }
  else if(__smt2c_ext_22 == 1) {
    __smt2c_result = -21;
  }
  else if(__smt2c_ext_23 == 1) {
    __smt2c_result = -22;
  }
  else {
    __smt2c_result = -23;
  }
  return __smt2c_result;
}

unsigned int fp32_sum(ap_uint<1> s1, unsigned char e1, ap_uint<23> m1, ap_uint<1> s2, unsigned char e2, ap_uint<23> m2) {
  ap_uint<24> _let_1 = (ap_uint<24>)1 << 23 | (ap_uint<24>)m1;
  ap_uint<24> _let_2 = (ap_uint<24>)1 << 23 | (ap_uint<24>)m2;
  __CPROVER_bool _let_3 = e1 >= e2;
  ap_uint<25> _let_4 = (ap_uint<25>)(_let_3 ? (ap_uint<24>)  _let_1 : (ap_uint<24>)  _let_2) + (ap_uint<25>)shr24_sat(_let_3 ? (ap_uint<24>)  _let_2 : (ap_uint<24>)  _let_1, e1 - e2);
  ap_uint<24> __smt2c_src_0 = norm24_from_raw(_let_4);
  ap_uint<23> __smt2c_ext_1 = ((ap_uint<24>)__smt2c_src_0).range(22, 0);
  return (unsigned int)s1 << 31 | (unsigned int)((ap_uint<31>)((e1 > e2 ? (unsigned char)  e1 : (unsigned char)  e2) + exp_delta_from_raw(_let_4)) << 23 | (ap_uint<31>)__smt2c_ext_1);
}

Converting C output to HLS-compatible C++...

HLS C++ file saved to: /home/joe/Desktop/Uni/Year_4/Dissertation/Program-Synthesis-for-Efficient-ML/results/cpp/hpsweep_fp32_add_combined_t10_i50_r03.cpp
Generated HLS-ready C++ code:

#include <ap_int.h>

ap_uint<24> shr24_sat(ap_uint<24> x, ap_uint<8> d) {
  return d >= 24 ? (ap_uint<24>)  0 : (ap_uint<24>)  x >> (ap_uint<24>)d;
}

ap_uint<24> norm24_from_raw(ap_uint<25> raw) {
  ap_uint<1> __smt2c_ext_0 = ((ap_uint<25>)raw).range(24, 24);
  ap_uint<24> __smt2c_ext_1 = ((ap_uint<25>)raw).range(24, 1);
  ap_uint<1> __smt2c_ext_2 = ((ap_uint<25>)raw).range(23, 23);
  ap_uint<24> __smt2c_ext_3 = ((ap_uint<25>)raw).range(23, 0);
  ap_uint<1> __smt2c_ext_4 = ((ap_uint<25>)raw).range(22, 22);
  ap_uint<23> __smt2c_ext_5 = ((ap_uint<25>)raw).range(22, 0);
  ap_uint<1> __smt2c_ext_6 = ((ap_uint<25>)raw).range(21, 21);
  ap_uint<22> __smt2c_ext_7 = ((ap_uint<25>)raw).range(21, 0);
  ap_uint<1> __smt2c_ext_8 = ((ap_uint<25>)raw).range(20, 20);
  ap_uint<21> __smt2c_ext_9 = ((ap_uint<25>)raw).range(20, 0);
  ap_uint<1> __smt2c_ext_10 = ((ap_uint<25>)raw).range(19, 19);
  ap_uint<20> __smt2c_ext_11 = ((ap_uint<25>)raw).range(19, 0);
  ap_uint<1> __smt2c_ext_12 = ((ap_uint<25>)raw).range(18, 18);
  ap_uint<19> __smt2c_ext_13 = ((ap_uint<25>)raw).range(18, 0);
  ap_uint<1> __smt2c_ext_14 = ((ap_uint<25>)raw).range(17, 17);
  ap_uint<18> __smt2c_ext_15 = ((ap_uint<25>)raw).range(17, 0);
  ap_uint<1> __smt2c_ext_16 = ((ap_uint<25>)raw).range(16, 16);
  ap_uint<17> __smt2c_ext_17 = ((ap_uint<25>)raw).range(16, 0);
  ap_uint<1> __smt2c_ext_18 = ((ap_uint<25>)raw).range(15, 15);
  ap_uint<16> __smt2c_ext_19 = ((ap_uint<25>)raw).range(15, 0);
  ap_uint<1> __smt2c_ext_20 = ((ap_uint<25>)raw).range(14, 14);
  ap_uint<15> __smt2c_ext_21 = ((ap_uint<25>)raw).range(14, 0);
  ap_uint<1> __smt2c_ext_22 = ((ap_uint<25>)raw).range(13, 13);
  ap_uint<14> __smt2c_ext_23 = ((ap_uint<25>)raw).range(13, 0);
  ap_uint<1> __smt2c_ext_24 = ((ap_uint<25>)raw).range(12, 12);
  ap_uint<13> __smt2c_ext_25 = ((ap_uint<25>)raw).range(12, 0);
  ap_uint<1> __smt2c_ext_26 = ((ap_uint<25>)raw).range(11, 11);
  ap_uint<12> __smt2c_ext_27 = ((ap_uint<25>)raw).range(11, 0);
  ap_uint<1> __smt2c_ext_28 = ((ap_uint<25>)raw).range(10, 10);
  ap_uint<11> __smt2c_ext_29 = ((ap_uint<25>)raw).range(10, 0);
  ap_uint<1> __smt2c_ext_30 = ((ap_uint<25>)raw).range(9, 9);
  ap_uint<10> __smt2c_ext_31 = ((ap_uint<25>)raw).range(9, 0);
  ap_uint<1> __smt2c_ext_32 = ((ap_uint<25>)raw).range(8, 8);
  ap_uint<9> __smt2c_ext_33 = ((ap_uint<25>)raw).range(8, 0);
  ap_uint<1> __smt2c_ext_34 = ((ap_uint<25>)raw).range(7, 7);
  ap_uint<8> __smt2c_ext_35 = ((ap_uint<25>)raw).range(7, 0);
  ap_uint<1> __smt2c_ext_36 = ((ap_uint<25>)raw).range(6, 6);
  ap_uint<7> __smt2c_ext_37 = ((ap_uint<25>)raw).range(6, 0);
  ap_uint<1> __smt2c_ext_38 = ((ap_uint<25>)raw).range(5, 5);
  ap_uint<6> __smt2c_ext_39 = ((ap_uint<25>)raw).range(5, 0);
  ap_uint<1> __smt2c_ext_40 = ((ap_uint<25>)raw).range(4, 4);
  ap_uint<5> __smt2c_ext_41 = ((ap_uint<25>)raw).range(4, 0);
  ap_uint<1> __smt2c_ext_42 = ((ap_uint<25>)raw).range(3, 3);
  ap_uint<4> __smt2c_ext_43 = ((ap_uint<25>)raw).range(3, 0);
  ap_uint<1> __smt2c_ext_44 = ((ap_uint<25>)raw).range(2, 2);
  ap_uint<3> __smt2c_ext_45 = ((ap_uint<25>)raw).range(2, 0);
  ap_uint<1> __smt2c_ext_46 = ((ap_uint<25>)raw).range(1, 1);
  ap_uint<2> __smt2c_ext_47 = ((ap_uint<25>)raw).range(1, 0);
  ap_uint<1> __smt2c_ext_48 = ((ap_uint<25>)raw).range(0, 0);
  ap_uint<24> __smt2c_result;
  if(raw == 0) {
    __smt2c_result = 0;
  }
  else if(__smt2c_ext_0 == 1) {
    __smt2c_result = __smt2c_ext_1;
  }
  else if(__smt2c_ext_2 == 1) {
    __smt2c_result = __smt2c_ext_3;
  }
  else if(__smt2c_ext_4 == 1) {
    __smt2c_result = (ap_uint<24>)__smt2c_ext_5 << 1 | (ap_uint<24>)0;
  }
  else if(__smt2c_ext_6 == 1) {
    __smt2c_result = (ap_uint<24>)__smt2c_ext_7 << 2 | (ap_uint<24>)0;
  }
  else if(__smt2c_ext_8 == 1) {
    __smt2c_result = (ap_uint<24>)__smt2c_ext_9 << 3 | (ap_uint<24>)0;
  }
  else if(__smt2c_ext_10 == 1) {
    __smt2c_result = (ap_uint<24>)__smt2c_ext_11 << 4 | (ap_uint<24>)0;
  }
  else if(__smt2c_ext_12 == 1) {
    __smt2c_result = (ap_uint<24>)__smt2c_ext_13 << 5 | (ap_uint<24>)0;
  }
  else if(__smt2c_ext_14 == 1) {
    __smt2c_result = (ap_uint<24>)__smt2c_ext_15 << 6 | (ap_uint<24>)0;
  }
  else if(__smt2c_ext_16 == 1) {
    __smt2c_result = (ap_uint<24>)__smt2c_ext_17 << 7 | (ap_uint<24>)0;
  }
  else if(__smt2c_ext_18 == 1) {
    __smt2c_result = (ap_uint<24>)__smt2c_ext_19 << 8 | (ap_uint<24>)0;
  }
  else if(__smt2c_ext_20 == 1) {
    __smt2c_result = (ap_uint<24>)__smt2c_ext_21 << 9 | (ap_uint<24>)0;
  }
  else if(__smt2c_ext_22 == 1) {
    __smt2c_result = (ap_uint<24>)__smt2c_ext_23 << 10 | (ap_uint<24>)0;
  }
  else if(__smt2c_ext_24 == 1) {
    __smt2c_result = (ap_uint<24>)__smt2c_ext_25 << 11 | (ap_uint<24>)0;
  }
  else if(__smt2c_ext_26 == 1) {
    __smt2c_result = (ap_uint<24>)__smt2c_ext_27 << 12 | (ap_uint<24>)0;
  }
  else if(__smt2c_ext_28 == 1) {
    __smt2c_result = (ap_uint<24>)__smt2c_ext_29 << 13 | (ap_uint<24>)0;
  }
  else if(__smt2c_ext_30 == 1) {
    __smt2c_result = (ap_uint<24>)__smt2c_ext_31 << 14 | (ap_uint<24>)0;
  }
  else if(__smt2c_ext_32 == 1) {
    __smt2c_result = (ap_uint<24>)__smt2c_ext_33 << 15 | (ap_uint<24>)0;
  }
  else if(__smt2c_ext_34 == 1) {
    __smt2c_result = (ap_uint<24>)__smt2c_ext_35 << 16 | (ap_uint<24>)0;
  }
  else if(__smt2c_ext_36 == 1) {
    __smt2c_result = (ap_uint<24>)__smt2c_ext_37 << 17 | (ap_uint<24>)0;
  }
  else if(__smt2c_ext_38 == 1) {
    __smt2c_result = (ap_uint<24>)__smt2c_ext_39 << 18 | (ap_uint<24>)0;
  }
  else if(__smt2c_ext_40 == 1) {
    __smt2c_result = (ap_uint<24>)__smt2c_ext_41 << 19 | (ap_uint<24>)0;
  }
  else if(__smt2c_ext_42 == 1) {
    __smt2c_result = (ap_uint<24>)__smt2c_ext_43 << 20 | (ap_uint<24>)0;
  }
  else if(__smt2c_ext_44 == 1) {
    __smt2c_result = (ap_uint<24>)__smt2c_ext_45 << 21 | (ap_uint<24>)0;
  }
  else if(__smt2c_ext_46 == 1) {
    __smt2c_result = (ap_uint<24>)__smt2c_ext_47 << 22 | (ap_uint<24>)0;
  }
  else {
    __smt2c_result = (ap_uint<24>)__smt2c_ext_48 << 23 | (ap_uint<24>)0;
  }
  return __smt2c_result;
}

ap_uint<8> exp_delta_from_raw(ap_uint<25> raw) {
  ap_uint<1> __smt2c_ext_0 = ((ap_uint<25>)raw).range(24, 24);
  ap_uint<1> __smt2c_ext_1 = ((ap_uint<25>)raw).range(23, 23);
  ap_uint<1> __smt2c_ext_2 = ((ap_uint<25>)raw).range(22, 22);
  ap_uint<1> __smt2c_ext_3 = ((ap_uint<25>)raw).range(21, 21);
  ap_uint<1> __smt2c_ext_4 = ((ap_uint<25>)raw).range(20, 20);
  ap_uint<1> __smt2c_ext_5 = ((ap_uint<25>)raw).range(19, 19);
  ap_uint<1> __smt2c_ext_6 = ((ap_uint<25>)raw).range(18, 18);
  ap_uint<1> __smt2c_ext_7 = ((ap_uint<25>)raw).range(17, 17);
  ap_uint<1> __smt2c_ext_8 = ((ap_uint<25>)raw).range(16, 16);
  ap_uint<1> __smt2c_ext_9 = ((ap_uint<25>)raw).range(15, 15);
  ap_uint<1> __smt2c_ext_10 = ((ap_uint<25>)raw).range(14, 14);
  ap_uint<1> __smt2c_ext_11 = ((ap_uint<25>)raw).range(13, 13);
  ap_uint<1> __smt2c_ext_12 = ((ap_uint<25>)raw).range(12, 12);
  ap_uint<1> __smt2c_ext_13 = ((ap_uint<25>)raw).range(11, 11);
  ap_uint<1> __smt2c_ext_14 = ((ap_uint<25>)raw).range(10, 10);
  ap_uint<1> __smt2c_ext_15 = ((ap_uint<25>)raw).range(9, 9);
  ap_uint<1> __smt2c_ext_16 = ((ap_uint<25>)raw).range(8, 8);
  ap_uint<1> __smt2c_ext_17 = ((ap_uint<25>)raw).range(7, 7);
  ap_uint<1> __smt2c_ext_18 = ((ap_uint<25>)raw).range(6, 6);
  ap_uint<1> __smt2c_ext_19 = ((ap_uint<25>)raw).range(5, 5);
  ap_uint<1> __smt2c_ext_20 = ((ap_uint<25>)raw).range(4, 4);
  ap_uint<1> __smt2c_ext_21 = ((ap_uint<25>)raw).range(3, 3);
  ap_uint<1> __smt2c_ext_22 = ((ap_uint<25>)raw).range(2, 2);
  ap_uint<1> __smt2c_ext_23 = ((ap_uint<25>)raw).range(1, 1);
  ap_uint<8> __smt2c_result;
  if(raw == 0) {
    __smt2c_result = 0;
  }
  else if(__smt2c_ext_0 == 1) {
    __smt2c_result = 1;
  }
  else if(__smt2c_ext_1 == 1) {
    __smt2c_result = 0;
  }
  else if(__smt2c_ext_2 == 1) {
    __smt2c_result = -1;
  }
  else if(__smt2c_ext_3 == 1) {
    __smt2c_result = -2;
  }
  else if(__smt2c_ext_4 == 1) {
    __smt2c_result = -3;
  }
  else if(__smt2c_ext_5 == 1) {
    __smt2c_result = -4;
  }
  else if(__smt2c_ext_6 == 1) {
    __smt2c_result = -5;
  }
  else if(__smt2c_ext_7 == 1) {
    __smt2c_result = -6;
  }
  else if(__smt2c_ext_8 == 1) {
    __smt2c_result = -7;
  }
  else if(__smt2c_ext_9 == 1) {
    __smt2c_result = -8;
  }
  else if(__smt2c_ext_10 == 1) {
    __smt2c_result = -9;
  }
  else if(__smt2c_ext_11 == 1) {
    __smt2c_result = -10;
  }
  else if(__smt2c_ext_12 == 1) {
    __smt2c_result = -11;
  }
  else if(__smt2c_ext_13 == 1) {
    __smt2c_result = -12;
  }
  else if(__smt2c_ext_14 == 1) {
    __smt2c_result = -13;
  }
  else if(__smt2c_ext_15 == 1) {
    __smt2c_result = -14;
  }
  else if(__smt2c_ext_16 == 1) {
    __smt2c_result = -15;
  }
  else if(__smt2c_ext_17 == 1) {
    __smt2c_result = -16;
  }
  else if(__smt2c_ext_18 == 1) {
    __smt2c_result = -17;
  }
  else if(__smt2c_ext_19 == 1) {
    __smt2c_result = -18;
  }
  else if(__smt2c_ext_20 == 1) {
    __smt2c_result = -19;
  }
  else if(__smt2c_ext_21 == 1) {
    __smt2c_result = -20;
  }
  else if(__smt2c_ext_22 == 1) {
    __smt2c_result = -21;
  }
  else if(__smt2c_ext_23 == 1) {
    __smt2c_result = -22;
  }
  else {
    __smt2c_result = -23;
  }
  return __smt2c_result;
}

ap_uint<32> fp32_sum(ap_uint<1> s1, ap_uint<8> e1, ap_uint<23> m1, ap_uint<1> s2, ap_uint<8> e2, ap_uint<23> m2) {
  ap_uint<24> _let_1 = (ap_uint<24>)1 << 23 | (ap_uint<24>)m1;
  ap_uint<24> _let_2 = (ap_uint<24>)1 << 23 | (ap_uint<24>)m2;
  bool _let_3 = e1 >= e2;
  ap_uint<25> _let_4 = ap_uint<25>(((_let_3 ? (ap_uint<24>)  _let_1 : (ap_uint<24>)  _let_2) + (ap_uint<25>)shr24_sat(_let_3 ? (ap_uint<24>)  _let_2 : (ap_uint<24>)  _let_1, e1 - e2)));
  ap_uint<24> __smt2c_src_0 = norm24_from_raw(_let_4);
  ap_uint<23> __smt2c_ext_1 = ((ap_uint<24>)__smt2c_src_0).range(22, 0);
  return (ap_uint<32>)s1 << 31 | (ap_uint<32>)((ap_uint<31>)((e1 > e2 ? (ap_uint<8>)  e1 : (ap_uint<8>)  e2) + exp_delta_from_raw(_let_4)) << 23 | (ap_uint<31>)__smt2c_ext_1);
}

[INFO] Selected top by symbol presence: fp32_sum
[INFO] Generated HLS TCL script: /home/joe/Desktop/Uni/Year_4/Dissertation/Program-Synthesis-for-Efficient-ML/results/HLS/hpsweep_fp32_add_combined_t10_i50_r03/hls.tcl
[INFO] Running Vitis HLS synthesis...

[SUCCESS] Vitis HLS run completed successfully.
[INFO] Staged 2 Verilog files into: /home/joe/Desktop/Uni/Year_4/Dissertation/Program-Synthesis-for-Efficient-ML/results/HLS/hpsweep_fp32_add_combined_t10_i50_r03/verilog_out
[INFO] Candidate RTL modules: ['fp32_sum', 'fp32_sum_norm24_from_raw']

--- Hardware Results ---
{
    "LUTs": 604,
    "FFs": 0,
    "DSPs": 0,
    "BRAMs": 0,
    "Cycles": 0,
    "Fmax_MHz": 239.292
}
