

================================================================
== Vitis HLS Report for 'normalise_addition'
================================================================
* Date:           Wed Nov 19 15:20:21 2025

* Version:        2025.1 (Build 6135595 on May 21 2025)
* Project:        solution_addition_normalisation_component
* Solution:       hls (Vivado IP Flow Target)
* Product family: zynq
* Target device:  xc7z020-clg400-1


================================================================
== Performance Estimates
================================================================
+ Timing: 
    * Summary: 
    +--------+----------+----------+------------+
    |  Clock |  Target  | Estimated| Uncertainty|
    +--------+----------+----------+------------+
    |ap_clk  |  50.00 ns|  2.804 ns|    13.50 ns|
    +--------+----------+----------+------------+

+ Latency: 
    * Summary: 
    +---------+---------+----------+----------+-----+-----+---------+
    |  Latency (cycles) |  Latency (absolute) |  Interval | Pipeline|
    |   min   |   max   |    min   |    max   | min | max |   Type  |
    +---------+---------+----------+----------+-----+-----+---------+
    |        0|        0|      0 ns|      0 ns|    1|    1|       no|
    +---------+---------+----------+----------+-----+-----+---------+

    + Detail: 
        * Instance: 
        N/A

        * Loop: 
        N/A



================================================================
== Utilization Estimates
================================================================
* Summary: 
+-----------------+---------+-----+--------+-------+-----+
|       Name      | BRAM_18K| DSP |   FF   |  LUT  | URAM|
+-----------------+---------+-----+--------+-------+-----+
|DSP              |        -|    -|       -|      -|    -|
|Expression       |        -|    -|       0|     47|    -|
|FIFO             |        -|    -|       -|      -|    -|
|Instance         |        -|    -|       -|      -|    -|
|Memory           |        -|    -|       -|      -|    -|
|Multiplexer      |        -|    -|       -|      -|    -|
|Register         |        -|    -|       -|      -|    -|
+-----------------+---------+-----+--------+-------+-----+
|Total            |        0|    0|       0|     47|    0|
+-----------------+---------+-----+--------+-------+-----+
|Available        |      280|  220|  106400|  53200|    0|
+-----------------+---------+-----+--------+-------+-----+
|Utilization (%)  |        0|    0|       0|     ~0|    0|
+-----------------+---------+-----+--------+-------+-----+

+ Detail: 
    * Instance: 
    N/A

    * DSP: 
    N/A

    * Memory: 
    N/A

    * FIFO: 
    N/A

    * Expression: 
    +----------------------+----------+----+---+----+------------+------------+
    |     Variable Name    | Operation| DSP| FF| LUT| Bitwidth P0| Bitwidth P1|
    +----------------------+----------+----+---+----+------------+------------+
    |add_ln4_1_fu_94_p2    |         +|   0|  0|  13|           5|           4|
    |add_ln4_2_fu_108_p2   |         +|   0|  0|  13|           4|           1|
    |add_ln4_fu_54_p2      |         +|   0|  0|  13|           5|           5|
    |select_ln4_fu_114_p3  |    select|   0|  0|   4|           1|           4|
    |tmp_0_fu_86_p3        |    select|   0|  0|   4|           1|           4|
    +----------------------+----------+----+---+----+------------+------------+
    |Total                 |          |   0|  0|  47|          16|          18|
    +----------------------+----------+----+---+----+------------+------------+

    * Multiplexer: 
    N/A

    * Register: 
    N/A



================================================================
== Interface
================================================================
* Summary: 
+------------+-----+-----+------------+--------------------+--------------+
|  RTL Ports | Dir | Bits|  Protocol  |    Source Object   |    C Type    |
+------------+-----+-----+------------+--------------------+--------------+
|ap_start    |   in|    1|  ap_ctrl_hs|  normalise_addition|  return value|
|ap_done     |  out|    1|  ap_ctrl_hs|  normalise_addition|  return value|
|ap_idle     |  out|    1|  ap_ctrl_hs|  normalise_addition|  return value|
|ap_ready    |  out|    1|  ap_ctrl_hs|  normalise_addition|  return value|
|ap_return   |  out|    8|  ap_ctrl_hs|  normalise_addition|  return value|
|ap_rst      |   in|    1|  ap_ctrl_hs|  normalise_addition|  return value|
|raw_sum     |   in|    5|     ap_none|             raw_sum|        scalar|
|target_exp  |   in|    4|     ap_none|          target_exp|        scalar|
+------------+-----+-----+------------+--------------------+--------------+

============================================================
+ Verbose Summary: Synthesis Manager
============================================================
InlineROM: 1
ExposeGlobal: 0
============================================================
+ Verbose Summary: CDFG Model
============================================================
IsTopModel: 1
ResetActiveHigh: 1
IsCombinational: 1
IsDatapathOnly: 2
HasWiredReturn: 1
HasMFsm: 0
HasVarLatency: 0
IsPipeline: 0
IsRtlPipelined: 0
IsInstanceOverlapped: 0
IsDontTouch: 0
HasImplIP: 0
IsGatedGlobalClock: 0


============================================================
+ Verbose Summary: Schedule
============================================================
* Number of FSM states : 1
* Pipeline : 0
* Dataflow Pipeline: 0

* FSM state transitions: 
1 --> 

* FSM state operations: 

State 1 <SV = 0> <Delay = 2.80>
ST_1 : Operation 2 [1/1] (0.00ns)   --->   "%specbitsmap_ln0 = specbitsmap void @_ssdm_op_SpecBitsMap, i8 0"   --->   Operation 2 'specbitsmap' 'specbitsmap_ln0' <Predicate = true> <Delay = 0.00>
ST_1 : Operation 3 [1/1] (0.00ns)   --->   "%spectopmodule_ln3 = spectopmodule void @_ssdm_op_SpecTopModule, void @empty_1" [/home/joe/Desktop/Uni/Year_4/Dissertation/Program-Synthesis-for-Efficient-ML/results/cpp/solution_addition_normalisation.cpp:3]   --->   Operation 3 'spectopmodule' 'spectopmodule_ln3' <Predicate = true> <Delay = 0.00>
ST_1 : Operation 4 [1/1] (0.00ns)   --->   "%specbitsmap_ln0 = specbitsmap void @_ssdm_op_SpecBitsMap, i5 %raw_sum"   --->   Operation 4 'specbitsmap' 'specbitsmap_ln0' <Predicate = true> <Delay = 0.00>
ST_1 : Operation 5 [1/1] (0.00ns)   --->   "%specinterface_ln0 = specinterface void @_ssdm_op_SpecInterface, i5 %raw_sum, void @empty, i32 0, i32 0, void @empty_0, i32 0, i32 0, void @empty_0, void @empty_0, void @empty_0, i32 0, i32 0, i32 0, i32 0, void @empty_0, void @empty_0, i32 4294967295, i32 0, i32 0"   --->   Operation 5 'specinterface' 'specinterface_ln0' <Predicate = true> <Delay = 0.00>
ST_1 : Operation 6 [1/1] (0.00ns)   --->   "%specbitsmap_ln0 = specbitsmap void @_ssdm_op_SpecBitsMap, i4 %target_exp"   --->   Operation 6 'specbitsmap' 'specbitsmap_ln0' <Predicate = true> <Delay = 0.00>
ST_1 : Operation 7 [1/1] (0.00ns)   --->   "%specinterface_ln0 = specinterface void @_ssdm_op_SpecInterface, i4 %target_exp, void @empty, i32 0, i32 0, void @empty_0, i32 0, i32 0, void @empty_0, void @empty_0, void @empty_0, i32 0, i32 0, i32 0, i32 0, void @empty_0, void @empty_0, i32 4294967295, i32 0, i32 0"   --->   Operation 7 'specinterface' 'specinterface_ln0' <Predicate = true> <Delay = 0.00>
ST_1 : Operation 8 [1/1] (0.00ns)   --->   "%target_exp_read = read i4 @_ssdm_op_Read.ap_auto.i4, i4 %target_exp" [/home/joe/Desktop/Uni/Year_4/Dissertation/Program-Synthesis-for-Efficient-ML/results/cpp/solution_addition_normalisation.cpp:3]   --->   Operation 8 'read' 'target_exp_read' <Predicate = true> <Delay = 0.00>
ST_1 : Operation 9 [1/1] (0.00ns)   --->   "%raw_sum_read = read i5 @_ssdm_op_Read.ap_auto.i5, i5 %raw_sum" [/home/joe/Desktop/Uni/Year_4/Dissertation/Program-Synthesis-for-Efficient-ML/results/cpp/solution_addition_normalisation.cpp:3]   --->   Operation 9 'read' 'raw_sum_read' <Predicate = true> <Delay = 0.00>
ST_1 : Operation 10 [1/1] (1.78ns)   --->   "%add_ln4 = add i5 %raw_sum_read, i5 24" [/home/joe/Desktop/Uni/Year_4/Dissertation/Program-Synthesis-for-Efficient-ML/results/cpp/solution_addition_normalisation.cpp:4]   --->   Operation 10 'add' 'add_ln4' <Predicate = true> <Delay = 1.78> <CoreInst = "Adder">   --->   Core 1 'Adder' <Latency = 0> <II = 1> <Delay = 1.78> <FuncUnit> <Opcode : 'add' 'sub'> <InPorts = 2> <OutPorts = 1>
ST_1 : Operation 11 [1/1] (0.00ns)   --->   "%tmp = bitselect i1 @_ssdm_op_BitSelect.i1.i5.i32, i5 %add_ln4, i32 4" [/home/joe/Desktop/Uni/Year_4/Dissertation/Program-Synthesis-for-Efficient-ML/results/cpp/solution_addition_normalisation.cpp:4]   --->   Operation 11 'bitselect' 'tmp' <Predicate = true> <Delay = 0.00>
ST_1 : Operation 12 [1/1] (0.00ns)   --->   "%trunc_ln4 = partselect i4 @_ssdm_op_PartSelect.i4.i5.i32.i32, i5 %raw_sum_read, i32 1, i32 4" [/home/joe/Desktop/Uni/Year_4/Dissertation/Program-Synthesis-for-Efficient-ML/results/cpp/solution_addition_normalisation.cpp:4]   --->   Operation 12 'partselect' 'trunc_ln4' <Predicate = (!tmp)> <Delay = 0.00>
ST_1 : Operation 13 [1/1] (0.00ns)   --->   "%trunc_ln4_1 = trunc i5 %raw_sum_read" [/home/joe/Desktop/Uni/Year_4/Dissertation/Program-Synthesis-for-Efficient-ML/results/cpp/solution_addition_normalisation.cpp:4]   --->   Operation 13 'trunc' 'trunc_ln4_1' <Predicate = (tmp)> <Delay = 0.00>
ST_1 : Operation 14 [1/1] (0.00ns)   --->   "%zext_ln4 = zext i1 %trunc_ln4_1" [/home/joe/Desktop/Uni/Year_4/Dissertation/Program-Synthesis-for-Efficient-ML/results/cpp/solution_addition_normalisation.cpp:4]   --->   Operation 14 'zext' 'zext_ln4' <Predicate = (tmp)> <Delay = 0.00>
ST_1 : Operation 15 [1/1] (1.02ns)   --->   "%tmp_0 = select i1 %tmp, i4 %zext_ln4, i4 %trunc_ln4" [/home/joe/Desktop/Uni/Year_4/Dissertation/Program-Synthesis-for-Efficient-ML/results/cpp/solution_addition_normalisation.cpp:4]   --->   Operation 15 'select' 'tmp_0' <Predicate = true> <Delay = 1.02> <CoreInst = "Sel">   --->   Core 73 'Sel' <Latency = 0> <II = 1> <Delay = 1.02> <FuncUnit> <Opcode : 'select'> <InPorts = 3> <OutPorts = 1>
ST_1 : Operation 16 [1/1] (1.78ns)   --->   "%add_ln4_1 = add i5 %raw_sum_read, i5 8" [/home/joe/Desktop/Uni/Year_4/Dissertation/Program-Synthesis-for-Efficient-ML/results/cpp/solution_addition_normalisation.cpp:4]   --->   Operation 16 'add' 'add_ln4_1' <Predicate = true> <Delay = 1.78> <CoreInst = "Adder">   --->   Core 1 'Adder' <Latency = 0> <II = 1> <Delay = 1.78> <FuncUnit> <Opcode : 'add' 'sub'> <InPorts = 2> <OutPorts = 1>
ST_1 : Operation 17 [1/1] (0.00ns)   --->   "%tmp_1 = bitselect i1 @_ssdm_op_BitSelect.i1.i5.i32, i5 %add_ln4_1, i32 4" [/home/joe/Desktop/Uni/Year_4/Dissertation/Program-Synthesis-for-Efficient-ML/results/cpp/solution_addition_normalisation.cpp:4]   --->   Operation 17 'bitselect' 'tmp_1' <Predicate = true> <Delay = 0.00>
ST_1 : Operation 18 [1/1] (1.73ns)   --->   "%add_ln4_2 = add i4 %target_exp_read, i4 1" [/home/joe/Desktop/Uni/Year_4/Dissertation/Program-Synthesis-for-Efficient-ML/results/cpp/solution_addition_normalisation.cpp:4]   --->   Operation 18 'add' 'add_ln4_2' <Predicate = (tmp_1)> <Delay = 1.73> <CoreInst = "Adder">   --->   Core 1 'Adder' <Latency = 0> <II = 1> <Delay = 1.73> <FuncUnit> <Opcode : 'add' 'sub'> <InPorts = 2> <OutPorts = 1>
ST_1 : Operation 19 [1/1] (1.02ns)   --->   "%select_ln4 = select i1 %tmp_1, i4 %add_ln4_2, i4 %target_exp_read" [/home/joe/Desktop/Uni/Year_4/Dissertation/Program-Synthesis-for-Efficient-ML/results/cpp/solution_addition_normalisation.cpp:4]   --->   Operation 19 'select' 'select_ln4' <Predicate = true> <Delay = 1.02> <CoreInst = "Sel">   --->   Core 73 'Sel' <Latency = 0> <II = 1> <Delay = 1.02> <FuncUnit> <Opcode : 'select'> <InPorts = 3> <OutPorts = 1>
ST_1 : Operation 20 [1/1] (0.00ns)   --->   "%tmp_2 = bitconcatenate i8 @_ssdm_op_BitConcatenate.i8.i4.i4, i4 %tmp_0, i4 %select_ln4" [/home/joe/Desktop/Uni/Year_4/Dissertation/Program-Synthesis-for-Efficient-ML/results/cpp/solution_addition_normalisation.cpp:4]   --->   Operation 20 'bitconcatenate' 'tmp_2' <Predicate = true> <Delay = 0.00>
ST_1 : Operation 21 [1/1] (0.00ns)   --->   "%ret_ln4 = ret i8 %tmp_2" [/home/joe/Desktop/Uni/Year_4/Dissertation/Program-Synthesis-for-Efficient-ML/results/cpp/solution_addition_normalisation.cpp:4]   --->   Operation 21 'ret' 'ret_ln4' <Predicate = true> <Delay = 0.00>


============================================================
+ Verbose Summary: Binding
============================================================
STG Binding: 
---------------- STG Properties BEGIN ----------------
- Is combinational: 1
- Is one-state seq: 0
- Is datapath-only: 0
- Is pipelined: 0
- Is top level: 1
Port [ Return ] is wired: 1; IO mode=ap_ctrl_hs:ce=0
Port [ raw_sum]:  wired=1; compound=0; hidden=0; nouse=0; global=0; static=0; extern=0; dir=0; type=0; pingpong=0; private_global=0; IO mode=ap_none:ce=0
Port [ target_exp]:  wired=1; compound=0; hidden=0; nouse=0; global=0; static=0; extern=0; dir=0; type=0; pingpong=0; private_global=0; IO mode=ap_none:ce=0
---------------- STG Properties END ------------------

---------------- Datapath Model BEGIN ----------------

<LifeTime>
<method=bitvector/>
specbitsmap_ln0   (specbitsmap   ) [ 00]
spectopmodule_ln3 (spectopmodule ) [ 00]
specbitsmap_ln0   (specbitsmap   ) [ 00]
specinterface_ln0 (specinterface ) [ 00]
specbitsmap_ln0   (specbitsmap   ) [ 00]
specinterface_ln0 (specinterface ) [ 00]
target_exp_read   (read          ) [ 00]
raw_sum_read      (read          ) [ 00]
add_ln4           (add           ) [ 00]
tmp               (bitselect     ) [ 01]
trunc_ln4         (partselect    ) [ 00]
trunc_ln4_1       (trunc         ) [ 00]
zext_ln4          (zext          ) [ 00]
tmp_0             (select        ) [ 00]
add_ln4_1         (add           ) [ 00]
tmp_1             (bitselect     ) [ 01]
add_ln4_2         (add           ) [ 00]
select_ln4        (select        ) [ 00]
tmp_2             (bitconcatenate) [ 00]
ret_ln4           (ret           ) [ 00]
</LifeTime>

<model>

<comp_list>
<comp id="0" class="1000" name="raw_sum">
<pin_list>
<pin id="1" dir="1" index="0" bw="1" slack="0"/>
</pin_list>
<bind>
<StgValue><ssdm name="raw_sum"/></StgValue>
</bind>
</comp>

<comp id="2" class="1000" name="target_exp">
<pin_list>
<pin id="3" dir="1" index="0" bw="1" slack="0"/>
</pin_list>
<bind>
<StgValue><ssdm name="target_exp"/></StgValue>
</bind>
</comp>

<comp id="4" class="1001" name="const_4">
<pin_list>
<pin id="5" dir="1" index="0" bw="1" slack="2147483647"/>
</pin_list>
<bind>
<StgValue><ssdm name="_ssdm_op_SpecBitsMap"/></StgValue>
</bind>
</comp>

<comp id="6" class="1001" name="const_6">
<pin_list>
<pin id="7" dir="1" index="0" bw="1" slack="2147483647"/>
</pin_list>
<bind>
<StgValue><ssdm name=""/></StgValue>
</bind>
</comp>

<comp id="8" class="1001" name="const_8">
<pin_list>
<pin id="9" dir="1" index="0" bw="1" slack="2147483647"/>
</pin_list>
<bind>
<StgValue><ssdm name="_ssdm_op_SpecTopModule"/></StgValue>
</bind>
</comp>

<comp id="10" class="1001" name="const_10">
<pin_list>
<pin id="11" dir="1" index="0" bw="1" slack="2147483647"/>
</pin_list>
<bind>
<StgValue><ssdm name="empty_1"/></StgValue>
</bind>
</comp>

<comp id="12" class="1001" name="const_12">
<pin_list>
<pin id="13" dir="1" index="0" bw="1" slack="2147483647"/>
</pin_list>
<bind>
<StgValue><ssdm name="_ssdm_op_SpecInterface"/></StgValue>
</bind>
</comp>

<comp id="14" class="1001" name="const_14">
<pin_list>
<pin id="15" dir="1" index="0" bw="1" slack="2147483647"/>
</pin_list>
<bind>
<StgValue><ssdm name="empty"/></StgValue>
</bind>
</comp>

<comp id="16" class="1001" name="const_16">
<pin_list>
<pin id="17" dir="1" index="0" bw="1" slack="2147483647"/>
</pin_list>
<bind>
<StgValue><ssdm name=""/></StgValue>
</bind>
</comp>

<comp id="18" class="1001" name="const_18">
<pin_list>
<pin id="19" dir="1" index="0" bw="1" slack="2147483647"/>
</pin_list>
<bind>
<StgValue><ssdm name="empty_0"/></StgValue>
</bind>
</comp>

<comp id="20" class="1001" name="const_20">
<pin_list>
<pin id="21" dir="1" index="0" bw="1" slack="2147483647"/>
</pin_list>
<bind>
<StgValue><ssdm name=""/></StgValue>
</bind>
</comp>

<comp id="22" class="1001" name="const_22">
<pin_list>
<pin id="23" dir="1" index="0" bw="1" slack="0"/>
</pin_list>
<bind>
<StgValue><ssdm name="_ssdm_op_Read.ap_auto.i4"/></StgValue>
</bind>
</comp>

<comp id="24" class="1001" name="const_24">
<pin_list>
<pin id="25" dir="1" index="0" bw="1" slack="0"/>
</pin_list>
<bind>
<StgValue><ssdm name="_ssdm_op_Read.ap_auto.i5"/></StgValue>
</bind>
</comp>

<comp id="26" class="1001" name="const_26">
<pin_list>
<pin id="27" dir="1" index="0" bw="1" slack="0"/>
</pin_list>
<bind>
<StgValue><ssdm name=""/></StgValue>
</bind>
</comp>

<comp id="28" class="1001" name="const_28">
<pin_list>
<pin id="29" dir="1" index="0" bw="1" slack="0"/>
</pin_list>
<bind>
<StgValue><ssdm name="_ssdm_op_BitSelect.i1.i5.i32"/></StgValue>
</bind>
</comp>

<comp id="30" class="1001" name="const_30">
<pin_list>
<pin id="31" dir="1" index="0" bw="1" slack="0"/>
</pin_list>
<bind>
<StgValue><ssdm name=""/></StgValue>
</bind>
</comp>

<comp id="32" class="1001" name="const_32">
<pin_list>
<pin id="33" dir="1" index="0" bw="1" slack="0"/>
</pin_list>
<bind>
<StgValue><ssdm name="_ssdm_op_PartSelect.i4.i5.i32.i32"/></StgValue>
</bind>
</comp>

<comp id="34" class="1001" name="const_34">
<pin_list>
<pin id="35" dir="1" index="0" bw="1" slack="0"/>
</pin_list>
<bind>
<StgValue><ssdm name=""/></StgValue>
</bind>
</comp>

<comp id="36" class="1001" name="const_36">
<pin_list>
<pin id="37" dir="1" index="0" bw="1" slack="0"/>
</pin_list>
<bind>
<StgValue><ssdm name=""/></StgValue>
</bind>
</comp>

<comp id="38" class="1001" name="const_38">
<pin_list>
<pin id="39" dir="1" index="0" bw="1" slack="0"/>
</pin_list>
<bind>
<StgValue><ssdm name=""/></StgValue>
</bind>
</comp>

<comp id="40" class="1001" name="const_40">
<pin_list>
<pin id="41" dir="1" index="0" bw="1" slack="0"/>
</pin_list>
<bind>
<StgValue><ssdm name="_ssdm_op_BitConcatenate.i8.i4.i4"/></StgValue>
</bind>
</comp>

<comp id="42" class="1004" name="target_exp_read_read_fu_42">
<pin_list>
<pin id="43" dir="0" index="0" bw="4" slack="0"/>
<pin id="44" dir="0" index="1" bw="4" slack="0"/>
<pin id="45" dir="1" index="2" bw="4" slack="0"/>
</pin_list>
<bind>
<opcode="read(1150) " fcode="read"/>
<opset="target_exp_read/1 "/>
</bind>
</comp>

<comp id="48" class="1004" name="raw_sum_read_read_fu_48">
<pin_list>
<pin id="49" dir="0" index="0" bw="5" slack="0"/>
<pin id="50" dir="0" index="1" bw="5" slack="0"/>
<pin id="51" dir="1" index="2" bw="5" slack="0"/>
</pin_list>
<bind>
<opcode="read(1150) " fcode="read"/>
<opset="raw_sum_read/1 "/>
</bind>
</comp>

<comp id="54" class="1004" name="add_ln4_fu_54">
<pin_list>
<pin id="55" dir="0" index="0" bw="5" slack="0"/>
<pin id="56" dir="0" index="1" bw="4" slack="0"/>
<pin id="57" dir="1" index="2" bw="5" slack="0"/>
</pin_list>
<bind>
<opcode="add(8) " fcode="add"/>
<opset="add_ln4/1 "/>
</bind>
</comp>

<comp id="60" class="1004" name="tmp_fu_60">
<pin_list>
<pin id="61" dir="0" index="0" bw="1" slack="0"/>
<pin id="62" dir="0" index="1" bw="5" slack="0"/>
<pin id="63" dir="0" index="2" bw="4" slack="0"/>
<pin id="64" dir="1" index="3" bw="1" slack="0"/>
</pin_list>
<bind>
<opcode="bitselect(1000) " fcode="bitselect"/>
<opset="tmp/1 "/>
</bind>
</comp>

<comp id="68" class="1004" name="trunc_ln4_fu_68">
<pin_list>
<pin id="69" dir="0" index="0" bw="4" slack="0"/>
<pin id="70" dir="0" index="1" bw="5" slack="0"/>
<pin id="71" dir="0" index="2" bw="1" slack="0"/>
<pin id="72" dir="0" index="3" bw="4" slack="0"/>
<pin id="73" dir="1" index="4" bw="4" slack="0"/>
</pin_list>
<bind>
<opcode="partselect(1002) " fcode="partselect"/>
<opset="trunc_ln4/1 "/>
</bind>
</comp>

<comp id="78" class="1004" name="trunc_ln4_1_fu_78">
<pin_list>
<pin id="79" dir="0" index="0" bw="5" slack="0"/>
<pin id="80" dir="1" index="1" bw="1" slack="0"/>
</pin_list>
<bind>
<opcode="trunc(33) " fcode="trunc"/>
<opset="trunc_ln4_1/1 "/>
</bind>
</comp>

<comp id="82" class="1004" name="zext_ln4_fu_82">
<pin_list>
<pin id="83" dir="0" index="0" bw="1" slack="0"/>
<pin id="84" dir="1" index="1" bw="4" slack="0"/>
</pin_list>
<bind>
<opcode="zext(34) " fcode="zext"/>
<opset="zext_ln4/1 "/>
</bind>
</comp>

<comp id="86" class="1004" name="tmp_0_fu_86">
<pin_list>
<pin id="87" dir="0" index="0" bw="1" slack="0"/>
<pin id="88" dir="0" index="1" bw="4" slack="0"/>
<pin id="89" dir="0" index="2" bw="4" slack="0"/>
<pin id="90" dir="1" index="3" bw="4" slack="0"/>
</pin_list>
<bind>
<opcode="select(49) " fcode="select"/>
<opset="tmp_0/1 "/>
</bind>
</comp>

<comp id="94" class="1004" name="add_ln4_1_fu_94">
<pin_list>
<pin id="95" dir="0" index="0" bw="5" slack="0"/>
<pin id="96" dir="0" index="1" bw="5" slack="0"/>
<pin id="97" dir="1" index="2" bw="5" slack="0"/>
</pin_list>
<bind>
<opcode="add(8) " fcode="add"/>
<opset="add_ln4_1/1 "/>
</bind>
</comp>

<comp id="100" class="1004" name="tmp_1_fu_100">
<pin_list>
<pin id="101" dir="0" index="0" bw="1" slack="0"/>
<pin id="102" dir="0" index="1" bw="5" slack="0"/>
<pin id="103" dir="0" index="2" bw="4" slack="0"/>
<pin id="104" dir="1" index="3" bw="1" slack="0"/>
</pin_list>
<bind>
<opcode="bitselect(1000) " fcode="bitselect"/>
<opset="tmp_1/1 "/>
</bind>
</comp>

<comp id="108" class="1004" name="add_ln4_2_fu_108">
<pin_list>
<pin id="109" dir="0" index="0" bw="4" slack="0"/>
<pin id="110" dir="0" index="1" bw="1" slack="0"/>
<pin id="111" dir="1" index="2" bw="4" slack="0"/>
</pin_list>
<bind>
<opcode="add(8) " fcode="add"/>
<opset="add_ln4_2/1 "/>
</bind>
</comp>

<comp id="114" class="1004" name="select_ln4_fu_114">
<pin_list>
<pin id="115" dir="0" index="0" bw="1" slack="0"/>
<pin id="116" dir="0" index="1" bw="4" slack="0"/>
<pin id="117" dir="0" index="2" bw="4" slack="0"/>
<pin id="118" dir="1" index="3" bw="4" slack="0"/>
</pin_list>
<bind>
<opcode="select(49) " fcode="select"/>
<opset="select_ln4/1 "/>
</bind>
</comp>

<comp id="122" class="1004" name="tmp_2_fu_122">
<pin_list>
<pin id="123" dir="0" index="0" bw="8" slack="0"/>
<pin id="124" dir="0" index="1" bw="4" slack="0"/>
<pin id="125" dir="0" index="2" bw="4" slack="0"/>
<pin id="126" dir="1" index="3" bw="8" slack="2147483647"/>
</pin_list>
<bind>
<opcode="bitconcatenate(1004) " fcode="bitconcatenate"/>
<opset="tmp_2/1 "/>
</bind>
</comp>

</comp_list>

<net_list>
<net id="46"><net_src comp="22" pin="0"/><net_sink comp="42" pin=0"/></net>

<net id="47"><net_src comp="2" pin="0"/><net_sink comp="42" pin=1"/></net>

<net id="52"><net_src comp="24" pin="0"/><net_sink comp="48" pin=0"/></net>

<net id="53"><net_src comp="0" pin="0"/><net_sink comp="48" pin=1"/></net>

<net id="58"><net_src comp="48" pin="2"/><net_sink comp="54" pin=0"/></net>

<net id="59"><net_src comp="26" pin="0"/><net_sink comp="54" pin=1"/></net>

<net id="65"><net_src comp="28" pin="0"/><net_sink comp="60" pin=0"/></net>

<net id="66"><net_src comp="54" pin="2"/><net_sink comp="60" pin=1"/></net>

<net id="67"><net_src comp="30" pin="0"/><net_sink comp="60" pin=2"/></net>

<net id="74"><net_src comp="32" pin="0"/><net_sink comp="68" pin=0"/></net>

<net id="75"><net_src comp="48" pin="2"/><net_sink comp="68" pin=1"/></net>

<net id="76"><net_src comp="34" pin="0"/><net_sink comp="68" pin=2"/></net>

<net id="77"><net_src comp="30" pin="0"/><net_sink comp="68" pin=3"/></net>

<net id="81"><net_src comp="48" pin="2"/><net_sink comp="78" pin=0"/></net>

<net id="85"><net_src comp="78" pin="1"/><net_sink comp="82" pin=0"/></net>

<net id="91"><net_src comp="60" pin="3"/><net_sink comp="86" pin=0"/></net>

<net id="92"><net_src comp="82" pin="1"/><net_sink comp="86" pin=1"/></net>

<net id="93"><net_src comp="68" pin="4"/><net_sink comp="86" pin=2"/></net>

<net id="98"><net_src comp="48" pin="2"/><net_sink comp="94" pin=0"/></net>

<net id="99"><net_src comp="36" pin="0"/><net_sink comp="94" pin=1"/></net>

<net id="105"><net_src comp="28" pin="0"/><net_sink comp="100" pin=0"/></net>

<net id="106"><net_src comp="94" pin="2"/><net_sink comp="100" pin=1"/></net>

<net id="107"><net_src comp="30" pin="0"/><net_sink comp="100" pin=2"/></net>

<net id="112"><net_src comp="42" pin="2"/><net_sink comp="108" pin=0"/></net>

<net id="113"><net_src comp="38" pin="0"/><net_sink comp="108" pin=1"/></net>

<net id="119"><net_src comp="100" pin="3"/><net_sink comp="114" pin=0"/></net>

<net id="120"><net_src comp="108" pin="2"/><net_sink comp="114" pin=1"/></net>

<net id="121"><net_src comp="42" pin="2"/><net_sink comp="114" pin=2"/></net>

<net id="127"><net_src comp="40" pin="0"/><net_sink comp="122" pin=0"/></net>

<net id="128"><net_src comp="86" pin="3"/><net_sink comp="122" pin=1"/></net>

<net id="129"><net_src comp="114" pin="3"/><net_sink comp="122" pin=2"/></net>

</net_list>

</model> 
---------------- Datapath Model END ------------------

* FSMD analyzer results:
  - Output states:
 - Input state : 
	Port: normalise_addition : raw_sum | {1 }
	Port: normalise_addition : target_exp | {1 }
  - Chain level:
	State 1
		tmp : 1
		zext_ln4 : 1
		tmp_0 : 2
		tmp_1 : 1
		select_ln4 : 2
		tmp_2 : 3
		ret_ln4 : 4


============================================================
+ Verbose Summary: Datapath Resource usage 
============================================================

* Functional unit list:
|----------|----------------------------|---------|---------|
| Operation|       Functional Unit      |    FF   |   LUT   |
|----------|----------------------------|---------|---------|
|          |        add_ln4_fu_54       |    0    |    13   |
|    add   |       add_ln4_1_fu_94      |    0    |    13   |
|          |      add_ln4_2_fu_108      |    0    |    13   |
|----------|----------------------------|---------|---------|
|  select  |         tmp_0_fu_86        |    0    |    4    |
|          |      select_ln4_fu_114     |    0    |    4    |
|----------|----------------------------|---------|---------|
|   read   | target_exp_read_read_fu_42 |    0    |    0    |
|          |   raw_sum_read_read_fu_48  |    0    |    0    |
|----------|----------------------------|---------|---------|
| bitselect|          tmp_fu_60         |    0    |    0    |
|          |        tmp_1_fu_100        |    0    |    0    |
|----------|----------------------------|---------|---------|
|partselect|       trunc_ln4_fu_68      |    0    |    0    |
|----------|----------------------------|---------|---------|
|   trunc  |      trunc_ln4_1_fu_78     |    0    |    0    |
|----------|----------------------------|---------|---------|
|   zext   |       zext_ln4_fu_82       |    0    |    0    |
|----------|----------------------------|---------|---------|
|bitconcatenate|        tmp_2_fu_122        |    0    |    0    |
|----------|----------------------------|---------|---------|
|   Total  |                            |    0    |    47   |
|----------|----------------------------|---------|---------|

Memories:
N/A

* Register list:
N/A

* Multiplexer (MUX) list: 
|--------|------|------|------|--------|
|  Comp  |  Pin | Size |  BW  | S x BW |
|--------|------|------|------|--------|
|  Total |      |      |      |    0   |
|--------|------|------|------|--------|



* Summary:
+-----------+--------+--------+
|           |   FF   |   LUT  |
+-----------+--------+--------+
|  Function |    0   |   47   |
|   Memory  |    -   |    -   |
|Multiplexer|    -   |    -   |
|  Register |    -   |    -   |
+-----------+--------+--------+
|   Total   |    0   |   47   |
+-----------+--------+--------+
