
****** Vivado v2025.1 (64-bit)
  **** SW Build 6140274 on Wed May 21 22:58:25 MDT 2025
  **** IP Build 6138677 on Thu May 22 03:10:11 MDT 2025
  **** SharedData Build 6139179 on Tue May 20 17:58:58 MDT 2025
  **** Start of session at: Wed Nov 19 19:50:17 2025
    ** Copyright 1986-2022 Xilinx, Inc. All Rights Reserved.
    ** Copyright 2022-2025 Advanced Micro Devices, Inc. All Rights Reserved.

source /home/joe/Desktop/Uni/Year_4/Dissertation/Program-Synthesis-for-Efficient-ML/results/HLS/solution_fp32addition_fp32_normalisation/vivado.tcl
# set v_files  [glob -nocomplain {/home/joe/Desktop/Uni/Year_4/Dissertation/Program-Synthesis-for-Efficient-ML/results/HLS/solution_fp32addition_fp32_normalisation/verilog_out/*.v}]
# set sv_files [glob -nocomplain {/home/joe/Desktop/Uni/Year_4/Dissertation/Program-Synthesis-for-Efficient-ML/results/HLS/solution_fp32addition_fp32_normalisation/verilog_out/*.sv}]
# if {[llength $v_files] == 0 && [llength $sv_files] == 0} {
#       puts "ERROR: No RTL files found in /home/joe/Desktop/Uni/Year_4/Dissertation/Program-Synthesis-for-Efficient-ML/results/HLS/solution_fp32addition_fp32_normalisation/verilog_out"
#       exit 1
#     }
# if {[llength $v_files]  > 0} { read_verilog $v_files }
# foreach f $sv_files { read_verilog -sv $f }
# synth_design -top fp32_normaliser -part xc7z020clg400-1
Command: synth_design -top fp32_normaliser -part xc7z020clg400-1
Starting synth_design
Attempting to get a license for feature 'Synthesis' and/or device 'xc7z020'
INFO: [Common 17-349] Got license for feature 'Synthesis' and/or device 'xc7z020'
INFO: [Synth 8-7079] Multithreading enabled for synth_design using a maximum of 7 processes.
INFO: [Synth 8-7078] Launching helper process for spawning children vivado processes
INFO: [Synth 8-7075] Helper process launched with PID 268978
---------------------------------------------------------------------------------
Starting Synthesize : Time (s): cpu = 00:00:03 ; elapsed = 00:00:03 . Memory (MB): peak = 1950.676 ; gain = 419.992 ; free physical = 598 ; free virtual = 4507
---------------------------------------------------------------------------------
INFO: [Synth 8-6157] synthesizing module 'fp32_normaliser' [/home/joe/Desktop/Uni/Year_4/Dissertation/Program-Synthesis-for-Efficient-ML/results/HLS/solution_fp32addition_fp32_normalisation/verilog_out/fp32_normaliser.v:9]
INFO: [Synth 8-6155] done synthesizing module 'fp32_normaliser' (0#1) [/home/joe/Desktop/Uni/Year_4/Dissertation/Program-Synthesis-for-Efficient-ML/results/HLS/solution_fp32addition_fp32_normalisation/verilog_out/fp32_normaliser.v:9]
WARNING: [Synth 8-3917] design fp32_normaliser has port ap_idle driven by constant 1
WARNING: [Synth 8-7129] Port ap_rst in module fp32_normaliser is either unconnected or has no load
---------------------------------------------------------------------------------
Finished Synthesize : Time (s): cpu = 00:00:04 ; elapsed = 00:00:04 . Memory (MB): peak = 2026.645 ; gain = 495.961 ; free physical = 498 ; free virtual = 4409
---------------------------------------------------------------------------------
---------------------------------------------------------------------------------
Finished Constraint Validation : Time (s): cpu = 00:00:05 ; elapsed = 00:00:05 . Memory (MB): peak = 2044.457 ; gain = 513.773 ; free physical = 518 ; free virtual = 4429
---------------------------------------------------------------------------------
---------------------------------------------------------------------------------
Start Loading Part and Timing Information
---------------------------------------------------------------------------------
Loading part: xc7z020clg400-1
---------------------------------------------------------------------------------
INFO: [Device 21-403] Loading part xc7z020clg400-1
Finished Loading Part and Timing Information : Time (s): cpu = 00:00:05 ; elapsed = 00:00:05 . Memory (MB): peak = 2044.457 ; gain = 513.773 ; free physical = 518 ; free virtual = 4429
---------------------------------------------------------------------------------
---------------------------------------------------------------------------------
Finished RTL Optimization Phase 2 : Time (s): cpu = 00:00:05 ; elapsed = 00:00:05 . Memory (MB): peak = 2053.363 ; gain = 522.680 ; free physical = 505 ; free virtual = 4418
---------------------------------------------------------------------------------
No constraint files found.
---------------------------------------------------------------------------------
Start RTL Component Statistics 
---------------------------------------------------------------------------------
Detailed RTL Component Info : 
+---Adders : 
	   2 Input    8 Bit       Adders := 24    
+---Muxes : 
	   2 Input   32 Bit        Muxes := 1     
	   2 Input    1 Bit        Muxes := 1     
---------------------------------------------------------------------------------
Finished RTL Component Statistics 
---------------------------------------------------------------------------------
---------------------------------------------------------------------------------
Start Part Resource Summary
---------------------------------------------------------------------------------
Part Resources:
DSPs: 220 (col length:60)
BRAMs: 280 (col length: RAMB18 60 RAMB36 30)
---------------------------------------------------------------------------------
Finished Part Resource Summary
---------------------------------------------------------------------------------
No constraint files found.
---------------------------------------------------------------------------------
Start Cross Boundary and Area Optimization
---------------------------------------------------------------------------------
WARNING: [Synth 8-7080] Parallel synthesis criteria is not met
WARNING: [Synth 8-3917] design fp32_normaliser has port ap_idle driven by constant 1
WARNING: [Synth 8-7129] Port ap_rst in module fp32_normaliser is either unconnected or has no load
---------------------------------------------------------------------------------
Finished Cross Boundary and Area Optimization : Time (s): cpu = 00:00:13 ; elapsed = 00:00:14 . Memory (MB): peak = 2426.254 ; gain = 895.570 ; free physical = 269 ; free virtual = 4077
---------------------------------------------------------------------------------
No constraint files found.
---------------------------------------------------------------------------------
Start Timing Optimization
---------------------------------------------------------------------------------
---------------------------------------------------------------------------------
Finished Timing Optimization : Time (s): cpu = 00:00:13 ; elapsed = 00:00:14 . Memory (MB): peak = 2426.254 ; gain = 895.570 ; free physical = 269 ; free virtual = 4077
---------------------------------------------------------------------------------
---------------------------------------------------------------------------------
Start Technology Mapping
---------------------------------------------------------------------------------
---------------------------------------------------------------------------------
Finished Technology Mapping : Time (s): cpu = 00:00:14 ; elapsed = 00:00:14 . Memory (MB): peak = 2426.254 ; gain = 895.570 ; free physical = 267 ; free virtual = 4076
---------------------------------------------------------------------------------
---------------------------------------------------------------------------------
Start IO Insertion
---------------------------------------------------------------------------------
---------------------------------------------------------------------------------
Start Flattening Before IO Insertion
---------------------------------------------------------------------------------
---------------------------------------------------------------------------------
Finished Flattening Before IO Insertion
---------------------------------------------------------------------------------
---------------------------------------------------------------------------------
Start Final Netlist Cleanup
---------------------------------------------------------------------------------
---------------------------------------------------------------------------------
Finished Final Netlist Cleanup
---------------------------------------------------------------------------------
---------------------------------------------------------------------------------
Finished IO Insertion : Time (s): cpu = 00:00:17 ; elapsed = 00:00:17 . Memory (MB): peak = 2426.254 ; gain = 895.570 ; free physical = 252 ; free virtual = 4062
---------------------------------------------------------------------------------
---------------------------------------------------------------------------------
Start Renaming Generated Instances
---------------------------------------------------------------------------------
---------------------------------------------------------------------------------
Finished Renaming Generated Instances : Time (s): cpu = 00:00:17 ; elapsed = 00:00:17 . Memory (MB): peak = 2426.254 ; gain = 895.570 ; free physical = 252 ; free virtual = 4062
---------------------------------------------------------------------------------
---------------------------------------------------------------------------------
Start Rebuilding User Hierarchy
---------------------------------------------------------------------------------
---------------------------------------------------------------------------------
Finished Rebuilding User Hierarchy : Time (s): cpu = 00:00:17 ; elapsed = 00:00:17 . Memory (MB): peak = 2426.254 ; gain = 895.570 ; free physical = 252 ; free virtual = 4062
---------------------------------------------------------------------------------
---------------------------------------------------------------------------------
Start Renaming Generated Ports
---------------------------------------------------------------------------------
---------------------------------------------------------------------------------
Finished Renaming Generated Ports : Time (s): cpu = 00:00:17 ; elapsed = 00:00:17 . Memory (MB): peak = 2426.254 ; gain = 895.570 ; free physical = 252 ; free virtual = 4062
---------------------------------------------------------------------------------
---------------------------------------------------------------------------------
Start Handling Custom Attributes
---------------------------------------------------------------------------------
---------------------------------------------------------------------------------
Finished Handling Custom Attributes : Time (s): cpu = 00:00:17 ; elapsed = 00:00:17 . Memory (MB): peak = 2426.254 ; gain = 895.570 ; free physical = 252 ; free virtual = 4062
---------------------------------------------------------------------------------
---------------------------------------------------------------------------------
Start Renaming Generated Nets
---------------------------------------------------------------------------------
---------------------------------------------------------------------------------
Finished Renaming Generated Nets : Time (s): cpu = 00:00:17 ; elapsed = 00:00:17 . Memory (MB): peak = 2426.254 ; gain = 895.570 ; free physical = 252 ; free virtual = 4062
---------------------------------------------------------------------------------
---------------------------------------------------------------------------------
Start Writing Synthesis Report
---------------------------------------------------------------------------------

Report BlackBoxes: 
+-+--------------+----------+
| |BlackBox name |Instances |
+-+--------------+----------+
+-+--------------+----------+

Report Cell Usage: 
+------+-----+------+
|      |Cell |Count |
+------+-----+------+
|1     |LUT2 |    22|
|2     |LUT3 |    20|
|3     |LUT4 |    41|
|4     |LUT5 |    52|
|5     |LUT6 |   300|
|6     |IBUF |    35|
|7     |OBUF |    35|
+------+-----+------+

Report Instance Areas: 
+------+---------+-------+------+
|      |Instance |Module |Cells |
+------+---------+-------+------+
|1     |top      |       |   505|
+------+---------+-------+------+
---------------------------------------------------------------------------------
Finished Writing Synthesis Report : Time (s): cpu = 00:00:17 ; elapsed = 00:00:17 . Memory (MB): peak = 2426.254 ; gain = 895.570 ; free physical = 252 ; free virtual = 4062
---------------------------------------------------------------------------------
Synthesis finished with 0 errors, 0 critical warnings and 5 warnings.
Synthesis Optimization Runtime : Time (s): cpu = 00:00:17 ; elapsed = 00:00:17 . Memory (MB): peak = 2426.254 ; gain = 895.570 ; free physical = 252 ; free virtual = 4062
Synthesis Optimization Complete : Time (s): cpu = 00:00:17 ; elapsed = 00:00:17 . Memory (MB): peak = 2426.262 ; gain = 895.570 ; free physical = 252 ; free virtual = 4062
INFO: [Project 1-571] Translating synthesized netlist
Netlist sorting complete. Time (s): cpu = 00:00:00 ; elapsed = 00:00:00 . Memory (MB): peak = 2426.262 ; gain = 0.000 ; free physical = 412 ; free virtual = 4222
INFO: [Project 1-570] Preparing netlist for logic optimization
INFO: [Opt 31-138] Pushed 0 inverter(s) to 0 load pin(s).
Netlist sorting complete. Time (s): cpu = 00:00:00 ; elapsed = 00:00:00 . Memory (MB): peak = 2530.086 ; gain = 0.000 ; free physical = 364 ; free virtual = 4184
INFO: [Project 1-111] Unisim Transformation Summary:
No Unisim elements were transformed.

Synth Design complete | Checksum: 97e2d80
INFO: [Common 17-83] Releasing license: Synthesis
12 Infos, 5 Warnings, 0 Critical Warnings and 0 Errors encountered.
synth_design completed successfully
synth_design: Time (s): cpu = 00:00:22 ; elapsed = 00:00:20 . Memory (MB): peak = 2530.121 ; gain = 999.438 ; free physical = 382 ; free virtual = 4202
INFO: [Common 17-2834] synth_design peak Physical Memory [PSS] (MB): overall = 2063.216; main = 1978.083; forked = 333.372
INFO: [Common 17-2834] synth_design peak Virtual Memory [VSS] (MB): overall = 3363.418; main = 2530.090; forked = 956.176
# if {[llength [get_ports -quiet ap_clk]]} {
#       create_clock -name ap_clk -period 4.000 [get_ports ap_clk]
#     } else {
#       puts "INFO: No ap_clk port found; skipping create_clock (design appears combinational)."
#     }
INFO: No ap_clk port found; skipping create_clock (design appears combinational).
# opt_design
Command: opt_design
Attempting to get a license for feature 'Implementation' and/or device 'xc7z020'
INFO: [Common 17-349] Got license for feature 'Implementation' and/or device 'xc7z020'
Running DRC as a precondition to command opt_design

Starting DRC Task
INFO: [DRC 23-27] Running DRC with 8 threads
INFO: [Project 1-461] DRC finished with 0 Errors
INFO: [Project 1-462] Please refer to the DRC report (report_drc) for more information.

Time (s): cpu = 00:00:01 ; elapsed = 00:00:00.42 . Memory (MB): peak = 2603.023 ; gain = 72.902 ; free physical = 381 ; free virtual = 4202

Starting Cache Timing Information Task
INFO: [Timing 38-35] Done setting XDC timing constraints.
Ending Cache Timing Information Task | Checksum: 104b2d5b4

Time (s): cpu = 00:00:05 ; elapsed = 00:00:05 . Memory (MB): peak = 2836.977 ; gain = 233.953 ; free physical = 252 ; free virtual = 4038

Starting Logic Optimization Task

Phase 1 Initialization

Phase 1.1 Core Generation And Design Setup
Phase 1.1 Core Generation And Design Setup | Checksum: 104b2d5b4

Time (s): cpu = 00:00:00 ; elapsed = 00:00:00 . Memory (MB): peak = 3123.914 ; gain = 0.000 ; free physical = 245 ; free virtual = 3950

Phase 1.2 Setup Constraints And Sort Netlist
Phase 1.2 Setup Constraints And Sort Netlist | Checksum: 104b2d5b4

Time (s): cpu = 00:00:00 ; elapsed = 00:00:00 . Memory (MB): peak = 3123.914 ; gain = 0.000 ; free physical = 245 ; free virtual = 3950
Phase 1 Initialization | Checksum: 104b2d5b4

Time (s): cpu = 00:00:00 ; elapsed = 00:00:00 . Memory (MB): peak = 3123.914 ; gain = 0.000 ; free physical = 245 ; free virtual = 3950

Phase 2 Timer Update And Timing Data Collection

Phase 2.1 Timer Update
Phase 2.1 Timer Update | Checksum: 104b2d5b4

Time (s): cpu = 00:00:00.01 ; elapsed = 00:00:00.01 . Memory (MB): peak = 3123.914 ; gain = 0.000 ; free physical = 237 ; free virtual = 3941

Phase 2.2 Timing Data Collection
Phase 2.2 Timing Data Collection | Checksum: 104b2d5b4

Time (s): cpu = 00:00:00.01 ; elapsed = 00:00:00.01 . Memory (MB): peak = 3123.914 ; gain = 0.000 ; free physical = 253 ; free virtual = 3942
Phase 2 Timer Update And Timing Data Collection | Checksum: 104b2d5b4

Time (s): cpu = 00:00:00.02 ; elapsed = 00:00:00.01 . Memory (MB): peak = 3123.914 ; gain = 0.000 ; free physical = 256 ; free virtual = 3942

Phase 3 Retarget
INFO: [Opt 31-1851] Number of loadless carry chains removed were: 0
INFO: [Opt 31-1834] Total Chains To Be Transformed Were: 0 AND Number of Transformed insts Created are: 0
INFO: [Opt 31-138] Pushed 0 inverter(s) to 0 load pin(s).
INFO: [Opt 31-49] Retargeted 0 cell(s).
Phase 3 Retarget | Checksum: 104b2d5b4

Time (s): cpu = 00:00:00.03 ; elapsed = 00:00:00.02 . Memory (MB): peak = 3123.914 ; gain = 0.000 ; free physical = 344 ; free virtual = 3942
Retarget | Checksum: 104b2d5b4
INFO: [Opt 31-389] Phase Retarget created 0 cells and removed 0 cells

Phase 4 Constant propagation
INFO: [Opt 31-138] Pushed 0 inverter(s) to 0 load pin(s).
Phase 4 Constant propagation | Checksum: 104b2d5b4

Time (s): cpu = 00:00:00.03 ; elapsed = 00:00:00.03 . Memory (MB): peak = 3123.914 ; gain = 0.000 ; free physical = 345 ; free virtual = 3943
Constant propagation | Checksum: 104b2d5b4
INFO: [Opt 31-389] Phase Constant propagation created 0 cells and removed 0 cells

Phase 5 Sweep
INFO: [Constraints 18-11670] Building netlist checker database with flags, 0x8
Done building netlist checker database: Time (s): cpu = 00:00:00 ; elapsed = 00:00:00 . Memory (MB): peak = 3123.914 ; gain = 0.000 ; free physical = 345 ; free virtual = 3943
Phase 5 Sweep | Checksum: 104b2d5b4

Time (s): cpu = 00:00:00.03 ; elapsed = 00:00:00.03 . Memory (MB): peak = 3123.914 ; gain = 0.000 ; free physical = 345 ; free virtual = 3943
Sweep | Checksum: 104b2d5b4
INFO: [Opt 31-389] Phase Sweep created 0 cells and removed 0 cells

Phase 6 BUFG optimization
Phase 6 BUFG optimization | Checksum: 104b2d5b4

Time (s): cpu = 00:00:00.04 ; elapsed = 00:00:00.04 . Memory (MB): peak = 3155.930 ; gain = 32.016 ; free physical = 345 ; free virtual = 3943
BUFG optimization | Checksum: 104b2d5b4
INFO: [Opt 31-662] Phase BUFG optimization created 0 cells of which 0 are BUFGs and removed 0 cells.

Phase 7 Shift Register Optimization
INFO: [Opt 31-1064] SRL Remap converted 0 SRLs to 0 registers and converted 0 registers of register chains to 0 SRLs
Phase 7 Shift Register Optimization | Checksum: 104b2d5b4

Time (s): cpu = 00:00:00.04 ; elapsed = 00:00:00.04 . Memory (MB): peak = 3155.930 ; gain = 32.016 ; free physical = 345 ; free virtual = 3943
Shift Register Optimization | Checksum: 104b2d5b4
INFO: [Opt 31-389] Phase Shift Register Optimization created 0 cells and removed 0 cells

Phase 8 Post Processing Netlist
Phase 8 Post Processing Netlist | Checksum: 104b2d5b4

Time (s): cpu = 00:00:00.04 ; elapsed = 00:00:00.04 . Memory (MB): peak = 3155.930 ; gain = 32.016 ; free physical = 345 ; free virtual = 3943
Post Processing Netlist | Checksum: 104b2d5b4
INFO: [Opt 31-389] Phase Post Processing Netlist created 0 cells and removed 0 cells

Phase 9 Finalization

Phase 9.1 Finalizing Design Cores and Updating Shapes
Phase 9.1 Finalizing Design Cores and Updating Shapes | Checksum: 104b2d5b4

Time (s): cpu = 00:00:00.04 ; elapsed = 00:00:00.04 . Memory (MB): peak = 3155.930 ; gain = 32.016 ; free physical = 345 ; free virtual = 3943

Phase 9.2 Verifying Netlist Connectivity

Starting Connectivity Check Task

Time (s): cpu = 00:00:00.01 ; elapsed = 00:00:00 . Memory (MB): peak = 3155.930 ; gain = 0.000 ; free physical = 345 ; free virtual = 3943
Phase 9.2 Verifying Netlist Connectivity | Checksum: 104b2d5b4

Time (s): cpu = 00:00:00.05 ; elapsed = 00:00:00.04 . Memory (MB): peak = 3155.930 ; gain = 32.016 ; free physical = 345 ; free virtual = 3943
Phase 9 Finalization | Checksum: 104b2d5b4

Time (s): cpu = 00:00:00.05 ; elapsed = 00:00:00.05 . Memory (MB): peak = 3155.930 ; gain = 32.016 ; free physical = 345 ; free virtual = 3943
Opt_design Change Summary
=========================


-------------------------------------------------------------------------------------------------------------------------
|  Phase                        |  #Cells created  |  #Cells Removed  |  #Constrained objects preventing optimizations  |
-------------------------------------------------------------------------------------------------------------------------
|  Retarget                     |               0  |               0  |                                              0  |
|  Constant propagation         |               0  |               0  |                                              0  |
|  Sweep                        |               0  |               0  |                                              0  |
|  BUFG optimization            |               0  |               0  |                                              0  |
|  Shift Register Optimization  |               0  |               0  |                                              0  |
|  Post Processing Netlist      |               0  |               0  |                                              0  |
-------------------------------------------------------------------------------------------------------------------------


Ending Logic Optimization Task | Checksum: 104b2d5b4

Time (s): cpu = 00:00:00.05 ; elapsed = 00:00:00.05 . Memory (MB): peak = 3155.930 ; gain = 32.016 ; free physical = 345 ; free virtual = 3943

Starting Power Optimization Task
INFO: [Pwropt 34-132] Skipping clock gating for clocks with a period < 2.00 ns.
Ending Power Optimization Task | Checksum: 104b2d5b4

Time (s): cpu = 00:00:00.01 ; elapsed = 00:00:00.01 . Memory (MB): peak = 3155.930 ; gain = 0.000 ; free physical = 345 ; free virtual = 3944

Starting Final Cleanup Task
Ending Final Cleanup Task | Checksum: 104b2d5b4

Time (s): cpu = 00:00:00 ; elapsed = 00:00:00 . Memory (MB): peak = 3155.930 ; gain = 0.000 ; free physical = 345 ; free virtual = 3944

Starting Netlist Obfuscation Task
Netlist sorting complete. Time (s): cpu = 00:00:00 ; elapsed = 00:00:00 . Memory (MB): peak = 3155.930 ; gain = 0.000 ; free physical = 345 ; free virtual = 3944
Ending Netlist Obfuscation Task | Checksum: 104b2d5b4

Time (s): cpu = 00:00:00 ; elapsed = 00:00:00 . Memory (MB): peak = 3155.930 ; gain = 0.000 ; free physical = 345 ; free virtual = 3944
INFO: [Common 17-83] Releasing license: Implementation
20 Infos, 0 Warnings, 0 Critical Warnings and 0 Errors encountered.
opt_design completed successfully
opt_design: Time (s): cpu = 00:00:08 ; elapsed = 00:00:07 . Memory (MB): peak = 3155.930 ; gain = 625.809 ; free physical = 345 ; free virtual = 3944
# place_design
Command: place_design
Attempting to get a license for feature 'Implementation' and/or device 'xc7z020'
INFO: [Common 17-349] Got license for feature 'Implementation' and/or device 'xc7z020'
INFO: [Common 17-83] Releasing license: Implementation
INFO: [DRC 23-27] Running DRC with 8 threads
INFO: [Vivado_Tcl 4-198] DRC finished with 0 Errors
INFO: [Vivado_Tcl 4-199] Please refer to the DRC report (report_drc) for more information.
Running DRC as a precondition to command place_design
INFO: [DRC 23-27] Running DRC with 8 threads
INFO: [Vivado_Tcl 4-198] DRC finished with 0 Errors
INFO: [Vivado_Tcl 4-199] Please refer to the DRC report (report_drc) for more information.
INFO: [Place 30-611] Multithreading enabled for place_design using a maximum of 8 CPUs

Starting Placer Task

Phase 1 Placer Initialization

Phase 1.1 Placer Initialization Netlist Sorting
Netlist sorting complete. Time (s): cpu = 00:00:00 ; elapsed = 00:00:00 . Memory (MB): peak = 3155.930 ; gain = 0.000 ; free physical = 351 ; free virtual = 3955
Phase 1.1 Placer Initialization Netlist Sorting | Checksum: fb34a834

Time (s): cpu = 00:00:00 ; elapsed = 00:00:00 . Memory (MB): peak = 3155.930 ; gain = 0.000 ; free physical = 351 ; free virtual = 3955
Netlist sorting complete. Time (s): cpu = 00:00:00 ; elapsed = 00:00:00 . Memory (MB): peak = 3155.930 ; gain = 0.000 ; free physical = 351 ; free virtual = 3955

Phase 1.2 IO Placement/ Clock Placement/ Build Placer Device
INFO: [Timing 38-35] Done setting XDC timing constraints.
Phase 1.2 IO Placement/ Clock Placement/ Build Placer Device | Checksum: 194a4f9be

Time (s): cpu = 00:00:00.47 ; elapsed = 00:00:00.21 . Memory (MB): peak = 3155.930 ; gain = 0.000 ; free physical = 331 ; free virtual = 3944

Phase 1.3 Build Placer Netlist Model
Phase 1.3 Build Placer Netlist Model | Checksum: 2806ea97d

Time (s): cpu = 00:00:00.6 ; elapsed = 00:00:00.26 . Memory (MB): peak = 3155.930 ; gain = 0.000 ; free physical = 329 ; free virtual = 3943

Phase 1.4 Constrain Clocks/Macros
Phase 1.4 Constrain Clocks/Macros | Checksum: 2806ea97d

Time (s): cpu = 00:00:00.61 ; elapsed = 00:00:00.26 . Memory (MB): peak = 3155.930 ; gain = 0.000 ; free physical = 329 ; free virtual = 3944
Phase 1 Placer Initialization | Checksum: 2806ea97d

Time (s): cpu = 00:00:00.62 ; elapsed = 00:00:00.27 . Memory (MB): peak = 3155.930 ; gain = 0.000 ; free physical = 328 ; free virtual = 3942

Phase 2 Global Placement

Phase 2.1 Floorplanning
Phase 2.1 Floorplanning | Checksum: 2806ea97d

Time (s): cpu = 00:00:00.62 ; elapsed = 00:00:00.28 . Memory (MB): peak = 3155.930 ; gain = 0.000 ; free physical = 328 ; free virtual = 3943

Phase 2.2 Update Timing before SLR Path Opt
Phase 2.2 Update Timing before SLR Path Opt | Checksum: 2806ea97d

Time (s): cpu = 00:00:00.62 ; elapsed = 00:00:00.28 . Memory (MB): peak = 3155.930 ; gain = 0.000 ; free physical = 328 ; free virtual = 3943

Phase 2.3 Post-Processing in Floorplanning
Phase 2.3 Post-Processing in Floorplanning | Checksum: 2806ea97d

Time (s): cpu = 00:00:00.62 ; elapsed = 00:00:00.28 . Memory (MB): peak = 3155.930 ; gain = 0.000 ; free physical = 328 ; free virtual = 3943

Phase 2.4 Global Place Phase1
Phase 2.4 Global Place Phase1 | Checksum: 221ff9520

Time (s): cpu = 00:00:02 ; elapsed = 00:00:00.55 . Memory (MB): peak = 3187.945 ; gain = 32.016 ; free physical = 433 ; free virtual = 4024

Phase 2.5 Global Place Phase2
WARNING: [Place 46-29] Timing had been disabled during Placer and, therefore, physical synthesis in Placer will be skipped.
Phase 2.5 Global Place Phase2 | Checksum: 1aba256db

Time (s): cpu = 00:00:02 ; elapsed = 00:00:00.61 . Memory (MB): peak = 3187.945 ; gain = 32.016 ; free physical = 436 ; free virtual = 4027
Phase 2 Global Placement | Checksum: 1aba256db

Time (s): cpu = 00:00:02 ; elapsed = 00:00:00.61 . Memory (MB): peak = 3187.945 ; gain = 32.016 ; free physical = 436 ; free virtual = 4027

Phase 3 Detail Placement

Phase 3.1 Commit Multi Column Macros
Phase 3.1 Commit Multi Column Macros | Checksum: 1aba256db

Time (s): cpu = 00:00:02 ; elapsed = 00:00:00.62 . Memory (MB): peak = 3187.945 ; gain = 32.016 ; free physical = 436 ; free virtual = 4027

Phase 3.2 Commit Most Macros & LUTRAMs
Phase 3.2 Commit Most Macros & LUTRAMs | Checksum: 1d1c60877

Time (s): cpu = 00:00:02 ; elapsed = 00:00:00.62 . Memory (MB): peak = 3187.945 ; gain = 32.016 ; free physical = 436 ; free virtual = 4027

Phase 3.3 Area Swap Optimization
Phase 3.3 Area Swap Optimization | Checksum: 1f1497164

Time (s): cpu = 00:00:02 ; elapsed = 00:00:00.63 . Memory (MB): peak = 3187.945 ; gain = 32.016 ; free physical = 436 ; free virtual = 4027

Phase 3.4 Pipeline Register Optimization
Phase 3.4 Pipeline Register Optimization | Checksum: 1f1497164

Time (s): cpu = 00:00:02 ; elapsed = 00:00:00.63 . Memory (MB): peak = 3187.945 ; gain = 32.016 ; free physical = 436 ; free virtual = 4027

Phase 3.5 Small Shape Detail Placement
Phase 3.5 Small Shape Detail Placement | Checksum: 267fd74dc

Time (s): cpu = 00:00:03 ; elapsed = 00:00:00.78 . Memory (MB): peak = 3187.945 ; gain = 32.016 ; free physical = 433 ; free virtual = 4025

Phase 3.6 Re-assign LUT pins
Phase 3.6 Re-assign LUT pins | Checksum: 267fd74dc

Time (s): cpu = 00:00:03 ; elapsed = 00:00:00.8 . Memory (MB): peak = 3187.945 ; gain = 32.016 ; free physical = 433 ; free virtual = 4025

Phase 3.7 Pipeline Register Optimization
Phase 3.7 Pipeline Register Optimization | Checksum: 267fd74dc

Time (s): cpu = 00:00:03 ; elapsed = 00:00:00.8 . Memory (MB): peak = 3187.945 ; gain = 32.016 ; free physical = 433 ; free virtual = 4025
Phase 3 Detail Placement | Checksum: 267fd74dc

Time (s): cpu = 00:00:03 ; elapsed = 00:00:00.8 . Memory (MB): peak = 3187.945 ; gain = 32.016 ; free physical = 433 ; free virtual = 4025

Phase 4 Post Placement Optimization and Clean-Up

Phase 4.1 Post Commit Optimization
Phase 4.1 Post Commit Optimization | Checksum: 267fd74dc

Time (s): cpu = 00:00:03 ; elapsed = 00:00:00.83 . Memory (MB): peak = 3187.945 ; gain = 32.016 ; free physical = 433 ; free virtual = 4025

Phase 4.2 Post Placement Cleanup
Phase 4.2 Post Placement Cleanup | Checksum: 267fd74dc

Time (s): cpu = 00:00:03 ; elapsed = 00:00:00.84 . Memory (MB): peak = 3187.945 ; gain = 32.016 ; free physical = 433 ; free virtual = 4025

Phase 4.3 Placer Reporting

Phase 4.3.1 Print Estimated Congestion
INFO: [Place 30-612] Post-Placement Estimated Congestion 
 ____________________________________________________
|           | Global Congestion | Short Congestion  |
| Direction | Region Size       | Region Size       |
|___________|___________________|___________________|
|      North|                1x1|                1x1|
|___________|___________________|___________________|
|      South|                1x1|                1x1|
|___________|___________________|___________________|
|       East|                1x1|                1x1|
|___________|___________________|___________________|
|       West|                1x1|                1x1|
|___________|___________________|___________________|

Phase 4.3.1 Print Estimated Congestion | Checksum: 267fd74dc

Time (s): cpu = 00:00:03 ; elapsed = 00:00:00.84 . Memory (MB): peak = 3187.945 ; gain = 32.016 ; free physical = 433 ; free virtual = 4025
Phase 4.3 Placer Reporting | Checksum: 267fd74dc

Time (s): cpu = 00:00:03 ; elapsed = 00:00:00.84 . Memory (MB): peak = 3187.945 ; gain = 32.016 ; free physical = 433 ; free virtual = 4025

Phase 4.4 Final Placement Cleanup
Netlist sorting complete. Time (s): cpu = 00:00:00 ; elapsed = 00:00:00 . Memory (MB): peak = 3187.945 ; gain = 0.000 ; free physical = 433 ; free virtual = 4025

Time (s): cpu = 00:00:03 ; elapsed = 00:00:00.84 . Memory (MB): peak = 3187.945 ; gain = 32.016 ; free physical = 433 ; free virtual = 4025
Phase 4 Post Placement Optimization and Clean-Up | Checksum: 267fd74dc

Time (s): cpu = 00:00:03 ; elapsed = 00:00:00.85 . Memory (MB): peak = 3187.945 ; gain = 32.016 ; free physical = 433 ; free virtual = 4025
Ending Placer Task | Checksum: 19da25ecd

Time (s): cpu = 00:00:03 ; elapsed = 00:00:00.85 . Memory (MB): peak = 3187.945 ; gain = 32.016 ; free physical = 433 ; free virtual = 4025
11 Infos, 1 Warnings, 0 Critical Warnings and 0 Errors encountered.
place_design completed successfully
# route_design
Command: route_design
Attempting to get a license for feature 'Implementation' and/or device 'xc7z020'
INFO: [Common 17-349] Got license for feature 'Implementation' and/or device 'xc7z020'


Starting Routing Task
INFO: [Route 35-254] Multithreading enabled for route_design using a maximum of 8 CPUs

Phase 1 Build RT Design
Checksum: PlaceDB: a26db699 ConstDB: 0 ShapeSum: e53b3544 RouteDB: 15f972f0
Post Restoration Checksum: NetGraph: 2bac3623 | NumContArr: d4eb8873 | Constraints: c2a8fa9d | Timing: c2a8fa9d
Phase 1 Build RT Design | Checksum: 285e9b3d0

Time (s): cpu = 00:00:17 ; elapsed = 00:00:15 . Memory (MB): peak = 3187.945 ; gain = 0.000 ; free physical = 300 ; free virtual = 3933

Phase 2 Router Initialization
INFO: [Route 35-64] No timing constraints were detected. The router will operate in resource-optimization mode.

Phase 2.1 Fix Topology Constraints
Phase 2.1 Fix Topology Constraints | Checksum: 285e9b3d0

Time (s): cpu = 00:00:17 ; elapsed = 00:00:15 . Memory (MB): peak = 3187.945 ; gain = 0.000 ; free physical = 300 ; free virtual = 3933

Phase 2.2 Pre Route Cleanup
Phase 2.2 Pre Route Cleanup | Checksum: 285e9b3d0

Time (s): cpu = 00:00:17 ; elapsed = 00:00:15 . Memory (MB): peak = 3187.945 ; gain = 0.000 ; free physical = 300 ; free virtual = 3934
 Number of Nodes with overlaps = 0

Router Utilization Summary
  Global Vertical Routing Utilization    = 0 %
  Global Horizontal Routing Utilization  = 0 %
  Routable Net Status*
  *Does not include unroutable nets such as driverless and loadless.
  Run report_route_status for detailed report.
  Number of Failed Nets               = 470
    (Failed Nets is the sum of unrouted and partially routed nets)
  Number of Unrouted Nets             = 470
  Number of Partially Routed Nets     = 0
  Number of Node Overlaps             = 0

Phase 2 Router Initialization | Checksum: 230b2db3d

Time (s): cpu = 00:00:18 ; elapsed = 00:00:15 . Memory (MB): peak = 3187.945 ; gain = 0.000 ; free physical = 300 ; free virtual = 3934

Phase 3 Global Routing
Phase 3 Global Routing | Checksum: 230b2db3d

Time (s): cpu = 00:00:18 ; elapsed = 00:00:15 . Memory (MB): peak = 3187.945 ; gain = 0.000 ; free physical = 300 ; free virtual = 3934

Phase 4 Initial Routing

Phase 4.1 Initial Net Routing Pass
Phase 4.1 Initial Net Routing Pass | Checksum: 33e544def

Time (s): cpu = 00:00:18 ; elapsed = 00:00:15 . Memory (MB): peak = 3187.945 ; gain = 0.000 ; free physical = 300 ; free virtual = 3934
Phase 4 Initial Routing | Checksum: 33e544def

Time (s): cpu = 00:00:18 ; elapsed = 00:00:15 . Memory (MB): peak = 3187.945 ; gain = 0.000 ; free physical = 300 ; free virtual = 3934

Phase 5 Rip-up And Reroute

Phase 5.1 Global Iteration 0
 Number of Nodes with overlaps = 70
 Number of Nodes with overlaps = 0
Phase 5.1 Global Iteration 0 | Checksum: 2c416493c

Time (s): cpu = 00:00:18 ; elapsed = 00:00:15 . Memory (MB): peak = 3187.945 ; gain = 0.000 ; free physical = 300 ; free virtual = 3935
Phase 5 Rip-up And Reroute | Checksum: 2c416493c

Time (s): cpu = 00:00:18 ; elapsed = 00:00:15 . Memory (MB): peak = 3187.945 ; gain = 0.000 ; free physical = 300 ; free virtual = 3935

Phase 6 Delay and Skew Optimization
Phase 6 Delay and Skew Optimization | Checksum: 2c416493c

Time (s): cpu = 00:00:18 ; elapsed = 00:00:15 . Memory (MB): peak = 3187.945 ; gain = 0.000 ; free physical = 300 ; free virtual = 3935

Phase 7 Post Hold Fix

Phase 7.1 Hold Fix Iter
Phase 7.1 Hold Fix Iter | Checksum: 2c416493c

Time (s): cpu = 00:00:18 ; elapsed = 00:00:15 . Memory (MB): peak = 3187.945 ; gain = 0.000 ; free physical = 300 ; free virtual = 3935
Phase 7 Post Hold Fix | Checksum: 2c416493c

Time (s): cpu = 00:00:18 ; elapsed = 00:00:15 . Memory (MB): peak = 3187.945 ; gain = 0.000 ; free physical = 300 ; free virtual = 3935

Phase 8 Route finalize

Router Utilization Summary
  Global Vertical Routing Utilization    = 0.152687 %
  Global Horizontal Routing Utilization  = 0.125338 %
  Routable Net Status*
  *Does not include unroutable nets such as driverless and loadless.
  Run report_route_status for detailed report.
  Number of Failed Nets               = 0
    (Failed Nets is the sum of unrouted and partially routed nets)
  Number of Unrouted Nets             = 0
  Number of Partially Routed Nets     = 0
  Number of Node Overlaps             = 0


--GLOBAL Congestion:
Utilization threshold used for congestion level computation: 0.85
Congestion Report
North Dir 1x1 Area, Max Cong = 16.2162%, No Congested Regions.
South Dir 1x1 Area, Max Cong = 30.6306%, No Congested Regions.
East Dir 1x1 Area, Max Cong = 30.8824%, No Congested Regions.
West Dir 1x1 Area, Max Cong = 29.4118%, No Congested Regions.

------------------------------
Reporting congestion hotspots
------------------------------
Direction: North
----------------
Congested clusters found at Level 0
Effective congestion level: 0 Aspect Ratio: 1 Sparse Ratio: 0
Direction: South
----------------
Congested clusters found at Level 0
Effective congestion level: 0 Aspect Ratio: 1 Sparse Ratio: 0
Direction: East
----------------
Congested clusters found at Level 0
Effective congestion level: 0 Aspect Ratio: 1 Sparse Ratio: 0
Direction: West
----------------
Congested clusters found at Level 0
Effective congestion level: 0 Aspect Ratio: 1 Sparse Ratio: 0

Phase 8 Route finalize | Checksum: 2c416493c

Time (s): cpu = 00:00:18 ; elapsed = 00:00:15 . Memory (MB): peak = 3187.945 ; gain = 0.000 ; free physical = 300 ; free virtual = 3935

Phase 9 Verifying routed nets

 Verification completed successfully
Phase 9 Verifying routed nets | Checksum: 2c416493c

Time (s): cpu = 00:00:18 ; elapsed = 00:00:15 . Memory (MB): peak = 3187.945 ; gain = 0.000 ; free physical = 300 ; free virtual = 3935

Phase 10 Depositing Routes
Phase 10 Depositing Routes | Checksum: 24799b4ed

Time (s): cpu = 00:00:18 ; elapsed = 00:00:15 . Memory (MB): peak = 3187.945 ; gain = 0.000 ; free physical = 300 ; free virtual = 3935

Phase 11 Post Process Routing
Phase 11 Post Process Routing | Checksum: 24799b4ed

Time (s): cpu = 00:00:18 ; elapsed = 00:00:15 . Memory (MB): peak = 3187.945 ; gain = 0.000 ; free physical = 300 ; free virtual = 3935
Total Elapsed time in route_design: 15.3 secs

Phase 12 Post-Route Event Processing
Phase 12 Post-Route Event Processing | Checksum: 1eee4d6b1

Time (s): cpu = 00:00:18 ; elapsed = 00:00:15 . Memory (MB): peak = 3187.945 ; gain = 0.000 ; free physical = 300 ; free virtual = 3935
INFO: [Route 35-16] Router Completed Successfully
Ending Routing Task | Checksum: 1eee4d6b1

Time (s): cpu = 00:00:18 ; elapsed = 00:00:15 . Memory (MB): peak = 3187.945 ; gain = 0.000 ; free physical = 300 ; free virtual = 3935

Routing Is Done.
INFO: [Common 17-83] Releasing license: Implementation
5 Infos, 0 Warnings, 0 Critical Warnings and 0 Errors encountered.
route_design completed successfully
route_design: Time (s): cpu = 00:00:18 ; elapsed = 00:00:15 . Memory (MB): peak = 3187.945 ; gain = 0.000 ; free physical = 300 ; free virtual = 3935
# report_utilization    -file /home/joe/Desktop/Uni/Year_4/Dissertation/Program-Synthesis-for-Efficient-ML/results/HLS/solution_fp32addition_fp32_normalisation/utilization.rpt
# report_timing_summary -file /home/joe/Desktop/Uni/Year_4/Dissertation/Program-Synthesis-for-Efficient-ML/results/HLS/solution_fp32addition_fp32_normalisation/timing.rpt
INFO: [Timing 38-91] UpdateTimingParams: Speed grade: -1, Delay Type: min_max.
INFO: [Timing 38-191] Multithreading enabled for timing update using a maximum of 8 CPUs
# set rpx_path "/home/joe/Desktop/Uni/Year_4/Dissertation/Program-Synthesis-for-Efficient-ML/results/HLS/solution_fp32addition_fp32_normalisation/timing.rpx"
# if {[catch {report_timing_summary -rpx $rpx_path} err]} {
#       puts "INFO: RPX timing not available: $err"
#     }
INFO: [Timing 38-91] UpdateTimingParams: Speed grade: -1, Delay Type: min_max.
INFO: [Timing 38-191] Multithreading enabled for timing update using a maximum of 8 CPUs
Copyright 1986-2022 Xilinx, Inc. All Rights Reserved. Copyright 2022-2025 Advanced Micro Devices, Inc. All Rights Reserved.
-----------------------------------------------------------------------------------------------------------------------------------------------------------------------------------------
| Tool Version : Vivado v.2025.1 (lin64) Build 6140274 Wed May 21 22:58:25 MDT 2025
| Date         : Wed Nov 19 19:51:06 2025
| Host         : joe running 64-bit Ubuntu 24.04.3 LTS
| Command      : report_timing_summary -rpx /home/joe/Desktop/Uni/Year_4/Dissertation/Program-Synthesis-for-Efficient-ML/results/HLS/solution_fp32addition_fp32_normalisation/timing.rpx
| Design       : fp32_normaliser
| Device       : 7z020-clg400
| Speed File   : -1  PRODUCTION 1.12 2019-11-22
| Design State : Routed
-----------------------------------------------------------------------------------------------------------------------------------------------------------------------------------------

Timing Summary Report

------------------------------------------------------------------------------------------------
| Timer Settings
| --------------
------------------------------------------------------------------------------------------------

  Enable Multi Corner Analysis               :  Yes
  Enable Pessimism Removal                   :  Yes
  Pessimism Removal Resolution               :  Nearest Common Node
  Enable Input Delay Default Clock           :  No
  Enable Preset / Clear Arcs                 :  No
  Disable Flight Delays                      :  No
  Ignore I/O Paths                           :  No
  Timing Early Launch at Borrowing Latches   :  No
  Borrow Time for Max Delay Exceptions       :  Yes
  Merge Timing Exceptions                    :  Yes
  Inter-SLR Compensation                     :  Conservative

  Corner  Analyze    Analyze    
  Name    Max Paths  Min Paths  
  ------  ---------  ---------  
  Slow    Yes        Yes        
  Fast    Yes        Yes        


------------------------------------------------------------------------------------------------
| Report Methodology
| ------------------
------------------------------------------------------------------------------------------------

No report available as report_methodology has not been run prior. Run report_methodology on the current design for the summary of methodology violations.



check_timing report

Table of Contents
-----------------
1. checking no_clock (0)
2. checking constant_clock (0)
3. checking pulse_width_clock (0)
4. checking unconstrained_internal_endpoints (0)
5. checking no_input_delay (0)
6. checking no_output_delay (0)
7. checking multiple_clock (0)
8. checking generated_clocks (0)
9. checking loops (0)
10. checking partial_input_delay (0)
11. checking partial_output_delay (0)
12. checking latch_loops (0)

1. checking no_clock (0)
------------------------
 There are 0 register/latch pins with no clock.


2. checking constant_clock (0)
------------------------------
 There are 0 register/latch pins with constant_clock.


3. checking pulse_width_clock (0)
---------------------------------
 There are 0 register/latch pins which need pulse_width check


4. checking unconstrained_internal_endpoints (0)
------------------------------------------------
 There are 0 pins that are not constrained for maximum delay.

 There are 0 pins that are not constrained for maximum delay due to constant clock.


5. checking no_input_delay (0)
------------------------------
 There are 0 input ports with no input delay specified.

 There are 0 input ports with no input delay but user has a false path constraint.


6. checking no_output_delay (0)
-------------------------------
 There are 0 ports with no output delay specified.

 There are 0 ports with no output delay but user has a false path constraint

 There are 0 ports with no output delay but with a timing clock defined on it or propagating through it


7. checking multiple_clock (0)
------------------------------
 There are 0 register/latch pins with multiple clocks.


8. checking generated_clocks (0)
--------------------------------
 There are 0 generated clocks that are not connected to a clock source.


9. checking loops (0)
---------------------
 There are 0 combinational loops in the design.


10. checking partial_input_delay (0)
------------------------------------
 There are 0 input ports with partial input delay specified.


11. checking partial_output_delay (0)
-------------------------------------
 There are 0 ports with partial output delay specified.


12. checking latch_loops (0)
----------------------------
 There are 0 combinational latch loops in the design through latch input



------------------------------------------------------------------------------------------------
| Design Timing Summary
| ---------------------
------------------------------------------------------------------------------------------------

    WNS(ns)      TNS(ns)  TNS Failing Endpoints  TNS Total Endpoints      WHS(ns)      THS(ns)  THS Failing Endpoints  THS Total Endpoints     WPWS(ns)     TPWS(ns)  TPWS Failing Endpoints  TPWS Total Endpoints  
    -------      -------  ---------------------  -------------------      -------      -------  ---------------------  -------------------     --------     --------  ----------------------  --------------------  
         NA           NA                     NA                   NA           NA           NA                     NA                   NA           NA           NA                      NA                    NA  


There are no user specified timing constraints.


------------------------------------------------------------------------------------------------
| Clock Summary
| -------------
------------------------------------------------------------------------------------------------


------------------------------------------------------------------------------------------------
| Intra Clock Table
| -----------------
------------------------------------------------------------------------------------------------

Clock             WNS(ns)      TNS(ns)  TNS Failing Endpoints  TNS Total Endpoints      WHS(ns)      THS(ns)  THS Failing Endpoints  THS Total Endpoints     WPWS(ns)     TPWS(ns)  TPWS Failing Endpoints  TPWS Total Endpoints  
-----             -------      -------  ---------------------  -------------------      -------      -------  ---------------------  -------------------     --------     --------  ----------------------  --------------------  


------------------------------------------------------------------------------------------------
| Inter Clock Table
| -----------------
------------------------------------------------------------------------------------------------

From Clock    To Clock          WNS(ns)      TNS(ns)  TNS Failing Endpoints  TNS Total Endpoints      WHS(ns)      THS(ns)  THS Failing Endpoints  THS Total Endpoints  
----------    --------          -------      -------  ---------------------  -------------------      -------      -------  ---------------------  -------------------  


------------------------------------------------------------------------------------------------
| Other Path Groups Table
| -----------------------
------------------------------------------------------------------------------------------------

Path Group    From Clock    To Clock          WNS(ns)      TNS(ns)  TNS Failing Endpoints  TNS Total Endpoints      WHS(ns)      THS(ns)  THS Failing Endpoints  THS Total Endpoints  
----------    ----------    --------          -------      -------  ---------------------  -------------------      -------      -------  ---------------------  -------------------  


------------------------------------------------------------------------------------------------
| Timing Details
| --------------
------------------------------------------------------------------------------------------------


INFO: [Common 17-206] Exiting Vivado at Wed Nov 19 19:51:06 2025...
