

================================================================
== Vitis HLS Report for 'add_raw'
================================================================
* Date:           Wed Nov 19 15:15:38 2025

* Version:        2025.1 (Build 6135595 on May 21 2025)
* Project:        solution_addition_raw_sum_component
* Solution:       hls (Vivado IP Flow Target)
* Product family: zynq
* Target device:  xc7z020-clg400-1


================================================================
== Performance Estimates
================================================================
+ Timing: 
    * Summary: 
    +--------+----------+----------+------------+
    |  Clock |  Target  | Estimated| Uncertainty|
    +--------+----------+----------+------------+
    |ap_clk  |  50.00 ns|  2.759 ns|    13.50 ns|
    +--------+----------+----------+------------+

+ Latency: 
    * Summary: 
    +---------+---------+----------+----------+-----+-----+---------+
    |  Latency (cycles) |  Latency (absolute) |  Interval | Pipeline|
    |   min   |   max   |    min   |    max   | min | max |   Type  |
    +---------+---------+----------+----------+-----+-----+---------+
    |        0|        0|      0 ns|      0 ns|    1|    1|       no|
    +---------+---------+----------+----------+-----+-----+---------+

    + Detail: 
        * Instance: 
        N/A

        * Loop: 
        N/A



================================================================
== Utilization Estimates
================================================================
* Summary: 
+-----------------+---------+-----+--------+-------+-----+
|       Name      | BRAM_18K| DSP |   FF   |  LUT  | URAM|
+-----------------+---------+-----+--------+-------+-----+
|DSP              |        -|    -|       -|      -|    -|
|Expression       |        -|    -|       0|     19|    -|
|FIFO             |        -|    -|       -|      -|    -|
|Instance         |        -|    -|       -|      -|    -|
|Memory           |        -|    -|       -|      -|    -|
|Multiplexer      |        -|    -|       -|      -|    -|
|Register         |        -|    -|       -|      -|    -|
+-----------------+---------+-----+--------+-------+-----+
|Total            |        0|    0|       0|     19|    0|
+-----------------+---------+-----+--------+-------+-----+
|Available        |      280|  220|  106400|  53200|    0|
+-----------------+---------+-----+--------+-------+-----+
|Utilization (%)  |        0|    0|       0|     ~0|    0|
+-----------------+---------+-----+--------+-------+-----+

+ Detail: 
    * Instance: 
    N/A

    * DSP: 
    N/A

    * Memory: 
    N/A

    * FIFO: 
    N/A

    * Expression: 
    +---------------------+----------+----+---+----+------------+------------+
    |    Variable Name    | Operation| DSP| FF| LUT| Bitwidth P0| Bitwidth P1|
    +---------------------+----------+----+---+----+------------+------------+
    |icmp_ln8_fu_42_p2    |      icmp|   0|  0|  13|           4|           4|
    |select_ln4_fu_54_p3  |    select|   0|  0|   4|           1|           4|
    |xor_ln8_fu_48_p2     |       xor|   0|  0|   2|           1|           2|
    +---------------------+----------+----+---+----+------------+------------+
    |Total                |          |   0|  0|  19|           6|          10|
    +---------------------+----------+----+---+----+------------+------------+

    * Multiplexer: 
    N/A

    * Register: 
    N/A



================================================================
== Interface
================================================================
* Summary: 
+-----------+-----+-----+------------+--------------+--------------+
| RTL Ports | Dir | Bits|  Protocol  | Source Object|    C Type    |
+-----------+-----+-----+------------+--------------+--------------+
|ap_start   |   in|    1|  ap_ctrl_hs|       add_raw|  return value|
|ap_done    |  out|    1|  ap_ctrl_hs|       add_raw|  return value|
|ap_idle    |  out|    1|  ap_ctrl_hs|       add_raw|  return value|
|ap_ready   |  out|    1|  ap_ctrl_hs|       add_raw|  return value|
|ap_return  |  out|    9|  ap_ctrl_hs|       add_raw|  return value|
|ap_rst     |   in|    1|  ap_ctrl_hs|       add_raw|  return value|
|m1         |   in|    4|     ap_none|            m1|        scalar|
|e1         |   in|    4|     ap_none|            e1|        scalar|
|m2         |   in|    4|     ap_none|            m2|        scalar|
|e2         |   in|    4|     ap_none|            e2|        scalar|
+-----------+-----+-----+------------+--------------+--------------+

