

================================================================
== Synthesis Summary Report of 'add_raw'
================================================================
+ General Information: 
    * Date:           Wed Nov 12 13:32:42 2025
    * Version:        2025.1 (Build 6135595 on May 21 2025)
    * Project:        solution_addition_raw_sum_component
    * Solution:       hls (Vivado IP Flow Target)
    * Product family: zynq
    * Target device:  xc7z020-clg400-1
    

+ Performance & Resource Estimates: 
    
    PS: '+' for module; 'o' for loop; '*' for dataflow
    +-----------+---------+-------+---------+-------+----------+---------+------+----------+------+----+---+----------+-----+
    |  Modules  |  Issue  |       |     Latency     | Iteration|         | Trip |          |      |    |   |          |     |
    |  & Loops  |   Type  | Slack | (cycles)|  (ns) |  Latency | Interval| Count| Pipelined| BRAM | DSP| FF|    LUT   | URAM|
    +-----------+---------+-------+---------+-------+----------+---------+------+----------+------+----+---+----------+-----+
    |+ add_raw  |   Timing|  -7.46|        0|  0.000|         -|        1|     -|        no|     -|   -|  -|  76 (~0%)|    -|
    +-----------+---------+-------+---------+-------+----------+---------+------+----------+------+----+---+----------+-----+


================================================================
== HW Interfaces
================================================================
* Other Ports
+-----------+---------+-----------+----------+
| Port      | Mode    | Direction | Bitwidth |
+-----------+---------+-----------+----------+
| ap_return |         | out       | 9        |
| e1        | ap_none | in        | 4        |
| e2        | ap_none | in        | 4        |
| m1        | ap_none | in        | 4        |
| m2        | ap_none | in        | 4        |
+-----------+---------+-----------+----------+

* TOP LEVEL CONTROL
+-----------+------------+-----------------------------------+
| Interface | Type       | Ports                             |
+-----------+------------+-----------------------------------+
| ap_rst    | reset      | ap_rst                            |
| ap_ctrl   | ap_ctrl_hs | ap_done ap_idle ap_ready ap_start |
+-----------+------------+-----------------------------------+


================================================================
== SW I/O Information
================================================================
* Top Function Arguments
+----------+-----------+------------+
| Argument | Direction | Datatype   |
+----------+-----------+------------+
| m1       | in        | ap_uint<4> |
| e1       | in        | ap_uint<4> |
| m2       | in        | ap_uint<4> |
| e2       | in        | ap_uint<4> |
| return   | out       | ap_uint<9> |
+----------+-----------+------------+

* SW-to-HW Mapping
+----------+--------------+---------+
| Argument | HW Interface | HW Type |
+----------+--------------+---------+
| m1       | m1           | port    |
| e1       | e1           | port    |
| m2       | m2           | port    |
| e2       | e2           | port    |
| return   | ap_return    | port    |
+----------+--------------+---------+


================================================================
== Bind Op Report
================================================================
+--------------------------+-----+--------+--------------+-----------+------------------------+---------+
| Name                     | DSP | Pragma | Variable     | Op        | Impl                   | Latency |
+--------------------------+-----+--------+--------------+-----------+------------------------+---------+
| + add_raw                | 0   |        |              |           |                        |         |
|   icmp_ln8_fu_70_p2      |     |        | icmp_ln8     | setlt     | auto                   | 0       |
|   xor_ln8_1_fu_76_p2     |     |        | xor_ln8_1    | xor       | auto                   | 0       |
|   sub_ln8_fu_82_p2       |     |        | sub_ln8      | sub       | fabric                 | 0       |
|   sub_ln8_1_fu_96_p2     |     |        | sub_ln8_1    | sub       | fabric                 | 0       |
|   ref_tmp9_0_i_fu_134_p2 |     |        | shl_ln8      | shl       | auto_pipe              | 0       |
|   ref_tmp9_0_i_fu_134_p6 |     |        | ashr_ln8     | ashr      | auto_pipe              | 0       |
|   and_ln8_fu_114_p2      |     |        | and_ln8      | and       | auto                   | 0       |
|   xor_ln8_fu_120_p2      |     |        | xor_ln8      | xor       | auto                   | 0       |
|   sparsemux_7_2_4_1_1_U1 |     |        | ref_tmp9_0_i | sparsemux | onehotencoding_realdef | 0       |
|   select_ln4_fu_154_p3   |     |        | select_ln4   | select    | auto_sel               | 0       |
+--------------------------+-----+--------+--------------+-----------+------------------------+---------+


================================================================
== Storage Report
================================================================
  No bind storage info in design

================================================================
== Pragma Report
================================================================
  No pragmas found

