==============================================================
Vitis HLS - High-Level Synthesis from C, C++ and OpenCL v2025.1 (64-bit)
Tool Version Limit: 2025.05
Copyright 1986-2022 Xilinx, Inc. All Rights Reserved.
Copyright 2022-2025 Advanced Micro Devices, Inc. All Rights Reserved.

==============================================================
INFO: [HLS 200-1505] Using flow_target 'vivado'
INFO: [HLS 200-2176] Writing Vitis IDE component file /home/joe/Desktop/Uni/Year_4/Dissertation/Program-Synthesis-for-Efficient-ML/results/HLS/solution_multiplication_exp/solution_multiplication_exp_component/vitis-comp.json
INFO: [HLS 200-1915] Writing HLS config ini file /home/joe/Desktop/Uni/Year_4/Dissertation/Program-Synthesis-for-Efficient-ML/results/HLS/solution_multiplication_exp/solution_multiplication_exp_component/hls_config.cfg
INFO: [HLS 200-1510] Running: set_top mult_mxint_exp 
INFO: [HLS 200-1510] Running: add_files /home/joe/Desktop/Uni/Year_4/Dissertation/Program-Synthesis-for-Efficient-ML/results/cpp/solution_multiplication_exp.cpp 
INFO: [HLS 200-10] Adding design file '/home/joe/Desktop/Uni/Year_4/Dissertation/Program-Synthesis-for-Efficient-ML/results/cpp/solution_multiplication_exp.cpp' to the project
INFO: [HLS 200-1510] Running: set_part xc7z020clg400-1 
INFO: [HLS 200-1611] Setting target device to 'xc7z020-clg400-1'
INFO: [HLS 200-1510] Running: create_clock -period 1000000000ns 
INFO: [SYN 201-201] Setting up clock 'default' with a period of 1e+09ns.
INFO: [HLS 200-1510] Running: csynth_design 
INFO: [HLS 200-1915] Writing HLS config ini file /home/joe/Desktop/Uni/Year_4/Dissertation/Program-Synthesis-for-Efficient-ML/results/HLS/solution_multiplication_exp/solution_multiplication_exp_component/hls_config.cfg
INFO: [HLS 200-111] Finished File checks and directory preparation: CPU user time: 0.41 seconds. CPU system time: 0.06 seconds. Elapsed time: 2.98 seconds; current allocated memory: 264.738 MB.
INFO: [HLS 200-10] Analyzing design file '/home/joe/Desktop/Uni/Year_4/Dissertation/Program-Synthesis-for-Efficient-ML/results/cpp/solution_multiplication_exp.cpp' ... 
INFO: [HLS 200-111] Finished Source Code Analysis and Preprocessing: CPU user time: 2.49 seconds. CPU system time: 0.36 seconds. Elapsed time: 2.96 seconds; current allocated memory: 266.242 MB.
INFO: [HLS 200-777] Using interface defaults for 'Vivado' flow target.
INFO: [HLS 200-1995] There were 446 instructions in the design after the 'Compile/Link' phase of compilation. See the Design Size Report for more details (/home/joe/Desktop/Uni/Year_4/Dissertation/Program-Synthesis-for-Efficient-ML/results/HLS/solution_multiplication_exp/solution_multiplication_exp_component/hls/syn/report/csynth_design_size.rpt:2)
INFO: [HLS 200-1995] There were 37 instructions in the design after the 'Unroll/Inline (step 1)' phase of compilation. See the Design Size Report for more details (/home/joe/Desktop/Uni/Year_4/Dissertation/Program-Synthesis-for-Efficient-ML/results/HLS/solution_multiplication_exp/solution_multiplication_exp_component/hls/syn/report/csynth_design_size.rpt:2)
INFO: [HLS 200-1995] There were 22 instructions in the design after the 'Unroll/Inline (step 2)' phase of compilation. See the Design Size Report for more details (/home/joe/Desktop/Uni/Year_4/Dissertation/Program-Synthesis-for-Efficient-ML/results/HLS/solution_multiplication_exp/solution_multiplication_exp_component/hls/syn/report/csynth_design_size.rpt:2)
INFO: [HLS 200-1995] There were 22 instructions in the design after the 'Unroll/Inline (step 3)' phase of compilation. See the Design Size Report for more details (/home/joe/Desktop/Uni/Year_4/Dissertation/Program-Synthesis-for-Efficient-ML/results/HLS/solution_multiplication_exp/solution_multiplication_exp_component/hls/syn/report/csynth_design_size.rpt:2)
INFO: [HLS 200-1995] There were 13 instructions in the design after the 'Unroll/Inline (step 4)' phase of compilation. See the Design Size Report for more details (/home/joe/Desktop/Uni/Year_4/Dissertation/Program-Synthesis-for-Efficient-ML/results/HLS/solution_multiplication_exp/solution_multiplication_exp_component/hls/syn/report/csynth_design_size.rpt:2)
INFO: [HLS 200-1995] There were 13 instructions in the design after the 'Array/Struct (step 1)' phase of compilation. See the Design Size Report for more details (/home/joe/Desktop/Uni/Year_4/Dissertation/Program-Synthesis-for-Efficient-ML/results/HLS/solution_multiplication_exp/solution_multiplication_exp_component/hls/syn/report/csynth_design_size.rpt:2)
INFO: [HLS 200-1995] There were 13 instructions in the design after the 'Array/Struct (step 2)' phase of compilation. See the Design Size Report for more details (/home/joe/Desktop/Uni/Year_4/Dissertation/Program-Synthesis-for-Efficient-ML/results/HLS/solution_multiplication_exp/solution_multiplication_exp_component/hls/syn/report/csynth_design_size.rpt:2)
INFO: [HLS 200-1995] There were 13 instructions in the design after the 'Array/Struct (step 3)' phase of compilation. See the Design Size Report for more details (/home/joe/Desktop/Uni/Year_4/Dissertation/Program-Synthesis-for-Efficient-ML/results/HLS/solution_multiplication_exp/solution_multiplication_exp_component/hls/syn/report/csynth_design_size.rpt:2)
INFO: [HLS 200-1995] There were 13 instructions in the design after the 'Array/Struct (step 4)' phase of compilation. See the Design Size Report for more details (/home/joe/Desktop/Uni/Year_4/Dissertation/Program-Synthesis-for-Efficient-ML/results/HLS/solution_multiplication_exp/solution_multiplication_exp_component/hls/syn/report/csynth_design_size.rpt:2)
INFO: [HLS 200-1995] There were 13 instructions in the design after the 'Array/Struct (step 5)' phase of compilation. See the Design Size Report for more details (/home/joe/Desktop/Uni/Year_4/Dissertation/Program-Synthesis-for-Efficient-ML/results/HLS/solution_multiplication_exp/solution_multiplication_exp_component/hls/syn/report/csynth_design_size.rpt:2)
INFO: [HLS 200-1995] There were 13 instructions in the design after the 'Performance (step 1)' phase of compilation. See the Design Size Report for more details (/home/joe/Desktop/Uni/Year_4/Dissertation/Program-Synthesis-for-Efficient-ML/results/HLS/solution_multiplication_exp/solution_multiplication_exp_component/hls/syn/report/csynth_design_size.rpt:2)
INFO: [HLS 200-1995] There were 13 instructions in the design after the 'Performance (step 2)' phase of compilation. See the Design Size Report for more details (/home/joe/Desktop/Uni/Year_4/Dissertation/Program-Synthesis-for-Efficient-ML/results/HLS/solution_multiplication_exp/solution_multiplication_exp_component/hls/syn/report/csynth_design_size.rpt:2)
INFO: [HLS 200-1995] There were 13 instructions in the design after the 'Performance (step 3)' phase of compilation. See the Design Size Report for more details (/home/joe/Desktop/Uni/Year_4/Dissertation/Program-Synthesis-for-Efficient-ML/results/HLS/solution_multiplication_exp/solution_multiplication_exp_component/hls/syn/report/csynth_design_size.rpt:2)
INFO: [HLS 200-1995] There were 13 instructions in the design after the 'Performance (step 4)' phase of compilation. See the Design Size Report for more details (/home/joe/Desktop/Uni/Year_4/Dissertation/Program-Synthesis-for-Efficient-ML/results/HLS/solution_multiplication_exp/solution_multiplication_exp_component/hls/syn/report/csynth_design_size.rpt:2)
INFO: [HLS 200-1995] There were 17 instructions in the design after the 'HW Transforms (step 1)' phase of compilation. See the Design Size Report for more details (/home/joe/Desktop/Uni/Year_4/Dissertation/Program-Synthesis-for-Efficient-ML/results/HLS/solution_multiplication_exp/solution_multiplication_exp_component/hls/syn/report/csynth_design_size.rpt:2)
INFO: [HLS 200-1995] There were 16 instructions in the design after the 'HW Transforms (step 2)' phase of compilation. See the Design Size Report for more details (/home/joe/Desktop/Uni/Year_4/Dissertation/Program-Synthesis-for-Efficient-ML/results/HLS/solution_multiplication_exp/solution_multiplication_exp_component/hls/syn/report/csynth_design_size.rpt:2)
INFO: [HLS 200-111] Finished Compiling Optimization and Transform: CPU user time: 1.65 seconds. CPU system time: 0.26 seconds. Elapsed time: 6.86 seconds; current allocated memory: 275.855 MB.
INFO: [HLS 200-111] Finished Checking Pragmas: CPU user time: 0 seconds. CPU system time: 0 seconds. Elapsed time: 0 seconds; current allocated memory: 275.855 MB.
INFO: [HLS 200-10] Starting code transformations ...
INFO: [HLS 200-111]