

================================================================
== Synthesis Summary Report of 'naive_int_mul'
================================================================
+ General Information: 
    * Date:           Tue Nov 11 12:46:48 2025
    * Version:        2025.1 (Build 6135595 on May 21 2025)
    * Project:        solution_naivemultiplier_int_mul_component
    * Solution:       hls (Vivado IP Flow Target)
    * Product family: zynq
    * Target device:  xc7z020-clg400-1
    

+ Performance & Resource Estimates: 
    
    PS: '+' for module; 'o' for loop; '*' for dataflow
    +-----------------+---------+-------+---------+-------+----------+---------+------+----------+------+--------+---+----------+-----+
    |     Modules     |  Issue  |       |     Latency     | Iteration|         | Trip |          |      |        |   |          |     |
    |     & Loops     |   Type  | Slack | (cycles)|  (ns) |  Latency | Interval| Count| Pipelined| BRAM |   DSP  | FF|    LUT   | URAM|
    +-----------------+---------+-------+---------+-------+----------+---------+------+----------+------+--------+---+----------+-----+
    |+ naive_int_mul  |   Timing|  -8.51|        0|  0.000|         -|        1|     -|        no|     -|  3 (1%)|  -|  20 (~0%)|    -|
    +-----------------+---------+-------+---------+-------+----------+---------+------+----------+------+--------+---+----------+-----+


================================================================
== HW Interfaces
================================================================
* Other Ports
+-----------+---------+-----------+----------+
| Port      | Mode    | Direction | Bitwidth |
+-----------+---------+-----------+----------+
| ap_return |         | out       | 32       |
| x         | ap_none | in        | 32       |
| y         | ap_none | in        | 32       |
+-----------+---------+-----------+----------+

* TOP LEVEL CONTROL
+-----------+------------+-----------------------------------+
| Interface | Type       | Ports                             |
+-----------+------------+-----------------------------------+
| ap_rst    | reset      | ap_rst                            |
| ap_ctrl   | ap_ctrl_hs | ap_done ap_idle ap_ready ap_start |
+-----------+------------+-----------------------------------+


================================================================
== SW I/O Information
================================================================
* Top Function Arguments
+----------+-----------+-------------+
| Argument | Direction | Datatype    |
+----------+-----------+-------------+
| x        | in        | ap_uint<32> |
| y        | in        | ap_uint<32> |
| return   | out       | ap_uint<32> |
+----------+-----------+-------------+

* SW-to-HW Mapping
+----------+--------------+---------+
| Argument | HW Interface | HW Type |
+----------+--------------+---------+
| x        | x            | port    |
| y        | y            | port    |
| return   | ap_return    | port    |
+----------+--------------+---------+


================================================================
== Bind Op Report
================================================================
+-------------------------+-----+--------+----------+-----+------+---------+
| Name                    | DSP | Pragma | Variable | Op  | Impl | Latency |
+-------------------------+-----+--------+----------+-----+------+---------+
| + naive_int_mul         | 3   |        |          |     |      |         |
|   mul_32s_32s_32_1_1_U1 | 3   |        | mul_ln4  | mul | auto | 0       |
+-------------------------+-----+--------+----------+-----+------+---------+


================================================================
== Storage Report
================================================================
  No bind storage info in design

================================================================
== Pragma Report
================================================================
  No pragmas found

