Fri Jan 16 12:59:18 2026: Running xcd server. This server was built by gradle.
Fri Jan 16 12:59:18 2026: Server was asked to start on port: '36889'
Fri Jan 16 12:59:18 2026: Server is using token UUID: '569d1852-61a6-416a-b45b-66bddf651bba'
Fri Jan 16 12:59:18 2026: SESSION_MGR: creating session with session uuid: '6d04a3e9-ade5-4ab9-8d63-1f78fcd2ec76' and name 'default'
Fri Jan 16 12:59:18 2026: Attempting to start server on port '36889'
Fri Jan 16 12:59:18 2026: XCD main fifo: created main fifo '/tmp/xcdmain569d1852-61a6-416a-b45b-66bddf651bba', fd read = 15
Fri Jan 16 12:59:18 2026: Running Dispatch Server
Fri Jan 16 12:59:18 2026: Version 2.2.0
Fri Jan 16 12:59:19 2026: Dispatch Server: Accepted socket connection from client
Fri Jan 16 12:59:19 2026: Starting Socket connection
Fri Jan 16 12:59:19 2026: EXCHANGE_TOKEN received, server token: 569d1852-61a6-416a-b45b-66bddf651bba, passed token: 569d1852-61a6-416a-b45b-66bddf651bba
Fri Jan 16 12:59:19 2026: SESSION_MGR: creating session with session uuid: '0dbf01e8-24f1-4dda-8449-12d591a3bc98' and name 'vitis_hls'
Fri Jan 16 12:59:19 2026: KERNEL_SVC: creating session with uuid: '0dbf01e8-24f1-4dda-8449-12d591a3bc98' and name 'vitis_hls'
Fri Jan 16 12:59:19 2026: GUIDANCE_SMGR: creating guidance session with uuid: '0dbf01e8-24f1-4dda-8449-12d591a3bc98' and name 'vitis_hls'
Fri Jan 16 12:59:32 2026: Running xcd server. This server was built by gradle.
Fri Jan 16 12:59:32 2026: Server was asked to start on port: '45985'
Fri Jan 16 12:59:32 2026: Server is using token UUID: '85d04e6c-8ec1-40b4-9395-4c406b1f7bb8'
Fri Jan 16 12:59:32 2026: SESSION_MGR: creating session with session uuid: '6d04a3e9-ade5-4ab9-8d63-1f78fcd2ec76' and name 'default'
Fri Jan 16 12:59:32 2026: Attempting to start server on port '45985'
Fri Jan 16 12:59:32 2026: XCD main fifo: created main fifo '/tmp/xcdmain85d04e6c-8ec1-40b4-9395-4c406b1f7bb8', fd read = 16
Fri Jan 16 12:59:32 2026: Running Dispatch Server
Fri Jan 16 12:59:32 2026: Version 2.2.0
Fri Jan 16 12:59:33 2026: Dispatch Server: Accepted socket connection from client
Fri Jan 16 12:59:33 2026: Starting Socket connection
Fri Jan 16 12:59:33 2026: EXCHANGE_TOKEN received, server token: 85d04e6c-8ec1-40b4-9395-4c406b1f7bb8, passed token: 85d04e6c-8ec1-40b4-9395-4c406b1f7bb8
Fri Jan 16 12:59:33 2026: SESSION_MGR: creating session with session uuid: 'db3a1763-1048-4a9f-8d27-70ceabcc9ec8' and name 'vitis_hls'
Fri Jan 16 12:59:33 2026: KERNEL_SVC: creating session with uuid: 'db3a1763-1048-4a9f-8d27-70ceabcc9ec8' and name 'vitis_hls'
Fri Jan 16 12:59:33 2026: GUIDANCE_SMGR: creating guidance session with uuid: 'db3a1763-1048-4a9f-8d27-70ceabcc9ec8' and name 'vitis_hls'
Fri Jan 16 12:59:33 2026: STOP_SERVER received, server token: 569d1852-61a6-416a-b45b-66bddf651bba, passed token: 569d1852-61a6-416a-b45b-66bddf651bba
Fri Jan 16 12:59:33 2026: Socket received request to stop server.
Fri Jan 16 12:59:33 2026: Dispatch Server: do_await_stop
Fri Jan 16 12:59:33 2026: Dispatch Server: stopping mainFifo_
Fri Jan 16 12:59:33 2026: XCD main fifo: Stopping
Fri Jan 16 12:59:33 2026: XCD main fifo: do_read error code: Operation canceled
Fri Jan 16 12:59:33 2026: XCD main fifo: bytes_transferred: 0
Fri Jan 16 12:59:33 2026: SERVER: destructor for server bound to port 36889
Fri Jan 16 12:59:33 2026: XCD main fifo: Good unlink of /tmp/xcdmain569d1852-61a6-416a-b45b-66bddf651bba
Fri Jan 16 12:59:33 2026: Server exiting with status 0.
Fri Jan 16 12:59:33 2026: Closing log file.
Fri Jan 16 13:00:01 2026: STOP_SERVER received, server token: 85d04e6c-8ec1-40b4-9395-4c406b1f7bb8, passed token: 85d04e6c-8ec1-40b4-9395-4c406b1f7bb8
Fri Jan 16 13:00:01 2026: Socket received request to stop server.
Fri Jan 16 13:00:01 2026: Dispatch Server: do_await_stop
Fri Jan 16 13:00:01 2026: Dispatch Server: stopping mainFifo_
Fri Jan 16 13:00:01 2026: XCD main fifo: Stopping
Fri Jan 16 13:00:01 2026: XCD main fifo: do_read error code: Operation canceled
Fri Jan 16 13:00:01 2026: XCD main fifo: bytes_transferred: 0
Fri Jan 16 13:00:01 2026: SERVER: destructor for server bound to port 45985
Fri Jan 16 13:00:01 2026: XCD main fifo: Good unlink of /tmp/xcdmain85d04e6c-8ec1-40b4-9395-4c406b1f7bb8
Fri Jan 16 13:00:01 2026: Server exiting with status 0.
Fri Jan 16 13:00:01 2026: Closing log file.
