

================================================================
== Vitis HLS Report for 'add_full_sum'
================================================================
* Date:           Fri Jan 16 12:59:30 2026

* Version:        2025.1 (Build 6135595 on May 21 2025)
* Project:        solution_addition_full_sum_component
* Solution:       hls (Vivado IP Flow Target)
* Product family: zynq
* Target device:  xc7z020-clg400-1


================================================================
== Performance Estimates
================================================================
+ Timing: 
    * Summary: 
    +--------+---------+-----------+------------+
    |  Clock |  Target | Estimated | Uncertainty|
    +--------+---------+-----------+------------+
    |ap_clk  |  1.00 ms|  31.366 ns|     0.27 ms|
    +--------+---------+-----------+------------+

+ Latency: 
    * Summary: 
    +---------+---------+----------+----------+-----+-----+---------+
    |  Latency (cycles) |  Latency (absolute) |  Interval | Pipeline|
    |   min   |   max   |    min   |    max   | min | max |   Type  |
    +---------+---------+----------+----------+-----+-----+---------+
    |        0|        0|      0 ns|      0 ns|    1|    1|       no|
    +---------+---------+----------+----------+-----+-----+---------+

    + Detail: 
        * Instance: 
        N/A

        * Loop: 
        N/A



================================================================
== Utilization Estimates
================================================================
* Summary: 
+-----------------+---------+-----+--------+-------+-----+
|       Name      | BRAM_18K| DSP |   FF   |  LUT  | URAM|
+-----------------+---------+-----+--------+-------+-----+
|DSP              |        -|    -|       -|      -|    -|
|Expression       |        -|    -|       0|    973|    -|
|FIFO             |        -|    -|       -|      -|    -|
|Instance         |        -|    -|       -|      -|    -|
|Memory           |        -|    -|       -|      -|    -|
|Multiplexer      |        -|    -|       -|      -|    -|
|Register         |        -|    -|       -|      -|    -|
+-----------------+---------+-----+--------+-------+-----+
|Total            |        0|    0|       0|    973|    0|
+-----------------+---------+-----+--------+-------+-----+
|Available        |      280|  220|  106400|  53200|    0|
+-----------------+---------+-----+--------+-------+-----+
|Utilization (%)  |        0|    0|       0|      1|    0|
+-----------------+---------+-----+--------+-------+-----+

+ Detail: 
    * Instance: 
    N/A

    * DSP: 
    N/A

    * Memory: 
    N/A

    * FIFO: 
    N/A

    * Expression: 
    +-----------------------+----------+----+---+-----+------------+------------+
    |     Variable Name     | Operation| DSP| FF| LUT | Bitwidth P0| Bitwidth P1|
    +-----------------------+----------+----+---+-----+------------+------------+
    |add_ln18_fu_144_p2     |         +|   0|  0|   13|           5|           2|
    |add_ln20_fu_278_p2     |         +|   0|  0|   23|          16|          16|
    |add_ln31_fu_166_p2     |         +|   0|  0|   13|           5|           2|
    |add_ln33_fu_378_p2     |         +|   0|  0|   23|          16|          16|
    |add_ln52_fu_500_p2     |         +|   0|  0|   13|           5|           5|
    |exp_1_fu_592_p2        |         +|   0|  0|   13|           4|           1|
    |mant_1_fu_468_p2       |         +|   0|  0|   13|           4|           4|
    |sum_fu_474_p2          |         +|   0|  0|   13|           5|           5|
    |t_5_fu_534_p2          |         +|   0|  0|   14|           6|           6|
    |d_fu_130_p2            |         -|   0|  0|   13|           1|           4|
    |de_fu_104_p2           |         -|   0|  0|   13|           4|           4|
    |sub_ln18_fu_180_p2     |         -|   0|  0|   13|           1|           5|
    |sub_ln20_fu_260_p2     |         -|   0|  0|   23|           1|          16|
    |sub_ln31_fu_206_p2     |         -|   0|  0|   13|           1|           5|
    |sub_ln33_fu_360_p2     |         -|   0|  0|   23|           1|          16|
    |t_2_fu_384_p2          |      ashr|   0|  0|   35|          16|          16|
    |t_fu_284_p2            |      ashr|   0|  0|   35|          16|          16|
    |icmp_ln13_fu_124_p2    |      icmp|   0|  0|   13|           4|           4|
    |icmp_ln21_1_fu_314_p2  |      icmp|   0|  0|   23|          16|           5|
    |icmp_ln21_fu_300_p2    |      icmp|   0|  0|   14|          13|           1|
    |icmp_ln34_1_fu_414_p2  |      icmp|   0|  0|   23|          16|           5|
    |icmp_ln34_fu_400_p2    |      icmp|   0|  0|   14|          13|           1|
    |icmp_ln4_fu_480_p2     |      icmp|   0|  0|   13|           4|           4|
    |icmp_ln57_1_fu_574_p2  |      icmp|   0|  0|   13|           5|           5|
    |icmp_ln57_fu_560_p2    |      icmp|   0|  0|   10|           2|           1|
    |lshr_ln18_fu_190_p2    |      lshr|   0|  0|  100|           1|          32|
    |lshr_ln31_fu_216_p2    |      lshr|   0|  0|  100|           1|          32|
    |or_ln13_fu_446_p2      |        or|   0|  0|    2|           1|           1|
    |or_ln27_fu_432_p2      |        or|   0|  0|    2|           1|           1|
    |a1_2_fu_438_p3         |    select|   0|  0|    4|           1|           4|
    |a1_fu_424_p3           |    select|   0|  0|    5|           1|           5|
    |a2_2_fu_452_p3         |    select|   0|  0|    4|           1|           4|
    |a2_fu_324_p3           |    select|   0|  0|    5|           1|           5|
    |exp_2_fu_598_p3        |    select|   0|  0|    4|           1|           4|
    |mag_1_fu_340_p3        |    select|   0|  0|   15|           1|          15|
    |mag_fu_240_p3          |    select|   0|  0|   15|           1|          15|
    |mant_2_fu_606_p3       |    select|   0|  0|    4|           1|           4|
    |mant_fu_584_p3         |    select|   0|  0|    5|           1|           5|
    |select_ln20_fu_266_p3  |    select|   0|  0|   16|           1|          16|
    |select_ln33_fu_366_p3  |    select|   0|  0|   16|           1|          16|
    |select_ln55_fu_526_p3  |    select|   0|  0|    2|           1|           2|
    |t_1_fu_306_p3          |    select|   0|  0|   16|           1|           3|
    |t_3_fu_406_p3          |    select|   0|  0|   16|           1|           3|
    |t_7_fu_566_p3          |    select|   0|  0|    5|           1|           3|
    |texp_fu_492_p3         |    select|   0|  0|    4|           1|           4|
    |shl_ln18_fu_200_p2     |       shl|   0|  0|  100|           1|          32|
    |shl_ln31_fu_226_p2     |       shl|   0|  0|  100|           1|          32|
    |xor_ln11_fu_118_p2     |       xor|   0|  0|    2|           1|           2|
    |xor_ln4_fu_486_p2      |       xor|   0|  0|    2|           1|           2|
    +-----------------------+----------+----+---+-----+------------+------------+
    |Total                  |          |   0|  0|  973|         204|         407|
    +-----------------------+----------+----+---+-----+------------+------------+

    * Multiplexer: 
    N/A

    * Register: 
    N/A



================================================================
== Interface
================================================================
* Summary: 
+-----------+-----+-----+------------+--------------+--------------+
| RTL Ports | Dir | Bits|  Protocol  | Source Object|    C Type    |
+-----------+-----+-----+------------+--------------+--------------+
|ap_start   |   in|    1|  ap_ctrl_hs|  add_full_sum|  return value|
|ap_done    |  out|    1|  ap_ctrl_hs|  add_full_sum|  return value|
|ap_idle    |  out|    1|  ap_ctrl_hs|  add_full_sum|  return value|
|ap_ready   |  out|    1|  ap_ctrl_hs|  add_full_sum|  return value|
|ap_return  |  out|    8|  ap_ctrl_hs|  add_full_sum|  return value|
|ap_rst     |   in|    1|  ap_ctrl_hs|  add_full_sum|  return value|
|m1         |   in|    4|     ap_none|            m1|        scalar|
|e1         |   in|    4|     ap_none|            e1|        scalar|
|m2         |   in|    4|     ap_none|            m2|        scalar|
|e2         |   in|    4|     ap_none|            e2|        scalar|
+-----------+-----+-----+------------+--------------+--------------+

