================================================================
== Design Size Report
================================================================

* Total Instructions per Compilation Phase
+---------------+-----------------------------+--------------+----------------------------------------------------------------------------------------+
| Phase         | Step                        | Instructions | Description                                                                            |
+---------------+-----------------------------+--------------+----------------------------------------------------------------------------------------+
| Compile/Link  |                             | 4,522        | After all functions are compiled and linked into a single design                       |
|               |                             |              |                                                                                        |
| Unroll/Inline |                             |              | After user unroll and inline pragmas are applied                                       |
|               | (1) unroll                  |   202        | user unroll pragmas are applied                                                        |
|               | (2) simplification          |   167        | simplification of applied user unroll pragmas                                          |
|               | (3) inline                  |   163        | user inline pragmas are applied                                                        |
|               | (4) simplification          |   145        | simplification of applied user inline pragmas                                          |
|               |                             |              |                                                                                        |
| Array/Struct  |                             |              | After user array partition and struct aggregate/disaggregate pragmas are applied       |
|               | (1) array partition         |   145        | user array partition pragmas are applied                                               |
|               | (2) simplification          |   145        | simplification of applied user array partition & struct aggregate/disaggregate pragmas |
|               | (3) aggregate/disaggregate  |   145        | user struct aggregate/disaggregate pragmas are applied                                 |
|               | (4) array reshape           |   145        | apply array reshape pragmas                                                            |
|               | (5) access patterns         |   145        | array access pattern optmizations                                                      |
|               |                             |              |                                                                                        |
| Performance   |                             |              | After transformations are applied to meet performance pragma targets                   |
|               | (1) loop simplification     |   145        | loop and instruction simplification                                                    |
|               | (2) parallelization         |   145        | loops are unrolled or pipelined to meet performance targets                            |
|               | (3) array partition         |   145        | arrays are partitioned to meet performance targets                                     |
|               | (4) simplification          |   145        | simplification of design after performance transformations                             |
|               |                             |              |                                                                                        |
| HW Transforms |                             |              | After hardware transfomations                                                          |
|               | (1) lowering                |   149        | initial conversion to HW specific instructions                                         |
|               | (2) optimizations           |   148        | high level synthesis optimizations                                                     |
+---------------+-----------------------------+--------------+----------------------------------------------------------------------------------------+

* Instructions per Function for each Compilation Phase
+-----------------------+-----------------------------------+--------------+---------------+--------------+-------------+---------------+
| Function              | Location                          | Compile/Link | Unroll/Inline | Array/Struct | Performance | HW Transforms |
+-----------------------+-----------------------------------+--------------+---------------+--------------+-------------+---------------+
| + add_full_sum        | solution_addition_full_sum.cpp:65 | 4,522        | 145           | 145          | 145         | 148           |
|  + add_raw            | solution_addition_full_sum.cpp:40 | 3,292        |               |              |             |               |
|     align_mantissas   | solution_addition_full_sum.cpp:6  | 2,595        |               |              |             |               |
|     select_exponent   | solution_addition_full_sum.cpp:3  |  101         |               |              |             |               |
|    normalise_addition | solution_addition_full_sum.cpp:48 | 1,098        |               |              |             |               |
+-----------------------+-----------------------------------+--------------+---------------+--------------+-------------+---------------+

* Design Size Message Settings
+---------------------------------------------+--------+------------------------------------------------------------------+
| Message Setting                             | Value  | Description                                                      |
+---------------------------------------------+--------+------------------------------------------------------------------+
| config_compile -design_size_maximum_warning | 100000 | Show a warning when total design instructions exceeds this value |
+---------------------------------------------+--------+------------------------------------------------------------------+


