

================================================================
== Synthesis Summary Report of 'add_full_sum'
================================================================
+ General Information: 
    * Date:           Fri Jan 16 12:59:30 2026
    * Version:        2025.1 (Build 6135595 on May 21 2025)
    * Project:        solution_addition_full_sum_component
    * Solution:       hls (Vivado IP Flow Target)
    * Product family: zynq
    * Target device:  xc7z020-clg400-1
    

+ Performance & Resource Estimates: 
    
    PS: '+' for module; 'o' for loop; '*' for dataflow
    +----------------+------+-----------+---------+-------+----------+---------+------+----------+------+----+---+----------+-----+
    |     Modules    | Issue|           |     Latency     | Iteration|         | Trip |          |      |    |   |          |     |
    |     & Loops    | Type |   Slack   | (cycles)|  (ns) |  Latency | Interval| Count| Pipelined| BRAM | DSP| FF|    LUT   | URAM|
    +----------------+------+-----------+---------+-------+----------+---------+------+----------+------+----+---+----------+-----+
    |+ add_full_sum  |     -|  729968.63|        0|  0.000|         -|        1|     -|        no|     -|   -|  -|  973 (1%)|    -|
    +----------------+------+-----------+---------+-------+----------+---------+------+----------+------+----+---+----------+-----+


================================================================
== HW Interfaces
================================================================
* Other Ports
+-----------+---------+-----------+----------+
| Port      | Mode    | Direction | Bitwidth |
+-----------+---------+-----------+----------+
| ap_return |         | out       | 8        |
| e1        | ap_none | in        | 4        |
| e2        | ap_none | in        | 4        |
| m1        | ap_none | in        | 4        |
| m2        | ap_none | in        | 4        |
+-----------+---------+-----------+----------+

* TOP LEVEL CONTROL
+-----------+------------+-----------------------------------+
| Interface | Type       | Ports                             |
+-----------+------------+-----------------------------------+
| ap_rst    | reset      | ap_rst                            |
| ap_ctrl   | ap_ctrl_hs | ap_done ap_idle ap_ready ap_start |
+-----------+------------+-----------------------------------+


================================================================
== SW I/O Information
================================================================
* Top Function Arguments
+----------+-----------+------------+
| Argument | Direction | Datatype   |
+----------+-----------+------------+
| m1       | in        | ap_uint<4> |
| e1       | in        | ap_uint<4> |
| m2       | in        | ap_uint<4> |
| e2       | in        | ap_uint<4> |
| return   | out       | ap_uint<8> |
+----------+-----------+------------+

* SW-to-HW Mapping
+----------+--------------+---------+
| Argument | HW Interface | HW Type |
+----------+--------------+---------+
| m1       | m1           | port    |
| e1       | e1           | port    |
| m2       | m2           | port    |
| e2       | e2           | port    |
| return   | ap_return    | port    |
+----------+--------------+---------+


================================================================
== Bind Op Report
================================================================
+-------------------------+-----+--------+-------------+--------+-----------+---------+
| Name                    | DSP | Pragma | Variable    | Op     | Impl      | Latency |
+-------------------------+-----+--------+-------------+--------+-----------+---------+
| + add_full_sum          | 0   |        |             |        |           |         |
|   de_fu_104_p2          |     |        | de          | sub    | fabric    | 0       |
|   xor_ln11_fu_118_p2    |     |        | xor_ln11    | xor    | auto      | 0       |
|   icmp_ln13_fu_124_p2   |     |        | icmp_ln13   | seteq  | auto      | 0       |
|   d_fu_130_p2           |     |        | d           | sub    | fabric    | 0       |
|   add_ln18_fu_144_p2    |     |        | add_ln18    | add    | fabric    | 0       |
|   add_ln31_fu_166_p2    |     |        | add_ln31    | add    | fabric    | 0       |
|   sub_ln18_fu_180_p2    |     |        | sub_ln18    | sub    | fabric    | 0       |
|   lshr_ln18_fu_190_p2   |     |        | lshr_ln18   | lshr   | auto_pipe | 0       |
|   shl_ln18_fu_200_p2    |     |        | shl_ln18    | shl    | auto_pipe | 0       |
|   sub_ln31_fu_206_p2    |     |        | sub_ln31    | sub    | fabric    | 0       |
|   lshr_ln31_fu_216_p2   |     |        | lshr_ln31   | lshr   | auto_pipe | 0       |
|   shl_ln31_fu_226_p2    |     |        | shl_ln31    | shl    | auto_pipe | 0       |
|   mag_fu_240_p3         |     |        | mag         | select | auto_sel  | 0       |
|   sub_ln20_fu_260_p2    |     |        | sub_ln20    | sub    | fabric    | 0       |
|   select_ln20_fu_266_p3 |     |        | select_ln20 | select | auto_sel  | 0       |
|   add_ln20_fu_278_p2    |     |        | add_ln20    | add    | fabric    | 0       |
|   t_fu_284_p2           |     |        | t           | ashr   | auto_pipe | 0       |
|   icmp_ln21_fu_300_p2   |     |        | icmp_ln21   | setgt  | auto      | 0       |
|   t_1_fu_306_p3         |     |        | t_1         | select | auto_sel  | 0       |
|   icmp_ln21_1_fu_314_p2 |     |        | icmp_ln21_1 | setlt  | auto      | 0       |
|   a2_fu_324_p3          |     |        | a2          | select | auto_sel  | 0       |
|   mag_1_fu_340_p3       |     |        | mag_1       | select | auto_sel  | 0       |
|   sub_ln33_fu_360_p2    |     |        | sub_ln33    | sub    | fabric    | 0       |
|   select_ln33_fu_366_p3 |     |        | select_ln33 | select | auto_sel  | 0       |
|   add_ln33_fu_378_p2    |     |        | add_ln33    | add    | fabric    | 0       |
|   t_2_fu_384_p2         |     |        | t_2         | ashr   | auto_pipe | 0       |
|   icmp_ln34_fu_400_p2   |     |        | icmp_ln34   | setgt  | auto      | 0       |
|   t_3_fu_406_p3         |     |        | t_3         | select | auto_sel  | 0       |
|   icmp_ln34_1_fu_414_p2 |     |        | icmp_ln34_1 | setlt  | auto      | 0       |
|   a1_fu_424_p3          |     |        | a1          | select | auto_sel  | 0       |
|   or_ln27_fu_432_p2     |     |        | or_ln27     | or     | auto      | 0       |
|   a1_2_fu_438_p3        |     |        | a1_2        | select | auto_sel  | 0       |
|   or_ln13_fu_446_p2     |     |        | or_ln13     | or     | auto      | 0       |
|   a2_2_fu_452_p3        |     |        | a2_2        | select | auto_sel  | 0       |
|   mant_1_fu_468_p2      |     |        | mant_1      | add    | fabric    | 0       |
|   sum_fu_474_p2         |     |        | sum         | add    | fabric    | 0       |
|   icmp_ln4_fu_480_p2    |     |        | icmp_ln4    | setlt  | auto      | 0       |
|   xor_ln4_fu_486_p2     |     |        | xor_ln4     | xor    | auto      | 0       |
|   texp_fu_492_p3        |     |        | texp        | select | auto_sel  | 0       |
|   add_ln52_fu_500_p2    |     |        | add_ln52    | add    | fabric    | 0       |
|   select_ln55_fu_526_p3 |     |        | select_ln55 | select | auto_sel  | 0       |
|   t_5_fu_534_p2         |     |        | t_5         | add    | fabric    | 0       |
|   icmp_ln57_fu_560_p2   |     |        | icmp_ln57   | seteq  | auto      | 0       |
|   t_7_fu_566_p3         |     |        | t_7         | select | auto_sel  | 0       |
|   icmp_ln57_1_fu_574_p2 |     |        | icmp_ln57_1 | setlt  | auto      | 0       |
|   mant_fu_584_p3        |     |        | mant        | select | auto_sel  | 0       |
|   exp_1_fu_592_p2       |     |        | exp_1       | add    | fabric    | 0       |
|   exp_2_fu_598_p3       |     |        | exp_2       | select | auto_sel  | 0       |
|   mant_2_fu_606_p3      |     |        | mant_2      | select | auto_sel  | 0       |
+-------------------------+-----+--------+-------------+--------+-----------+---------+


================================================================
== Storage Report
================================================================
  No bind storage info in design

================================================================
== Pragma Report
================================================================
  No pragmas found

