Copyright 1986-2022 Xilinx, Inc. All Rights Reserved. Copyright 2022-2025 Advanced Micro Devices, Inc. All Rights Reserved.
-------------------------------------------------------------------------------------------------------------------------------------------------------------------------------------------------------------------------------
| Tool Version : Vivado v.2025.1 (lin64) Build 6140274 Wed May 21 22:58:25 MDT 2025
| Date         : Wed Feb 11 11:45:18 2026
| Host         : joe running 64-bit Ubuntu 24.04.3 LTS
| Command      : report_timing -delay_type max -max_paths 1 -nworst 1 -file /home/joe/Desktop/Uni/Year_4/Dissertation/Program-Synthesis-for-Efficient-ML/results/FLOPOCO/solution_fp32multiplication_flopoco/timing_detail.rpt
| Design       : fp32_full_mul_flopoco
| Device       : 7z020-clg400
| Speed File   : -1  PRODUCTION 1.12 2019-11-22
| Design State : Routed
-------------------------------------------------------------------------------------------------------------------------------------------------------------------------------------------------------------------------------

Timing Report

Slack (VIOLATED) :        -1.117ns  (required time - arrival time)
  Source:                 u_fp32_mul_flopoco/SignificandMultiplication/bitheapFinalAdd_bh7/X_d1_reg[2]/C
                            (rising edge-triggered cell FDRE clocked by ap_clk  {rise@0.000ns fall@2.000ns period=4.000ns})
  Destination:            u_fp32_mul_flopoco/RoundingAdder/Cin_1_d1_reg/D
                            (rising edge-triggered cell FDRE clocked by ap_clk  {rise@0.000ns fall@2.000ns period=4.000ns})
  Path Group:             ap_clk
  Path Type:              Setup (Max at Slow Process Corner)
  Requirement:            4.000ns  (ap_clk rise@4.000ns - ap_clk rise@0.000ns)
  Data Path Delay:        4.967ns  (logic 2.968ns (59.749%)  route 1.999ns (40.251%))
  Logic Levels:           15  (CARRY4=11 LUT2=1 LUT3=1 LUT5=1 LUT6=1)
  Clock Path Skew:        -0.195ns (DCD - SCD + CPR)
    Destination Clock Delay (DCD):    4.646ns = ( 8.646 - 4.000 ) 
    Source Clock Delay      (SCD):    5.185ns
    Clock Pessimism Removal (CPR):    0.344ns
  Clock Uncertainty:      0.035ns  ((TSJ^2 + TIJ^2)^1/2 + DJ) / 2 + PE
    Total System Jitter     (TSJ):    0.071ns
    Total Input Jitter      (TIJ):    0.000ns
    Discrete Jitter          (DJ):    0.000ns
    Phase Error              (PE):    0.000ns

    Location             Delay type                Incr(ns)  Path(ns)    Netlist Resource(s)
  -------------------------------------------------------------------    -------------------
                         (clock ap_clk rise edge)     0.000     0.000 r  
    U14                                               0.000     0.000 r  ap_clk (IN)
                         net (fo=0)                   0.000     0.000    ap_clk
    U14                  IBUF (Prop_ibuf_I_O)         1.075     1.075 r  ap_clk_IBUF_inst/O
                         net (fo=1, routed)           2.205     3.280    ap_clk_IBUF
    BUFGCTRL_X0Y16       BUFG (Prop_bufg_I_O)         0.101     3.381 r  ap_clk_IBUF_BUFG_inst/O
                         net (fo=116, routed)         1.804     5.185    u_fp32_mul_flopoco/SignificandMultiplication/bitheapFinalAdd_bh7/CLK
    SLICE_X102Y47        FDRE                                         r  u_fp32_mul_flopoco/SignificandMultiplication/bitheapFinalAdd_bh7/X_d1_reg[2]/C
  -------------------------------------------------------------------    -------------------
    SLICE_X102Y47        FDRE (Prop_fdre_C_Q)         0.478     5.663 r  u_fp32_mul_flopoco/SignificandMultiplication/bitheapFinalAdd_bh7/X_d1_reg[2]/Q
                         net (fo=2, routed)           0.448     6.111    u_fp32_mul_flopoco/SignificandMultiplication/bitheapFinalAdd_bh7/X_d1[2]
    SLICE_X104Y47        LUT2 (Prop_lut2_I0_O)        0.295     6.406 r  u_fp32_mul_flopoco/SignificandMultiplication/bitheapFinalAdd_bh7/Cin_1_d1_i_12/O
                         net (fo=1, routed)           0.000     6.406    u_fp32_mul_flopoco/SignificandMultiplication/bitheapFinalAdd_bh7/Cin_1_d1_i_12_n_0
    SLICE_X104Y47        CARRY4 (Prop_carry4_S[2]_CO[3])
                                                      0.380     6.786 r  u_fp32_mul_flopoco/SignificandMultiplication/bitheapFinalAdd_bh7/Cin_1_d1_reg_i_7/CO[3]
                         net (fo=1, routed)           0.000     6.786    u_fp32_mul_flopoco/SignificandMultiplication/bitheapFinalAdd_bh7/Cin_1_d1_reg_i_7_n_0
    SLICE_X104Y48        CARRY4 (Prop_carry4_CI_CO[3])
                                                      0.117     6.903 r  u_fp32_mul_flopoco/SignificandMultiplication/bitheapFinalAdd_bh7/Cin_1_d1_reg_i_8/CO[3]
                         net (fo=1, routed)           0.000     6.903    u_fp32_mul_flopoco/SignificandMultiplication/bitheapFinalAdd_bh7/Cin_1_d1_reg_i_8_n_0
    SLICE_X104Y49        CARRY4 (Prop_carry4_CI_CO[3])
                                                      0.117     7.020 r  u_fp32_mul_flopoco/SignificandMultiplication/bitheapFinalAdd_bh7/Cin_1_d1_reg_i_10/CO[3]
                         net (fo=1, routed)           0.001     7.020    u_fp32_mul_flopoco/SignificandMultiplication/bitheapFinalAdd_bh7/Cin_1_d1_reg_i_10_n_0
    SLICE_X104Y50        CARRY4 (Prop_carry4_CI_CO[3])
                                                      0.117     7.137 r  u_fp32_mul_flopoco/SignificandMultiplication/bitheapFinalAdd_bh7/Cin_1_d1_reg_i_11/CO[3]
                         net (fo=1, routed)           0.000     7.137    u_fp32_mul_flopoco/SignificandMultiplication/bitheapFinalAdd_bh7/Cin_1_d1_reg_i_11_n_0
    SLICE_X104Y51        CARRY4 (Prop_carry4_CI_CO[3])
                                                      0.117     7.254 r  u_fp32_mul_flopoco/SignificandMultiplication/bitheapFinalAdd_bh7/X_1_d1_reg[3]_i_2/CO[3]
                         net (fo=1, routed)           0.000     7.254    u_fp32_mul_flopoco/SignificandMultiplication/bitheapFinalAdd_bh7/X_1_d1_reg[3]_i_2_n_0
    SLICE_X104Y52        CARRY4 (Prop_carry4_CI_CO[3])
                                                      0.117     7.371 r  u_fp32_mul_flopoco/SignificandMultiplication/bitheapFinalAdd_bh7/X_1_d1_reg[7]_i_2/CO[3]
                         net (fo=1, routed)           0.000     7.371    u_fp32_mul_flopoco/SignificandMultiplication/bitheapFinalAdd_bh7/X_1_d1_reg[7]_i_2_n_0
    SLICE_X104Y53        CARRY4 (Prop_carry4_CI_CO[3])
                                                      0.117     7.488 r  u_fp32_mul_flopoco/SignificandMultiplication/bitheapFinalAdd_bh7/X_1_d1_reg[11]_i_2/CO[3]
                         net (fo=1, routed)           0.000     7.488    u_fp32_mul_flopoco/SignificandMultiplication/bitheapFinalAdd_bh7/X_1_d1_reg[11]_i_2_n_0
    SLICE_X104Y54        CARRY4 (Prop_carry4_CI_CO[3])
                                                      0.117     7.605 r  u_fp32_mul_flopoco/SignificandMultiplication/bitheapFinalAdd_bh7/X_1_d1_reg[15]_i_2/CO[3]
                         net (fo=1, routed)           0.000     7.605    u_fp32_mul_flopoco/SignificandMultiplication/bitheapFinalAdd_bh7/X_1_d1_reg[15]_i_2_n_0
    SLICE_X104Y55        CARRY4 (Prop_carry4_CI_CO[3])
                                                      0.117     7.722 r  u_fp32_mul_flopoco/SignificandMultiplication/bitheapFinalAdd_bh7/X_1_d1_reg[19]_i_2/CO[3]
                         net (fo=1, routed)           0.000     7.722    u_fp32_mul_flopoco/SignificandMultiplication/bitheapFinalAdd_bh7/X_1_d1_reg[19]_i_2_n_0
    SLICE_X104Y56        CARRY4 (Prop_carry4_CI_CO[3])
                                                      0.117     7.839 r  u_fp32_mul_flopoco/SignificandMultiplication/bitheapFinalAdd_bh7/X_1_d1_reg[22]_i_2/CO[3]
                         net (fo=1, routed)           0.000     7.839    u_fp32_mul_flopoco/SignificandMultiplication/bitheapFinalAdd_bh7/X_1_d1_reg[22]_i_2_n_0
    SLICE_X104Y57        CARRY4 (Prop_carry4_CI_O[0])
                                                      0.219     8.058 r  u_fp32_mul_flopoco/SignificandMultiplication/bitheapFinalAdd_bh7/X_1_d1_reg[27]_i_2/O[0]
                         net (fo=31, routed)          0.493     8.552    u_fp32_mul_flopoco/SignificandMultiplication/bitheapFinalAdd_bh7/sigProd__0[47]
    SLICE_X103Y57        LUT3 (Prop_lut3_I1_O)        0.295     8.847 r  u_fp32_mul_flopoco/SignificandMultiplication/bitheapFinalAdd_bh7/Cin_1_d1_i_9/O
                         net (fo=4, routed)           0.466     9.313    u_fp32_mul_flopoco/SignificandMultiplication/bitheapFinalAdd_bh7/Cin_1_d1_i_9_n_0
    SLICE_X103Y53        LUT6 (Prop_lut6_I4_O)        0.124     9.437 r  u_fp32_mul_flopoco/SignificandMultiplication/bitheapFinalAdd_bh7/Cin_1_d1_i_3/O
                         net (fo=1, routed)           0.591    10.028    u_fp32_mul_flopoco/SignificandMultiplication/bitheapFinalAdd_bh7/Cin_1_d1_i_3_n_0
    SLICE_X102Y54        LUT5 (Prop_lut5_I1_O)        0.124    10.152 r  u_fp32_mul_flopoco/SignificandMultiplication/bitheapFinalAdd_bh7/Cin_1_d1_i_1/O
                         net (fo=1, routed)           0.000    10.152    u_fp32_mul_flopoco/RoundingAdder/Cin
    SLICE_X102Y54        FDRE                                         r  u_fp32_mul_flopoco/RoundingAdder/Cin_1_d1_reg/D
  -------------------------------------------------------------------    -------------------

                         (clock ap_clk rise edge)     4.000     4.000 r  
    U14                                               0.000     4.000 r  ap_clk (IN)
                         net (fo=0)                   0.000     4.000    ap_clk
    U14                  IBUF (Prop_ibuf_I_O)         0.940     4.940 r  ap_clk_IBUF_inst/O
                         net (fo=1, routed)           2.006     6.946    ap_clk_IBUF
    BUFGCTRL_X0Y16       BUFG (Prop_bufg_I_O)         0.091     7.037 r  ap_clk_IBUF_BUFG_inst/O
                         net (fo=116, routed)         1.609     8.646    u_fp32_mul_flopoco/RoundingAdder/CLK
    SLICE_X102Y54        FDRE                                         r  u_fp32_mul_flopoco/RoundingAdder/Cin_1_d1_reg/C
                         clock pessimism              0.344     8.989    
                         clock uncertainty           -0.035     8.954    
    SLICE_X102Y54        FDRE (Setup_fdre_C_D)        0.081     9.035    u_fp32_mul_flopoco/RoundingAdder/Cin_1_d1_reg
  -------------------------------------------------------------------
                         required time                          9.035    
                         arrival time                         -10.152    
  -------------------------------------------------------------------
                         slack                                 -1.117    




