
****** Vivado v2025.1 (64-bit)
  **** SW Build 6140274 on Wed May 21 22:58:25 MDT 2025
  **** IP Build 6138677 on Thu May 22 03:10:11 MDT 2025
  **** SharedData Build 6139179 on Tue May 20 17:58:58 MDT 2025
  **** Start of session at: Wed Feb 11 11:42:29 2026
    ** Copyright 1986-2022 Xilinx, Inc. All Rights Reserved.
    ** Copyright 2022-2025 Advanced Micro Devices, Inc. All Rights Reserved.

source vivado.tcl
# set rtl_dir "/home/joe/Desktop/Uni/Year_4/Dissertation/Program-Synthesis-for-Efficient-ML/results/FLOPOCO/solution_fp32multiplication_flopoco/verilog_out"
# set vhd_files [glob -nocomplain "$rtl_dir/*.vhd"]
# if {[llength $vhd_files] == 0} {
#   puts "ERROR: No VHDL files found in $rtl_dir"
#   exit 1
# }
# read_vhdl $vhd_files
# synth_design -top fp32_full_mul_flopoco -part xc7z020clg400-1
Command: synth_design -top fp32_full_mul_flopoco -part xc7z020clg400-1
Starting synth_design
Attempting to get a license for feature 'Synthesis' and/or device 'xc7z020'
INFO: [Common 17-349] Got license for feature 'Synthesis' and/or device 'xc7z020'
INFO: [Synth 8-7079] Multithreading enabled for synth_design using a maximum of 7 processes.
INFO: [Synth 8-7078] Launching helper process for spawning children vivado processes
INFO: [Synth 8-7075] Helper process launched with PID 639354
---------------------------------------------------------------------------------
Starting Synthesize : Time (s): cpu = 00:00:04 ; elapsed = 00:00:04 . Memory (MB): peak = 1950.602 ; gain = 395.758 ; free physical = 1076 ; free virtual = 6730
---------------------------------------------------------------------------------
ERROR: [Synth 8-10485] argument of operator "=" cannot be an 'others' aggregate [/home/joe/Desktop/Uni/Year_4/Dissertation/Program-Synthesis-for-Efficient-ML/results/FLOPOCO/solution_fp32multiplication_flopoco/verilog_out/fp32_full_mul_flopoco.vhd:43]
ERROR: [Synth 8-10485] argument of operator "=" cannot be an 'others' aggregate [/home/joe/Desktop/Uni/Year_4/Dissertation/Program-Synthesis-for-Efficient-ML/results/FLOPOCO/solution_fp32multiplication_flopoco/verilog_out/fp32_full_mul_flopoco.vhd:51]
INFO: [Synth 8-11252] unit 'rtl' is ignored due to previous errors [/home/joe/Desktop/Uni/Year_4/Dissertation/Program-Synthesis-for-Efficient-ML/results/FLOPOCO/solution_fp32multiplication_flopoco/verilog_out/fp32_full_mul_flopoco.vhd:126]
INFO: [Synth 8-10443] VHDL file '/home/joe/Desktop/Uni/Year_4/Dissertation/Program-Synthesis-for-Efficient-ML/results/FLOPOCO/solution_fp32multiplication_flopoco/verilog_out/fp32_full_mul_flopoco.vhd' is ignored due to errors
ERROR: [Synth 8-12189] Failed to read vhdl '/home/joe/Desktop/Uni/Year_4/Dissertation/Program-Synthesis-for-Efficient-ML/results/FLOPOCO/solution_fp32multiplication_flopoco/verilog_out/fp32_full_mul_flopoco.vhd'
---------------------------------------------------------------------------------
Finished Synthesize : Time (s): cpu = 00:00:05 ; elapsed = 00:00:05 . Memory (MB): peak = 2022.539 ; gain = 467.695 ; free physical = 981 ; free virtual = 6636
---------------------------------------------------------------------------------
synthesize failed
INFO: [Common 17-83] Releasing license: Synthesis
7 Infos, 0 Warnings, 0 Critical Warnings and 4 Errors encountered.
synth_design failed
ERROR: [Common 17-69] Command failed: Vivado Synthesis failed
INFO: [Common 17-206] Exiting Vivado at Wed Feb 11 11:42:39 2026...
