Wed Nov 19 19:45:04 2025: Running xcd server. This server was built by gradle.
Wed Nov 19 19:45:04 2025: Server was asked to start on port: '46847'
Wed Nov 19 19:45:04 2025: Server is using token UUID: '501078a4-c431-434c-9345-05e2805967bb'
Wed Nov 19 19:45:04 2025: SESSION_MGR: creating session with session uuid: '6d04a3e9-ade5-4ab9-8d63-1f78fcd2ec76' and name 'default'
Wed Nov 19 19:45:04 2025: Attempting to start server on port '46847'
Wed Nov 19 19:45:04 2025: XCD main fifo: created main fifo '/tmp/xcdmain501078a4-c431-434c-9345-05e2805967bb', fd read = 15
Wed Nov 19 19:45:04 2025: Running Dispatch Server
Wed Nov 19 19:45:04 2025: Version 2.2.0
Wed Nov 19 19:45:06 2025: Dispatch Server: Accepted socket connection from client
Wed Nov 19 19:45:06 2025: Starting Socket connection
Wed Nov 19 19:45:06 2025: EXCHANGE_TOKEN received, server token: 501078a4-c431-434c-9345-05e2805967bb, passed token: 501078a4-c431-434c-9345-05e2805967bb
Wed Nov 19 19:45:06 2025: SESSION_MGR: creating session with session uuid: '3bd91b35-94e0-4fa3-9a5c-5fd3decdc28b' and name 'vitis_hls'
Wed Nov 19 19:45:06 2025: KERNEL_SVC: creating session with uuid: '3bd91b35-94e0-4fa3-9a5c-5fd3decdc28b' and name 'vitis_hls'
Wed Nov 19 19:45:06 2025: GUIDANCE_SMGR: creating guidance session with uuid: '3bd91b35-94e0-4fa3-9a5c-5fd3decdc28b' and name 'vitis_hls'
Wed Nov 19 19:45:18 2025: Running xcd server. This server was built by gradle.
Wed Nov 19 19:45:18 2025: Server was asked to start on port: '45449'
Wed Nov 19 19:45:18 2025: Server is using token UUID: '37f3f18c-9719-49b4-b7f5-1dc7e55ed56f'
Wed Nov 19 19:45:18 2025: SESSION_MGR: creating session with session uuid: '6d04a3e9-ade5-4ab9-8d63-1f78fcd2ec76' and name 'default'
Wed Nov 19 19:45:18 2025: Attempting to start server on port '45449'
Wed Nov 19 19:45:18 2025: XCD main fifo: created main fifo '/tmp/xcdmain37f3f18c-9719-49b4-b7f5-1dc7e55ed56f', fd read = 16
Wed Nov 19 19:45:18 2025: Running Dispatch Server
Wed Nov 19 19:45:18 2025: Version 2.2.0
Wed Nov 19 19:45:19 2025: Dispatch Server: Accepted socket connection from client
Wed Nov 19 19:45:19 2025: Starting Socket connection
Wed Nov 19 19:45:19 2025: EXCHANGE_TOKEN received, server token: 37f3f18c-9719-49b4-b7f5-1dc7e55ed56f, passed token: 37f3f18c-9719-49b4-b7f5-1dc7e55ed56f
Wed Nov 19 19:45:19 2025: SESSION_MGR: creating session with session uuid: '98585a97-2fc5-4a6e-a66e-1d2b50ff812f' and name 'vitis_hls'
Wed Nov 19 19:45:19 2025: KERNEL_SVC: creating session with uuid: '98585a97-2fc5-4a6e-a66e-1d2b50ff812f' and name 'vitis_hls'
Wed Nov 19 19:45:19 2025: GUIDANCE_SMGR: creating guidance session with uuid: '98585a97-2fc5-4a6e-a66e-1d2b50ff812f' and name 'vitis_hls'
Wed Nov 19 19:45:19 2025: STOP_SERVER received, server token: 501078a4-c431-434c-9345-05e2805967bb, passed token: 501078a4-c431-434c-9345-05e2805967bb
Wed Nov 19 19:45:19 2025: Socket received request to stop server.
Wed Nov 19 19:45:19 2025: Dispatch Server: do_await_stop
Wed Nov 19 19:45:19 2025: Dispatch Server: stopping mainFifo_
Wed Nov 19 19:45:19 2025: XCD main fifo: Stopping
Wed Nov 19 19:45:19 2025: XCD main fifo: do_read error code: Operation canceled
Wed Nov 19 19:45:19 2025: XCD main fifo: bytes_transferred: 0
Wed Nov 19 19:45:19 2025: SERVER: destructor for server bound to port 46847
Wed Nov 19 19:45:19 2025: XCD main fifo: Good unlink of /tmp/xcdmain501078a4-c431-434c-9345-05e2805967bb
Wed Nov 19 19:45:19 2025: Server exiting with status 0.
Wed Nov 19 19:45:19 2025: Closing log file.
Wed Nov 19 19:45:46 2025: STOP_SERVER received, server token: 37f3f18c-9719-49b4-b7f5-1dc7e55ed56f, passed token: 37f3f18c-9719-49b4-b7f5-1dc7e55ed56f
Wed Nov 19 19:45:46 2025: Socket received request to stop server.
Wed Nov 19 19:45:46 2025: Dispatch Server: do_await_stop
Wed Nov 19 19:45:46 2025: Dispatch Server: stopping mainFifo_
Wed Nov 19 19:45:46 2025: XCD main fifo: Stopping
Wed Nov 19 19:45:46 2025: XCD main fifo: do_read error code: Operation canceled
Wed Nov 19 19:45:46 2025: XCD main fifo: bytes_transferred: 0
Wed Nov 19 19:45:46 2025: SERVER: destructor for server bound to port 45449
Wed Nov 19 19:45:46 2025: XCD main fifo: Good unlink of /tmp/xcdmain37f3f18c-9719-49b4-b7f5-1dc7e55ed56f
Wed Nov 19 19:45:46 2025: Server exiting with status 0.
Wed Nov 19 19:45:46 2025: Closing log file.
