  **** HLS Build v2025.1 6135595
Sourcing Tcl script '/home/joe/Desktop/Uni/Year_4/Dissertation/Program-Synthesis-for-Efficient-ML/results/HLS/solution_mxint8addition_full_sum_combined/hls.tcl'
INFO: [HLS 200-1510] Running: open_component -reset solution_mxint8addition_full_sum_combined_component -flow_target vivado 
INFO: [HLS 200-10] Creating and opening component '/home/joe/Desktop/Uni/Year_4/Dissertation/Program-Synthesis-for-Efficient-ML/solution_mxint8addition_full_sum_combined_component'.
INFO: [HLS 200-10] Cleaning up the component database.
INFO: [HLS 200-1505] Using flow_target 'vivado'
Resolution: For help on HLS 200-1505 see docs.xilinx.com/access/sources/dita/topic?Doc_Version=2025.1%20English&url=ug1448-hls-guidance&resourceid=200-1505.html
INFO: [HLS 200-2176] Writing Vitis IDE component file /home/joe/Desktop/Uni/Year_4/Dissertation/Program-Synthesis-for-Efficient-ML/solution_mxint8addition_full_sum_combined_component/vitis-comp.json
INFO: [HLS 200-1915] Writing HLS config ini file /home/joe/Desktop/Uni/Year_4/Dissertation/Program-Synthesis-for-Efficient-ML/solution_mxint8addition_full_sum_combined_component/hls_config.cfg
INFO: [HLS 200-1510] Running: set_top add_full_sum 
INFO: [HLS 200-1510] Running: add_files /home/joe/Desktop/Uni/Year_4/Dissertation/Program-Synthesis-for-Efficient-ML/results/cpp/solution_mxint8addition_full_sum_combined.cpp 
INFO: [HLS 200-10] Adding design file '/home/joe/Desktop/Uni/Year_4/Dissertation/Program-Synthesis-for-Efficient-ML/results/cpp/solution_mxint8addition_full_sum_combined.cpp' to the project
INFO: [HLS 200-1510] Running: set_part xc7z020clg400-1 
INFO: [HLS 200-1611] Setting target device to 'xc7z020-clg400-1'
INFO: [HLS 200-1510] Running: create_clock -period 1000000ns 
INFO: [SYN 201-201] Setting up clock 'default' with a period of 1e+06ns.
INFO: [HLS 200-1510] Running: set_directive_pipeline -II 1 add_full_sum 
INFO: [HLS 200-1510] Running: set_directive_latency -min 1 -max 1 add_full_sum 
INFO: [HLS 200-1510] Running: csynth_design 
ERROR: exception getting local port: open: Operation not permitted
ERROR: exception getting local port: open: Operation not permitted
ERROR: exception getting local port: open: Operation not permitted
Intel MKL FATAL ERROR: Cannot load /tools/Xilinx/2025.1/Vitis/lib/lnx64.o/libgurobi90.so.
ERROR: exception getting local port: open: Operation not permitted
Intel MKL FATAL ERROR: Cannot load /tools/Xilinx/2025.1/Vitis/lib/lnx64.o/libgurobi90.so.
Problem: no packed message!
terminate called after throwing an instance of 'std::runtime_error'
  what():  Empty response
Abnormal program termination (6)
Please check '/home/joe/Desktop/Uni/Year_4/Dissertation/Program-Synthesis-for-Efficient-ML/hs_err_pid150863.log' for details
INFO: [vitis-run 60-1662] Stopping dispatch session having empty uuid.
