  **** HLS Build v2025.1 6135595
Sourcing Tcl script '/home/joe/Desktop/Uni/Year_4/Dissertation/Program-Synthesis-for-Efficient-ML/results/HLS/solution_fp32multiplication_full_product/hls.tcl'
INFO: [HLS 200-1510] Running: open_component -reset solution_fp32multiplication_full_product_component -flow_target vivado 
INFO: [HLS 200-10] Creating and opening component '/home/joe/Desktop/Uni/Year_4/Dissertation/Program-Synthesis-for-Efficient-ML/solution_fp32multiplication_full_product_component'.
INFO: [HLS 200-10] Cleaning up the component database.
INFO: [HLS 200-1505] Using flow_target 'vivado'
Resolution: For help on HLS 200-1505 see docs.xilinx.com/access/sources/dita/topic?Doc_Version=2025.1%20English&url=ug1448-hls-guidance&resourceid=200-1505.html
INFO: [HLS 200-2176] Writing Vitis IDE component file /home/joe/Desktop/Uni/Year_4/Dissertation/Program-Synthesis-for-Efficient-ML/solution_fp32multiplication_full_product_component/vitis-comp.json
INFO: [HLS 200-1915] Writing HLS config ini file /home/joe/Desktop/Uni/Year_4/Dissertation/Program-Synthesis-for-Efficient-ML/solution_fp32multiplication_full_product_component/hls_config.cfg
INFO: [HLS 200-1510] Running: set_top fp32_full_mul 
INFO: [HLS 200-1510] Running: add_files /home/joe/Desktop/Uni/Year_4/Dissertation/Program-Synthesis-for-Efficient-ML/results/cpp/solution_fp32multiplication_full_product.cpp 
INFO: [HLS 200-10] Adding design file '/home/joe/Desktop/Uni/Year_4/Dissertation/Program-Synthesis-for-Efficient-ML/results/cpp/solution_fp32multiplication_full_product.cpp' to the project
INFO: [HLS 200-1510] Running: set_part xc7z020clg400-1 
INFO: [HLS 200-1611] Setting target device to 'xc7z020-clg400-1'
INFO: [HLS 200-1510] Running: create_clock -period 1000000ns 
INFO: [SYN 201-201] Setting up clock 'default' with a period of 1e+06ns.
INFO: [HLS 200-1510] Running: csynth_design 
INFO: [HLS 200-1915] Writing HLS config ini file /home/joe/Desktop/Uni/Year_4/Dissertation/Program-Synthesis-for-Efficient-ML/solution_fp32multiplication_full_product_component/hls_config.cfg
INFO: [HLS 200-111] Finished File checks and directory preparation: CPU user time: 0.57 seconds. CPU system time: 0.06 seconds. Elapsed time: 3.14 seconds; current allocated memory: 264.715 MB.
INFO: [HLS 200-10] Analyzing design file 'results/cpp/solution_fp32multiplication_full_product.cpp' ... 
INFO: [HLS 200-111] Finished Source Code Analysis and Preprocessing: CPU user time: 3.59 seconds. CPU system time: 0.47 seconds. Elapsed time: 4.11 seconds; current allocated memory: 266.270 MB.
INFO: [HLS 200-777] Using interface defaults for 'Vivado' flow target.
INFO: [HLS 200-1995] There were 4,531 instructions in the design after the 'Compile/Link' phase of compilation. See the Design Size Report for more details (/home/joe/Desktop/Uni/Year_4/Dissertation/Program-Synthesis-for-Efficient-ML/solution_fp32multiplication_full_product_component/hls/syn/report/csynth_design_size.rpt:2)
INFO: [HLS 200-1995] There were 173 instructions in the design after the 'Unroll/Inline (step 1)' phase of compilation. See the Design Size Report for more details (/home/joe/Desktop/Uni/Year_4/Dissertation/Program-Synthesis-for-Efficient-ML/solution_fp32multiplication_full_product_component/hls/syn/report/csynth_design_size.rpt:2)
INFO: [HLS 200-1995] There were 142 instructions in the design after the 'Unroll/Inline (step 2)' phase of compilation. See the Design Size Report for more details (/home/joe/Desktop/Uni/Year_4/Dissertation/Program-Synthesis-for-Efficient-ML/solution_fp32multiplication_full_product_component/hls/syn/report/csynth_design_size.rpt:2)
INFO: [HLS 200-1995] There were 144 instructions in the design after the 'Unroll/Inline (step 3)' phase of compilation. See the Design Size Report for more details (/home/joe/Desktop/Uni/Year_4/Dissertation/Program-Synthesis-for-Efficient-ML/solution_fp32multiplication_full_product_component/hls/syn/report/csynth_design_size.rpt:2)
INFO: [HLS 200-1995] There were 71 instructions in the design after the 'Unroll/Inline (step 4)' phase of compilation. See the Design Size Report for more details (/home/joe/Desktop/Uni/Year_4/Dissertation/Program-Synthesis-for-Efficient-ML/solution_fp32multiplication_full_product_component/hls/syn/report/csynth_design_size.rpt:2)
INFO: [HLS 200-1995] There were 71 instructions in the design after the 'Array/Struct (step 1)' phase of compilation. See the Design Size Report for more details (/home/joe/Desktop/Uni/Year_4/Dissertation/Program-Synthesis-for-Efficient-ML/solution_fp32multiplication_full_product_component/hls/syn/report/csynth_design_size.rpt:2)
INFO: [HLS 200-1995] There were 71 instructions in the design after the 'Array/Struct (step 2)' phase of compilation. See the Design Size Report for more details (/home/joe/Desktop/Uni/Year_4/Dissertation/Program-Synthesis-for-Efficient-ML/solution_fp32multiplication_full_product_component/hls/syn/report/csynth_design_size.rpt:2)
INFO: [HLS 200-1995] There were 71 instructions in the design after the 'Array/Struct (step 3)' phase of compilation. See the Design Size Report for more details (/home/joe/Desktop/Uni/Year_4/Dissertation/Program-Synthesis-for-Efficient-ML/solution_fp32multiplication_full_product_component/hls/syn/report/csynth_design_size.rpt:2)
INFO: [HLS 200-1995] There were 71 instructions in the design after the 'Array/Struct (step 4)' phase of compilation. See the Design Size Report for more details (/home/joe/Desktop/Uni/Year_4/Dissertation/Program-Synthesis-for-Efficient-ML/solution_fp32multiplication_full_product_component/hls/syn/report/csynth_design_size.rpt:2)
INFO: [HLS 200-1995] There were 71 instructions in the design after the 'Array/Struct (step 5)' phase of compilation. See the Design Size Report for more details (/home/joe/Desktop/Uni/Year_4/Dissertation/Program-Synthesis-for-Efficient-ML/solution_fp32multiplication_full_product_component/hls/syn/report/csynth_design_size.rpt:2)
INFO: [HLS 200-1995] There were 71 instructions in the design after the 'Performance (step 1)' phase of compilation. See the Design Size Report for more details (/home/joe/Desktop/Uni/Year_4/Dissertation/Program-Synthesis-for-Efficient-ML/solution_fp32multiplication_full_product_component/hls/syn/report/csynth_design_size.rpt:2)
INFO: [HLS 200-1995] There were 71 instructions in the design after the 'Performance (step 2)' phase of compilation. See the Design Size Report for more details (/home/joe/Desktop/Uni/Year_4/Dissertation/Program-Synthesis-for-Efficient-ML/solution_fp32multiplication_full_product_component/hls/syn/report/csynth_design_size.rpt:2)
INFO: [HLS 200-1995] There were 71 instructions in the design after the 'Performance (step 3)' phase of compilation. See the Design Size Report for more details (/home/joe/Desktop/Uni/Year_4/Dissertation/Program-Synthesis-for-Efficient-ML/solution_fp32multiplication_full_product_component/hls/syn/report/csynth_design_size.rpt:2)
INFO: [HLS 200-1995] There were 71 instructions in the design after the 'Performance (step 4)' phase of compilation. See the Design Size Report for more details (/home/joe/Desktop/Uni/Year_4/Dissertation/Program-Synthesis-for-Efficient-ML/solution_fp32multiplication_full_product_component/hls/syn/report/csynth_design_size.rpt:2)
INFO: [HLS 200-1995] There were 74 instructions in the design after the 'HW Transforms (step 1)' phase of compilation. See the Design Size Report for more details (/home/joe/Desktop/Uni/Year_4/Dissertation/Program-Synthesis-for-Efficient-ML/solution_fp32multiplication_full_product_component/hls/syn/report/csynth_design_size.rpt:2)
INFO: [HLS 200-1995] There were 73 instructions in the design after the 'HW Transforms (step 2)' phase of compilation. See the Design Size Report for more details (/home/joe/Desktop/Uni/Year_4/Dissertation/Program-Synthesis-for-Efficient-ML/solution_fp32multiplication_full_product_component/hls/syn/report/csynth_design_size.rpt:2)
INFO: [HLS 214-178] Inlining function 'fp32_mult_shifted48_carry(ap_uint<24>, ap_uint<24>, ap_uint<1>)' into 'fp32_mult_round_carry(ap_uint<24>, ap_uint<24>, ap_uint<1>)' (results/cpp/solution_fp32multiplication_full_product.cpp:28:0)
INFO: [HLS 214-178] Inlining function 'fp32_mult_inc1_carry(ap_uint<48>)' into 'fp32_mult_round_carry(ap_uint<24>, ap_uint<24>, ap_uint<1>)' (results/cpp/solution_fp32multiplication_full_product.cpp:28:0)
INFO: [HLS 214-178] Inlining function 'fp32_mult_inc1(ap_uint<48>)' into 'fp32_mult_rounded24(ap_uint<48>)' (results/cpp/solution_fp32multiplication_full_product.cpp:62:0)
INFO: [HLS 214-178] Inlining function 'fp32_mult_shifted48(ap_uint<24>, ap_uint<24>, ap_uint<1>)' into 'fp32_mult_mant(ap_uint<24>, ap_uint<24>, ap_uint<1>)' (results/cpp/solution_fp32multiplication_full_product.cpp:67:0)
INFO: [HLS 214-178] Inlining function 'fp32_mult_rounded24(ap_uint<48>)' into 'fp32_mult_mant(ap_uint<24>, ap_uint<24>, ap_uint<1>)' (results/cpp/solution_fp32multiplication_full_product.cpp:67:0)
INFO: [HLS 214-178] Inlining function 'fp32_mult_renorm(ap_uint<24>, ap_uint<24>)' into 'fp32_full_mul(ap_uint<32>, ap_uint<32>)' (results/cpp/solution_fp32multiplication_full_product.cpp:73:0)
INFO: [HLS 214-178] Inlining function 'fp32_mult_round_carry(ap_uint<24>, ap_uint<24>, ap_uint<1>)' into 'fp32_full_mul(ap_uint<32>, ap_uint<32>)' (results/cpp/solution_fp32multiplication_full_product.cpp:73:0)
INFO: [HLS 214-178] Inlining function 'fp32_mult_exp(ap_uint<8>, ap_uint<8>, ap_uint<1>, ap_uint<1>)' into 'fp32_full_mul(ap_uint<32>, ap_uint<32>)' (results/cpp/solution_fp32multiplication_full_product.cpp:73:0)
INFO: [HLS 214-178] Inlining function 'fp32_mult_mant(ap_uint<24>, ap_uint<24>, ap_uint<1>)' into 'fp32_full_mul(ap_uint<32>, ap_uint<32>)' (results/cpp/solution_fp32multiplication_full_product.cpp:73:0)
INFO: [HLS 200-111] Finished Compiling Optimization and Transform: CPU user time: 2.51 seconds. CPU system time: 0.35 seconds. Elapsed time: 7.55 seconds; current allocated memory: 276.227 MB.
INFO: [HLS 200-111] Finished Checking Pragmas: CPU user time: 0.01 seconds. CPU system time: 0 seconds. Elapsed time: 0 seconds; current allocated memory: 276.227 MB.
INFO: [HLS 200-10] Starting code transformations ...
INFO: [HLS 200-111] Finished Standard Transforms: CPU user time: 0 seconds. CPU system time: 0.01 seconds. Elapsed time: 0.03 seconds; current allocated memory: 276.363 MB.
INFO: [HLS 200-10] Checking synthesizability ...
INFO: [HLS 200-111] Finished Checking Synthesizability: CPU user time: 0.02 seconds. CPU system time: 0 seconds. Elapsed time: 0.02 seconds; current allocated memory: 276.473 MB.
INFO: [XFORM 203-11] Balancing expressions in function 'fp32_full_mul' (results/cpp/solution_fp32multiplication_full_product.cpp:73)...3 expression(s) balanced.
INFO: [HLS 200-111] Finished Loop, function and other optimizations: CPU user time: 0.02 seconds. CPU system time: 0.01 seconds. Elapsed time: 0.03 seconds; current allocated memory: 297.711 MB.
INFO: [HLS 200-111] Finished Architecture Synthesis: CPU user time: 0.02 seconds. CPU system time: 0 seconds. Elapsed time: 0.03 seconds; current allocated memory: 297.711 MB.
INFO: [HLS 200-10] Starting hardware synthesis ...
INFO: [HLS 200-10] Synthesizing 'fp32_full_mul' ...
INFO: [HLS 200-10] ----------------------------------------------------------------
INFO: [HLS 200-42] -- Implementing module 'fp32_full_mul' 
INFO: [HLS 200-10] ----------------------------------------------------------------
INFO: [SCHED 204-11] Starting scheduling ...
INFO: [SCHED 204-11] Finished scheduling.
INFO: [HLS 200-111] Finished Scheduling: CPU user time: 0.04 seconds. CPU system time: 0.02 seconds. Elapsed time: 0.06 seconds; current allocated memory: 297.711 MB.
INFO: [BIND 205-100] Starting micro-architecture generation ...
INFO: [BIND 205-101] Performing variable lifetime analysis.
INFO: [BIND 205-101] Exploring resource sharing.
INFO: [BIND 205-101] Binding ...
INFO: [BIND 205-100] Finished micro-architecture generation.
INFO: [HLS 200-111] Finished Binding: CPU user time: 0.01 seconds. CPU system time: 0 seconds. Elapsed time: 0.01 seconds; current allocated memory: 297.711 MB.
INFO: [HLS 200-10] ----------------------------------------------------------------
INFO: [HLS 200-10] -- Generating RTL for module 'fp32_full_mul' 
INFO: [HLS 200-10] ----------------------------------------------------------------
INFO: [RTGEN 206-500] Setting interface mode on port 'fp32_full_mul/a' to 'ap_none'.
INFO: [RTGEN 206-500] Setting interface mode on port 'fp32_full_mul/b' to 'ap_none'.
INFO: [RTGEN 206-500] Setting interface mode on function 'fp32_full_mul' to 'ap_ctrl_hs'.
INFO: [RTGEN 206-100] Generating core module 'mul_24ns_24ns_48_1_1': 1 instance(s).
INFO: [RTGEN 206-100] Finished creating RTL model for 'fp32_full_mul'.
INFO: [HLS 200-111] Finished Creating RTL model: CPU user time: 0.03 seconds. CPU system time: 0 seconds. Elapsed time: 0.04 seconds; current allocated memory: 297.711 MB.
INFO: [HLS 200-111] Finished Generating all RTL models: CPU user time: 0.13 seconds. CPU system time: 0.01 seconds. Elapsed time: 0.14 seconds; current allocated memory: 297.711 MB.
INFO: [HLS 200-111] Finished Updating report files: CPU user time: 0.2 seconds. CPU system time: 0.03 seconds. Elapsed time: 0.23 seconds; current allocated memory: 297.711 MB.
INFO: [VHDL 208-304] Generating VHDL RTL for fp32_full_mul.
INFO: [VLOG 209-307] Generating Verilog RTL for fp32_full_mul.
INFO: [HLS 200-789] **** Estimated Fmax: 53.40 MHz
INFO: [HLS 200-2161] Finished Command csynth_design Elapsed time: 00:00:15; Allocated memory: 48.996 MB.
INFO: [HLS 200-1510] Running: export_design -rtl verilog 
INFO: [HLS 200-1915] Writing HLS config ini file /home/joe/Desktop/Uni/Year_4/Dissertation/Program-Synthesis-for-Efficient-ML/solution_fp32multiplication_full_product_component/hls_config.cfg
INFO: [IMPL 213-8] Exporting RTL as a Vivado IP.

****** Vivado v2025.1 (64-bit)
  **** SW Build 6140274 on Wed May 21 22:58:25 MDT 2025
  **** IP Build 6138677 on Thu May 22 03:10:11 MDT 2025
  **** SharedData Build 6139179 on Tue May 20 17:58:58 MDT 2025
  **** Start of session at: Sat Mar  7 17:06:11 2026
    ** Copyright 1986-2022 Xilinx, Inc. All Rights Reserved.
    ** Copyright 2022-2025 Advanced Micro Devices, Inc. All Rights Reserved.

source run_ippack.tcl -notrace
INFO: calling package_hls_ip ip_types=vitis sysgen json_file=/home/joe/Desktop/Uni/Year_4/Dissertation/Program-Synthesis-for-Efficient-ML/solution_fp32multiplication_full_product_component/hls/hls_data.json outdir=/home/joe/Desktop/Uni/Year_4/Dissertation/Program-Synthesis-for-Efficient-ML/solution_fp32multiplication_full_product_component/hls/impl/ip srcdir=/home/joe/Desktop/Uni/Year_4/Dissertation/Program-Synthesis-for-Efficient-ML/solution_fp32multiplication_full_product_component/hls ippack_options_dict= ippack_options_dict=
INFO: Copied 1 ipmisc file(s) to /home/joe/Desktop/Uni/Year_4/Dissertation/Program-Synthesis-for-Efficient-ML/solution_fp32multiplication_full_product_component/hls/impl/ip/misc
INFO: Copied 2 verilog file(s) to /home/joe/Desktop/Uni/Year_4/Dissertation/Program-Synthesis-for-Efficient-ML/solution_fp32multiplication_full_product_component/hls/impl/ip/hdl/verilog
INFO: Copied 2 vhdl file(s) to /home/joe/Desktop/Uni/Year_4/Dissertation/Program-Synthesis-for-Efficient-ML/solution_fp32multiplication_full_product_component/hls/impl/ip/hdl/vhdl
ipx::create_core: Time (s): cpu = 00:00:33 ; elapsed = 00:00:06 . Memory (MB): peak = 1601.758 ; gain = 64.059 ; free physical = 1114 ; free virtual = 5784
INFO: Import ports from HDL: /home/joe/Desktop/Uni/Year_4/Dissertation/Program-Synthesis-for-Efficient-ML/solution_fp32multiplication_full_product_component/hls/impl/ip/hdl/vhdl/fp32_full_mul.vhd (fp32_full_mul)
INFO: Add ap_ctrl interface ap_ctrl
INFO: Add data interface ap_return
INFO: [IP_Flow 19-234] Refreshing IP repositories
INFO: [IP_Flow 19-1704] No user IP repositories specified
INFO: [IP_Flow 19-2313] Loaded Vivado IP repository '/tools/Xilinx/2025.1/Vivado/data/ip'.
INFO: Add reset interface ap_rst
INFO: Add data interface a
INFO: Add data interface b
INFO: Calling post_process_vitis to specialize IP
INFO: Calling post_process_sysgen to specialize IP
Generating sysgen info xml from json file
INFO: Created IP /home/joe/Desktop/Uni/Year_4/Dissertation/Program-Synthesis-for-Efficient-ML/solution_fp32multiplication_full_product_component/hls/impl/ip/component.xml
INFO: Created IP archive /home/joe/Desktop/Uni/Year_4/Dissertation/Program-Synthesis-for-Efficient-ML/solution_fp32multiplication_full_product_component/hls/impl/ip/xilinx_com_hls_fp32_full_mul_1_0.zip
INFO: [Common 17-206] Exiting Vivado at Sat Mar  7 17:06:20 2026...
INFO: [HLS 200-802] Generated output file solution_fp32multiplication_full_product_component/hls/impl/export.zip
INFO: [HLS 200-2161] Finished Command export_design Elapsed time: 00:00:33; Allocated memory: 16.000 MB.
INFO: [HLS 200-112] Total CPU user time: 48.26 seconds. Total CPU system time: 3.42 seconds. Total elapsed time: 50.21 seconds; peak allocated memory: 313.711 MB.
INFO: [vitis-run 60-791] Total elapsed time: 0h 0m 51s
INFO: [vitis-run 60-1662] Stopping dispatch session having empty uuid.
