  **** HLS Build v2025.1 6135595
Sourcing Tcl script '/home/joe/Desktop/Uni/Year_4/Dissertation/Program-Synthesis-for-Efficient-ML/results/HLS/solution_mxint8addition_full_sum_combined/hls.tcl'
INFO: [HLS 200-1510] Running: open_component -reset solution_mxint8addition_full_sum_combined_component -flow_target vivado 
INFO: [HLS 200-10] Creating and opening component '/home/joe/Desktop/Uni/Year_4/Dissertation/Program-Synthesis-for-Efficient-ML/solution_mxint8addition_full_sum_combined_component'.
INFO: [HLS 200-10] Cleaning up the component database.
INFO: [HLS 200-1505] Using flow_target 'vivado'
Resolution: For help on HLS 200-1505 see docs.xilinx.com/access/sources/dita/topic?Doc_Version=2025.1%20English&url=ug1448-hls-guidance&resourceid=200-1505.html
INFO: [HLS 200-2176] Writing Vitis IDE component file /home/joe/Desktop/Uni/Year_4/Dissertation/Program-Synthesis-for-Efficient-ML/solution_mxint8addition_full_sum_combined_component/vitis-comp.json
INFO: [HLS 200-1915] Writing HLS config ini file /home/joe/Desktop/Uni/Year_4/Dissertation/Program-Synthesis-for-Efficient-ML/solution_mxint8addition_full_sum_combined_component/hls_config.cfg
INFO: [HLS 200-1510] Running: set_top add_full_sum 
INFO: [HLS 200-1510] Running: add_files /home/joe/Desktop/Uni/Year_4/Dissertation/Program-Synthesis-for-Efficient-ML/results/cpp/solution_mxint8addition_full_sum_combined.cpp 
INFO: [HLS 200-10] Adding design file '/home/joe/Desktop/Uni/Year_4/Dissertation/Program-Synthesis-for-Efficient-ML/results/cpp/solution_mxint8addition_full_sum_combined.cpp' to the project
INFO: [HLS 200-1510] Running: set_part xc7z020clg400-1 
INFO: [HLS 200-1611] Setting target device to 'xc7z020-clg400-1'
INFO: [HLS 200-1510] Running: create_clock -period 1000000ns 
INFO: [SYN 201-201] Setting up clock 'default' with a period of 1e+06ns.
INFO: [HLS 200-1510] Running: set_directive_pipeline -II 1 add_full_sum 
INFO: [HLS 200-1510] Running: set_directive_latency -min 1 -max 1 add_full_sum 
INFO: [HLS 200-1510] Running: csynth_design 
INFO: [HLS 200-1915] Writing HLS config ini file /home/joe/Desktop/Uni/Year_4/Dissertation/Program-Synthesis-for-Efficient-ML/solution_mxint8addition_full_sum_combined_component/hls_config.cfg
INFO: [HLS 200-111] Finished File checks and directory preparation: CPU user time: 0.52 seconds. CPU system time: 0.06 seconds. Elapsed time: 3.07 seconds; current allocated memory: 264.766 MB.
INFO: [HLS 200-10] Analyzing design file 'results/cpp/solution_mxint8addition_full_sum_combined.cpp' ... 
INFO: [HLS 200-111] Finished Source Code Analysis and Preprocessing: CPU user time: 2.79 seconds. CPU system time: 0.37 seconds. Elapsed time: 3.23 seconds; current allocated memory: 266.438 MB.
INFO: [HLS 200-777] Using interface defaults for 'Vivado' flow target.
INFO: [HLS 200-1995] There were 5,290 instructions in the design after the 'Compile/Link' phase of compilation. See the Design Size Report for more details (/home/joe/Desktop/Uni/Year_4/Dissertation/Program-Synthesis-for-Efficient-ML/solution_mxint8addition_full_sum_combined_component/hls/syn/report/csynth_design_size.rpt:2)
INFO: [HLS 200-1995] There were 287 instructions in the design after the 'Unroll/Inline (step 1)' phase of compilation. See the Design Size Report for more details (/home/joe/Desktop/Uni/Year_4/Dissertation/Program-Synthesis-for-Efficient-ML/solution_mxint8addition_full_sum_combined_component/hls/syn/report/csynth_design_size.rpt:2)
INFO: [HLS 200-1995] There were 196 instructions in the design after the 'Unroll/Inline (step 2)' phase of compilation. See the Design Size Report for more details (/home/joe/Desktop/Uni/Year_4/Dissertation/Program-Synthesis-for-Efficient-ML/solution_mxint8addition_full_sum_combined_component/hls/syn/report/csynth_design_size.rpt:2)
INFO: [HLS 200-1995] There were 188 instructions in the design after the 'Unroll/Inline (step 3)' phase of compilation. See the Design Size Report for more details (/home/joe/Desktop/Uni/Year_4/Dissertation/Program-Synthesis-for-Efficient-ML/solution_mxint8addition_full_sum_combined_component/hls/syn/report/csynth_design_size.rpt:2)
INFO: [HLS 200-1995] There were 153 instructions in the design after the 'Unroll/Inline (step 4)' phase of compilation. See the Design Size Report for more details (/home/joe/Desktop/Uni/Year_4/Dissertation/Program-Synthesis-for-Efficient-ML/solution_mxint8addition_full_sum_combined_component/hls/syn/report/csynth_design_size.rpt:2)
INFO: [HLS 200-1995] There were 152 instructions in the design after the 'Array/Struct (step 1)' phase of compilation. See the Design Size Report for more details (/home/joe/Desktop/Uni/Year_4/Dissertation/Program-Synthesis-for-Efficient-ML/solution_mxint8addition_full_sum_combined_component/hls/syn/report/csynth_design_size.rpt:2)
INFO: [HLS 200-1995] There were 152 instructions in the design after the 'Array/Struct (step 2)' phase of compilation. See the Design Size Report for more details (/home/joe/Desktop/Uni/Year_4/Dissertation/Program-Synthesis-for-Efficient-ML/solution_mxint8addition_full_sum_combined_component/hls/syn/report/csynth_design_size.rpt:2)
INFO: [HLS 200-1995] There were 152 instructions in the design after the 'Array/Struct (step 3)' phase of compilation. See the Design Size Report for more details (/home/joe/Desktop/Uni/Year_4/Dissertation/Program-Synthesis-for-Efficient-ML/solution_mxint8addition_full_sum_combined_component/hls/syn/report/csynth_design_size.rpt:2)
INFO: [HLS 200-1995] There were 152 instructions in the design after the 'Array/Struct (step 4)' phase of compilation. See the Design Size Report for more details (/home/joe/Desktop/Uni/Year_4/Dissertation/Program-Synthesis-for-Efficient-ML/solution_mxint8addition_full_sum_combined_component/hls/syn/report/csynth_design_size.rpt:2)
INFO: [HLS 200-1995] There were 152 instructions in the design after the 'Array/Struct (step 5)' phase of compilation. See the Design Size Report for more details (/home/joe/Desktop/Uni/Year_4/Dissertation/Program-Synthesis-for-Efficient-ML/solution_mxint8addition_full_sum_combined_component/hls/syn/report/csynth_design_size.rpt:2)
INFO: [HLS 200-1995] There were 152 instructions in the design after the 'Performance (step 1)' phase of compilation. See the Design Size Report for more details (/home/joe/Desktop/Uni/Year_4/Dissertation/Program-Synthesis-for-Efficient-ML/solution_mxint8addition_full_sum_combined_component/hls/syn/report/csynth_design_size.rpt:2)
INFO: [HLS 200-1995] There were 152 instructions in the design after the 'Performance (step 2)' phase of compilation. See the Design Size Report for more details (/home/joe/Desktop/Uni/Year_4/Dissertation/Program-Synthesis-for-Efficient-ML/solution_mxint8addition_full_sum_combined_component/hls/syn/report/csynth_design_size.rpt:2)
INFO: [HLS 200-1995] There were 152 instructions in the design after the 'Performance (step 3)' phase of compilation. See the Design Size Report for more details (/home/joe/Desktop/Uni/Year_4/Dissertation/Program-Synthesis-for-Efficient-ML/solution_mxint8addition_full_sum_combined_component/hls/syn/report/csynth_design_size.rpt:2)
INFO: [HLS 200-1995] There were 152 instructions in the design after the 'Performance (step 4)' phase of compilation. See the Design Size Report for more details (/home/joe/Desktop/Uni/Year_4/Dissertation/Program-Synthesis-for-Efficient-ML/solution_mxint8addition_full_sum_combined_component/hls/syn/report/csynth_design_size.rpt:2)
INFO: [HLS 200-1995] There were 154 instructions in the design after the 'HW Transforms (step 1)' phase of compilation. See the Design Size Report for more details (/home/joe/Desktop/Uni/Year_4/Dissertation/Program-Synthesis-for-Efficient-ML/solution_mxint8addition_full_sum_combined_component/hls/syn/report/csynth_design_size.rpt:2)
INFO: [HLS 200-1995] There were 151 instructions in the design after the 'HW Transforms (step 2)' phase of compilation. See the Design Size Report for more details (/home/joe/Desktop/Uni/Year_4/Dissertation/Program-Synthesis-for-Efficient-ML/solution_mxint8addition_full_sum_combined_component/hls/syn/report/csynth_design_size.rpt:2)
INFO: [HLS 214-178] Inlining function 'norm_shifted5(ap_uint<5>)' into 'add_full_sum(ap_uint<4>, ap_uint<4>, ap_uint<4>, ap_uint<4>)' (results/cpp/solution_mxint8addition_full_sum_combined.cpp:80:0)
INFO: [HLS 214-178] Inlining function 'sat_mant4(ap_uint<5>)' into 'add_full_sum(ap_uint<4>, ap_uint<4>, ap_uint<4>, ap_uint<4>)' (results/cpp/solution_mxint8addition_full_sum_combined.cpp:80:0)
INFO: [HLS 214-178] Inlining function 'exp_delta5_from_raw(ap_uint<5>)' into 'add_full_sum(ap_uint<4>, ap_uint<4>, ap_uint<4>, ap_uint<4>)' (results/cpp/solution_mxint8addition_full_sum_combined.cpp:80:0)
INFO: [HLS 214-178] Inlining function 'clamp_exp4(ap_uint<5>)' into 'add_full_sum(ap_uint<4>, ap_uint<4>, ap_uint<4>, ap_uint<4>)' (results/cpp/solution_mxint8addition_full_sum_combined.cpp:80:0)
INFO: [HLS 200-111] Finished Compiling Optimization and Transform: CPU user time: 1.92 seconds. CPU system time: 0.28 seconds. Elapsed time: 6.93 seconds; current allocated memory: 275.879 MB.
INFO: [HLS 200-111] Finished Checking Pragmas: CPU user time: 0 seconds. CPU system time: 0 seconds. Elapsed time: 0 seconds; current allocated memory: 275.879 MB.
INFO: [HLS 200-10] Starting code transformations ...
INFO: [HLS 200-111] Finished Standard Transforms: CPU user time: 0.01 seconds. CPU system time: 0 seconds. Elapsed time: 0.01 seconds; current allocated memory: 276.086 MB.
INFO: [HLS 200-10] Checking synthesizability ...
INFO: [HLS 200-111] Finished Checking Synthesizability: CPU user time: 0.01 seconds. CPU system time: 0 seconds. Elapsed time: 0.01 seconds; current allocated memory: 276.117 MB.
INFO: [XFORM 203-401] Performing if-conversion on hyperblock to (results/cpp/solution_mxint8addition_full_sum_combined.cpp:93:1) in function 'add_full_sum'... converting 16 basic blocks.
INFO: [HLS 200-111] Finished Loop, function and other optimizations: CPU user time: 0.03 seconds. CPU system time: 0.01 seconds. Elapsed time: 0.04 seconds; current allocated memory: 297.559 MB.
INFO: [HLS 200-111] Finished Architecture Synthesis: CPU user time: 0.02 seconds. CPU system time: 0 seconds. Elapsed time: 0.03 seconds; current allocated memory: 297.559 MB.
INFO: [HLS 200-10] Starting hardware synthesis ...
INFO: [HLS 200-10] Synthesizing 'add_full_sum' ...
INFO: [HLS 200-10] ----------------------------------------------------------------
INFO: [HLS 200-42] -- Implementing module 'add_full_sum' 
INFO: [HLS 200-10] ----------------------------------------------------------------
INFO: [SCHED 204-11] Starting scheduling ...
INFO: [SCHED 204-61] Pipelining function 'add_full_sum'.
INFO: [HLS 200-1470] Pipelining result : Target II = 1, Final II = 1, Depth = 2, function 'add_full_sum'
INFO: [SCHED 204-11] Finished scheduling.
INFO: [HLS 200-111] Finished Scheduling: CPU user time: 0.07 seconds. CPU system time: 0 seconds. Elapsed time: 0.07 seconds; current allocated memory: 297.559 MB.
INFO: [BIND 205-100] Starting micro-architecture generation ...
INFO: [BIND 205-101] Performing variable lifetime analysis.
INFO: [BIND 205-101] Exploring resource sharing.
INFO: [BIND 205-101] Binding ...
INFO: [BIND 205-100] Finished micro-architecture generation.
INFO: [HLS 200-111] Finished Binding: CPU user time: 0.01 seconds. CPU system time: 0 seconds. Elapsed time: 0.01 seconds; current allocated memory: 297.559 MB.
INFO: [HLS 200-10] ----------------------------------------------------------------
INFO: [HLS 200-10] -- Generating RTL for module 'add_full_sum' 
INFO: [HLS 200-10] ----------------------------------------------------------------
INFO: [RTGEN 206-500] Setting interface mode on port 'add_full_sum/m1' to 'ap_none'.
INFO: [RTGEN 206-500] Setting interface mode on port 'add_full_sum/e1' to 'ap_none'.
INFO: [RTGEN 206-500] Setting interface mode on port 'add_full_sum/m2' to 'ap_none'.
INFO: [RTGEN 206-500] Setting interface mode on port 'add_full_sum/e2' to 'ap_none'.
INFO: [RTGEN 206-500] Setting interface mode on function 'add_full_sum' to 'ap_ctrl_hs'.
INFO: [HLS 200-1030] Apply Unified Pipeline Control on module 'add_full_sum' pipeline 'add_full_sum' pipeline type 'function pipeline'
INFO: [RTGEN 206-100] Generating core module 'sparsemux_7_4_3_1_1': 1 instance(s).
INFO: [RTGEN 206-100] Generating core module 'sparsemux_9_3_5_1_1': 1 instance(s).
INFO: [RTGEN 206-100] Finished creating RTL model for 'add_full_sum'.
INFO: [HLS 200-111] Finished Creating RTL model: CPU user time: 0.03 seconds. CPU system time: 0.01 seconds. Elapsed time: 0.04 seconds; current allocated memory: 297.559 MB.
INFO: [HLS 200-111] Finished Generating all RTL models: CPU user time: 0.15 seconds. CPU system time: 0.01 seconds. Elapsed time: 0.15 seconds; current allocated memory: 297.559 MB.
INFO: [HLS 200-111] Finished Updating report files: CPU user time: 0.22 seconds. CPU system time: 0.04 seconds. Elapsed time: 0.27 seconds; current allocated memory: 297.559 MB.
INFO: [VHDL 208-304] Generating VHDL RTL for add_full_sum.
INFO: [VLOG 209-307] Generating Verilog RTL for add_full_sum.
INFO: [HLS 200-789] **** Estimated Fmax: 39.29 MHz
INFO: [HLS 200-2161] Finished Command csynth_design Elapsed time: 00:00:13; Allocated memory: 48.793 MB.
INFO: [HLS 200-1510] Running: export_design -rtl verilog 
INFO: [HLS 200-1915] Writing HLS config ini file /home/joe/Desktop/Uni/Year_4/Dissertation/Program-Synthesis-for-Efficient-ML/solution_mxint8addition_full_sum_combined_component/hls_config.cfg
INFO: [IMPL 213-8] Exporting RTL as a Vivado IP.

****** Vivado v2025.1 (64-bit)
  **** SW Build 6140274 on Wed May 21 22:58:25 MDT 2025
  **** IP Build 6138677 on Thu May 22 03:10:11 MDT 2025
  **** SharedData Build 6139179 on Tue May 20 17:58:58 MDT 2025
  **** Start of session at: Sat Mar  7 14:51:57 2026
    ** Copyright 1986-2022 Xilinx, Inc. All Rights Reserved.
    ** Copyright 2022-2025 Advanced Micro Devices, Inc. All Rights Reserved.

source run_ippack.tcl -notrace
INFO: calling package_hls_ip ip_types=vitis sysgen json_file=/home/joe/Desktop/Uni/Year_4/Dissertation/Program-Synthesis-for-Efficient-ML/solution_mxint8addition_full_sum_combined_component/hls/hls_data.json outdir=/home/joe/Desktop/Uni/Year_4/Dissertation/Program-Synthesis-for-Efficient-ML/solution_mxint8addition_full_sum_combined_component/hls/impl/ip srcdir=/home/joe/Desktop/Uni/Year_4/Dissertation/Program-Synthesis-for-Efficient-ML/solution_mxint8addition_full_sum_combined_component/hls ippack_options_dict= ippack_options_dict=
INFO: Copied 1 ipmisc file(s) to /home/joe/Desktop/Uni/Year_4/Dissertation/Program-Synthesis-for-Efficient-ML/solution_mxint8addition_full_sum_combined_component/hls/impl/ip/misc
INFO: Copied 3 verilog file(s) to /home/joe/Desktop/Uni/Year_4/Dissertation/Program-Synthesis-for-Efficient-ML/solution_mxint8addition_full_sum_combined_component/hls/impl/ip/hdl/verilog
INFO: Copied 3 vhdl file(s) to /home/joe/Desktop/Uni/Year_4/Dissertation/Program-Synthesis-for-Efficient-ML/solution_mxint8addition_full_sum_combined_component/hls/impl/ip/hdl/vhdl
INFO: Import ports from HDL: /home/joe/Desktop/Uni/Year_4/Dissertation/Program-Synthesis-for-Efficient-ML/solution_mxint8addition_full_sum_combined_component/hls/impl/ip/hdl/vhdl/add_full_sum.vhd (add_full_sum)
INFO: Add clock interface ap_clk
INFO: Add reset interface ap_rst
INFO: Add ap_ctrl interface ap_ctrl
INFO: Add data interface ap_return
INFO: [IP_Flow 19-234] Refreshing IP repositories
INFO: [IP_Flow 19-1704] No user IP repositories specified
INFO: [IP_Flow 19-2313] Loaded Vivado IP repository '/tools/Xilinx/2025.1/Vivado/data/ip'.
INFO: Add data interface m1
INFO: Add data interface e1
INFO: Add data interface m2
INFO: Add data interface e2
INFO: Calling post_process_vitis to specialize IP
INFO: Calling post_process_sysgen to specialize IP
Generating sysgen info xml from json file
INFO: Created IP /home/joe/Desktop/Uni/Year_4/Dissertation/Program-Synthesis-for-Efficient-ML/solution_mxint8addition_full_sum_combined_component/hls/impl/ip/component.xml
INFO: Created IP archive /home/joe/Desktop/Uni/Year_4/Dissertation/Program-Synthesis-for-Efficient-ML/solution_mxint8addition_full_sum_combined_component/hls/impl/ip/xilinx_com_hls_add_full_sum_1_0.zip
INFO: [Common 17-206] Exiting Vivado at Sat Mar  7 14:52:02 2026...
INFO: [HLS 200-802] Generated output file solution_mxint8addition_full_sum_combined_component/hls/impl/export.zip
INFO: [HLS 200-2161] Finished Command export_design Elapsed time: 00:00:29; Allocated memory: 16.609 MB.
INFO: [HLS 200-112] Total CPU user time: 20.86 seconds. Total CPU system time: 2.2 seconds. Total elapsed time: 45.13 seconds; peak allocated memory: 314.168 MB.
INFO: [vitis-run 60-791] Total elapsed time: 0h 0m 46s
INFO: [vitis-run 60-1662] Stopping dispatch session having empty uuid.
