==============================================================
Vitis HLS - High-Level Synthesis from C, C++ and OpenCL v2025.1 (64-bit)
Tool Version Limit: 2025.05
Copyright 1986-2022 Xilinx, Inc. All Rights Reserved.
Copyright 2022-2025 Advanced Micro Devices, Inc. All Rights Reserved.

==============================================================
INFO: [HLS 200-1505] Using flow_target 'vivado'
INFO: [HLS 200-2176] Writing Vitis IDE component file /home/joe/Desktop/Uni/Year_4/Dissertation/Program-Synthesis-for-Efficient-ML/results/HLS/solution_addition_overflow/solution_addition_overflow_component/vitis-comp.json
INFO: [HLS 200-1915] Writing HLS config ini file /home/joe/Desktop/Uni/Year_4/Dissertation/Program-Synthesis-for-Efficient-ML/results/HLS/solution_addition_overflow/solution_addition_overflow_component/hls_config.cfg
INFO: [HLS 200-1510] Running: set_top detect_overflow 
INFO: [HLS 200-1510] Running: add_files /home/joe/Desktop/Uni/Year_4/Dissertation/Program-Synthesis-for-Efficient-ML/results/cpp/solution_addition_overflow.cpp 
INFO: [HLS 200-10] Adding design file '/home/joe/Desktop/Uni/Year_4/Dissertation/Program-Synthesis-for-Efficient-ML/results/cpp/solution_addition_overflow.cpp' to the project
INFO: [HLS 200-1510] Running: set_part xc7z020clg400-1 
INFO: [HLS 200-1611] Setting target device to 'xc7z020-clg400-1'
INFO: [HLS 200-1510] Running: create_clock -period 1000000000ns 
INFO: [SYN 201-201] Setting up clock 'default' with a period of 1e+09ns.
INFO: [HLS 200-1510] Running: csynth_design 
INFO: [HLS 200-1915] Writing HLS config ini file /home/joe/Desktop/Uni/Year_4/Dissertation/Program-Synthesis-for-Efficient-ML/results/HLS/solution_addition_overflow/solution_addition_overflow_component/hls_config.cfg
INFO: [HLS 200-111] Finished File checks and directory preparation: CPU user time: 0.44 seconds. CPU system time: 0.09 seconds. Elapsed time: 3.09 seconds; current allocated memory: 264.738 MB.
INFO: [HLS 200-10] Analyzing design file '/home/joe/Desktop/Uni/Year_4/Dissertation/Program-Synthesis-for-Efficient-ML/results/cpp/solution_addition_overflow.cpp' ... 
INFO: [HLS 200-111] Finished Source Code Analysis and Preprocessing: CPU user time: 2.22 seconds. CPU system time: 0.4 seconds. Elapsed time: 2.84 seconds; current allocated memory: 266.262 MB.
INFO: [HLS 200-777] Using interface defaults for 'Vivado' flow target.
INFO: [HLS 200-1995] There were 197 instructions in the design after the 'Compile/Link' phase of compilation. See the Design Size Report for more details (/home/joe/Desktop/Uni/Year_4/Dissertation/Program-Synthesis-for-Efficient-ML/results/HLS/solution_addition_overflow/solution_addition_overflow_component/hls/syn/report/csynth_design_size.rpt:2)
INFO: [HLS 200-1995] There were 14 instructions in the design after the 'Unroll/Inline (step 1)' phase of compilation. See the Design Size Report for more details (/home/joe/Desktop/Uni/Year_4/Dissertation/Program-Synthesis-for-Efficient-ML/results/HLS/solution_addition_overflow/solution_addition_overflow_component/hls/syn/report/csynth_design_size.rpt:2)
INFO: [HLS 200-1995] There were 6 instructions in the design after the 'Unroll/Inline (step 2)' phase of compilation. See the Design Size Report for more details (/home/joe/Desktop/Uni/Year_4/Dissertation/Program-Synthesis-for-Efficient-ML/results/HLS/solution_addition_overflow/solution_addition_overflow_component/hls/syn/report/csynth_design_size.rpt:2)
INFO: [HLS 200-1995] There were 6 instructions in the design after the 'Unroll/Inline (step 3)' phase of compilation. See the Design Size Report for more details (/home/joe/Desktop/Uni/Year_4/Dissertation/Program-Synthesis-for-Efficient-ML/results/HLS/solution_addition_overflow/solution_addition_overflow_component/hls/syn/report/csynth_design_size.rpt:2)
INFO: [HLS 200-1995] There were 6 instructions in the design after the 'Unroll/Inline (step 4)' phase of compilation. See the Design Size Report for more details (/home/joe/Desktop/Uni/Year_4/Dissertation/Program-Synthesis-for-Efficient-ML/results/HLS/solution_addition_overflow/solution_addition_overflow_component/hls/syn/report/csynth_design_size.rpt:2)
INFO: [HLS 200-1995] There were 6 instructions in the design after the 'Array/Struct (step 1)' phase of compilation. See the Design Size Report for more details (/home/joe/Desktop/Uni/Year_4/Dissertation/Program-Synthesis-for-Efficient-ML/results/HLS/solution_addition_overflow/solution_addition_overflow_component/hls/syn/report/csynth_design_size.rpt:2)
INFO: [HLS 200-1995] There were 6 instructions in the design after the 'Array/Struct (step 2)' phase of compilation. See the Design Size Report for more details (/home/joe/Desktop/Uni/Year_4/Dissertation/Program-Synthesis-for-Efficient-ML/results/HLS/solution_addition_overflow/solution_addition_overflow_component/hls/syn/report/csynth_design_size.rpt:2)
INFO: [HLS 200-1995] There were 6 instructions in the design after the 'Array/Struct (step 3)' phase of compilation. See the Design Size Report for more details (/home/joe/Desktop/Uni/Year_4/Dissertation/Program-Synthesis-for-Efficient-ML/results/HLS/solution_addition_overflow/solution_addition_overflow_component/hls/syn/report/csynth_design_size.rpt:2)
INFO: [HLS 200-1995] There were 6 instructions in the design after the 'Array/Struct (step 4)' phase of compilation. See the Design Size Report for more details (/home/joe/Desktop/Uni/Year_4/Dissertation/Program-Synthesis-for-Efficient-ML/results/HLS/solution_addition_overflow/solution_addition_overflow_component/hls/syn/report/csynth_design_size.rpt:2)
INFO: [HLS 200-1995] There were 6 instructions in the design after the 'Array/Struct (step 5)' phase of compilation. See the Design Size Report for more details (/home/joe/Desktop/Uni/Year_4/Dissertation/Program-Synthesis-for-Efficient-ML/results/HLS/solution_addition_overflow/solution_addition_overflow_component/hls/syn/report/csynth_design_size.rpt:2)
INFO: [HLS 200-1995] There were 6 instructions in the design after the 'Performance (step 1)' phase of compilation. See the Design Size Report for more details (/home/joe/Desktop/Uni/Year_4/Dissertation/Program-Synthesis-for-Efficient-ML/results/HLS/solution_addition_overflow/solution_addition_overflow_component/hls/syn/report/csynth_design_size.rpt:2)
INFO: [HLS 200-1995] There were 6 instructions in the design after the 'Performance (step 2)' phase of compilation. See the Design Size Report for more details (/home/joe/Desktop/Uni/Year_4/Dissertation/Program-Synthesis-for-Efficient-ML/results/HLS/solution_addition_overflow/solution_addition_overflow_component/hls/syn/report/csynth_design_size.rpt:2)
INFO: [HLS 200-1995] There were 6 instructions in the design after the 'Performance (step 3)' phase of compilation. See the Design Size Report for more details (/home/joe/Desktop/Uni/Year_4/Dissertation/Program-Synthesis-for-Efficient-ML/results/HLS/solution_addition_overflow/solution_addition_overflow_component/hls/syn/report/csynth_design_size.rpt:2)
INFO: [HLS 200-1995] There were 6 instructions in the design after the 'Performance (step 4)' phase of compilation. See the Design Size Report for more details (/home/joe/Desktop/Uni/Year_4/Dissertation/Program-Synthesis-for-Efficient-ML/results/HLS/solution_addition_overflow/solution_addition_overflow_component/hls/syn/report/csynth_design_size.rpt:2)
INFO: [HLS 200-1995] There were 8 instructions in the design after the 'HW Transforms (step 1)' phase of compilation. See the Design Size Report for more details (/home/joe/Desktop/Uni/Year_4/Dissertation/Program-Synthesis-for-Efficient-ML/results/HLS/solution_addition_overflow/solution_addition_overflow_component/hls/syn/report/csynth_design_size.rpt:2)
INFO: [HLS 200-1995] There were 7 instructions in the design after the 'HW Transforms (step 2)' phase of compilation. See the Design Size Report for more details (/home/joe/Desktop/Uni/Year_4/Dissertation/Program-Synthesis-for-Efficient-ML/results/HLS/solution_addition_overflow/solution_addition_overflow_component/hls/syn/report/csynth_design_size.rpt:2)
INFO: [HLS 200-111] Finished Compiling Optimization and Transform: CPU user time: 1.66 seconds. CPU system time: 0.3 seconds. Elapsed time: 6.9 seconds; current allocated memory: 275.910 MB.
INFO: [HLS 200-111] Finished Checking Pragmas: CPU user time: 0 seconds. CPU system time: 0 seconds. Elapsed time: 0 seconds; current allocated memory: 275.910 MB.
INFO: [HLS 200-10] Starting code transformations ...
INFO: [HLS 200-111] Finished Standard Transforms: CPU user time: 0.01 seconds. CPU system time: 0 seconds. Elapsed time: 0.04 seconds; current allocated memory: 275.910 MB.
