Tue Nov  4 16:13:27 2025: Running xcd server. This server was built by gradle.
Tue Nov  4 16:13:27 2025: Server was asked to start on port: '46457'
Tue Nov  4 16:13:27 2025: Server is using token UUID: 'beab8720-6126-4d32-92b8-ce5a39e53a77'
Tue Nov  4 16:13:27 2025: SESSION_MGR: creating session with session uuid: '6d04a3e9-ade5-4ab9-8d63-1f78fcd2ec76' and name 'default'
Tue Nov  4 16:13:27 2025: Attempting to start server on port '46457'
Tue Nov  4 16:13:27 2025: XCD main fifo: created main fifo '/tmp/xcdmainbeab8720-6126-4d32-92b8-ce5a39e53a77', fd read = 15
Tue Nov  4 16:13:27 2025: Running Dispatch Server
Tue Nov  4 16:13:27 2025: Version 2.2.0
Tue Nov  4 16:13:29 2025: Dispatch Server: Accepted socket connection from client
Tue Nov  4 16:13:29 2025: Starting Socket connection
Tue Nov  4 16:13:29 2025: EXCHANGE_TOKEN received, server token: beab8720-6126-4d32-92b8-ce5a39e53a77, passed token: beab8720-6126-4d32-92b8-ce5a39e53a77
Tue Nov  4 16:13:29 2025: SESSION_MGR: creating session with session uuid: '41a28d5d-be98-48f2-9fa5-ae7194dad115' and name 'vitis_hls'
Tue Nov  4 16:13:29 2025: KERNEL_SVC: creating session with uuid: '41a28d5d-be98-48f2-9fa5-ae7194dad115' and name 'vitis_hls'
Tue Nov  4 16:13:29 2025: GUIDANCE_SMGR: creating guidance session with uuid: '41a28d5d-be98-48f2-9fa5-ae7194dad115' and name 'vitis_hls'
Tue Nov  4 16:13:41 2025: Running xcd server. This server was built by gradle.
Tue Nov  4 16:13:41 2025: Server was asked to start on port: '40249'
Tue Nov  4 16:13:41 2025: Server is using token UUID: '8244aa36-7af1-47ec-bbe7-9cae46e0a041'
Tue Nov  4 16:13:41 2025: SESSION_MGR: creating session with session uuid: '6d04a3e9-ade5-4ab9-8d63-1f78fcd2ec76' and name 'default'
Tue Nov  4 16:13:41 2025: Attempting to start server on port '40249'
Tue Nov  4 16:13:41 2025: XCD main fifo: created main fifo '/tmp/xcdmain8244aa36-7af1-47ec-bbe7-9cae46e0a041', fd read = 16
Tue Nov  4 16:13:41 2025: Running Dispatch Server
Tue Nov  4 16:13:41 2025: Version 2.2.0
Tue Nov  4 16:13:42 2025: Dispatch Server: Accepted socket connection from client
Tue Nov  4 16:13:42 2025: Starting Socket connection
Tue Nov  4 16:13:42 2025: EXCHANGE_TOKEN received, server token: 8244aa36-7af1-47ec-bbe7-9cae46e0a041, passed token: 8244aa36-7af1-47ec-bbe7-9cae46e0a041
Tue Nov  4 16:13:42 2025: SESSION_MGR: creating session with session uuid: 'b3104567-18f2-446c-8af6-8296cd3add8e' and name 'vitis_hls'
Tue Nov  4 16:13:42 2025: KERNEL_SVC: creating session with uuid: 'b3104567-18f2-446c-8af6-8296cd3add8e' and name 'vitis_hls'
Tue Nov  4 16:13:42 2025: GUIDANCE_SMGR: creating guidance session with uuid: 'b3104567-18f2-446c-8af6-8296cd3add8e' and name 'vitis_hls'
Tue Nov  4 16:13:42 2025: STOP_SERVER received, server token: beab8720-6126-4d32-92b8-ce5a39e53a77, passed token: beab8720-6126-4d32-92b8-ce5a39e53a77
Tue Nov  4 16:13:42 2025: Socket received request to stop server.
Tue Nov  4 16:13:42 2025: Dispatch Server: do_await_stop
Tue Nov  4 16:13:42 2025: Dispatch Server: stopping mainFifo_
Tue Nov  4 16:13:42 2025: XCD main fifo: Stopping
Tue Nov  4 16:13:42 2025: XCD main fifo: do_read error code: Operation canceled
Tue Nov  4 16:13:42 2025: XCD main fifo: bytes_transferred: 0
Tue Nov  4 16:13:42 2025: SERVER: destructor for server bound to port 46457
Tue Nov  4 16:13:42 2025: XCD main fifo: Good unlink of /tmp/xcdmainbeab8720-6126-4d32-92b8-ce5a39e53a77
Tue Nov  4 16:13:42 2025: Server exiting with status 0.
Tue Nov  4 16:13:42 2025: Closing log file.
Tue Nov  4 16:13:55 2025: Dispatch Server: do_await_stop
