

================================================================
== Synthesis Summary Report of 'fp32_raw_summer'
================================================================
+ General Information: 
    * Date:           Wed Nov 26 12:34:55 2025
    * Version:        2025.1 (Build 6135595 on May 21 2025)
    * Project:        solution_fp32addition_fp32_raw_sum_component
    * Solution:       hls (Vivado IP Flow Target)
    * Product family: zynq
    * Target device:  xc7z020-clg400-1
    

+ Performance & Resource Estimates: 
    
    PS: '+' for module; 'o' for loop; '*' for dataflow
    +-------------------+------+-------+---------+-------+----------+---------+------+----------+------+----+---+-----------+-----+
    |      Modules      | Issue|       |     Latency     | Iteration|         | Trip |          |      |    |   |           |     |
    |      & Loops      | Type | Slack | (cycles)|  (ns) |  Latency | Interval| Count| Pipelined| BRAM | DSP| FF|    LUT    | URAM|
    +-------------------+------+-------+---------+-------+----------+---------+------+----------+------+----+---+-----------+-----+
    |+ fp32_raw_summer  |     -|  32.18|        0|  0.000|         -|        1|     -|        no|     -|   -|  -|  123 (~0%)|    -|
    +-------------------+------+-------+---------+-------+----------+---------+------+----------+------+----+---+-----------+-----+


================================================================
== HW Interfaces
================================================================
* Other Ports
+------------+---------+-----------+----------+
| Port       | Mode    | Direction | Bitwidth |
+------------+---------+-----------+----------+
| aligned_m1 | ap_none | in        | 24       |
| aligned_m2 | ap_none | in        | 24       |
| ap_return  |         | out       | 26       |
| s1         | ap_none | in        | 1        |
| s2         | ap_none | in        | 1        |
+------------+---------+-----------+----------+

* TOP LEVEL CONTROL
+-----------+------------+-----------------------------------+
| Interface | Type       | Ports                             |
+-----------+------------+-----------------------------------+
| ap_rst    | reset      | ap_rst                            |
| ap_ctrl   | ap_ctrl_hs | ap_done ap_idle ap_ready ap_start |
+-----------+------------+-----------------------------------+


================================================================
== SW I/O Information
================================================================
* Top Function Arguments
+------------+-----------+-------------+
| Argument   | Direction | Datatype    |
+------------+-----------+-------------+
| s1         | in        | ap_uint<1>  |
| aligned_m1 | in        | ap_uint<24> |
| s2         | in        | ap_uint<1>  |
| aligned_m2 | in        | ap_uint<24> |
| return     | out       | ap_uint<26> |
+------------+-----------+-------------+

* SW-to-HW Mapping
+------------+--------------+---------+
| Argument   | HW Interface | HW Type |
+------------+--------------+---------+
| s1         | s1           | port    |
| aligned_m1 | aligned_m1   | port    |
| s2         | s2           | port    |
| aligned_m2 | aligned_m2   | port    |
| return     | ap_return    | port    |
+------------+--------------+---------+


================================================================
== Bind Op Report
================================================================
+--------------------------+-----+--------+--------------+--------+----------+---------+
| Name                     | DSP | Pragma | Variable     | Op     | Impl     | Latency |
+--------------------------+-----+--------+--------------+--------+----------+---------+
| + fp32_raw_summer        | 0   |        |              |        |          |         |
|   xor_ln4_fu_60_p2       |     |        | xor_ln4      | xor    | auto     | 0       |
|   icmp_ln4_fu_66_p2      |     |        | icmp_ln4     | seteq  | auto     | 0       |
|   and_ln4_fu_72_p2       |     |        | and_ln4      | and    | auto     | 0       |
|   icmp_ln4_1_fu_78_p2    |     |        | icmp_ln4_1   | setlt  | auto     | 0       |
|   xor_ln4_1_fu_84_p2     |     |        | xor_ln4_1    | xor    | auto     | 0       |
|   select_ln4_fu_90_p3    |     |        | select_ln4   | select | auto_sel | 0       |
|   select_ln4_1_fu_98_p3  |     |        | select_ln4_1 | select | auto_sel | 0       |
|   not_and_ln4_fu_106_p2  |     |        | not_and_ln4  | xor    | auto     | 0       |
|   ref_tmp6_0_fu_112_p2   |     |        | ref_tmp6_0   | and    | auto     | 0       |
|   sub_ln4_fu_126_p2      |     |        | sub_ln4      | sub    | fabric   | 0       |
|   sub_ln4_1_fu_132_p2    |     |        | sub_ln4_1    | sub    | fabric   | 0       |
|   select_ln4_2_fu_138_p3 |     |        | select_ln4_2 | select | auto_sel | 0       |
|   add_ln4_fu_146_p2      |     |        | add_ln4      | add    | fabric   | 0       |
|   ref_tmp17_1_fu_152_p3  |     |        | ref_tmp17_1  | select | auto_sel | 0       |
+--------------------------+-----+--------+--------------+--------+----------+---------+


================================================================
== Storage Report
================================================================
  No bind storage info in design

================================================================
== Pragma Report
================================================================
  No pragmas found

