================================================================
== Design Size Report
================================================================

* Total Instructions per Compilation Phase
+---------------+-----------------------------+--------------+----------------------------------------------------------------------------------------+
| Phase         | Step                        | Instructions | Description                                                                            |
+---------------+-----------------------------+--------------+----------------------------------------------------------------------------------------+
| Compile/Link  |                             | 1,226        | After all functions are compiled and linked into a single design                       |
|               |                             |              |                                                                                        |
| Unroll/Inline |                             |              | After user unroll and inline pragmas are applied                                       |
|               | (1) unroll                  |    80        | user unroll pragmas are applied                                                        |
|               | (2) simplification          |    35        | simplification of applied user unroll pragmas                                          |
|               | (3) inline                  |    35        | user inline pragmas are applied                                                        |
|               | (4) simplification          |    30        | simplification of applied user inline pragmas                                          |
|               |                             |              |                                                                                        |
| Array/Struct  |                             |              | After user array partition and struct aggregate/disaggregate pragmas are applied       |
|               | (1) array partition         |    30        | user array partition pragmas are applied                                               |
|               | (2) simplification          |    30        | simplification of applied user array partition & struct aggregate/disaggregate pragmas |
|               | (3) aggregate/disaggregate  |    30        | user struct aggregate/disaggregate pragmas are applied                                 |
|               | (4) array reshape           |    30        | apply array reshape pragmas                                                            |
|               | (5) access patterns         |    30        | array access pattern optmizations                                                      |
|               |                             |              |                                                                                        |
| Performance   |                             |              | After transformations are applied to meet performance pragma targets                   |
|               | (1) loop simplification     |    30        | loop and instruction simplification                                                    |
|               | (2) parallelization         |    30        | loops are unrolled or pipelined to meet performance targets                            |
|               | (3) array partition         |    30        | arrays are partitioned to meet performance targets                                     |
|               | (4) simplification          |    30        | simplification of design after performance transformations                             |
|               |                             |              |                                                                                        |
| HW Transforms |                             |              | After hardware transfomations                                                          |
|               | (1) lowering                |    34        | initial conversion to HW specific instructions                                         |
|               | (2) optimizations           |    33        | high level synthesis optimizations                                                     |
+---------------+-----------------------------+--------------+----------------------------------------------------------------------------------------+

* Instructions per Function for each Compilation Phase
+-------------------+------------------------------------------+--------------+---------------+--------------+-------------+---------------+
| Function          | Location                                 | Compile/Link | Unroll/Inline | Array/Struct | Performance | HW Transforms |
+-------------------+------------------------------------------+--------------+---------------+--------------+-------------+---------------+
|   fp32_raw_summer | solution_fp32addition_fp32_raw_sum.cpp:3 | 1,226        | 30            | 30           | 30          | 33            |
+-------------------+------------------------------------------+--------------+---------------+--------------+-------------+---------------+

* Design Size Message Settings
+---------------------------------------------+--------+------------------------------------------------------------------+
| Message Setting                             | Value  | Description                                                      |
+---------------------------------------------+--------+------------------------------------------------------------------+
| config_compile -design_size_maximum_warning | 100000 | Show a warning when total design instructions exceeds this value |
+---------------------------------------------+--------+------------------------------------------------------------------+


