

================================================================
== Vitis HLS Report for 'fp32_raw_summer'
================================================================
* Date:           Tue Nov 11 15:14:28 2025

* Version:        2025.1 (Build 6135595 on May 21 2025)
* Project:        solution_fp32addition_fp32_raw_sum_component
* Solution:       hls (Vivado IP Flow Target)
* Product family: zynq
* Target device:  xc7z020-clg400-1


================================================================
== Performance Estimates
================================================================
+ Timing: 
    * Summary: 
    +--------+----------+----------+------------+
    |  Clock |  Target  | Estimated| Uncertainty|
    +--------+----------+----------+------------+
    |ap_clk  |  1.00 sec|  4.880 ns|    0.27 sec|
    +--------+----------+----------+------------+

+ Latency: 
    * Summary: 
    +---------+---------+----------+----------+-----+-----+---------+
    |  Latency (cycles) |  Latency (absolute) |  Interval | Pipeline|
    |   min   |   max   |    min   |    max   | min | max |   Type  |
    +---------+---------+----------+----------+-----+-----+---------+
    |        0|        0|      0 ns|      0 ns|    1|    1|       no|
    +---------+---------+----------+----------+-----+-----+---------+

    + Detail: 
        * Instance: 
        N/A

        * Loop: 
        N/A



================================================================
== Utilization Estimates
================================================================
* Summary: 
+-----------------+---------+-----+--------+-------+-----+
|       Name      | BRAM_18K| DSP |   FF   |  LUT  | URAM|
+-----------------+---------+-----+--------+-------+-----+
|DSP              |        -|    -|       -|      -|    -|
|Expression       |        -|    -|       0|    207|    -|
|FIFO             |        -|    -|       -|      -|    -|
|Instance         |        -|    -|       0|      9|    -|
|Memory           |        -|    -|       -|      -|    -|
|Multiplexer      |        -|    -|       -|      -|    -|
|Register         |        -|    -|       -|      -|    -|
+-----------------+---------+-----+--------+-------+-----+
|Total            |        0|    0|       0|    216|    0|
+-----------------+---------+-----+--------+-------+-----+
|Available        |      280|  220|  106400|  53200|    0|
+-----------------+---------+-----+--------+-------+-----+
|Utilization (%)  |        0|    0|       0|     ~0|    0|
+-----------------+---------+-----+--------+-------+-----+

+ Detail: 
    * Instance: 
    +-------------------------+----------------------+---------+----+---+----+-----+
    |         Instance        |        Module        | BRAM_18K| DSP| FF| LUT| URAM|
    +-------------------------+----------------------+---------+----+---+----+-----+
    |sparsemux_7_2_25_1_1_U1  |sparsemux_7_2_25_1_1  |        0|   0|  0|   9|    0|
    +-------------------------+----------------------+---------+----+---+----+-----+
    |Total                    |                      |        0|   0|  0|   9|    0|
    +-------------------------+----------------------+---------+----+---+----+-----+

    * DSP: 
    N/A

    * Memory: 
    N/A

    * FIFO: 
    N/A

    * Expression: 
    +------------------------+----------+----+---+----+------------+------------+
    |      Variable Name     | Operation| DSP| FF| LUT| Bitwidth P0| Bitwidth P1|
    +------------------------+----------+----+---+----+------------+------------+
    |ref_tmp14_1_fu_180_p2   |         +|   0|  0|  32|          25|          25|
    |ref_tmp14_1_fu_180_p4   |         -|   0|  0|  32|          25|          25|
    |ref_tmp14_1_fu_180_p6   |         -|   0|  0|  32|          25|          25|
    |and_ln4_1_fu_166_p2     |       and|   0|  0|   2|           1|           1|
    |and_ln4_fu_82_p2        |       and|   0|  0|   2|           1|           1|
    |tmp_0_fu_122_p2         |       and|   0|  0|   2|           1|           1|
    |icmp_ln4_1_fu_88_p2     |      icmp|   0|  0|  31|          24|          24|
    |icmp_ln4_2_fu_136_p2    |      icmp|   0|  0|  31|          24|          24|
    |icmp_ln4_fu_76_p2       |      icmp|   0|  0|  31|          24|          24|
    |select_ln4_1_fu_108_p3  |    select|   0|  0|   2|           1|           1|
    |select_ln4_fu_100_p3    |    select|   0|  0|   2|           1|           1|
    |not_and_ln4_fu_116_p2   |       xor|   0|  0|   2|           2|           1|
    |xor_ln4_1_fu_160_p2     |       xor|   0|  0|   2|           1|           2|
    |xor_ln4_2_fu_94_p2      |       xor|   0|  0|   2|           1|           2|
    |xor_ln4_fu_70_p2        |       xor|   0|  0|   2|           1|           1|
    +------------------------+----------+----+---+----+------------+------------+
    |Total                   |          |   0|  0| 207|         157|         158|
    +------------------------+----------+----+---+----+------------+------------+

    * Multiplexer: 
    N/A

    * Register: 
    N/A



================================================================
== Interface
================================================================
* Summary: 
+------------+-----+-----+------------+-----------------+--------------+
|  RTL Ports | Dir | Bits|  Protocol  |  Source Object  |    C Type    |
+------------+-----+-----+------------+-----------------+--------------+
|ap_start    |   in|    1|  ap_ctrl_hs|  fp32_raw_summer|  return value|
|ap_done     |  out|    1|  ap_ctrl_hs|  fp32_raw_summer|  return value|
|ap_idle     |  out|    1|  ap_ctrl_hs|  fp32_raw_summer|  return value|
|ap_ready    |  out|    1|  ap_ctrl_hs|  fp32_raw_summer|  return value|
|ap_return   |  out|   26|  ap_ctrl_hs|  fp32_raw_summer|  return value|
|ap_rst      |   in|    1|  ap_ctrl_hs|  fp32_raw_summer|  return value|
|s1          |   in|    1|     ap_none|               s1|        scalar|
|aligned_m1  |   in|   24|     ap_none|       aligned_m1|        scalar|
|s2          |   in|    1|     ap_none|               s2|        scalar|
|aligned_m2  |   in|   24|     ap_none|       aligned_m2|        scalar|
+------------+-----+-----+------------+-----------------+--------------+

