

================================================================
== Synthesis Summary Report of 'fp32_aligner'
================================================================
+ General Information: 
    * Date:           Tue Nov 11 16:13:55 2025
    * Version:        2025.1 (Build 6135595 on May 21 2025)
    * Project:        solution_fp32addition_fp32_alignment_component
    * Solution:       hls (Vivado IP Flow Target)
    * Product family: zynq
    * Target device:  xc7z020-clg400-1
    

+ Performance & Resource Estimates: 
    
    PS: '+' for module; 'o' for loop; '*' for dataflow
    +----------------+---------+-------+---------+-------+----------+---------+------+----------+------+----+---+-----------+-----+
    |     Modules    |  Issue  |       |     Latency     | Iteration|         | Trip |          |      |    |   |           |     |
    |     & Loops    |   Type  | Slack | (cycles)|  (ns) |  Latency | Interval| Count| Pipelined| BRAM | DSP| FF|    LUT    | URAM|
    +----------------+---------+-------+---------+-------+----------+---------+------+----------+------+----+---+-----------+-----+
    |+ fp32_aligner  |   Timing|  -6.81|        0|  0.000|         -|        1|     -|        no|     -|   -|  -|  267 (~0%)|    -|
    +----------------+---------+-------+---------+-------+----------+---------+------+----------+------+----+---+-----------+-----+


================================================================
== HW Interfaces
================================================================
* Other Ports
+-----------+---------+-----------+----------+
| Port      | Mode    | Direction | Bitwidth |
+-----------+---------+-----------+----------+
| ap_return |         | out       | 56       |
| e1        | ap_none | in        | 8        |
| e2        | ap_none | in        | 8        |
| m1        | ap_none | in        | 23       |
| m2        | ap_none | in        | 23       |
+-----------+---------+-----------+----------+

* TOP LEVEL CONTROL
+-----------+------------+-----------------------------------+
| Interface | Type       | Ports                             |
+-----------+------------+-----------------------------------+
| ap_rst    | reset      | ap_rst                            |
| ap_ctrl   | ap_ctrl_hs | ap_done ap_idle ap_ready ap_start |
+-----------+------------+-----------------------------------+


================================================================
== SW I/O Information
================================================================
* Top Function Arguments
+----------+-----------+-------------+
| Argument | Direction | Datatype    |
+----------+-----------+-------------+
| e1       | in        | ap_uint<8>  |
| m1       | in        | ap_uint<23> |
| e2       | in        | ap_uint<8>  |
| m2       | in        | ap_uint<23> |
| return   | out       | ap_uint<56> |
+----------+-----------+-------------+

* SW-to-HW Mapping
+----------+--------------+---------+
| Argument | HW Interface | HW Type |
+----------+--------------+---------+
| e1       | e1           | port    |
| m1       | m1           | port    |
| e2       | e2           | port    |
| m2       | m2           | port    |
| return   | ap_return    | port    |
+----------+--------------+---------+


================================================================
== Bind Op Report
================================================================
+------------------------+-----+--------+------------+--------+-----------+---------+
| Name                   | DSP | Pragma | Variable   | Op     | Impl      | Latency |
+------------------------+-----+--------+------------+--------+-----------+---------+
| + fp32_aligner         | 0   |        |            |        |           |         |
|   icmp_ln4_fu_62_p2    |     |        | icmp_ln4   | setlt  | auto      | 0       |
|   xor_ln4_fu_68_p2     |     |        | xor_ln4    | xor    | auto      | 0       |
|   icmp_ln4_1_fu_74_p2  |     |        | icmp_ln4_1 | setne  | auto      | 0       |
|   icmp_ln4_2_fu_88_p2  |     |        | icmp_ln4_2 | setne  | auto      | 0       |
|   sub_ln4_fu_102_p2    |     |        | sub_ln4    | sub    | fabric    | 0       |
|   lshr_ln4_fu_112_p2   |     |        | lshr_ln4   | lshr   | auto_pipe | 0       |
|   sub_ln4_1_fu_118_p2  |     |        | sub_ln4_1  | sub    | fabric    | 0       |
|   lshr_ln4_1_fu_128_p2 |     |        | lshr_ln4_1 | lshr   | auto_pipe | 0       |
|   tmp_0514_fu_142_p3   |     |        | tmp_0514   | select | auto_sel  | 0       |
|   tmp32_0_fu_150_p3    |     |        | tmp32_0    | select | auto_sel  | 0       |
|   select_ln4_fu_158_p3 |     |        | select_ln4 | select | auto_sel  | 0       |
+------------------------+-----+--------+------------+--------+-----------+---------+


================================================================
== Storage Report
================================================================
  No bind storage info in design

================================================================
== Pragma Report
================================================================
  No pragmas found

