

================================================================
== Vitis HLS Report for 'fp32_aligner'
================================================================
* Date:           Wed Nov 26 12:32:34 2025

* Version:        2025.1 (Build 6135595 on May 21 2025)
* Project:        solution_fp32addition_fp32_alignment_component
* Solution:       hls (Vivado IP Flow Target)
* Product family: zynq
* Target device:  xc7z020-clg400-1


================================================================
== Performance Estimates
================================================================
+ Timing: 
    * Summary: 
    +--------+----------+----------+------------+
    |  Clock |  Target  | Estimated| Uncertainty|
    +--------+----------+----------+------------+
    |ap_clk  |  50.00 ns|  7.143 ns|    13.50 ns|
    +--------+----------+----------+------------+

+ Latency: 
    * Summary: 
    +---------+---------+----------+----------+-----+-----+---------+
    |  Latency (cycles) |  Latency (absolute) |  Interval | Pipeline|
    |   min   |   max   |    min   |    max   | min | max |   Type  |
    +---------+---------+----------+----------+-----+-----+---------+
    |        0|        0|      0 ns|      0 ns|    1|    1|       no|
    +---------+---------+----------+----------+-----+-----+---------+

    + Detail: 
        * Instance: 
        N/A

        * Loop: 
        N/A



================================================================
== Utilization Estimates
================================================================
* Summary: 
+-----------------+---------+-----+--------+-------+-----+
|       Name      | BRAM_18K| DSP |   FF   |  LUT  | URAM|
+-----------------+---------+-----+--------+-------+-----+
|DSP              |        -|    -|       -|      -|    -|
|Expression       |        -|    -|       0|    155|    -|
|FIFO             |        -|    -|       -|      -|    -|
|Instance         |        -|    -|       -|      -|    -|
|Memory           |        -|    -|       -|      -|    -|
|Multiplexer      |        -|    -|       -|      -|    -|
|Register         |        -|    -|       -|      -|    -|
+-----------------+---------+-----+--------+-------+-----+
|Total            |        0|    0|       0|    155|    0|
+-----------------+---------+-----+--------+-------+-----+
|Available        |      280|  220|  106400|  53200|    0|
+-----------------+---------+-----+--------+-------+-----+
|Utilization (%)  |        0|    0|       0|     ~0|    0|
+-----------------+---------+-----+--------+-------+-----+

+ Detail: 
    * Instance: 
    N/A

    * DSP: 
    N/A

    * Memory: 
    N/A

    * FIFO: 
    N/A

    * Expression: 
    +-------------------------+----------+----+---+-----+------------+------------+
    |      Variable Name      | Operation| DSP| FF| LUT | Bitwidth P0| Bitwidth P1|
    +-------------------------+----------+----+---+-----+------------+------------+
    |sub_ln4_fu_88_p2         |         -|   0|  0|   15|           8|           8|
    |icmp_ln4_1_fu_70_p2      |      icmp|   0|  0|   15|           8|           1|
    |icmp_ln4_fu_58_p2        |      icmp|   0|  0|   15|           8|           8|
    |lshr_ln4_fu_102_p2       |      lshr|   0|  0|  100|          32|          32|
    |ref_tmp6_0555_fu_112_p3  |    select|   0|  0|    4|           1|           4|
    |select_ln4_fu_128_p3     |    select|   0|  0|    4|           1|           4|
    |xor_ln4_fu_64_p2         |       xor|   0|  0|    2|           1|           2|
    +-------------------------+----------+----+---+-----+------------+------------+
    |Total                    |          |   0|  0|  155|          59|          59|
    +-------------------------+----------+----+---+-----+------------+------------+

    * Multiplexer: 
    N/A

    * Register: 
    N/A



================================================================
== Interface
================================================================
* Summary: 
+-----------+-----+-----+------------+--------------+--------------+
| RTL Ports | Dir | Bits|  Protocol  | Source Object|    C Type    |
+-----------+-----+-----+------------+--------------+--------------+
|ap_start   |   in|    1|  ap_ctrl_hs|  fp32_aligner|  return value|
|ap_done    |  out|    1|  ap_ctrl_hs|  fp32_aligner|  return value|
|ap_idle    |  out|    1|  ap_ctrl_hs|  fp32_aligner|  return value|
|ap_ready   |  out|    1|  ap_ctrl_hs|  fp32_aligner|  return value|
|ap_return  |  out|   56|  ap_ctrl_hs|  fp32_aligner|  return value|
|ap_rst     |   in|    1|  ap_ctrl_hs|  fp32_aligner|  return value|
|e1         |   in|    8|     ap_none|            e1|        scalar|
|m1         |   in|   23|     ap_none|            m1|        scalar|
|e2         |   in|    8|     ap_none|            e2|        scalar|
|m2         |   in|   23|     ap_none|            m2|        scalar|
+-----------+-----+-----+------------+--------------+--------------+

