[INFO] Target: MXINT8AdditionTarget | Component: full_sum_v2
[INFO] NUM_ITERATIONS=30, TIMEOUT=180s, RUN_IMPLEMENTATION=True, DIRECTED_IO=True, RUN_ACCURACY=True, SYNTH_FP32_MUL_MODE=default, SYNTH_FP32_ADD_MODE=default, SYGUS_DUMP=False, SYGUS_FAST_ENUM=False, SYGUS_PBE=True, SYGUS_SYM_BREAK_PBE=True, MXINT8_OUTPUT_MATCH_BITS=6, MXINT8_AUTO_RELAX_OUTPUT_MATCH=False, MXINT8_MIN_OUTPUT_MATCH_BITS=4, MXINT8_STAGE_MANTISSA_BITS=2, FP32_OUTPUT_MATCH_MSB_BITS=32, FP32_AUTO_RELAX_OUTPUT_MATCH=False, FP32_RESET_MSB_PER_SAMPLE=True, FP32_RELAX_ON_TIMEOUT=False, FP32_TIMEOUT_RETRY_ONCE=False, FP32_TIMEOUT_RETRY_MULTIPLIER=4, FP32_RELAX_ON_INFEASIBLE=False, FP32_RELAX_ON_FAIL=False, FP32_RELAX_SCHEDULE=staged, FP32_STAGE_MANTISSA_BITS=15, FP32_MIN_OUTPUT_MATCH_MSB_BITS=24, FP32_OUTPUT_MATCH_STEP=1, RANDOM_SEED=12346
--- Starting Synthesis for [MXINT8AdditionTarget -> full_sum_v2] ---

--- Iteration 1/30 ---
Generating new constraint with inputs: (-4.859737768172664, 31.62730013364262)
(constraint (= ((_ extract 7 2) (add_full_sum #b1011 #b0011 #b0111 #b0101)) #b010101))
SUCCESS: accepted (bits = 6). Total constraints: 1

--- Iteration 2/30 ---
Generating new constraint with inputs: (-14.812117179895019, 27.432682404844954)
(constraint (= ((_ extract 7 2) (add_full_sum #b1000 #b0100 #b0110 #b0101)) #b001101))
SUCCESS: accepted (bits = 6). Total constraints: 2

--- Iteration 3/30 ---
Generating new constraint with inputs: (32.38088473415311, -34.513040175688644)
(constraint (= ((_ extract 7 2) (add_full_sum #b0100 #b0110 #b1011 #b0110)) #b010011))
SUCCESS: accepted (bits = 6). Total constraints: 3

--- Iteration 4/30 ---
Generating new constraint with inputs: (65.422487036322, -21.448105154796693)
(constraint (= ((_ extract 7 2) (add_full_sum #b0100 #b0111 #b1010 #b0101)) #b011001))
[CVC5] Solver timed out after 180 seconds.
[INFO] Timeout. No staged fallback; skipping this sample.
SKIPPED: (65.422, -21.448) could not be added (even after relaxation).

--- Iteration 5/30 ---
Generating new constraint with inputs: (10.02232182656769, -7.311154840524203)
(constraint (= ((_ extract 7 2) (add_full_sum #b0101 #b0100 #b1000 #b0011)) #b000000))
[CVC5] Solver timed out after 180 seconds.
[INFO] Timeout. No staged fallback; skipping this sample.
SKIPPED: (10.022, -7.311) could not be added (even after relaxation).

--- Iteration 6/30 ---
Generating new constraint with inputs: (50.726184874972745, -29.64061483309583)
(constraint (= ((_ extract 7 2) (add_full_sum #b0110 #b0110 #b1000 #b0101)) #b010001))
[CVC5] Solver timed out after 180 seconds.
[INFO] Timeout. No staged fallback; skipping this sample.
SKIPPED: (50.726, -29.641) could not be added (even after relaxation).

--- Iteration 7/30 ---
Generating new constraint with inputs: (-12.39473980941193, -29.347512941291328)
(constraint (= ((_ extract 7 2) (add_full_sum #b1001 #b0100 #b1000 #b0101)) #b011010))
SUCCESS: accepted (bits = 6). Total constraints: 4

--- Iteration 8/30 ---
Generating new constraint with inputs: (-39.4369167367652, -32.73059151464254)
(constraint (= ((_ extract 7 2) (add_full_sum #b1011 #b0110 #b1011 #b0110)) #b011110))
SUCCESS: accepted (bits = 6). Total constraints: 5

--- Iteration 9/30 ---
Generating new constraint with inputs: (-12.091532508993552, 41.31406289993109)
(constraint (= ((_ extract 7 2) (add_full_sum #b1001 #b0100 #b0101 #b0110)) #b010101))
[CVC5] Solver timed out after 180 seconds.
[INFO] Timeout. No staged fallback; skipping this sample.
SKIPPED: (-12.092, 41.314) could not be added (even after relaxation).

--- Iteration 10/30 ---
Generating new constraint with inputs: (-25.329258931813683, -29.57165808310978)
(constraint (= ((_ extract 7 2) (add_full_sum #b1001 #b0101 #b1000 #b0101)) #b011010))
[CVC5] Solver timed out after 180 seconds.
[INFO] Timeout. No staged fallback; skipping this sample.
SKIPPED: (-25.329, -29.572) could not be added (even after relaxation).

--- Iteration 11/30 ---
Generating new constraint with inputs: (36.597217203290924, 47.64610067939073)
(constraint (= ((_ extract 7 2) (add_full_sum #b0100 #b0110 #b0101 #b0110)) #b011101))
[CVC5] Solver timed out after 180 seconds.
[INFO] Timeout. No staged fallback; skipping this sample.
SKIPPED: (36.597, 47.646) could not be added (even after relaxation).

--- Iteration 12/30 ---
Generating new constraint with inputs: (-55.963729858771735, 8.02874072063662)
(constraint (= ((_ extract 7 2) (add_full_sum #b1001 #b0110 #b0100 #b0100)) #b011010))
[CVC5] Solver timed out after 180 seconds.
[INFO] Timeout. No staged fallback; skipping this sample.
SKIPPED: (-55.964, 8.029) could not be added (even after relaxation).

--- Iteration 13/30 ---
Generating new constraint with inputs: (-27.827671787121915, -36.119620096962265)
(constraint (= ((_ extract 7 2) (add_full_sum #b1001 #b0101 #b1011 #b0110)) #b011110))
SUCCESS: accepted (bits = 6). Total constraints: 6

--- Iteration 14/30 ---
Generating new constraint with inputs: (-27.53775942325006, -65.93353172458708)
(constraint (= ((_ extract 7 2) (add_full_sum #b1001 #b0101 #b1011 #b0111)) #b011111))
[CVC5] Solver timed out after 180 seconds.
[INFO] Timeout. No staged fallback; skipping this sample.
SKIPPED: (-27.538, -65.934) could not be added (even after relaxation).

--- Iteration 15/30 ---
Generating new constraint with inputs: (-54.755354423609525, 32.6462396774448)
(constraint (= ((_ extract 7 2) (add_full_sum #b1001 #b0110 #b0100 #b0110)) #b010110))
[CVC5] Solver timed out after 180 seconds.
[INFO] Timeout. No staged fallback; skipping this sample.
SKIPPED: (-54.755, 32.646) could not be added (even after relaxation).

--- Iteration 16/30 ---
Generating new constraint with inputs: (-40.2904863767901, -6.453592864270071)
(constraint (= ((_ extract 7 2) (add_full_sum #b1010 #b0110 #b1001 #b0011)) #b011111))
[CVC5] Solver timed out after 180 seconds.
[INFO] Timeout. No staged fallback; skipping this sample.
SKIPPED: (-40.290, -6.454) could not be added (even after relaxation).

--- Iteration 17/30 ---
Generating new constraint with inputs: (58.91652505769814, 49.369944669193316)
(constraint (= ((_ extract 7 2) (add_full_sum #b0111 #b0110 #b0110 #b0110)) #b011101))
[CVC5] Solver timed out after 180 seconds.
[INFO] Timeout. No staged fallback; skipping this sample.
SKIPPED: (58.917, 49.370) could not be added (even after relaxation).

--- Iteration 18/30 ---
Generating new constraint with inputs: (-17.464761788800025, -51.32265420598739)
(constraint (= ((_ extract 7 2) (add_full_sum #b1011 #b0101 #b1001 #b0110)) #b011110))
SUCCESS: accepted (bits = 6). Total constraints: 7

--- Iteration 19/30 ---
Generating new constraint with inputs: (-56.843677352787154, -41.671063455529634)
(constraint (= ((_ extract 7 2) (add_full_sum #b1000 #b0110 #b1010 #b0110)) #b011110))
[CVC5] Solver timed out after 180 seconds.
[INFO] Timeout. No staged fallback; skipping this sample.
SKIPPED: (-56.844, -41.671) could not be added (even after relaxation).

--- Iteration 20/30 ---
Generating new constraint with inputs: (40.4082531478894, 32.06074291948954)
(constraint (= ((_ extract 7 2) (add_full_sum #b0101 #b0110 #b0100 #b0110)) #b011101))
[CVC5] Solver timed out after 180 seconds.
[INFO] Timeout. No staged fallback; skipping this sample.
SKIPPED: (40.408, 32.061) could not be added (even after relaxation).

--- Iteration 21/30 ---
Generating new constraint with inputs: (32.316565533744765, 48.65625215385343)
(constraint (= ((_ extract 7 2) (add_full_sum #b0100 #b0110 #b0110 #b0110)) #b011101))
[CVC5] Solver timed out after 180 seconds.
[INFO] Timeout. No staged fallback; skipping this sample.
SKIPPED: (32.317, 48.656) could not be added (even after relaxation).

--- Iteration 22/30 ---
Generating new constraint with inputs: (-28.10085565584921, 65.2403734873964)
(constraint (= ((_ extract 7 2) (add_full_sum #b1000 #b0101 #b0100 #b0111)) #b010101))
[CVC5] Solver timed out after 180 seconds.
[INFO] Timeout. No staged fallback; skipping this sample.
SKIPPED: (-28.101, 65.240) could not be added (even after relaxation).

--- Iteration 23/30 ---
Generating new constraint with inputs: (31.2532136812964, 46.12787922022916)
(constraint (= ((_ extract 7 2) (add_full_sum #b0111 #b0101 #b0101 #b0110)) #b011101))
[CVC5] Solver timed out after 180 seconds.
[INFO] Timeout. No staged fallback; skipping this sample.
SKIPPED: (31.253, 46.128) could not be added (even after relaxation).

--- Iteration 24/30 ---
Generating new constraint with inputs: (40.34676146857261, -1.3642401051005493)
(constraint (= ((_ extract 7 2) (add_full_sum #b0101 #b0110 #b1010 #b0001)) #b011001))
[CVC5] Solver timed out after 180 seconds.
[INFO] Timeout. No staged fallback; skipping this sample.
SKIPPED: (40.347, -1.364) could not be added (even after relaxation).

--- Iteration 25/30 ---
Generating new constraint with inputs: (-45.596682583832106, -0.15997267439776408)
(constraint (= ((_ extract 7 2) (add_full_sum #b1010 #b0110 #b1010 #b1110)) #b011010))
[CVC5] Solver timed out after 180 seconds.
[INFO] Timeout. No staged fallback; skipping this sample.
SKIPPED: (-45.597, -0.160) could not be added (even after relaxation).

--- Iteration 26/30 ---
Generating new constraint with inputs: (-63.877731371250086, 52.25584284896635)
(constraint (= ((_ extract 7 2) (add_full_sum #b1000 #b0110 #b0110 #b0110)) #b010111))
[CVC5] Solver timed out after 180 seconds.
[INFO] Timeout. No staged fallback; skipping this sample.
SKIPPED: (-63.878, 52.256) could not be added (even after relaxation).

--- Iteration 27/30 ---
Generating new constraint with inputs: (28.972514206337934, 5.465355881622315)
(constraint (= ((_ extract 7 2) (add_full_sum #b0111 #b0101 #b0101 #b0011)) #b011001))
[CVC5] Solver timed out after 180 seconds.
[INFO] Timeout. No staged fallback; skipping this sample.
SKIPPED: (28.973, 5.465) could not be added (even after relaxation).

--- Iteration 28/30 ---
Generating new constraint with inputs: (-43.63264127032893, -46.01954256973242)
(constraint (= ((_ extract 7 2) (add_full_sum #b1010 #b0110 #b1010 #b0110)) #b011110))
[CVC5] Solver timed out after 180 seconds.
[INFO] Timeout. No staged fallback; skipping this sample.
SKIPPED: (-43.633, -46.020) could not be added (even after relaxation).

--- Iteration 29/30 ---
Generating new constraint with inputs: (-34.568315399806735, 61.79763301746193)
(constraint (= ((_ extract 7 2) (add_full_sum #b1011 #b0110 #b0111 #b0110)) #b010101))
[CVC5] Solver timed out after 180 seconds.
[INFO] Timeout. No staged fallback; skipping this sample.
SKIPPED: (-34.568, 61.798) could not be added (even after relaxation).

--- Iteration 30/30 ---
Generating new constraint with inputs: (-20.698838981320023, -53.607579064917836)
(constraint (= ((_ extract 7 2) (add_full_sum #b1010 #b0101 #b1001 #b0110)) #b011110))
[CVC5] Solver timed out after 180 seconds.
[INFO] Timeout. No staged fallback; skipping this sample.
SKIPPED: (-20.699, -53.608) could not be added (even after relaxation).


--- Synthesis Complete! ---

Constraints accepted: 7/30

--- Final Synthesized Program ---
(define-fun norm_shifted5 ((raw (_ BitVec 5))) (_ BitVec 5)
  (let ((abs5 (ite (bvslt raw #b00000) (bvneg raw) raw)))
    (ite (= raw #b00000)
         raw
         (ite (= ((_ extract 4 4) abs5) #b1)
              (bvashr raw #b00010)
              (ite (= ((_ extract 3 3) abs5) #b1)
                   (bvashr raw #b00001)
                   (ite (= ((_ extract 2 2) abs5) #b1)
                        raw
                        (ite (= ((_ extract 1 1) abs5) #b1)
                             (bvshl raw #b00001)
                             (bvshl raw #b00010))))))))

(define-fun exp_delta5_from_raw ((raw (_ BitVec 5))) (_ BitVec 5)
  (let ((abs5 (ite (bvslt raw #b00000) (bvneg raw) raw)))
    (ite (= raw #b00000)
         #b00000
         (ite (= ((_ extract 4 4) abs5) #b1)
              #b00010
              (ite (= ((_ extract 3 3) abs5) #b1)
                   #b00001
                   (ite (= ((_ extract 2 2) abs5) #b1)
                        #b00000
                        (ite (= ((_ extract 1 1) abs5) #b1)
                             #b11111
                             #b11110)))))))

(define-fun sat_mant4 ((shifted (_ BitVec 5))) (_ BitVec 4)
  (ite (bvsgt shifted #b00111)
       #b0111
       (ite (bvslt shifted #b11000)
            #b1000
            ((_ extract 3 0) shifted))))

(define-fun clamp_exp4 ((exp_adj (_ BitVec 5))) (_ BitVec 4)
  ((_ extract 3 0)
   (ite (bvsgt exp_adj #b00111)
        #b00111
        (ite (bvslt exp_adj #b11000) #b11000 exp_adj))))

(define-fun add_full_sum ((m1 (_ BitVec 4)) (e1 (_ BitVec 4)) (m2 (_ BitVec 4)) (e2 (_ BitVec 4))) (_ BitVec 8) (let ((_let_1 (bvsgt e1 e2))) (let ((_let_2 (bvsge e1 e2))) (let ((_let_3 ((_ sign_extend 1) (ite _let_2 m1 m2)))) (let ((_let_4 ((_ sign_extend 1) e1))) (let ((_let_5 ((_ sign_extend 1) e2))) (concat ((_ extract 3 0) (bvadd ((_ sign_extend 1) (ite _let_1 e1 e2)) (exp_delta5_from_raw (bvadd _let_3 (bvadd ((_ sign_extend 1) (ite _let_2 m2 m1)) ((_ sign_extend 1) ((_ extract 3 0) (ite _let_2 (bvsub _let_4 _let_5) (bvsub _let_5 _let_4))))))))) (ite (= _let_3 #b00000) #b0000 (sat_mant4 (bvadd _let_3 ((_ sign_extend 1) (ite _let_1 m1 m2))))))))))))

 Solution saved to: results/smt2/relaxsweep_mxint8_add_v1_6b_r02.smt2

Translating SMT output to C using smt2c...
[INFO] Found 5 define-fun block(s). Order passed to smt2c:
    - norm_shifted5
    - exp_delta5_from_raw
    - sat_mant4
    - clamp_exp4
    - add_full_sum
C file saved to: results/c/relaxsweep_mxint8_add_v1_6b_r02.c

Generated C code:

ap_uint<5> norm_shifted5(ap_uint<5> raw) {
  ap_uint<5> abs5 = (ap_int<5>)raw < (ap_int<5>)0 ? (ap_uint<5>)  -raw : (ap_uint<5>)  raw;
  ap_uint<1> __smt2c_ext_0 = ((ap_uint<5>)abs5).range(4, 4);
  ap_uint<1> __smt2c_ext_1 = ((ap_uint<5>)abs5).range(3, 3);
  ap_uint<1> __smt2c_ext_2 = ((ap_uint<5>)abs5).range(2, 2);
  ap_uint<1> __smt2c_ext_3 = ((ap_uint<5>)abs5).range(1, 1);
  ap_uint<5> __smt2c_result;
  if(raw == 0) {
    __smt2c_result = raw;
  }
  else if(__smt2c_ext_0 == 1) {
    __smt2c_result = (ap_uint<5>)((ap_int<5>)raw >> (ap_int<5>)2);
  }
  else if(__smt2c_ext_1 == 1) {
    __smt2c_result = (ap_uint<5>)((ap_int<5>)raw >> (ap_int<5>)1);
  }
  else if(__smt2c_ext_2 == 1) {
    __smt2c_result = raw;
  }
  else if(__smt2c_ext_3 == 1) {
    __smt2c_result = raw << 1;
  }
  else {
    __smt2c_result = raw << 2;
  }
  return __smt2c_result;
}

ap_uint<5> exp_delta5_from_raw(ap_uint<5> raw) {
  ap_uint<5> abs5 = (ap_int<5>)raw < (ap_int<5>)0 ? (ap_uint<5>)  -raw : (ap_uint<5>)  raw;
  ap_uint<1> __smt2c_ext_0 = ((ap_uint<5>)abs5).range(4, 4);
  ap_uint<1> __smt2c_ext_1 = ((ap_uint<5>)abs5).range(3, 3);
  ap_uint<1> __smt2c_ext_2 = ((ap_uint<5>)abs5).range(2, 2);
  ap_uint<1> __smt2c_ext_3 = ((ap_uint<5>)abs5).range(1, 1);
  ap_uint<5> __smt2c_result;
  if(raw == 0) {
    __smt2c_result = 0;
  }
  else if(__smt2c_ext_0 == 1) {
    __smt2c_result = 2;
  }
  else if(__smt2c_ext_1 == 1) {
    __smt2c_result = 1;
  }
  else if(__smt2c_ext_2 == 1) {
    __smt2c_result = 0;
  }
  else if(__smt2c_ext_3 == 1) {
    __smt2c_result = 31;
  }
  else {
    __smt2c_result = 30;
  }
  return __smt2c_result;
}

ap_uint<4> sat_mant4(ap_uint<5> shifted) {
  ap_uint<4> __smt2c_ext_0 = ((ap_uint<5>)shifted).range(3, 0);
  ap_uint<4> __smt2c_result;
  if((ap_int<5>)shifted > (ap_int<5>)7) {
    __smt2c_result = 7;
  }
  else if((ap_int<5>)shifted < (ap_int<5>)24) {
    __smt2c_result = 8;
  }
  else {
    __smt2c_result = __smt2c_ext_0;
  }
  return __smt2c_result;
}

ap_uint<4> clamp_exp4(ap_uint<5> exp_adj) {
  ap_uint<5> __smt2c_src_0 = (ap_int<5>)exp_adj > (ap_int<5>)7 ? (ap_uint<5>)  7 : (ap_uint<5>)  ((ap_int<5>)exp_adj < (ap_int<5>)24 ? (ap_uint<5>)  24 : (ap_uint<5>)  exp_adj);
  ap_uint<4> __smt2c_ext_1 = ((ap_uint<5>)__smt2c_src_0).range(3, 0);
  return __smt2c_ext_1;
}

unsigned char add_full_sum(ap_uint<4> m1, ap_uint<4> e1, ap_uint<4> m2, ap_uint<4> e2) {
  __CPROVER_bool _let_1 = (ap_int<4>)e1 > (ap_int<4>)e2;
  __CPROVER_bool _let_2 = (ap_int<4>)e1 >= (ap_int<4>)e2;
  ap_uint<5> _let_3 = (ap_uint<5>)(ap_int<5>)(ap_int<4>)(_let_2 ? (ap_uint<4>)  m1 : (ap_uint<4>)  m2);
  ap_uint<5> _let_4 = (ap_uint<5>)(ap_int<5>)(ap_int<4>)e1;
  ap_uint<5> _let_5 = (ap_uint<5>)(ap_int<5>)(ap_int<4>)e2;
  ap_uint<5> __smt2c_src_0 = _let_2 ? (ap_uint<5>)  _let_4 - _let_5 : (ap_uint<5>)  _let_5 - _let_4;
  ap_uint<4> __smt2c_ext_1 = ((ap_uint<5>)__smt2c_src_0).range(3, 0);
  ap_uint<5> __smt2c_src_2 = (ap_uint<5>)(ap_int<5>)(ap_int<4>)(_let_1 ? (ap_uint<4>)  e1 : (ap_uint<4>)  e2) + exp_delta5_from_raw(_let_3 + (ap_uint<5>)(ap_int<5>)(ap_int<4>)(_let_2 ? (ap_uint<4>)  m2 : (ap_uint<4>)  m1) + (ap_uint<5>)(ap_int<5>)(ap_int<4>)__smt2c_ext_1);
  ap_uint<4> __smt2c_ext_3 = ((ap_uint<5>)__smt2c_src_2).range(3, 0);
  return (unsigned char)__smt2c_ext_3 << 4 | (unsigned char)(_let_3 == 0 ? (ap_uint<4>)  0 : (ap_uint<4>)  sat_mant4(_let_3 + (ap_uint<5>)(ap_int<5>)(ap_int<4>)(_let_1 ? (ap_uint<4>)  m1 : (ap_uint<4>)  m2)));
}

Converting C output to HLS-compatible C++...

HLS C++ file saved to: /home/josephluke/Program-Synthesis-for-Efficient-ML/results/cpp/relaxsweep_mxint8_add_v1_6b_r02.cpp
Generated HLS-ready C++ code:

#include <ap_int.h>

ap_uint<5> norm_shifted5(ap_uint<5> raw) {
  ap_uint<5> abs5 = (ap_int<5>)raw < (ap_int<5>)0 ? (ap_uint<5>)((ap_uint<5>)  -raw) : (ap_uint<5>)  raw;
  ap_uint<1> __smt2c_ext_0 = ((ap_uint<5>)abs5).range(4, 4);
  ap_uint<1> __smt2c_ext_1 = ((ap_uint<5>)abs5).range(3, 3);
  ap_uint<1> __smt2c_ext_2 = ((ap_uint<5>)abs5).range(2, 2);
  ap_uint<1> __smt2c_ext_3 = ((ap_uint<5>)abs5).range(1, 1);
  ap_uint<5> __smt2c_result;
  if(raw == 0) {
    __smt2c_result = raw;
  }
  else if(__smt2c_ext_0 == 1) {
    __smt2c_result = (ap_uint<5>)((ap_int<5>)raw >> (ap_int<5>)2);
  }
  else if(__smt2c_ext_1 == 1) {
    __smt2c_result = (ap_uint<5>)((ap_int<5>)raw >> (ap_int<5>)1);
  }
  else if(__smt2c_ext_2 == 1) {
    __smt2c_result = raw;
  }
  else if(__smt2c_ext_3 == 1) {
    __smt2c_result = raw << 1;
  }
  else {
    __smt2c_result = raw << 2;
  }
  return __smt2c_result;
}

ap_uint<5> exp_delta5_from_raw(ap_uint<5> raw) {
  ap_uint<5> abs5 = (ap_int<5>)raw < (ap_int<5>)0 ? (ap_uint<5>)((ap_uint<5>)  -raw) : (ap_uint<5>)  raw;
  ap_uint<1> __smt2c_ext_0 = ((ap_uint<5>)abs5).range(4, 4);
  ap_uint<1> __smt2c_ext_1 = ((ap_uint<5>)abs5).range(3, 3);
  ap_uint<1> __smt2c_ext_2 = ((ap_uint<5>)abs5).range(2, 2);
  ap_uint<1> __smt2c_ext_3 = ((ap_uint<5>)abs5).range(1, 1);
  ap_uint<5> __smt2c_result;
  if(raw == 0) {
    __smt2c_result = 0;
  }
  else if(__smt2c_ext_0 == 1) {
    __smt2c_result = 2;
  }
  else if(__smt2c_ext_1 == 1) {
    __smt2c_result = 1;
  }
  else if(__smt2c_ext_2 == 1) {
    __smt2c_result = 0;
  }
  else if(__smt2c_ext_3 == 1) {
    __smt2c_result = 31;
  }
  else {
    __smt2c_result = 30;
  }
  return __smt2c_result;
}

ap_uint<4> sat_mant4(ap_uint<5> shifted) {
  ap_uint<4> __smt2c_ext_0 = ((ap_uint<5>)shifted).range(3, 0);
  ap_uint<4> __smt2c_result;
  if((ap_int<5>)shifted > (ap_int<5>)7) {
    __smt2c_result = 7;
  }
  else if((ap_int<5>)shifted < (ap_int<5>)24) {
    __smt2c_result = 8;
  }
  else {
    __smt2c_result = __smt2c_ext_0;
  }
  return __smt2c_result;
}

ap_uint<4> clamp_exp4(ap_uint<5> exp_adj) {
  ap_uint<5> __smt2c_src_0 = (ap_int<5>)exp_adj > (ap_int<5>)7 ? (ap_uint<5>)((ap_uint<5>)  7) : (ap_uint<5>)  ((ap_int<5>)exp_adj < (ap_int<5>)24 ? (ap_uint<5>)  24 : (ap_uint<5>)  exp_adj);
  ap_uint<4> __smt2c_ext_1 = ((ap_uint<5>)__smt2c_src_0).range(3, 0);
  return __smt2c_ext_1;
}

ap_uint<8> add_full_sum(ap_uint<4> m1, ap_uint<4> e1, ap_uint<4> m2, ap_uint<4> e2) {
  bool _let_1 = (ap_int<4>)e1 > (ap_int<4>)e2;
  bool _let_2 = (ap_int<4>)e1 >= (ap_int<4>)e2;
  ap_uint<5> _let_3 = (ap_uint<5>)(ap_int<5>)(ap_int<4>)(_let_2 ? (ap_uint<4>)  m1 : (ap_uint<4>)  m2);
  ap_uint<5> _let_4 = (ap_uint<5>)(ap_int<5>)(ap_int<4>)e1;
  ap_uint<5> _let_5 = (ap_uint<5>)(ap_int<5>)(ap_int<4>)e2;
  ap_uint<5> __smt2c_src_0 = _let_2 ? (ap_uint<5>)(ap_uint<5>((_let_4 - _let_5))) : (ap_uint<5>)(ap_uint<5>((_let_5 - _let_4)));
  ap_uint<4> __smt2c_ext_1 = ((ap_uint<5>)__smt2c_src_0).range(3, 0);
  ap_uint<5> __smt2c_src_2 = (ap_uint<5>)ap_int<5>((ap_int<4>(((_let_1 ? (ap_uint<4>)  e1 : (ap_uint<4>)  e2) + exp_delta5_from_raw(_let_3 + (ap_uint<5>)(ap_int<5>)(ap_int<4>)(_let_2 ? (ap_uint<4>)  m2 : (ap_uint<4>)  m1) + (ap_uint<5>)(ap_int<5>)(ap_int<4>)__smt2c_ext_1)))));
  ap_uint<4> __smt2c_ext_3 = ((ap_uint<5>)__smt2c_src_2).range(3, 0);
  return (ap_uint<8>)__smt2c_ext_3 << 4 | (ap_uint<8>)(_let_3 == 0 ? (ap_uint<4>)  0 : (ap_uint<4>)  sat_mant4(_let_3 + (ap_uint<5>)(ap_int<5>)(ap_int<4>)(_let_1 ? (ap_uint<4>)  m1 : (ap_uint<4>)  m2)));
}

[INFO] Auto-detected top function: add_full_sum
[INFO] Generated HLS TCL script: /home/josephluke/Program-Synthesis-for-Efficient-ML/results/HLS/relaxsweep_mxint8_add_v1_6b_r02/hls.tcl
[INFO] Running Vitis HLS synthesis...

[SUCCESS] Vitis HLS run completed successfully.
[INFO] Staged 2 Verilog files into: /home/josephluke/Program-Synthesis-for-Efficient-ML/results/HLS/relaxsweep_mxint8_add_v1_6b_r02/verilog_out
[INFO] Candidate RTL modules: ['add_full_sum', 'add_full_sum_sparsemux_7_2_4_1_1']
[INFO] Generated Vivado TCL script: /home/josephluke/Program-Synthesis-for-Efficient-ML/results/HLS/relaxsweep_mxint8_add_v1_6b_r02/vivado.tcl
[INFO] Cleaning up previous Vivado log and journal files...
[INFO] Running Vivado implementation (this will take several minutes)...

[SUCCESS] Vivado implementation completed successfully.

--- Hardware Results ---
{
    "LUTs": 44,
    "FFs": 0,
    "DSPs": 0,
    "BRAMs": 0,
    "Cycles": 0,
    "Fmax_MHz": 67.476,
    "Latency_ns": 14.8201
}
[ACC-CMD] MXINT8_ADD_VARIANT=v2 PYTHON=/home/josephluke/Program-Synthesis-for-Efficient-ML/.venv/bin/python make HLS_BASE=/home/josephluke/Program-Synthesis-for-Efficient-ML/results/HLS HLS_SOLN=relaxsweep_mxint8_add_v1_6b_r02 TOPLEVEL=add_full_sum MODULE=tests.addition.test_mxint8_adder TOPLEVEL_LANG=verilog
rm -f results.xml
"make" -f Makefile results.xml
make[1]: Entering directory '/home/josephluke/Program-Synthesis-for-Efficient-ML/accuracy_tests'
/home/josephluke/.conda/pkgs/iverilog-11.0-hd56c0c9_0/bin/iverilog -o /home/josephluke/Program-Synthesis-for-Efficient-ML/accuracy_tests/sim_build/add_full_sum_relaxsweep_mxint8_add_v1_6b_r02/sim.vvp -s add_full_sum -g2012 -f /home/josephluke/Program-Synthesis-for-Efficient-ML/accuracy_tests/sim_build/add_full_sum_relaxsweep_mxint8_add_v1_6b_r02/cmds.f  /home/josephluke/Program-Synthesis-for-Efficient-ML/results/HLS/relaxsweep_mxint8_add_v1_6b_r02/verilog_out/add_full_sum_sparsemux_7_2_4_1_1.v /home/josephluke/Program-Synthesis-for-Efficient-ML/results/HLS/relaxsweep_mxint8_add_v1_6b_r02/verilog_out/add_full_sum.v
rm -f results.xml
COCOTB_TEST_MODULES=tests.addition.test_mxint8_adder COCOTB_TESTCASE= COCOTB_TEST_FILTER= COCOTB_TOPLEVEL=add_full_sum TOPLEVEL_LANG=verilog \
         /home/josephluke/.conda/pkgs/iverilog-11.0-hd56c0c9_0/bin/vvp -M /home/josephluke/Program-Synthesis-for-Efficient-ML/.venv/lib/python3.11/site-packages/cocotb/libs -m libcocotbvpi_icarus   /home/josephluke/Program-Synthesis-for-Efficient-ML/accuracy_tests/sim_build/add_full_sum_relaxsweep_mxint8_add_v1_6b_r02/sim.vvp  -none 
     -.--ns INFO     gpi                                ..mbed/gpi_embed.cpp:93   in _embed_init_python              Using Python 3.11.9 interpreter at /home/josephluke/Program-Synthesis-for-Efficient-ML/.venv/bin/python
     -.--ns INFO     gpi                                ../gpi/GpiCommon.cpp:79   in gpi_print_registered_impl       VPI registered
     0.00ns INFO     cocotb                             Running on Icarus Verilog version 11.0 (stable)
     0.00ns WARNING  gpi                                vpi_iterate returned NULL for type vpiInstance for object NULL
     0.00ns INFO     cocotb                             Seeding Python random module with 1774907131
     0.00ns INFO     cocotb                             Initialized cocotb v2.0.0 from /home/josephluke/Program-Synthesis-for-Efficient-ML/.venv/lib64/python3.11/site-packages/cocotb
     0.00ns INFO     cocotb                             Running tests
     0.00ns INFO     cocotb.regression                  running tests.addition.test_mxint8_adder.mxint8_adder_accuracy_subcomponents (1/3)
     0.00ns INFO     cocotb.add_full_sum                Skipping subcomponents variant (MXINT8_ADD_VARIANT filter).
     0.00ns INFO     cocotb.regression                  tests.addition.test_mxint8_adder.mxint8_adder_accuracy_subcomponents passed
     0.00ns INFO     cocotb.regression                  running tests.addition.test_mxint8_adder.mxint8_adder_accuracy_v2 (2/3)
     0.00ns INFO     cocotb.add_full_sum                Starting MXINT8 adder accuracy test (v2)
     0.00ns INFO     cocotb.add_full_sum                Random operand sampler mode: wide
100000.00ns INFO     cocotb.add_full_sum                --- Test Finished ---
100000.00ns INFO     cocotb.add_full_sum                Ran 100000 test cases (skipped 0).
100000.00ns INFO     cocotb.add_full_sum                Exact match (quantized oracle): 0.98%
100000.00ns INFO     cocotb.add_full_sum                Quantized oracle:
100000.00ns INFO     cocotb.add_full_sum                Max Absolute Error: 127.99609375
100000.00ns INFO     cocotb.add_full_sum                Average Absolute Error: 67.249243046875
100000.00ns INFO     cocotb.add_full_sum                99th Percentile Error: 127.99609375
100000.00ns INFO     cocotb.add_full_sum                95th Percentile Absolute Error: 127.9921875
100000.00ns INFO     cocotb.add_full_sum                Percent Within 5.00% Full-Scale Error: 1.83%
100000.00ns INFO     cocotb.add_full_sum                Full-precision oracle:
100000.00ns INFO     cocotb.add_full_sum                Max Absolute Error: 2038.609948624922
100000.00ns INFO     cocotb.add_full_sum                Average Absolute Error: 678.2279644000687
100000.00ns INFO     cocotb.add_full_sum                99th Percentile Error: 1847.5074452643898
100000.00ns INFO     cocotb.add_full_sum                95th Percentile Absolute Error: 1594.2748779889089
100000.00ns INFO     cocotb.add_full_sum                Percent Within 5.00% Full-Scale Error: 0.65%
100000.00ns INFO     cocotb.add_full_sum                Saved per-sample error dump: /home/josephluke/Program-Synthesis-for-Efficient-ML/results/relaxation_sweep/run1_wide/error_samples/mxint8_add_v1_6b_r02.npz
100000.00ns INFO     cocotb.regression                  tests.addition.test_mxint8_adder.mxint8_adder_accuracy_v2 passed
100000.00ns INFO     cocotb.regression                  running tests.addition.test_mxint8_adder.mxint8_adder_accuracy_v1 (3/3)
100000.00ns INFO     cocotb.add_full_sum                Skipping v1 variant (MXINT8_ADD_VARIANT filter).
100000.00ns INFO     cocotb.regression                  tests.addition.test_mxint8_adder.mxint8_adder_accuracy_v1 passed
100000.00ns INFO     cocotb.regression                  ******************************************************************************************************************************
                                                        ** TEST                                                                  STATUS  SIM TIME (ns)  REAL TIME (s)  RATIO (ns/s) **
                                                        ******************************************************************************************************************************
                                                        ** tests.addition.test_mxint8_adder.mxint8_adder_accuracy_subcomponents   PASS           0.00           0.00          0.00  **
                                                        ** tests.addition.test_mxint8_adder.mxint8_adder_accuracy_v2              PASS      100000.00          27.60       3623.79  **
                                                        ** tests.addition.test_mxint8_adder.mxint8_adder_accuracy_v1              PASS           0.00           0.00          0.00  **
                                                        ******************************************************************************************************************************
                                                        ** TESTS=3 PASS=3 FAIL=0 SKIP=0                                                     100000.00          27.60       3623.68  **
                                                        ******************************************************************************************************************************
make[1]: Leaving directory '/home/josephluke/Program-Synthesis-for-Efficient-ML/accuracy_tests'

/home/josephluke/Program-Synthesis-for-Efficient-ML/.venv/lib/python3.11/site-packages/cocotb_tools/makefiles/simulators/Makefile.icarus:66: Using MODULE is deprecated, please use COCOTB_TEST_MODULES instead.
[SUCCESS] Accuracy run completed successfully.
