

================================================================
== Vitis HLS Report for 'naive_int_add'
================================================================
* Date:           Mon Nov 10 17:09:17 2025

* Version:        2025.1 (Build 6135595 on May 21 2025)
* Project:        solution_naiveadder_int_add_component
* Solution:       hls (Vivado IP Flow Target)
* Product family: zynq
* Target device:  xc7z020-clg400-1


================================================================
== Performance Estimates
================================================================
+ Timing: 
    * Summary: 
    +--------+----------+----------+------------+
    |  Clock |  Target  | Estimated| Uncertainty|
    +--------+----------+----------+------------+
    |ap_clk  |  1.00 sec|  1.915 ns|    0.27 sec|
    +--------+----------+----------+------------+

+ Latency: 
    * Summary: 
    +---------+---------+----------+----------+-----+-----+---------+
    |  Latency (cycles) |  Latency (absolute) |  Interval | Pipeline|
    |   min   |   max   |    min   |    max   | min | max |   Type  |
    +---------+---------+----------+----------+-----+-----+---------+
    |        0|        0|      0 ns|      0 ns|    1|    1|       no|
    +---------+---------+----------+----------+-----+-----+---------+

    + Detail: 
        * Instance: 
        N/A

        * Loop: 
        N/A



================================================================
== Utilization Estimates
================================================================
* Summary: 
+-----------------+---------+-----+--------+-------+-----+
|       Name      | BRAM_18K| DSP |   FF   |  LUT  | URAM|
+-----------------+---------+-----+--------+-------+-----+
|DSP              |        -|    -|       -|      -|    -|
|Expression       |        -|    -|       0|     15|    -|
|FIFO             |        -|    -|       -|      -|    -|
|Instance         |        -|    -|       -|      -|    -|
|Memory           |        -|    -|       -|      -|    -|
|Multiplexer      |        -|    -|       -|      -|    -|
|Register         |        -|    -|       -|      -|    -|
+-----------------+---------+-----+--------+-------+-----+
|Total            |        0|    0|       0|     15|    0|
+-----------------+---------+-----+--------+-------+-----+
|Available        |      280|  220|  106400|  53200|    0|
+-----------------+---------+-----+--------+-------+-----+
|Utilization (%)  |        0|    0|       0|     ~0|    0|
+-----------------+---------+-----+--------+-------+-----+

+ Detail: 
    * Instance: 
    N/A

    * DSP: 
    N/A

    * Memory: 
    N/A

    * FIFO: 
    N/A

    * Expression: 
    +--------------+----------+----+---+----+------------+------------+
    | Variable Name| Operation| DSP| FF| LUT| Bitwidth P0| Bitwidth P1|
    +--------------+----------+----+---+----+------------+------------+
    |ap_return     |         +|   0|  0|  15|           8|           8|
    +--------------+----------+----+---+----+------------+------------+
    |Total         |          |   0|  0|  15|           8|           8|
    +--------------+----------+----+---+----+------------+------------+

    * Multiplexer: 
    N/A

    * Register: 
    N/A



================================================================
== Interface
================================================================
* Summary: 
+-----------+-----+-----+------------+---------------+--------------+
| RTL Ports | Dir | Bits|  Protocol  | Source Object |    C Type    |
+-----------+-----+-----+------------+---------------+--------------+
|ap_start   |   in|    1|  ap_ctrl_hs|  naive_int_add|  return value|
|ap_done    |  out|    1|  ap_ctrl_hs|  naive_int_add|  return value|
|ap_idle    |  out|    1|  ap_ctrl_hs|  naive_int_add|  return value|
|ap_ready   |  out|    1|  ap_ctrl_hs|  naive_int_add|  return value|
|ap_return  |  out|    8|  ap_ctrl_hs|  naive_int_add|  return value|
|ap_rst     |   in|    1|  ap_ctrl_hs|  naive_int_add|  return value|
|x          |   in|    8|     ap_none|              x|        scalar|
|y          |   in|    8|     ap_none|              y|        scalar|
+-----------+-----+-----+------------+---------------+--------------+

