

================================================================
== Vitis HLS Report for 'fp32_normaliser'
================================================================
* Date:           Wed Nov 26 12:36:56 2025

* Version:        2025.1 (Build 6135595 on May 21 2025)
* Project:        solution_fp32addition_fp32_normalisation_component
* Solution:       hls (Vivado IP Flow Target)
* Product family: zynq
* Target device:  xc7z020-clg400-1


================================================================
== Performance Estimates
================================================================
+ Timing: 
    * Summary: 
    +--------+----------+----------+------------+
    |  Clock |  Target  | Estimated| Uncertainty|
    +--------+----------+----------+------------+
    |ap_clk  |  50.00 ns|  7.137 ns|    13.50 ns|
    +--------+----------+----------+------------+

+ Latency: 
    * Summary: 
    +---------+---------+----------+----------+-----+-----+---------+
    |  Latency (cycles) |  Latency (absolute) |  Interval | Pipeline|
    |   min   |   max   |    min   |    max   | min | max |   Type  |
    +---------+---------+----------+----------+-----+-----+---------+
    |        0|        0|      0 ns|      0 ns|    1|    1|       no|
    +---------+---------+----------+----------+-----+-----+---------+

    + Detail: 
        * Instance: 
        N/A

        * Loop: 
        N/A

============================================================
+ Verbose Summary: Synthesis Manager
============================================================
InlineROM: 1
ExposeGlobal: 0
============================================================
+ Verbose Summary: CDFG Model
============================================================
IsTopModel: 1
ResetActiveHigh: 1
IsCombinational: 0
IsDatapathOnly: 0
HasWiredReturn: 1
HasMFsm: 0
HasVarLatency: 0
IsPipeline: 0
IsRtlPipelined: 0
IsInstanceOverlapped: 0
IsDontTouch: 0
HasImplIP: 0
IsGatedGlobalClock: 0


============================================================
+ Verbose Summary: Schedule
============================================================
* Number of FSM states : 1
* Pipeline : 0
* Dataflow Pipeline: 0

* FSM state transitions: 
1 --> 

* FSM state operations: 

State 1 <SV = 0> <Delay = 7.13>
ST_1 : Operation 2 [1/1] (0.00ns)   --->   "%specbitsmap_ln0 = specbitsmap void @_ssdm_op_SpecBitsMap, i32 0"   --->   Operation 2 'specbitsmap' 'specbitsmap_ln0' <Predicate = true> <Delay = 0.00>
ST_1 : Operation 3 [1/1] (0.00ns)   --->   "%spectopmodule_ln3 = spectopmodule void @_ssdm_op_SpecTopModule, void @empty_1" [/home/joe/Desktop/Uni/Year_4/Dissertation/Program-Synthesis-for-Efficient-ML/results/cpp/solution_fp32addition_fp32_normalisation.cpp:3]   --->   Operation 3 'spectopmodule' 'spectopmodule_ln3' <Predicate = true> <Delay = 0.00>
ST_1 : Operation 4 [1/1] (0.00ns)   --->   "%specbitsmap_ln0 = specbitsmap void @_ssdm_op_SpecBitsMap, i25 %raw_sum_mantissa"   --->   Operation 4 'specbitsmap' 'specbitsmap_ln0' <Predicate = true> <Delay = 0.00>
ST_1 : Operation 5 [1/1] (0.00ns)   --->   "%specinterface_ln0 = specinterface void @_ssdm_op_SpecInterface, i25 %raw_sum_mantissa, void @empty, i32 0, i32 0, void @empty_0, i32 0, i32 0, void @empty_0, void @empty_0, void @empty_0, i32 0, i32 0, i32 0, i32 0, void @empty_0, void @empty_0, i32 4294967295, i32 0, i32 0"   --->   Operation 5 'specinterface' 'specinterface_ln0' <Predicate = true> <Delay = 0.00>
ST_1 : Operation 6 [1/1] (0.00ns)   --->   "%specbitsmap_ln0 = specbitsmap void @_ssdm_op_SpecBitsMap, i1 %raw_sign"   --->   Operation 6 'specbitsmap' 'specbitsmap_ln0' <Predicate = true> <Delay = 0.00>
ST_1 : Operation 7 [1/1] (0.00ns)   --->   "%specinterface_ln0 = specinterface void @_ssdm_op_SpecInterface, i1 %raw_sign, void @empty, i32 0, i32 0, void @empty_0, i32 0, i32 0, void @empty_0, void @empty_0, void @empty_0, i32 0, i32 0, i32 0, i32 0, void @empty_0, void @empty_0, i32 4294967295, i32 0, i32 0"   --->   Operation 7 'specinterface' 'specinterface_ln0' <Predicate = true> <Delay = 0.00>
ST_1 : Operation 8 [1/1] (0.00ns)   --->   "%specbitsmap_ln0 = specbitsmap void @_ssdm_op_SpecBitsMap, i8 %target_exponent"   --->   Operation 8 'specbitsmap' 'specbitsmap_ln0' <Predicate = true> <Delay = 0.00>
ST_1 : Operation 9 [1/1] (0.00ns)   --->   "%specinterface_ln0 = specinterface void @_ssdm_op_SpecInterface, i8 %target_exponent, void @empty, i32 0, i32 0, void @empty_0, i32 0, i32 0, void @empty_0, void @empty_0, void @empty_0, i32 0, i32 0, i32 0, i32 0, void @empty_0, void @empty_0, i32 4294967295, i32 0, i32 0"   --->   Operation 9 'specinterface' 'specinterface_ln0' <Predicate = true> <Delay = 0.00>
ST_1 : Operation 10 [1/1] (0.00ns)   --->   "%target_exponent_read = read i8 @_ssdm_op_Read.ap_auto.i8, i8 %target_exponent" [/home/joe/Desktop/Uni/Year_4/Dissertation/Program-Synthesis-for-Efficient-ML/results/cpp/solution_fp32addition_fp32_normalisation.cpp:3]   --->   Operation 10 'read' 'target_exponent_read' <Predicate = true> <Delay = 0.00>
ST_1 : Operation 11 [1/1] (0.00ns)   --->   "%raw_sign_read = read i1 @_ssdm_op_Read.ap_auto.i1, i1 %raw_sign" [/home/joe/Desktop/Uni/Year_4/Dissertation/Program-Synthesis-for-Efficient-ML/results/cpp/solution_fp32addition_fp32_normalisation.cpp:3]   --->   Operation 11 'read' 'raw_sign_read' <Predicate = true> <Delay = 0.00>
ST_1 : Operation 12 [1/1] (0.00ns)   --->   "%raw_sum_mantissa_read = read i25 @_ssdm_op_Read.ap_auto.i25, i25 %raw_sum_mantissa" [/home/joe/Desktop/Uni/Year_4/Dissertation/Program-Synthesis-for-Efficient-ML/results/cpp/solution_fp32addition_fp32_normalisation.cpp:3]   --->   Operation 12 'read' 'raw_sum_mantissa_read' <Predicate = true> <Delay = 0.00>
ST_1 : Operation 13 [1/1] (2.34ns)   --->   "%icmp_ln4 = icmp_eq  i25 %raw_sum_mantissa_read, i25 0" [/home/joe/Desktop/Uni/Year_4/Dissertation/Program-Synthesis-for-Efficient-ML/results/cpp/solution_fp32addition_fp32_normalisation.cpp:4]   --->   Operation 13 'icmp' 'icmp_ln4' <Predicate = true> <Delay = 2.34> <CoreInst = "Cmp">   --->   Core 9 'Cmp' <Latency = 0> <II = 1> <Delay = 2.34> <FuncUnit> <Opcode : 'seteq' 'setne' 'setle' 'setge' 'setlt' 'setgt'> <InPorts = 2> <OutPorts = 1>
ST_1 : Operation 14 [1/1] (1.58ns)   --->   "%br_ln4 = br i1 %icmp_ln4, void %if.end, void %return" [/home/joe/Desktop/Uni/Year_4/Dissertation/Program-Synthesis-for-Efficient-ML/results/cpp/solution_fp32addition_fp32_normalisation.cpp:4]   --->   Operation 14 'br' 'br_ln4' <Predicate = true> <Delay = 1.58>
ST_1 : Operation 15 [1/1] (0.00ns)   --->   "%tmp = bitselect i1 @_ssdm_op_BitSelect.i1.i25.i32, i25 %raw_sum_mantissa_read, i32 24" [/home/joe/Desktop/Uni/Year_4/Dissertation/Program-Synthesis-for-Efficient-ML/results/cpp/solution_fp32addition_fp32_normalisation.cpp:9]   --->   Operation 15 'bitselect' 'tmp' <Predicate = (!icmp_ln4)> <Delay = 0.00>
ST_1 : Operation 16 [1/1] (0.00ns)   --->   "%br_ln9 = br i1 %tmp, void %if.else, void %if.then9" [/home/joe/Desktop/Uni/Year_4/Dissertation/Program-Synthesis-for-Efficient-ML/results/cpp/solution_fp32addition_fp32_normalisation.cpp:9]   --->   Operation 16 'br' 'br_ln9' <Predicate = (!icmp_ln4)> <Delay = 0.00>
ST_1 : Operation 17 [1/1] (0.00ns)   --->   "%tmp_1 = bitselect i1 @_ssdm_op_BitSelect.i1.i25.i32, i25 %raw_sum_mantissa_read, i32 23" [/home/joe/Desktop/Uni/Year_4/Dissertation/Program-Synthesis-for-Efficient-ML/results/cpp/solution_fp32addition_fp32_normalisation.cpp:10]   --->   Operation 17 'bitselect' 'tmp_1' <Predicate = (!icmp_ln4 & !tmp)> <Delay = 0.00>
ST_1 : Operation 18 [1/1] (0.00ns)   --->   "%br_ln10 = br i1 %tmp_1, void %if.else18, void %if.then15" [/home/joe/Desktop/Uni/Year_4/Dissertation/Program-Synthesis-for-Efficient-ML/results/cpp/solution_fp32addition_fp32_normalisation.cpp:10]   --->   Operation 18 'br' 'br_ln10' <Predicate = (!icmp_ln4 & !tmp)> <Delay = 0.00>
ST_1 : Operation 19 [1/1] (0.00ns)   --->   "%tmp_2 = bitselect i1 @_ssdm_op_BitSelect.i1.i25.i32, i25 %raw_sum_mantissa_read, i32 22" [/home/joe/Desktop/Uni/Year_4/Dissertation/Program-Synthesis-for-Efficient-ML/results/cpp/solution_fp32addition_fp32_normalisation.cpp:11]   --->   Operation 19 'bitselect' 'tmp_2' <Predicate = (!icmp_ln4 & !tmp & !tmp_1)> <Delay = 0.00>
ST_1 : Operation 20 [1/1] (0.00ns)   --->   "%br_ln11 = br i1 %tmp_2, void %if.else26, void %if.then21" [/home/joe/Desktop/Uni/Year_4/Dissertation/Program-Synthesis-for-Efficient-ML/results/cpp/solution_fp32addition_fp32_normalisation.cpp:11]   --->   Operation 20 'br' 'br_ln11' <Predicate = (!icmp_ln4 & !tmp & !tmp_1)> <Delay = 0.00>
ST_1 : Operation 21 [1/1] (0.00ns)   --->   "%tmp_3 = bitselect i1 @_ssdm_op_BitSelect.i1.i25.i32, i25 %raw_sum_mantissa_read, i32 21" [/home/joe/Desktop/Uni/Year_4/Dissertation/Program-Synthesis-for-Efficient-ML/results/cpp/solution_fp32addition_fp32_normalisation.cpp:12]   --->   Operation 21 'bitselect' 'tmp_3' <Predicate = (!icmp_ln4 & !tmp & !tmp_1 & !tmp_2)> <Delay = 0.00>
ST_1 : Operation 22 [1/1] (0.00ns)   --->   "%br_ln12 = br i1 %tmp_3, void %if.else34, void %if.then29" [/home/joe/Desktop/Uni/Year_4/Dissertation/Program-Synthesis-for-Efficient-ML/results/cpp/solution_fp32addition_fp32_normalisation.cpp:12]   --->   Operation 22 'br' 'br_ln12' <Predicate = (!icmp_ln4 & !tmp & !tmp_1 & !tmp_2)> <Delay = 0.00>
ST_1 : Operation 23 [1/1] (0.00ns)   --->   "%tmp_4 = bitselect i1 @_ssdm_op_BitSelect.i1.i25.i32, i25 %raw_sum_mantissa_read, i32 20" [/home/joe/Desktop/Uni/Year_4/Dissertation/Program-Synthesis-for-Efficient-ML/results/cpp/solution_fp32addition_fp32_normalisation.cpp:13]   --->   Operation 23 'bitselect' 'tmp_4' <Predicate = (!icmp_ln4 & !tmp & !tmp_1 & !tmp_2 & !tmp_3)> <Delay = 0.00>
ST_1 : Operation 24 [1/1] (0.00ns)   --->   "%br_ln13 = br i1 %tmp_4, void %if.else42, void %if.then37" [/home/joe/Desktop/Uni/Year_4/Dissertation/Program-Synthesis-for-Efficient-ML/results/cpp/solution_fp32addition_fp32_normalisation.cpp:13]   --->   Operation 24 'br' 'br_ln13' <Predicate = (!icmp_ln4 & !tmp & !tmp_1 & !tmp_2 & !tmp_3)> <Delay = 0.00>
ST_1 : Operation 25 [1/1] (0.00ns)   --->   "%tmp_5 = bitselect i1 @_ssdm_op_BitSelect.i1.i25.i32, i25 %raw_sum_mantissa_read, i32 19" [/home/joe/Desktop/Uni/Year_4/Dissertation/Program-Synthesis-for-Efficient-ML/results/cpp/solution_fp32addition_fp32_normalisation.cpp:14]   --->   Operation 25 'bitselect' 'tmp_5' <Predicate = (!icmp_ln4 & !tmp & !tmp_1 & !tmp_2 & !tmp_3 & !tmp_4)> <Delay = 0.00>
ST_1 : Operation 26 [1/1] (0.00ns)   --->   "%br_ln14 = br i1 %tmp_5, void %if.else50, void %if.then45" [/home/joe/Desktop/Uni/Year_4/Dissertation/Program-Synthesis-for-Efficient-ML/results/cpp/solution_fp32addition_fp32_normalisation.cpp:14]   --->   Operation 26 'br' 'br_ln14' <Predicate = (!icmp_ln4 & !tmp & !tmp_1 & !tmp_2 & !tmp_3 & !tmp_4)> <Delay = 0.00>
ST_1 : Operation 27 [1/1] (0.00ns)   --->   "%tmp_6 = bitselect i1 @_ssdm_op_BitSelect.i1.i25.i32, i25 %raw_sum_mantissa_read, i32 18" [/home/joe/Desktop/Uni/Year_4/Dissertation/Program-Synthesis-for-Efficient-ML/results/cpp/solution_fp32addition_fp32_normalisation.cpp:15]   --->   Operation 27 'bitselect' 'tmp_6' <Predicate = (!icmp_ln4 & !tmp & !tmp_1 & !tmp_2 & !tmp_3 & !tmp_4 & !tmp_5)> <Delay = 0.00>
ST_1 : Operation 28 [1/1] (0.00ns)   --->   "%br_ln15 = br i1 %tmp_6, void %if.else58, void %if.then53" [/home/joe/Desktop/Uni/Year_4/Dissertation/Program-Synthesis-for-Efficient-ML/results/cpp/solution_fp32addition_fp32_normalisation.cpp:15]   --->   Operation 28 'br' 'br_ln15' <Predicate = (!icmp_ln4 & !tmp & !tmp_1 & !tmp_2 & !tmp_3 & !tmp_4 & !tmp_5)> <Delay = 0.00>
ST_1 : Operation 29 [1/1] (0.00ns)   --->   "%tmp_7 = bitselect i1 @_ssdm_op_BitSelect.i1.i25.i32, i25 %raw_sum_mantissa_read, i32 17" [/home/joe/Desktop/Uni/Year_4/Dissertation/Program-Synthesis-for-Efficient-ML/results/cpp/solution_fp32addition_fp32_normalisation.cpp:16]   --->   Operation 29 'bitselect' 'tmp_7' <Predicate = (!icmp_ln4 & !tmp & !tmp_1 & !tmp_2 & !tmp_3 & !tmp_4 & !tmp_5 & !tmp_6)> <Delay = 0.00>
ST_1 : Operation 30 [1/1] (0.00ns)   --->   "%br_ln16 = br i1 %tmp_7, void %if.else66, void %if.then61" [/home/joe/Desktop/Uni/Year_4/Dissertation/Program-Synthesis-for-Efficient-ML/results/cpp/solution_fp32addition_fp32_normalisation.cpp:16]   --->   Operation 30 'br' 'br_ln16' <Predicate = (!icmp_ln4 & !tmp & !tmp_1 & !tmp_2 & !tmp_3 & !tmp_4 & !tmp_5 & !tmp_6)> <Delay = 0.00>
ST_1 : Operation 31 [1/1] (0.00ns)   --->   "%tmp_8 = bitselect i1 @_ssdm_op_BitSelect.i1.i25.i32, i25 %raw_sum_mantissa_read, i32 16" [/home/joe/Desktop/Uni/Year_4/Dissertation/Program-Synthesis-for-Efficient-ML/results/cpp/solution_fp32addition_fp32_normalisation.cpp:17]   --->   Operation 31 'bitselect' 'tmp_8' <Predicate = (!icmp_ln4 & !tmp & !tmp_1 & !tmp_2 & !tmp_3 & !tmp_4 & !tmp_5 & !tmp_6 & !tmp_7)> <Delay = 0.00>
ST_1 : Operation 32 [1/1] (0.00ns)   --->   "%br_ln17 = br i1 %tmp_8, void %if.else74, void %if.then69" [/home/joe/Desktop/Uni/Year_4/Dissertation/Program-Synthesis-for-Efficient-ML/results/cpp/solution_fp32addition_fp32_normalisation.cpp:17]   --->   Operation 32 'br' 'br_ln17' <Predicate = (!icmp_ln4 & !tmp & !tmp_1 & !tmp_2 & !tmp_3 & !tmp_4 & !tmp_5 & !tmp_6 & !tmp_7)> <Delay = 0.00>
ST_1 : Operation 33 [1/1] (0.00ns)   --->   "%tmp_9 = bitselect i1 @_ssdm_op_BitSelect.i1.i25.i32, i25 %raw_sum_mantissa_read, i32 15" [/home/joe/Desktop/Uni/Year_4/Dissertation/Program-Synthesis-for-Efficient-ML/results/cpp/solution_fp32addition_fp32_normalisation.cpp:18]   --->   Operation 33 'bitselect' 'tmp_9' <Predicate = (!icmp_ln4 & !tmp & !tmp_1 & !tmp_2 & !tmp_3 & !tmp_4 & !tmp_5 & !tmp_6 & !tmp_7 & !tmp_8)> <Delay = 0.00>
ST_1 : Operation 34 [1/1] (0.00ns)   --->   "%br_ln18 = br i1 %tmp_9, void %if.else82, void %if.then77" [/home/joe/Desktop/Uni/Year_4/Dissertation/Program-Synthesis-for-Efficient-ML/results/cpp/solution_fp32addition_fp32_normalisation.cpp:18]   --->   Operation 34 'br' 'br_ln18' <Predicate = (!icmp_ln4 & !tmp & !tmp_1 & !tmp_2 & !tmp_3 & !tmp_4 & !tmp_5 & !tmp_6 & !tmp_7 & !tmp_8)> <Delay = 0.00>
ST_1 : Operation 35 [1/1] (0.00ns)   --->   "%tmp_10 = bitselect i1 @_ssdm_op_BitSelect.i1.i25.i32, i25 %raw_sum_mantissa_read, i32 14" [/home/joe/Desktop/Uni/Year_4/Dissertation/Program-Synthesis-for-Efficient-ML/results/cpp/solution_fp32addition_fp32_normalisation.cpp:19]   --->   Operation 35 'bitselect' 'tmp_10' <Predicate = (!icmp_ln4 & !tmp & !tmp_1 & !tmp_2 & !tmp_3 & !tmp_4 & !tmp_5 & !tmp_6 & !tmp_7 & !tmp_8 & !tmp_9)> <Delay = 0.00>
ST_1 : Operation 36 [1/1] (0.00ns)   --->   "%br_ln19 = br i1 %tmp_10, void %if.else90, void %if.then85" [/home/joe/Desktop/Uni/Year_4/Dissertation/Program-Synthesis-for-Efficient-ML/results/cpp/solution_fp32addition_fp32_normalisation.cpp:19]   --->   Operation 36 'br' 'br_ln19' <Predicate = (!icmp_ln4 & !tmp & !tmp_1 & !tmp_2 & !tmp_3 & !tmp_4 & !tmp_5 & !tmp_6 & !tmp_7 & !tmp_8 & !tmp_9)> <Delay = 0.00>
ST_1 : Operation 37 [1/1] (0.00ns)   --->   "%tmp_11 = bitselect i1 @_ssdm_op_BitSelect.i1.i25.i32, i25 %raw_sum_mantissa_read, i32 13" [/home/joe/Desktop/Uni/Year_4/Dissertation/Program-Synthesis-for-Efficient-ML/results/cpp/solution_fp32addition_fp32_normalisation.cpp:20]   --->   Operation 37 'bitselect' 'tmp_11' <Predicate = (!icmp_ln4 & !tmp & !tmp_1 & !tmp_2 & !tmp_3 & !tmp_4 & !tmp_5 & !tmp_6 & !tmp_7 & !tmp_8 & !tmp_9 & !tmp_10)> <Delay = 0.00>
ST_1 : Operation 38 [1/1] (0.00ns)   --->   "%br_ln20 = br i1 %tmp_11, void %if.else98, void %if.then93" [/home/joe/Desktop/Uni/Year_4/Dissertation/Program-Synthesis-for-Efficient-ML/results/cpp/solution_fp32addition_fp32_normalisation.cpp:20]   --->   Operation 38 'br' 'br_ln20' <Predicate = (!icmp_ln4 & !tmp & !tmp_1 & !tmp_2 & !tmp_3 & !tmp_4 & !tmp_5 & !tmp_6 & !tmp_7 & !tmp_8 & !tmp_9 & !tmp_10)> <Delay = 0.00>
ST_1 : Operation 39 [1/1] (0.00ns)   --->   "%tmp_12 = bitselect i1 @_ssdm_op_BitSelect.i1.i25.i32, i25 %raw_sum_mantissa_read, i32 12" [/home/joe/Desktop/Uni/Year_4/Dissertation/Program-Synthesis-for-Efficient-ML/results/cpp/solution_fp32addition_fp32_normalisation.cpp:21]   --->   Operation 39 'bitselect' 'tmp_12' <Predicate = (!icmp_ln4 & !tmp & !tmp_1 & !tmp_2 & !tmp_3 & !tmp_4 & !tmp_5 & !tmp_6 & !tmp_7 & !tmp_8 & !tmp_9 & !tmp_10 & !tmp_11)> <Delay = 0.00>
ST_1 : Operation 40 [1/1] (0.00ns)   --->   "%br_ln21 = br i1 %tmp_12, void %if.else106, void %if.then101" [/home/joe/Desktop/Uni/Year_4/Dissertation/Program-Synthesis-for-Efficient-ML/results/cpp/solution_fp32addition_fp32_normalisation.cpp:21]   --->   Operation 40 'br' 'br_ln21' <Predicate = (!icmp_ln4 & !tmp & !tmp_1 & !tmp_2 & !tmp_3 & !tmp_4 & !tmp_5 & !tmp_6 & !tmp_7 & !tmp_8 & !tmp_9 & !tmp_10 & !tmp_11)> <Delay = 0.00>
ST_1 : Operation 41 [1/1] (0.00ns)   --->   "%tmp_13 = bitselect i1 @_ssdm_op_BitSelect.i1.i25.i32, i25 %raw_sum_mantissa_read, i32 11" [/home/joe/Desktop/Uni/Year_4/Dissertation/Program-Synthesis-for-Efficient-ML/results/cpp/solution_fp32addition_fp32_normalisation.cpp:22]   --->   Operation 41 'bitselect' 'tmp_13' <Predicate = (!icmp_ln4 & !tmp & !tmp_1 & !tmp_2 & !tmp_3 & !tmp_4 & !tmp_5 & !tmp_6 & !tmp_7 & !tmp_8 & !tmp_9 & !tmp_10 & !tmp_11 & !tmp_12)> <Delay = 0.00>
ST_1 : Operation 42 [1/1] (0.00ns)   --->   "%br_ln22 = br i1 %tmp_13, void %if.else114, void %if.then109" [/home/joe/Desktop/Uni/Year_4/Dissertation/Program-Synthesis-for-Efficient-ML/results/cpp/solution_fp32addition_fp32_normalisation.cpp:22]   --->   Operation 42 'br' 'br_ln22' <Predicate = (!icmp_ln4 & !tmp & !tmp_1 & !tmp_2 & !tmp_3 & !tmp_4 & !tmp_5 & !tmp_6 & !tmp_7 & !tmp_8 & !tmp_9 & !tmp_10 & !tmp_11 & !tmp_12)> <Delay = 0.00>
ST_1 : Operation 43 [1/1] (0.00ns)   --->   "%tmp_14 = bitselect i1 @_ssdm_op_BitSelect.i1.i25.i32, i25 %raw_sum_mantissa_read, i32 10" [/home/joe/Desktop/Uni/Year_4/Dissertation/Program-Synthesis-for-Efficient-ML/results/cpp/solution_fp32addition_fp32_normalisation.cpp:23]   --->   Operation 43 'bitselect' 'tmp_14' <Predicate = (!icmp_ln4 & !tmp & !tmp_1 & !tmp_2 & !tmp_3 & !tmp_4 & !tmp_5 & !tmp_6 & !tmp_7 & !tmp_8 & !tmp_9 & !tmp_10 & !tmp_11 & !tmp_12 & !tmp_13)> <Delay = 0.00>
ST_1 : Operation 44 [1/1] (0.00ns)   --->   "%br_ln23 = br i1 %tmp_14, void %if.else122, void %if.then117" [/home/joe/Desktop/Uni/Year_4/Dissertation/Program-Synthesis-for-Efficient-ML/results/cpp/solution_fp32addition_fp32_normalisation.cpp:23]   --->   Operation 44 'br' 'br_ln23' <Predicate = (!icmp_ln4 & !tmp & !tmp_1 & !tmp_2 & !tmp_3 & !tmp_4 & !tmp_5 & !tmp_6 & !tmp_7 & !tmp_8 & !tmp_9 & !tmp_10 & !tmp_11 & !tmp_12 & !tmp_13)> <Delay = 0.00>
ST_1 : Operation 45 [1/1] (0.00ns)   --->   "%tmp_15 = bitselect i1 @_ssdm_op_BitSelect.i1.i25.i32, i25 %raw_sum_mantissa_read, i32 9" [/home/joe/Desktop/Uni/Year_4/Dissertation/Program-Synthesis-for-Efficient-ML/results/cpp/solution_fp32addition_fp32_normalisation.cpp:24]   --->   Operation 45 'bitselect' 'tmp_15' <Predicate = (!icmp_ln4 & !tmp & !tmp_1 & !tmp_2 & !tmp_3 & !tmp_4 & !tmp_5 & !tmp_6 & !tmp_7 & !tmp_8 & !tmp_9 & !tmp_10 & !tmp_11 & !tmp_12 & !tmp_13 & !tmp_14)> <Delay = 0.00>
ST_1 : Operation 46 [1/1] (0.00ns)   --->   "%br_ln24 = br i1 %tmp_15, void %if.else130, void %if.then125" [/home/joe/Desktop/Uni/Year_4/Dissertation/Program-Synthesis-for-Efficient-ML/results/cpp/solution_fp32addition_fp32_normalisation.cpp:24]   --->   Operation 46 'br' 'br_ln24' <Predicate = (!icmp_ln4 & !tmp & !tmp_1 & !tmp_2 & !tmp_3 & !tmp_4 & !tmp_5 & !tmp_6 & !tmp_7 & !tmp_8 & !tmp_9 & !tmp_10 & !tmp_11 & !tmp_12 & !tmp_13 & !tmp_14)> <Delay = 0.00>
ST_1 : Operation 47 [1/1] (0.00ns)   --->   "%tmp_16 = bitselect i1 @_ssdm_op_BitSelect.i1.i25.i32, i25 %raw_sum_mantissa_read, i32 8" [/home/joe/Desktop/Uni/Year_4/Dissertation/Program-Synthesis-for-Efficient-ML/results/cpp/solution_fp32addition_fp32_normalisation.cpp:25]   --->   Operation 47 'bitselect' 'tmp_16' <Predicate = (!icmp_ln4 & !tmp & !tmp_1 & !tmp_2 & !tmp_3 & !tmp_4 & !tmp_5 & !tmp_6 & !tmp_7 & !tmp_8 & !tmp_9 & !tmp_10 & !tmp_11 & !tmp_12 & !tmp_13 & !tmp_14 & !tmp_15)> <Delay = 0.00>
ST_1 : Operation 48 [1/1] (0.00ns)   --->   "%br_ln25 = br i1 %tmp_16, void %if.else138, void %if.then133" [/home/joe/Desktop/Uni/Year_4/Dissertation/Program-Synthesis-for-Efficient-ML/results/cpp/solution_fp32addition_fp32_normalisation.cpp:25]   --->   Operation 48 'br' 'br_ln25' <Predicate = (!icmp_ln4 & !tmp & !tmp_1 & !tmp_2 & !tmp_3 & !tmp_4 & !tmp_5 & !tmp_6 & !tmp_7 & !tmp_8 & !tmp_9 & !tmp_10 & !tmp_11 & !tmp_12 & !tmp_13 & !tmp_14 & !tmp_15)> <Delay = 0.00>
ST_1 : Operation 49 [1/1] (0.00ns)   --->   "%tmp_17 = bitselect i1 @_ssdm_op_BitSelect.i1.i25.i32, i25 %raw_sum_mantissa_read, i32 7" [/home/joe/Desktop/Uni/Year_4/Dissertation/Program-Synthesis-for-Efficient-ML/results/cpp/solution_fp32addition_fp32_normalisation.cpp:26]   --->   Operation 49 'bitselect' 'tmp_17' <Predicate = (!icmp_ln4 & !tmp & !tmp_1 & !tmp_2 & !tmp_3 & !tmp_4 & !tmp_5 & !tmp_6 & !tmp_7 & !tmp_8 & !tmp_9 & !tmp_10 & !tmp_11 & !tmp_12 & !tmp_13 & !tmp_14 & !tmp_15 & !tmp_16)> <Delay = 0.00>
ST_1 : Operation 50 [1/1] (0.00ns)   --->   "%br_ln26 = br i1 %tmp_17, void %if.else146, void %if.then141" [/home/joe/Desktop/Uni/Year_4/Dissertation/Program-Synthesis-for-Efficient-ML/results/cpp/solution_fp32addition_fp32_normalisation.cpp:26]   --->   Operation 50 'br' 'br_ln26' <Predicate = (!icmp_ln4 & !tmp & !tmp_1 & !tmp_2 & !tmp_3 & !tmp_4 & !tmp_5 & !tmp_6 & !tmp_7 & !tmp_8 & !tmp_9 & !tmp_10 & !tmp_11 & !tmp_12 & !tmp_13 & !tmp_14 & !tmp_15 & !tmp_16)> <Delay = 0.00>
ST_1 : Operation 51 [1/1] (0.00ns)   --->   "%tmp_18 = bitselect i1 @_ssdm_op_BitSelect.i1.i25.i32, i25 %raw_sum_mantissa_read, i32 6" [/home/joe/Desktop/Uni/Year_4/Dissertation/Program-Synthesis-for-Efficient-ML/results/cpp/solution_fp32addition_fp32_normalisation.cpp:27]   --->   Operation 51 'bitselect' 'tmp_18' <Predicate = (!icmp_ln4 & !tmp & !tmp_1 & !tmp_2 & !tmp_3 & !tmp_4 & !tmp_5 & !tmp_6 & !tmp_7 & !tmp_8 & !tmp_9 & !tmp_10 & !tmp_11 & !tmp_12 & !tmp_13 & !tmp_14 & !tmp_15 & !tmp_16 & !tmp_17)> <Delay = 0.00>
ST_1 : Operation 52 [1/1] (0.00ns)   --->   "%br_ln27 = br i1 %tmp_18, void %if.else154, void %if.then149" [/home/joe/Desktop/Uni/Year_4/Dissertation/Program-Synthesis-for-Efficient-ML/results/cpp/solution_fp32addition_fp32_normalisation.cpp:27]   --->   Operation 52 'br' 'br_ln27' <Predicate = (!icmp_ln4 & !tmp & !tmp_1 & !tmp_2 & !tmp_3 & !tmp_4 & !tmp_5 & !tmp_6 & !tmp_7 & !tmp_8 & !tmp_9 & !tmp_10 & !tmp_11 & !tmp_12 & !tmp_13 & !tmp_14 & !tmp_15 & !tmp_16 & !tmp_17)> <Delay = 0.00>
ST_1 : Operation 53 [1/1] (0.00ns)   --->   "%tmp_19 = bitselect i1 @_ssdm_op_BitSelect.i1.i25.i32, i25 %raw_sum_mantissa_read, i32 5" [/home/joe/Desktop/Uni/Year_4/Dissertation/Program-Synthesis-for-Efficient-ML/results/cpp/solution_fp32addition_fp32_normalisation.cpp:28]   --->   Operation 53 'bitselect' 'tmp_19' <Predicate = (!icmp_ln4 & !tmp & !tmp_1 & !tmp_2 & !tmp_3 & !tmp_4 & !tmp_5 & !tmp_6 & !tmp_7 & !tmp_8 & !tmp_9 & !tmp_10 & !tmp_11 & !tmp_12 & !tmp_13 & !tmp_14 & !tmp_15 & !tmp_16 & !tmp_17 & !tmp_18)> <Delay = 0.00>
ST_1 : Operation 54 [1/1] (0.00ns)   --->   "%br_ln28 = br i1 %tmp_19, void %if.else162, void %if.then157" [/home/joe/Desktop/Uni/Year_4/Dissertation/Program-Synthesis-for-Efficient-ML/results/cpp/solution_fp32addition_fp32_normalisation.cpp:28]   --->   Operation 54 'br' 'br_ln28' <Predicate = (!icmp_ln4 & !tmp & !tmp_1 & !tmp_2 & !tmp_3 & !tmp_4 & !tmp_5 & !tmp_6 & !tmp_7 & !tmp_8 & !tmp_9 & !tmp_10 & !tmp_11 & !tmp_12 & !tmp_13 & !tmp_14 & !tmp_15 & !tmp_16 & !tmp_17 & !tmp_18)> <Delay = 0.00>
ST_1 : Operation 55 [1/1] (0.00ns)   --->   "%tmp_20 = bitselect i1 @_ssdm_op_BitSelect.i1.i25.i32, i25 %raw_sum_mantissa_read, i32 4" [/home/joe/Desktop/Uni/Year_4/Dissertation/Program-Synthesis-for-Efficient-ML/results/cpp/solution_fp32addition_fp32_normalisation.cpp:29]   --->   Operation 55 'bitselect' 'tmp_20' <Predicate = (!icmp_ln4 & !tmp & !tmp_1 & !tmp_2 & !tmp_3 & !tmp_4 & !tmp_5 & !tmp_6 & !tmp_7 & !tmp_8 & !tmp_9 & !tmp_10 & !tmp_11 & !tmp_12 & !tmp_13 & !tmp_14 & !tmp_15 & !tmp_16 & !tmp_17 & !tmp_18 & !tmp_19)> <Delay = 0.00>
ST_1 : Operation 56 [1/1] (0.00ns)   --->   "%br_ln29 = br i1 %tmp_20, void %if.else170, void %if.then165" [/home/joe/Desktop/Uni/Year_4/Dissertation/Program-Synthesis-for-Efficient-ML/results/cpp/solution_fp32addition_fp32_normalisation.cpp:29]   --->   Operation 56 'br' 'br_ln29' <Predicate = (!icmp_ln4 & !tmp & !tmp_1 & !tmp_2 & !tmp_3 & !tmp_4 & !tmp_5 & !tmp_6 & !tmp_7 & !tmp_8 & !tmp_9 & !tmp_10 & !tmp_11 & !tmp_12 & !tmp_13 & !tmp_14 & !tmp_15 & !tmp_16 & !tmp_17 & !tmp_18 & !tmp_19)> <Delay = 0.00>
ST_1 : Operation 57 [1/1] (0.00ns)   --->   "%tmp_21 = bitselect i1 @_ssdm_op_BitSelect.i1.i25.i32, i25 %raw_sum_mantissa_read, i32 3" [/home/joe/Desktop/Uni/Year_4/Dissertation/Program-Synthesis-for-Efficient-ML/results/cpp/solution_fp32addition_fp32_normalisation.cpp:30]   --->   Operation 57 'bitselect' 'tmp_21' <Predicate = (!icmp_ln4 & !tmp & !tmp_1 & !tmp_2 & !tmp_3 & !tmp_4 & !tmp_5 & !tmp_6 & !tmp_7 & !tmp_8 & !tmp_9 & !tmp_10 & !tmp_11 & !tmp_12 & !tmp_13 & !tmp_14 & !tmp_15 & !tmp_16 & !tmp_17 & !tmp_18 & !tmp_19 & !tmp_20)> <Delay = 0.00>
ST_1 : Operation 58 [1/1] (0.00ns)   --->   "%br_ln30 = br i1 %tmp_21, void %if.else178, void %if.then173" [/home/joe/Desktop/Uni/Year_4/Dissertation/Program-Synthesis-for-Efficient-ML/results/cpp/solution_fp32addition_fp32_normalisation.cpp:30]   --->   Operation 58 'br' 'br_ln30' <Predicate = (!icmp_ln4 & !tmp & !tmp_1 & !tmp_2 & !tmp_3 & !tmp_4 & !tmp_5 & !tmp_6 & !tmp_7 & !tmp_8 & !tmp_9 & !tmp_10 & !tmp_11 & !tmp_12 & !tmp_13 & !tmp_14 & !tmp_15 & !tmp_16 & !tmp_17 & !tmp_18 & !tmp_19 & !tmp_20)> <Delay = 0.00>
ST_1 : Operation 59 [1/1] (0.00ns)   --->   "%tmp_22 = bitselect i1 @_ssdm_op_BitSelect.i1.i25.i32, i25 %raw_sum_mantissa_read, i32 2" [/home/joe/Desktop/Uni/Year_4/Dissertation/Program-Synthesis-for-Efficient-ML/results/cpp/solution_fp32addition_fp32_normalisation.cpp:31]   --->   Operation 59 'bitselect' 'tmp_22' <Predicate = (!icmp_ln4 & !tmp & !tmp_1 & !tmp_2 & !tmp_3 & !tmp_4 & !tmp_5 & !tmp_6 & !tmp_7 & !tmp_8 & !tmp_9 & !tmp_10 & !tmp_11 & !tmp_12 & !tmp_13 & !tmp_14 & !tmp_15 & !tmp_16 & !tmp_17 & !tmp_18 & !tmp_19 & !tmp_20 & !tmp_21)> <Delay = 0.00>
ST_1 : Operation 60 [1/1] (0.00ns)   --->   "%br_ln31 = br i1 %tmp_22, void %if.else186, void %if.then181" [/home/joe/Desktop/Uni/Year_4/Dissertation/Program-Synthesis-for-Efficient-ML/results/cpp/solution_fp32addition_fp32_normalisation.cpp:31]   --->   Operation 60 'br' 'br_ln31' <Predicate = (!icmp_ln4 & !tmp & !tmp_1 & !tmp_2 & !tmp_3 & !tmp_4 & !tmp_5 & !tmp_6 & !tmp_7 & !tmp_8 & !tmp_9 & !tmp_10 & !tmp_11 & !tmp_12 & !tmp_13 & !tmp_14 & !tmp_15 & !tmp_16 & !tmp_17 & !tmp_18 & !tmp_19 & !tmp_20 & !tmp_21)> <Delay = 0.00>
ST_1 : Operation 61 [1/1] (0.00ns)   --->   "%tmp_23 = bitselect i1 @_ssdm_op_BitSelect.i1.i25.i32, i25 %raw_sum_mantissa_read, i32 1" [/home/joe/Desktop/Uni/Year_4/Dissertation/Program-Synthesis-for-Efficient-ML/results/cpp/solution_fp32addition_fp32_normalisation.cpp:32]   --->   Operation 61 'bitselect' 'tmp_23' <Predicate = (!icmp_ln4 & !tmp & !tmp_1 & !tmp_2 & !tmp_3 & !tmp_4 & !tmp_5 & !tmp_6 & !tmp_7 & !tmp_8 & !tmp_9 & !tmp_10 & !tmp_11 & !tmp_12 & !tmp_13 & !tmp_14 & !tmp_15 & !tmp_16 & !tmp_17 & !tmp_18 & !tmp_19 & !tmp_20 & !tmp_21 & !tmp_22)> <Delay = 0.00>
ST_1 : Operation 62 [1/1] (0.00ns)   --->   "%br_ln32 = br i1 %tmp_23, void %if.else194, void %if.then189" [/home/joe/Desktop/Uni/Year_4/Dissertation/Program-Synthesis-for-Efficient-ML/results/cpp/solution_fp32addition_fp32_normalisation.cpp:32]   --->   Operation 62 'br' 'br_ln32' <Predicate = (!icmp_ln4 & !tmp & !tmp_1 & !tmp_2 & !tmp_3 & !tmp_4 & !tmp_5 & !tmp_6 & !tmp_7 & !tmp_8 & !tmp_9 & !tmp_10 & !tmp_11 & !tmp_12 & !tmp_13 & !tmp_14 & !tmp_15 & !tmp_16 & !tmp_17 & !tmp_18 & !tmp_19 & !tmp_20 & !tmp_21 & !tmp_22)> <Delay = 0.00>
ST_1 : Operation 63 [1/1] (1.91ns)   --->   "%exp_24 = add i8 %target_exponent_read, i8 233" [/home/joe/Desktop/Uni/Year_4/Dissertation/Program-Synthesis-for-Efficient-ML/results/cpp/solution_fp32addition_fp32_normalisation.cpp:33]   --->   Operation 63 'add' 'exp_24' <Predicate = (!icmp_ln4 & !tmp & !tmp_1 & !tmp_2 & !tmp_3 & !tmp_4 & !tmp_5 & !tmp_6 & !tmp_7 & !tmp_8 & !tmp_9 & !tmp_10 & !tmp_11 & !tmp_12 & !tmp_13 & !tmp_14 & !tmp_15 & !tmp_16 & !tmp_17 & !tmp_18 & !tmp_19 & !tmp_20 & !tmp_21 & !tmp_22 & !tmp_23)> <Delay = 1.91> <CoreInst = "Adder">   --->   Core 1 'Adder' <Latency = 0> <II = 1> <Delay = 1.91> <FuncUnit> <Opcode : 'add' 'sub'> <InPorts = 2> <OutPorts = 1>
ST_1 : Operation 64 [1/1] (3.20ns)   --->   "%br_ln0 = br void %if.end222"   --->   Operation 64 'br' 'br_ln0' <Predicate = (!icmp_ln4 & !tmp & !tmp_1 & !tmp_2 & !tmp_3 & !tmp_4 & !tmp_5 & !tmp_6 & !tmp_7 & !tmp_8 & !tmp_9 & !tmp_10 & !tmp_11 & !tmp_12 & !tmp_13 & !tmp_14 & !tmp_15 & !tmp_16 & !tmp_17 & !tmp_18 & !tmp_19 & !tmp_20 & !tmp_21 & !tmp_22 & !tmp_23)> <Delay = 3.20>
ST_1 : Operation 65 [1/1] (0.00ns)   --->   "%trunc_ln32 = trunc i25 %raw_sum_mantissa_read" [/home/joe/Desktop/Uni/Year_4/Dissertation/Program-Synthesis-for-Efficient-ML/results/cpp/solution_fp32addition_fp32_normalisation.cpp:32]   --->   Operation 65 'trunc' 'trunc_ln32' <Predicate = (!icmp_ln4 & !tmp & !tmp_1 & !tmp_2 & !tmp_3 & !tmp_4 & !tmp_5 & !tmp_6 & !tmp_7 & !tmp_8 & !tmp_9 & !tmp_10 & !tmp_11 & !tmp_12 & !tmp_13 & !tmp_14 & !tmp_15 & !tmp_16 & !tmp_17 & !tmp_18 & !tmp_19 & !tmp_20 & !tmp_21 & !tmp_22 & tmp_23)> <Delay = 0.00>
ST_1 : Operation 66 [1/1] (0.00ns)   --->   "%norm24_21 = bitconcatenate i23 @_ssdm_op_BitConcatenate.i23.i1.i22, i1 %trunc_ln32, i22 0" [/home/joe/Desktop/Uni/Year_4/Dissertation/Program-Synthesis-for-Efficient-ML/results/cpp/solution_fp32addition_fp32_normalisation.cpp:32]   --->   Operation 66 'bitconcatenate' 'norm24_21' <Predicate = (!icmp_ln4 & !tmp & !tmp_1 & !tmp_2 & !tmp_3 & !tmp_4 & !tmp_5 & !tmp_6 & !tmp_7 & !tmp_8 & !tmp_9 & !tmp_10 & !tmp_11 & !tmp_12 & !tmp_13 & !tmp_14 & !tmp_15 & !tmp_16 & !tmp_17 & !tmp_18 & !tmp_19 & !tmp_20 & !tmp_21 & !tmp_22 & tmp_23)> <Delay = 0.00>
ST_1 : Operation 67 [1/1] (1.91ns)   --->   "%exp_22 = add i8 %target_exponent_read, i8 234" [/home/joe/Desktop/Uni/Year_4/Dissertation/Program-Synthesis-for-Efficient-ML/results/cpp/solution_fp32addition_fp32_normalisation.cpp:32]   --->   Operation 67 'add' 'exp_22' <Predicate = (!icmp_ln4 & !tmp & !tmp_1 & !tmp_2 & !tmp_3 & !tmp_4 & !tmp_5 & !tmp_6 & !tmp_7 & !tmp_8 & !tmp_9 & !tmp_10 & !tmp_11 & !tmp_12 & !tmp_13 & !tmp_14 & !tmp_15 & !tmp_16 & !tmp_17 & !tmp_18 & !tmp_19 & !tmp_20 & !tmp_21 & !tmp_22 & tmp_23)> <Delay = 1.91> <CoreInst = "Adder">   --->   Core 1 'Adder' <Latency = 0> <II = 1> <Delay = 1.91> <FuncUnit> <Opcode : 'add' 'sub'> <InPorts = 2> <OutPorts = 1>
ST_1 : Operation 68 [1/1] (3.20ns)   --->   "%br_ln32 = br void %if.end222" [/home/joe/Desktop/Uni/Year_4/Dissertation/Program-Synthesis-for-Efficient-ML/results/cpp/solution_fp32addition_fp32_normalisation.cpp:32]   --->   Operation 68 'br' 'br_ln32' <Predicate = (!icmp_ln4 & !tmp & !tmp_1 & !tmp_2 & !tmp_3 & !tmp_4 & !tmp_5 & !tmp_6 & !tmp_7 & !tmp_8 & !tmp_9 & !tmp_10 & !tmp_11 & !tmp_12 & !tmp_13 & !tmp_14 & !tmp_15 & !tmp_16 & !tmp_17 & !tmp_18 & !tmp_19 & !tmp_20 & !tmp_21 & !tmp_22 & tmp_23)> <Delay = 3.20>
ST_1 : Operation 69 [1/1] (0.00ns)   --->   "%trunc_ln31 = trunc i25 %raw_sum_mantissa_read" [/home/joe/Desktop/Uni/Year_4/Dissertation/Program-Synthesis-for-Efficient-ML/results/cpp/solution_fp32addition_fp32_normalisation.cpp:31]   --->   Operation 69 'trunc' 'trunc_ln31' <Predicate = (!icmp_ln4 & !tmp & !tmp_1 & !tmp_2 & !tmp_3 & !tmp_4 & !tmp_5 & !tmp_6 & !tmp_7 & !tmp_8 & !tmp_9 & !tmp_10 & !tmp_11 & !tmp_12 & !tmp_13 & !tmp_14 & !tmp_15 & !tmp_16 & !tmp_17 & !tmp_18 & !tmp_19 & !tmp_20 & !tmp_21 & tmp_22)> <Delay = 0.00>
ST_1 : Operation 70 [1/1] (0.00ns)   --->   "%norm24_20 = bitconcatenate i23 @_ssdm_op_BitConcatenate.i23.i2.i21, i2 %trunc_ln31, i21 0" [/home/joe/Desktop/Uni/Year_4/Dissertation/Program-Synthesis-for-Efficient-ML/results/cpp/solution_fp32addition_fp32_normalisation.cpp:31]   --->   Operation 70 'bitconcatenate' 'norm24_20' <Predicate = (!icmp_ln4 & !tmp & !tmp_1 & !tmp_2 & !tmp_3 & !tmp_4 & !tmp_5 & !tmp_6 & !tmp_7 & !tmp_8 & !tmp_9 & !tmp_10 & !tmp_11 & !tmp_12 & !tmp_13 & !tmp_14 & !tmp_15 & !tmp_16 & !tmp_17 & !tmp_18 & !tmp_19 & !tmp_20 & !tmp_21 & tmp_22)> <Delay = 0.00>
ST_1 : Operation 71 [1/1] (1.91ns)   --->   "%exp_21 = add i8 %target_exponent_read, i8 235" [/home/joe/Desktop/Uni/Year_4/Dissertation/Program-Synthesis-for-Efficient-ML/results/cpp/solution_fp32addition_fp32_normalisation.cpp:31]   --->   Operation 71 'add' 'exp_21' <Predicate = (!icmp_ln4 & !tmp & !tmp_1 & !tmp_2 & !tmp_3 & !tmp_4 & !tmp_5 & !tmp_6 & !tmp_7 & !tmp_8 & !tmp_9 & !tmp_10 & !tmp_11 & !tmp_12 & !tmp_13 & !tmp_14 & !tmp_15 & !tmp_16 & !tmp_17 & !tmp_18 & !tmp_19 & !tmp_20 & !tmp_21 & tmp_22)> <Delay = 1.91> <CoreInst = "Adder">   --->   Core 1 'Adder' <Latency = 0> <II = 1> <Delay = 1.91> <FuncUnit> <Opcode : 'add' 'sub'> <InPorts = 2> <OutPorts = 1>
ST_1 : Operation 72 [1/1] (3.20ns)   --->   "%br_ln31 = br void %if.end222" [/home/joe/Desktop/Uni/Year_4/Dissertation/Program-Synthesis-for-Efficient-ML/results/cpp/solution_fp32addition_fp32_normalisation.cpp:31]   --->   Operation 72 'br' 'br_ln31' <Predicate = (!icmp_ln4 & !tmp & !tmp_1 & !tmp_2 & !tmp_3 & !tmp_4 & !tmp_5 & !tmp_6 & !tmp_7 & !tmp_8 & !tmp_9 & !tmp_10 & !tmp_11 & !tmp_12 & !tmp_13 & !tmp_14 & !tmp_15 & !tmp_16 & !tmp_17 & !tmp_18 & !tmp_19 & !tmp_20 & !tmp_21 & tmp_22)> <Delay = 3.20>
ST_1 : Operation 73 [1/1] (0.00ns)   --->   "%trunc_ln30 = trunc i25 %raw_sum_mantissa_read" [/home/joe/Desktop/Uni/Year_4/Dissertation/Program-Synthesis-for-Efficient-ML/results/cpp/solution_fp32addition_fp32_normalisation.cpp:30]   --->   Operation 73 'trunc' 'trunc_ln30' <Predicate = (!icmp_ln4 & !tmp & !tmp_1 & !tmp_2 & !tmp_3 & !tmp_4 & !tmp_5 & !tmp_6 & !tmp_7 & !tmp_8 & !tmp_9 & !tmp_10 & !tmp_11 & !tmp_12 & !tmp_13 & !tmp_14 & !tmp_15 & !tmp_16 & !tmp_17 & !tmp_18 & !tmp_19 & !tmp_20 & tmp_21)> <Delay = 0.00>
ST_1 : Operation 74 [1/1] (0.00ns)   --->   "%norm24_19 = bitconcatenate i23 @_ssdm_op_BitConcatenate.i23.i3.i20, i3 %trunc_ln30, i20 0" [/home/joe/Desktop/Uni/Year_4/Dissertation/Program-Synthesis-for-Efficient-ML/results/cpp/solution_fp32addition_fp32_normalisation.cpp:30]   --->   Operation 74 'bitconcatenate' 'norm24_19' <Predicate = (!icmp_ln4 & !tmp & !tmp_1 & !tmp_2 & !tmp_3 & !tmp_4 & !tmp_5 & !tmp_6 & !tmp_7 & !tmp_8 & !tmp_9 & !tmp_10 & !tmp_11 & !tmp_12 & !tmp_13 & !tmp_14 & !tmp_15 & !tmp_16 & !tmp_17 & !tmp_18 & !tmp_19 & !tmp_20 & tmp_21)> <Delay = 0.00>
ST_1 : Operation 75 [1/1] (1.91ns)   --->   "%exp_20 = add i8 %target_exponent_read, i8 236" [/home/joe/Desktop/Uni/Year_4/Dissertation/Program-Synthesis-for-Efficient-ML/results/cpp/solution_fp32addition_fp32_normalisation.cpp:30]   --->   Operation 75 'add' 'exp_20' <Predicate = (!icmp_ln4 & !tmp & !tmp_1 & !tmp_2 & !tmp_3 & !tmp_4 & !tmp_5 & !tmp_6 & !tmp_7 & !tmp_8 & !tmp_9 & !tmp_10 & !tmp_11 & !tmp_12 & !tmp_13 & !tmp_14 & !tmp_15 & !tmp_16 & !tmp_17 & !tmp_18 & !tmp_19 & !tmp_20 & tmp_21)> <Delay = 1.91> <CoreInst = "Adder">   --->   Core 1 'Adder' <Latency = 0> <II = 1> <Delay = 1.91> <FuncUnit> <Opcode : 'add' 'sub'> <InPorts = 2> <OutPorts = 1>
ST_1 : Operation 76 [1/1] (3.20ns)   --->   "%br_ln30 = br void %if.end222" [/home/joe/Desktop/Uni/Year_4/Dissertation/Program-Synthesis-for-Efficient-ML/results/cpp/solution_fp32addition_fp32_normalisation.cpp:30]   --->   Operation 76 'br' 'br_ln30' <Predicate = (!icmp_ln4 & !tmp & !tmp_1 & !tmp_2 & !tmp_3 & !tmp_4 & !tmp_5 & !tmp_6 & !tmp_7 & !tmp_8 & !tmp_9 & !tmp_10 & !tmp_11 & !tmp_12 & !tmp_13 & !tmp_14 & !tmp_15 & !tmp_16 & !tmp_17 & !tmp_18 & !tmp_19 & !tmp_20 & tmp_21)> <Delay = 3.20>
ST_1 : Operation 77 [1/1] (0.00ns)   --->   "%trunc_ln29 = trunc i25 %raw_sum_mantissa_read" [/home/joe/Desktop/Uni/Year_4/Dissertation/Program-Synthesis-for-Efficient-ML/results/cpp/solution_fp32addition_fp32_normalisation.cpp:29]   --->   Operation 77 'trunc' 'trunc_ln29' <Predicate = (!icmp_ln4 & !tmp & !tmp_1 & !tmp_2 & !tmp_3 & !tmp_4 & !tmp_5 & !tmp_6 & !tmp_7 & !tmp_8 & !tmp_9 & !tmp_10 & !tmp_11 & !tmp_12 & !tmp_13 & !tmp_14 & !tmp_15 & !tmp_16 & !tmp_17 & !tmp_18 & !tmp_19 & tmp_20)> <Delay = 0.00>
ST_1 : Operation 78 [1/1] (0.00ns)   --->   "%norm24_18 = bitconcatenate i23 @_ssdm_op_BitConcatenate.i23.i4.i19, i4 %trunc_ln29, i19 0" [/home/joe/Desktop/Uni/Year_4/Dissertation/Program-Synthesis-for-Efficient-ML/results/cpp/solution_fp32addition_fp32_normalisation.cpp:29]   --->   Operation 78 'bitconcatenate' 'norm24_18' <Predicate = (!icmp_ln4 & !tmp & !tmp_1 & !tmp_2 & !tmp_3 & !tmp_4 & !tmp_5 & !tmp_6 & !tmp_7 & !tmp_8 & !tmp_9 & !tmp_10 & !tmp_11 & !tmp_12 & !tmp_13 & !tmp_14 & !tmp_15 & !tmp_16 & !tmp_17 & !tmp_18 & !tmp_19 & tmp_20)> <Delay = 0.00>
ST_1 : Operation 79 [1/1] (1.91ns)   --->   "%exp_19 = add i8 %target_exponent_read, i8 237" [/home/joe/Desktop/Uni/Year_4/Dissertation/Program-Synthesis-for-Efficient-ML/results/cpp/solution_fp32addition_fp32_normalisation.cpp:29]   --->   Operation 79 'add' 'exp_19' <Predicate = (!icmp_ln4 & !tmp & !tmp_1 & !tmp_2 & !tmp_3 & !tmp_4 & !tmp_5 & !tmp_6 & !tmp_7 & !tmp_8 & !tmp_9 & !tmp_10 & !tmp_11 & !tmp_12 & !tmp_13 & !tmp_14 & !tmp_15 & !tmp_16 & !tmp_17 & !tmp_18 & !tmp_19 & tmp_20)> <Delay = 1.91> <CoreInst = "Adder">   --->   Core 1 'Adder' <Latency = 0> <II = 1> <Delay = 1.91> <FuncUnit> <Opcode : 'add' 'sub'> <InPorts = 2> <OutPorts = 1>
ST_1 : Operation 80 [1/1] (3.20ns)   --->   "%br_ln29 = br void %if.end222" [/home/joe/Desktop/Uni/Year_4/Dissertation/Program-Synthesis-for-Efficient-ML/results/cpp/solution_fp32addition_fp32_normalisation.cpp:29]   --->   Operation 80 'br' 'br_ln29' <Predicate = (!icmp_ln4 & !tmp & !tmp_1 & !tmp_2 & !tmp_3 & !tmp_4 & !tmp_5 & !tmp_6 & !tmp_7 & !tmp_8 & !tmp_9 & !tmp_10 & !tmp_11 & !tmp_12 & !tmp_13 & !tmp_14 & !tmp_15 & !tmp_16 & !tmp_17 & !tmp_18 & !tmp_19 & tmp_20)> <Delay = 3.20>
ST_1 : Operation 81 [1/1] (0.00ns)   --->   "%trunc_ln28 = trunc i25 %raw_sum_mantissa_read" [/home/joe/Desktop/Uni/Year_4/Dissertation/Program-Synthesis-for-Efficient-ML/results/cpp/solution_fp32addition_fp32_normalisation.cpp:28]   --->   Operation 81 'trunc' 'trunc_ln28' <Predicate = (!icmp_ln4 & !tmp & !tmp_1 & !tmp_2 & !tmp_3 & !tmp_4 & !tmp_5 & !tmp_6 & !tmp_7 & !tmp_8 & !tmp_9 & !tmp_10 & !tmp_11 & !tmp_12 & !tmp_13 & !tmp_14 & !tmp_15 & !tmp_16 & !tmp_17 & !tmp_18 & tmp_19)> <Delay = 0.00>
ST_1 : Operation 82 [1/1] (0.00ns)   --->   "%norm24_17 = bitconcatenate i23 @_ssdm_op_BitConcatenate.i23.i5.i18, i5 %trunc_ln28, i18 0" [/home/joe/Desktop/Uni/Year_4/Dissertation/Program-Synthesis-for-Efficient-ML/results/cpp/solution_fp32addition_fp32_normalisation.cpp:28]   --->   Operation 82 'bitconcatenate' 'norm24_17' <Predicate = (!icmp_ln4 & !tmp & !tmp_1 & !tmp_2 & !tmp_3 & !tmp_4 & !tmp_5 & !tmp_6 & !tmp_7 & !tmp_8 & !tmp_9 & !tmp_10 & !tmp_11 & !tmp_12 & !tmp_13 & !tmp_14 & !tmp_15 & !tmp_16 & !tmp_17 & !tmp_18 & tmp_19)> <Delay = 0.00>
ST_1 : Operation 83 [1/1] (1.91ns)   --->   "%exp_18 = add i8 %target_exponent_read, i8 238" [/home/joe/Desktop/Uni/Year_4/Dissertation/Program-Synthesis-for-Efficient-ML/results/cpp/solution_fp32addition_fp32_normalisation.cpp:28]   --->   Operation 83 'add' 'exp_18' <Predicate = (!icmp_ln4 & !tmp & !tmp_1 & !tmp_2 & !tmp_3 & !tmp_4 & !tmp_5 & !tmp_6 & !tmp_7 & !tmp_8 & !tmp_9 & !tmp_10 & !tmp_11 & !tmp_12 & !tmp_13 & !tmp_14 & !tmp_15 & !tmp_16 & !tmp_17 & !tmp_18 & tmp_19)> <Delay = 1.91> <CoreInst = "Adder">   --->   Core 1 'Adder' <Latency = 0> <II = 1> <Delay = 1.91> <FuncUnit> <Opcode : 'add' 'sub'> <InPorts = 2> <OutPorts = 1>
ST_1 : Operation 84 [1/1] (3.20ns)   --->   "%br_ln28 = br void %if.end222" [/home/joe/Desktop/Uni/Year_4/Dissertation/Program-Synthesis-for-Efficient-ML/results/cpp/solution_fp32addition_fp32_normalisation.cpp:28]   --->   Operation 84 'br' 'br_ln28' <Predicate = (!icmp_ln4 & !tmp & !tmp_1 & !tmp_2 & !tmp_3 & !tmp_4 & !tmp_5 & !tmp_6 & !tmp_7 & !tmp_8 & !tmp_9 & !tmp_10 & !tmp_11 & !tmp_12 & !tmp_13 & !tmp_14 & !tmp_15 & !tmp_16 & !tmp_17 & !tmp_18 & tmp_19)> <Delay = 3.20>
ST_1 : Operation 85 [1/1] (0.00ns)   --->   "%trunc_ln27 = trunc i25 %raw_sum_mantissa_read" [/home/joe/Desktop/Uni/Year_4/Dissertation/Program-Synthesis-for-Efficient-ML/results/cpp/solution_fp32addition_fp32_normalisation.cpp:27]   --->   Operation 85 'trunc' 'trunc_ln27' <Predicate = (!icmp_ln4 & !tmp & !tmp_1 & !tmp_2 & !tmp_3 & !tmp_4 & !tmp_5 & !tmp_6 & !tmp_7 & !tmp_8 & !tmp_9 & !tmp_10 & !tmp_11 & !tmp_12 & !tmp_13 & !tmp_14 & !tmp_15 & !tmp_16 & !tmp_17 & tmp_18)> <Delay = 0.00>
ST_1 : Operation 86 [1/1] (0.00ns)   --->   "%norm24_16 = bitconcatenate i23 @_ssdm_op_BitConcatenate.i23.i6.i17, i6 %trunc_ln27, i17 0" [/home/joe/Desktop/Uni/Year_4/Dissertation/Program-Synthesis-for-Efficient-ML/results/cpp/solution_fp32addition_fp32_normalisation.cpp:27]   --->   Operation 86 'bitconcatenate' 'norm24_16' <Predicate = (!icmp_ln4 & !tmp & !tmp_1 & !tmp_2 & !tmp_3 & !tmp_4 & !tmp_5 & !tmp_6 & !tmp_7 & !tmp_8 & !tmp_9 & !tmp_10 & !tmp_11 & !tmp_12 & !tmp_13 & !tmp_14 & !tmp_15 & !tmp_16 & !tmp_17 & tmp_18)> <Delay = 0.00>
ST_1 : Operation 87 [1/1] (1.91ns)   --->   "%exp_17 = add i8 %target_exponent_read, i8 239" [/home/joe/Desktop/Uni/Year_4/Dissertation/Program-Synthesis-for-Efficient-ML/results/cpp/solution_fp32addition_fp32_normalisation.cpp:27]   --->   Operation 87 'add' 'exp_17' <Predicate = (!icmp_ln4 & !tmp & !tmp_1 & !tmp_2 & !tmp_3 & !tmp_4 & !tmp_5 & !tmp_6 & !tmp_7 & !tmp_8 & !tmp_9 & !tmp_10 & !tmp_11 & !tmp_12 & !tmp_13 & !tmp_14 & !tmp_15 & !tmp_16 & !tmp_17 & tmp_18)> <Delay = 1.91> <CoreInst = "Adder">   --->   Core 1 'Adder' <Latency = 0> <II = 1> <Delay = 1.91> <FuncUnit> <Opcode : 'add' 'sub'> <InPorts = 2> <OutPorts = 1>
ST_1 : Operation 88 [1/1] (3.20ns)   --->   "%br_ln27 = br void %if.end222" [/home/joe/Desktop/Uni/Year_4/Dissertation/Program-Synthesis-for-Efficient-ML/results/cpp/solution_fp32addition_fp32_normalisation.cpp:27]   --->   Operation 88 'br' 'br_ln27' <Predicate = (!icmp_ln4 & !tmp & !tmp_1 & !tmp_2 & !tmp_3 & !tmp_4 & !tmp_5 & !tmp_6 & !tmp_7 & !tmp_8 & !tmp_9 & !tmp_10 & !tmp_11 & !tmp_12 & !tmp_13 & !tmp_14 & !tmp_15 & !tmp_16 & !tmp_17 & tmp_18)> <Delay = 3.20>
ST_1 : Operation 89 [1/1] (0.00ns)   --->   "%trunc_ln26 = trunc i25 %raw_sum_mantissa_read" [/home/joe/Desktop/Uni/Year_4/Dissertation/Program-Synthesis-for-Efficient-ML/results/cpp/solution_fp32addition_fp32_normalisation.cpp:26]   --->   Operation 89 'trunc' 'trunc_ln26' <Predicate = (!icmp_ln4 & !tmp & !tmp_1 & !tmp_2 & !tmp_3 & !tmp_4 & !tmp_5 & !tmp_6 & !tmp_7 & !tmp_8 & !tmp_9 & !tmp_10 & !tmp_11 & !tmp_12 & !tmp_13 & !tmp_14 & !tmp_15 & !tmp_16 & tmp_17)> <Delay = 0.00>
ST_1 : Operation 90 [1/1] (0.00ns)   --->   "%norm24_15 = bitconcatenate i23 @_ssdm_op_BitConcatenate.i23.i7.i16, i7 %trunc_ln26, i16 0" [/home/joe/Desktop/Uni/Year_4/Dissertation/Program-Synthesis-for-Efficient-ML/results/cpp/solution_fp32addition_fp32_normalisation.cpp:26]   --->   Operation 90 'bitconcatenate' 'norm24_15' <Predicate = (!icmp_ln4 & !tmp & !tmp_1 & !tmp_2 & !tmp_3 & !tmp_4 & !tmp_5 & !tmp_6 & !tmp_7 & !tmp_8 & !tmp_9 & !tmp_10 & !tmp_11 & !tmp_12 & !tmp_13 & !tmp_14 & !tmp_15 & !tmp_16 & tmp_17)> <Delay = 0.00>
ST_1 : Operation 91 [1/1] (1.91ns)   --->   "%exp_16 = add i8 %target_exponent_read, i8 240" [/home/joe/Desktop/Uni/Year_4/Dissertation/Program-Synthesis-for-Efficient-ML/results/cpp/solution_fp32addition_fp32_normalisation.cpp:26]   --->   Operation 91 'add' 'exp_16' <Predicate = (!icmp_ln4 & !tmp & !tmp_1 & !tmp_2 & !tmp_3 & !tmp_4 & !tmp_5 & !tmp_6 & !tmp_7 & !tmp_8 & !tmp_9 & !tmp_10 & !tmp_11 & !tmp_12 & !tmp_13 & !tmp_14 & !tmp_15 & !tmp_16 & tmp_17)> <Delay = 1.91> <CoreInst = "Adder">   --->   Core 1 'Adder' <Latency = 0> <II = 1> <Delay = 1.91> <FuncUnit> <Opcode : 'add' 'sub'> <InPorts = 2> <OutPorts = 1>
ST_1 : Operation 92 [1/1] (3.20ns)   --->   "%br_ln26 = br void %if.end222" [/home/joe/Desktop/Uni/Year_4/Dissertation/Program-Synthesis-for-Efficient-ML/results/cpp/solution_fp32addition_fp32_normalisation.cpp:26]   --->   Operation 92 'br' 'br_ln26' <Predicate = (!icmp_ln4 & !tmp & !tmp_1 & !tmp_2 & !tmp_3 & !tmp_4 & !tmp_5 & !tmp_6 & !tmp_7 & !tmp_8 & !tmp_9 & !tmp_10 & !tmp_11 & !tmp_12 & !tmp_13 & !tmp_14 & !tmp_15 & !tmp_16 & tmp_17)> <Delay = 3.20>
ST_1 : Operation 93 [1/1] (0.00ns)   --->   "%trunc_ln25 = trunc i25 %raw_sum_mantissa_read" [/home/joe/Desktop/Uni/Year_4/Dissertation/Program-Synthesis-for-Efficient-ML/results/cpp/solution_fp32addition_fp32_normalisation.cpp:25]   --->   Operation 93 'trunc' 'trunc_ln25' <Predicate = (!icmp_ln4 & !tmp & !tmp_1 & !tmp_2 & !tmp_3 & !tmp_4 & !tmp_5 & !tmp_6 & !tmp_7 & !tmp_8 & !tmp_9 & !tmp_10 & !tmp_11 & !tmp_12 & !tmp_13 & !tmp_14 & !tmp_15 & tmp_16)> <Delay = 0.00>
ST_1 : Operation 94 [1/1] (0.00ns)   --->   "%norm24_14 = bitconcatenate i23 @_ssdm_op_BitConcatenate.i23.i8.i15, i8 %trunc_ln25, i15 0" [/home/joe/Desktop/Uni/Year_4/Dissertation/Program-Synthesis-for-Efficient-ML/results/cpp/solution_fp32addition_fp32_normalisation.cpp:25]   --->   Operation 94 'bitconcatenate' 'norm24_14' <Predicate = (!icmp_ln4 & !tmp & !tmp_1 & !tmp_2 & !tmp_3 & !tmp_4 & !tmp_5 & !tmp_6 & !tmp_7 & !tmp_8 & !tmp_9 & !tmp_10 & !tmp_11 & !tmp_12 & !tmp_13 & !tmp_14 & !tmp_15 & tmp_16)> <Delay = 0.00>
ST_1 : Operation 95 [1/1] (1.91ns)   --->   "%exp_15 = add i8 %target_exponent_read, i8 241" [/home/joe/Desktop/Uni/Year_4/Dissertation/Program-Synthesis-for-Efficient-ML/results/cpp/solution_fp32addition_fp32_normalisation.cpp:25]   --->   Operation 95 'add' 'exp_15' <Predicate = (!icmp_ln4 & !tmp & !tmp_1 & !tmp_2 & !tmp_3 & !tmp_4 & !tmp_5 & !tmp_6 & !tmp_7 & !tmp_8 & !tmp_9 & !tmp_10 & !tmp_11 & !tmp_12 & !tmp_13 & !tmp_14 & !tmp_15 & tmp_16)> <Delay = 1.91> <CoreInst = "Adder">   --->   Core 1 'Adder' <Latency = 0> <II = 1> <Delay = 1.91> <FuncUnit> <Opcode : 'add' 'sub'> <InPorts = 2> <OutPorts = 1>
ST_1 : Operation 96 [1/1] (3.20ns)   --->   "%br_ln25 = br void %if.end222" [/home/joe/Desktop/Uni/Year_4/Dissertation/Program-Synthesis-for-Efficient-ML/results/cpp/solution_fp32addition_fp32_normalisation.cpp:25]   --->   Operation 96 'br' 'br_ln25' <Predicate = (!icmp_ln4 & !tmp & !tmp_1 & !tmp_2 & !tmp_3 & !tmp_4 & !tmp_5 & !tmp_6 & !tmp_7 & !tmp_8 & !tmp_9 & !tmp_10 & !tmp_11 & !tmp_12 & !tmp_13 & !tmp_14 & !tmp_15 & tmp_16)> <Delay = 3.20>
ST_1 : Operation 97 [1/1] (0.00ns)   --->   "%trunc_ln24 = trunc i25 %raw_sum_mantissa_read" [/home/joe/Desktop/Uni/Year_4/Dissertation/Program-Synthesis-for-Efficient-ML/results/cpp/solution_fp32addition_fp32_normalisation.cpp:24]   --->   Operation 97 'trunc' 'trunc_ln24' <Predicate = (!icmp_ln4 & !tmp & !tmp_1 & !tmp_2 & !tmp_3 & !tmp_4 & !tmp_5 & !tmp_6 & !tmp_7 & !tmp_8 & !tmp_9 & !tmp_10 & !tmp_11 & !tmp_12 & !tmp_13 & !tmp_14 & tmp_15)> <Delay = 0.00>
ST_1 : Operation 98 [1/1] (0.00ns)   --->   "%norm24_13 = bitconcatenate i23 @_ssdm_op_BitConcatenate.i23.i9.i14, i9 %trunc_ln24, i14 0" [/home/joe/Desktop/Uni/Year_4/Dissertation/Program-Synthesis-for-Efficient-ML/results/cpp/solution_fp32addition_fp32_normalisation.cpp:24]   --->   Operation 98 'bitconcatenate' 'norm24_13' <Predicate = (!icmp_ln4 & !tmp & !tmp_1 & !tmp_2 & !tmp_3 & !tmp_4 & !tmp_5 & !tmp_6 & !tmp_7 & !tmp_8 & !tmp_9 & !tmp_10 & !tmp_11 & !tmp_12 & !tmp_13 & !tmp_14 & tmp_15)> <Delay = 0.00>
ST_1 : Operation 99 [1/1] (1.91ns)   --->   "%exp_14 = add i8 %target_exponent_read, i8 242" [/home/joe/Desktop/Uni/Year_4/Dissertation/Program-Synthesis-for-Efficient-ML/results/cpp/solution_fp32addition_fp32_normalisation.cpp:24]   --->   Operation 99 'add' 'exp_14' <Predicate = (!icmp_ln4 & !tmp & !tmp_1 & !tmp_2 & !tmp_3 & !tmp_4 & !tmp_5 & !tmp_6 & !tmp_7 & !tmp_8 & !tmp_9 & !tmp_10 & !tmp_11 & !tmp_12 & !tmp_13 & !tmp_14 & tmp_15)> <Delay = 1.91> <CoreInst = "Adder">   --->   Core 1 'Adder' <Latency = 0> <II = 1> <Delay = 1.91> <FuncUnit> <Opcode : 'add' 'sub'> <InPorts = 2> <OutPorts = 1>
ST_1 : Operation 100 [1/1] (3.20ns)   --->   "%br_ln24 = br void %if.end222" [/home/joe/Desktop/Uni/Year_4/Dissertation/Program-Synthesis-for-Efficient-ML/results/cpp/solution_fp32addition_fp32_normalisation.cpp:24]   --->   Operation 100 'br' 'br_ln24' <Predicate = (!icmp_ln4 & !tmp & !tmp_1 & !tmp_2 & !tmp_3 & !tmp_4 & !tmp_5 & !tmp_6 & !tmp_7 & !tmp_8 & !tmp_9 & !tmp_10 & !tmp_11 & !tmp_12 & !tmp_13 & !tmp_14 & tmp_15)> <Delay = 3.20>
ST_1 : Operation 101 [1/1] (0.00ns)   --->   "%trunc_ln23 = trunc i25 %raw_sum_mantissa_read" [/home/joe/Desktop/Uni/Year_4/Dissertation/Program-Synthesis-for-Efficient-ML/results/cpp/solution_fp32addition_fp32_normalisation.cpp:23]   --->   Operation 101 'trunc' 'trunc_ln23' <Predicate = (!icmp_ln4 & !tmp & !tmp_1 & !tmp_2 & !tmp_3 & !tmp_4 & !tmp_5 & !tmp_6 & !tmp_7 & !tmp_8 & !tmp_9 & !tmp_10 & !tmp_11 & !tmp_12 & !tmp_13 & tmp_14)> <Delay = 0.00>
ST_1 : Operation 102 [1/1] (0.00ns)   --->   "%norm24_12 = bitconcatenate i23 @_ssdm_op_BitConcatenate.i23.i10.i13, i10 %trunc_ln23, i13 0" [/home/joe/Desktop/Uni/Year_4/Dissertation/Program-Synthesis-for-Efficient-ML/results/cpp/solution_fp32addition_fp32_normalisation.cpp:23]   --->   Operation 102 'bitconcatenate' 'norm24_12' <Predicate = (!icmp_ln4 & !tmp & !tmp_1 & !tmp_2 & !tmp_3 & !tmp_4 & !tmp_5 & !tmp_6 & !tmp_7 & !tmp_8 & !tmp_9 & !tmp_10 & !tmp_11 & !tmp_12 & !tmp_13 & tmp_14)> <Delay = 0.00>
ST_1 : Operation 103 [1/1] (1.91ns)   --->   "%exp_13 = add i8 %target_exponent_read, i8 243" [/home/joe/Desktop/Uni/Year_4/Dissertation/Program-Synthesis-for-Efficient-ML/results/cpp/solution_fp32addition_fp32_normalisation.cpp:23]   --->   Operation 103 'add' 'exp_13' <Predicate = (!icmp_ln4 & !tmp & !tmp_1 & !tmp_2 & !tmp_3 & !tmp_4 & !tmp_5 & !tmp_6 & !tmp_7 & !tmp_8 & !tmp_9 & !tmp_10 & !tmp_11 & !tmp_12 & !tmp_13 & tmp_14)> <Delay = 1.91> <CoreInst = "Adder">   --->   Core 1 'Adder' <Latency = 0> <II = 1> <Delay = 1.91> <FuncUnit> <Opcode : 'add' 'sub'> <InPorts = 2> <OutPorts = 1>
ST_1 : Operation 104 [1/1] (3.20ns)   --->   "%br_ln23 = br void %if.end222" [/home/joe/Desktop/Uni/Year_4/Dissertation/Program-Synthesis-for-Efficient-ML/results/cpp/solution_fp32addition_fp32_normalisation.cpp:23]   --->   Operation 104 'br' 'br_ln23' <Predicate = (!icmp_ln4 & !tmp & !tmp_1 & !tmp_2 & !tmp_3 & !tmp_4 & !tmp_5 & !tmp_6 & !tmp_7 & !tmp_8 & !tmp_9 & !tmp_10 & !tmp_11 & !tmp_12 & !tmp_13 & tmp_14)> <Delay = 3.20>
ST_1 : Operation 105 [1/1] (0.00ns)   --->   "%trunc_ln22 = trunc i25 %raw_sum_mantissa_read" [/home/joe/Desktop/Uni/Year_4/Dissertation/Program-Synthesis-for-Efficient-ML/results/cpp/solution_fp32addition_fp32_normalisation.cpp:22]   --->   Operation 105 'trunc' 'trunc_ln22' <Predicate = (!icmp_ln4 & !tmp & !tmp_1 & !tmp_2 & !tmp_3 & !tmp_4 & !tmp_5 & !tmp_6 & !tmp_7 & !tmp_8 & !tmp_9 & !tmp_10 & !tmp_11 & !tmp_12 & tmp_13)> <Delay = 0.00>
ST_1 : Operation 106 [1/1] (0.00ns)   --->   "%norm24_11 = bitconcatenate i23 @_ssdm_op_BitConcatenate.i23.i11.i12, i11 %trunc_ln22, i12 0" [/home/joe/Desktop/Uni/Year_4/Dissertation/Program-Synthesis-for-Efficient-ML/results/cpp/solution_fp32addition_fp32_normalisation.cpp:22]   --->   Operation 106 'bitconcatenate' 'norm24_11' <Predicate = (!icmp_ln4 & !tmp & !tmp_1 & !tmp_2 & !tmp_3 & !tmp_4 & !tmp_5 & !tmp_6 & !tmp_7 & !tmp_8 & !tmp_9 & !tmp_10 & !tmp_11 & !tmp_12 & tmp_13)> <Delay = 0.00>
ST_1 : Operation 107 [1/1] (1.91ns)   --->   "%exp_12 = add i8 %target_exponent_read, i8 244" [/home/joe/Desktop/Uni/Year_4/Dissertation/Program-Synthesis-for-Efficient-ML/results/cpp/solution_fp32addition_fp32_normalisation.cpp:22]   --->   Operation 107 'add' 'exp_12' <Predicate = (!icmp_ln4 & !tmp & !tmp_1 & !tmp_2 & !tmp_3 & !tmp_4 & !tmp_5 & !tmp_6 & !tmp_7 & !tmp_8 & !tmp_9 & !tmp_10 & !tmp_11 & !tmp_12 & tmp_13)> <Delay = 1.91> <CoreInst = "Adder">   --->   Core 1 'Adder' <Latency = 0> <II = 1> <Delay = 1.91> <FuncUnit> <Opcode : 'add' 'sub'> <InPorts = 2> <OutPorts = 1>
ST_1 : Operation 108 [1/1] (3.20ns)   --->   "%br_ln22 = br void %if.end222" [/home/joe/Desktop/Uni/Year_4/Dissertation/Program-Synthesis-for-Efficient-ML/results/cpp/solution_fp32addition_fp32_normalisation.cpp:22]   --->   Operation 108 'br' 'br_ln22' <Predicate = (!icmp_ln4 & !tmp & !tmp_1 & !tmp_2 & !tmp_3 & !tmp_4 & !tmp_5 & !tmp_6 & !tmp_7 & !tmp_8 & !tmp_9 & !tmp_10 & !tmp_11 & !tmp_12 & tmp_13)> <Delay = 3.20>
ST_1 : Operation 109 [1/1] (0.00ns)   --->   "%trunc_ln21 = trunc i25 %raw_sum_mantissa_read" [/home/joe/Desktop/Uni/Year_4/Dissertation/Program-Synthesis-for-Efficient-ML/results/cpp/solution_fp32addition_fp32_normalisation.cpp:21]   --->   Operation 109 'trunc' 'trunc_ln21' <Predicate = (!icmp_ln4 & !tmp & !tmp_1 & !tmp_2 & !tmp_3 & !tmp_4 & !tmp_5 & !tmp_6 & !tmp_7 & !tmp_8 & !tmp_9 & !tmp_10 & !tmp_11 & tmp_12)> <Delay = 0.00>
ST_1 : Operation 110 [1/1] (0.00ns)   --->   "%norm24_10 = bitconcatenate i23 @_ssdm_op_BitConcatenate.i23.i12.i11, i12 %trunc_ln21, i11 0" [/home/joe/Desktop/Uni/Year_4/Dissertation/Program-Synthesis-for-Efficient-ML/results/cpp/solution_fp32addition_fp32_normalisation.cpp:21]   --->   Operation 110 'bitconcatenate' 'norm24_10' <Predicate = (!icmp_ln4 & !tmp & !tmp_1 & !tmp_2 & !tmp_3 & !tmp_4 & !tmp_5 & !tmp_6 & !tmp_7 & !tmp_8 & !tmp_9 & !tmp_10 & !tmp_11 & tmp_12)> <Delay = 0.00>
ST_1 : Operation 111 [1/1] (1.91ns)   --->   "%exp_11 = add i8 %target_exponent_read, i8 245" [/home/joe/Desktop/Uni/Year_4/Dissertation/Program-Synthesis-for-Efficient-ML/results/cpp/solution_fp32addition_fp32_normalisation.cpp:21]   --->   Operation 111 'add' 'exp_11' <Predicate = (!icmp_ln4 & !tmp & !tmp_1 & !tmp_2 & !tmp_3 & !tmp_4 & !tmp_5 & !tmp_6 & !tmp_7 & !tmp_8 & !tmp_9 & !tmp_10 & !tmp_11 & tmp_12)> <Delay = 1.91> <CoreInst = "Adder">   --->   Core 1 'Adder' <Latency = 0> <II = 1> <Delay = 1.91> <FuncUnit> <Opcode : 'add' 'sub'> <InPorts = 2> <OutPorts = 1>
ST_1 : Operation 112 [1/1] (3.20ns)   --->   "%br_ln21 = br void %if.end222" [/home/joe/Desktop/Uni/Year_4/Dissertation/Program-Synthesis-for-Efficient-ML/results/cpp/solution_fp32addition_fp32_normalisation.cpp:21]   --->   Operation 112 'br' 'br_ln21' <Predicate = (!icmp_ln4 & !tmp & !tmp_1 & !tmp_2 & !tmp_3 & !tmp_4 & !tmp_5 & !tmp_6 & !tmp_7 & !tmp_8 & !tmp_9 & !tmp_10 & !tmp_11 & tmp_12)> <Delay = 3.20>
ST_1 : Operation 113 [1/1] (0.00ns)   --->   "%trunc_ln20 = trunc i25 %raw_sum_mantissa_read" [/home/joe/Desktop/Uni/Year_4/Dissertation/Program-Synthesis-for-Efficient-ML/results/cpp/solution_fp32addition_fp32_normalisation.cpp:20]   --->   Operation 113 'trunc' 'trunc_ln20' <Predicate = (!icmp_ln4 & !tmp & !tmp_1 & !tmp_2 & !tmp_3 & !tmp_4 & !tmp_5 & !tmp_6 & !tmp_7 & !tmp_8 & !tmp_9 & !tmp_10 & tmp_11)> <Delay = 0.00>
ST_1 : Operation 114 [1/1] (0.00ns)   --->   "%norm24_9 = bitconcatenate i23 @_ssdm_op_BitConcatenate.i23.i13.i10, i13 %trunc_ln20, i10 0" [/home/joe/Desktop/Uni/Year_4/Dissertation/Program-Synthesis-for-Efficient-ML/results/cpp/solution_fp32addition_fp32_normalisation.cpp:20]   --->   Operation 114 'bitconcatenate' 'norm24_9' <Predicate = (!icmp_ln4 & !tmp & !tmp_1 & !tmp_2 & !tmp_3 & !tmp_4 & !tmp_5 & !tmp_6 & !tmp_7 & !tmp_8 & !tmp_9 & !tmp_10 & tmp_11)> <Delay = 0.00>
ST_1 : Operation 115 [1/1] (1.91ns)   --->   "%exp_10 = add i8 %target_exponent_read, i8 246" [/home/joe/Desktop/Uni/Year_4/Dissertation/Program-Synthesis-for-Efficient-ML/results/cpp/solution_fp32addition_fp32_normalisation.cpp:20]   --->   Operation 115 'add' 'exp_10' <Predicate = (!icmp_ln4 & !tmp & !tmp_1 & !tmp_2 & !tmp_3 & !tmp_4 & !tmp_5 & !tmp_6 & !tmp_7 & !tmp_8 & !tmp_9 & !tmp_10 & tmp_11)> <Delay = 1.91> <CoreInst = "Adder">   --->   Core 1 'Adder' <Latency = 0> <II = 1> <Delay = 1.91> <FuncUnit> <Opcode : 'add' 'sub'> <InPorts = 2> <OutPorts = 1>
ST_1 : Operation 116 [1/1] (3.20ns)   --->   "%br_ln20 = br void %if.end222" [/home/joe/Desktop/Uni/Year_4/Dissertation/Program-Synthesis-for-Efficient-ML/results/cpp/solution_fp32addition_fp32_normalisation.cpp:20]   --->   Operation 116 'br' 'br_ln20' <Predicate = (!icmp_ln4 & !tmp & !tmp_1 & !tmp_2 & !tmp_3 & !tmp_4 & !tmp_5 & !tmp_6 & !tmp_7 & !tmp_8 & !tmp_9 & !tmp_10 & tmp_11)> <Delay = 3.20>
ST_1 : Operation 117 [1/1] (0.00ns)   --->   "%trunc_ln19 = trunc i25 %raw_sum_mantissa_read" [/home/joe/Desktop/Uni/Year_4/Dissertation/Program-Synthesis-for-Efficient-ML/results/cpp/solution_fp32addition_fp32_normalisation.cpp:19]   --->   Operation 117 'trunc' 'trunc_ln19' <Predicate = (!icmp_ln4 & !tmp & !tmp_1 & !tmp_2 & !tmp_3 & !tmp_4 & !tmp_5 & !tmp_6 & !tmp_7 & !tmp_8 & !tmp_9 & tmp_10)> <Delay = 0.00>
ST_1 : Operation 118 [1/1] (0.00ns)   --->   "%norm24_8 = bitconcatenate i23 @_ssdm_op_BitConcatenate.i23.i14.i9, i14 %trunc_ln19, i9 0" [/home/joe/Desktop/Uni/Year_4/Dissertation/Program-Synthesis-for-Efficient-ML/results/cpp/solution_fp32addition_fp32_normalisation.cpp:19]   --->   Operation 118 'bitconcatenate' 'norm24_8' <Predicate = (!icmp_ln4 & !tmp & !tmp_1 & !tmp_2 & !tmp_3 & !tmp_4 & !tmp_5 & !tmp_6 & !tmp_7 & !tmp_8 & !tmp_9 & tmp_10)> <Delay = 0.00>
ST_1 : Operation 119 [1/1] (1.91ns)   --->   "%exp_9 = add i8 %target_exponent_read, i8 247" [/home/joe/Desktop/Uni/Year_4/Dissertation/Program-Synthesis-for-Efficient-ML/results/cpp/solution_fp32addition_fp32_normalisation.cpp:19]   --->   Operation 119 'add' 'exp_9' <Predicate = (!icmp_ln4 & !tmp & !tmp_1 & !tmp_2 & !tmp_3 & !tmp_4 & !tmp_5 & !tmp_6 & !tmp_7 & !tmp_8 & !tmp_9 & tmp_10)> <Delay = 1.91> <CoreInst = "Adder">   --->   Core 1 'Adder' <Latency = 0> <II = 1> <Delay = 1.91> <FuncUnit> <Opcode : 'add' 'sub'> <InPorts = 2> <OutPorts = 1>
ST_1 : Operation 120 [1/1] (3.20ns)   --->   "%br_ln19 = br void %if.end222" [/home/joe/Desktop/Uni/Year_4/Dissertation/Program-Synthesis-for-Efficient-ML/results/cpp/solution_fp32addition_fp32_normalisation.cpp:19]   --->   Operation 120 'br' 'br_ln19' <Predicate = (!icmp_ln4 & !tmp & !tmp_1 & !tmp_2 & !tmp_3 & !tmp_4 & !tmp_5 & !tmp_6 & !tmp_7 & !tmp_8 & !tmp_9 & tmp_10)> <Delay = 3.20>
ST_1 : Operation 121 [1/1] (0.00ns)   --->   "%trunc_ln18 = trunc i25 %raw_sum_mantissa_read" [/home/joe/Desktop/Uni/Year_4/Dissertation/Program-Synthesis-for-Efficient-ML/results/cpp/solution_fp32addition_fp32_normalisation.cpp:18]   --->   Operation 121 'trunc' 'trunc_ln18' <Predicate = (!icmp_ln4 & !tmp & !tmp_1 & !tmp_2 & !tmp_3 & !tmp_4 & !tmp_5 & !tmp_6 & !tmp_7 & !tmp_8 & tmp_9)> <Delay = 0.00>
ST_1 : Operation 122 [1/1] (0.00ns)   --->   "%norm24_7 = bitconcatenate i23 @_ssdm_op_BitConcatenate.i23.i15.i8, i15 %trunc_ln18, i8 0" [/home/joe/Desktop/Uni/Year_4/Dissertation/Program-Synthesis-for-Efficient-ML/results/cpp/solution_fp32addition_fp32_normalisation.cpp:18]   --->   Operation 122 'bitconcatenate' 'norm24_7' <Predicate = (!icmp_ln4 & !tmp & !tmp_1 & !tmp_2 & !tmp_3 & !tmp_4 & !tmp_5 & !tmp_6 & !tmp_7 & !tmp_8 & tmp_9)> <Delay = 0.00>
ST_1 : Operation 123 [1/1] (1.91ns)   --->   "%exp_8 = add i8 %target_exponent_read, i8 248" [/home/joe/Desktop/Uni/Year_4/Dissertation/Program-Synthesis-for-Efficient-ML/results/cpp/solution_fp32addition_fp32_normalisation.cpp:18]   --->   Operation 123 'add' 'exp_8' <Predicate = (!icmp_ln4 & !tmp & !tmp_1 & !tmp_2 & !tmp_3 & !tmp_4 & !tmp_5 & !tmp_6 & !tmp_7 & !tmp_8 & tmp_9)> <Delay = 1.91> <CoreInst = "Adder">   --->   Core 1 'Adder' <Latency = 0> <II = 1> <Delay = 1.91> <FuncUnit> <Opcode : 'add' 'sub'> <InPorts = 2> <OutPorts = 1>
ST_1 : Operation 124 [1/1] (3.20ns)   --->   "%br_ln18 = br void %if.end222" [/home/joe/Desktop/Uni/Year_4/Dissertation/Program-Synthesis-for-Efficient-ML/results/cpp/solution_fp32addition_fp32_normalisation.cpp:18]   --->   Operation 124 'br' 'br_ln18' <Predicate = (!icmp_ln4 & !tmp & !tmp_1 & !tmp_2 & !tmp_3 & !tmp_4 & !tmp_5 & !tmp_6 & !tmp_7 & !tmp_8 & tmp_9)> <Delay = 3.20>
ST_1 : Operation 125 [1/1] (0.00ns)   --->   "%trunc_ln17 = trunc i25 %raw_sum_mantissa_read" [/home/joe/Desktop/Uni/Year_4/Dissertation/Program-Synthesis-for-Efficient-ML/results/cpp/solution_fp32addition_fp32_normalisation.cpp:17]   --->   Operation 125 'trunc' 'trunc_ln17' <Predicate = (!icmp_ln4 & !tmp & !tmp_1 & !tmp_2 & !tmp_3 & !tmp_4 & !tmp_5 & !tmp_6 & !tmp_7 & tmp_8)> <Delay = 0.00>
ST_1 : Operation 126 [1/1] (0.00ns)   --->   "%norm24_6 = bitconcatenate i23 @_ssdm_op_BitConcatenate.i23.i16.i7, i16 %trunc_ln17, i7 0" [/home/joe/Desktop/Uni/Year_4/Dissertation/Program-Synthesis-for-Efficient-ML/results/cpp/solution_fp32addition_fp32_normalisation.cpp:17]   --->   Operation 126 'bitconcatenate' 'norm24_6' <Predicate = (!icmp_ln4 & !tmp & !tmp_1 & !tmp_2 & !tmp_3 & !tmp_4 & !tmp_5 & !tmp_6 & !tmp_7 & tmp_8)> <Delay = 0.00>
ST_1 : Operation 127 [1/1] (1.91ns)   --->   "%exp_7 = add i8 %target_exponent_read, i8 249" [/home/joe/Desktop/Uni/Year_4/Dissertation/Program-Synthesis-for-Efficient-ML/results/cpp/solution_fp32addition_fp32_normalisation.cpp:17]   --->   Operation 127 'add' 'exp_7' <Predicate = (!icmp_ln4 & !tmp & !tmp_1 & !tmp_2 & !tmp_3 & !tmp_4 & !tmp_5 & !tmp_6 & !tmp_7 & tmp_8)> <Delay = 1.91> <CoreInst = "Adder">   --->   Core 1 'Adder' <Latency = 0> <II = 1> <Delay = 1.91> <FuncUnit> <Opcode : 'add' 'sub'> <InPorts = 2> <OutPorts = 1>
ST_1 : Operation 128 [1/1] (3.20ns)   --->   "%br_ln17 = br void %if.end222" [/home/joe/Desktop/Uni/Year_4/Dissertation/Program-Synthesis-for-Efficient-ML/results/cpp/solution_fp32addition_fp32_normalisation.cpp:17]   --->   Operation 128 'br' 'br_ln17' <Predicate = (!icmp_ln4 & !tmp & !tmp_1 & !tmp_2 & !tmp_3 & !tmp_4 & !tmp_5 & !tmp_6 & !tmp_7 & tmp_8)> <Delay = 3.20>
ST_1 : Operation 129 [1/1] (0.00ns)   --->   "%trunc_ln16 = trunc i25 %raw_sum_mantissa_read" [/home/joe/Desktop/Uni/Year_4/Dissertation/Program-Synthesis-for-Efficient-ML/results/cpp/solution_fp32addition_fp32_normalisation.cpp:16]   --->   Operation 129 'trunc' 'trunc_ln16' <Predicate = (!icmp_ln4 & !tmp & !tmp_1 & !tmp_2 & !tmp_3 & !tmp_4 & !tmp_5 & !tmp_6 & tmp_7)> <Delay = 0.00>
ST_1 : Operation 130 [1/1] (0.00ns)   --->   "%norm24_5 = bitconcatenate i23 @_ssdm_op_BitConcatenate.i23.i17.i6, i17 %trunc_ln16, i6 0" [/home/joe/Desktop/Uni/Year_4/Dissertation/Program-Synthesis-for-Efficient-ML/results/cpp/solution_fp32addition_fp32_normalisation.cpp:16]   --->   Operation 130 'bitconcatenate' 'norm24_5' <Predicate = (!icmp_ln4 & !tmp & !tmp_1 & !tmp_2 & !tmp_3 & !tmp_4 & !tmp_5 & !tmp_6 & tmp_7)> <Delay = 0.00>
ST_1 : Operation 131 [1/1] (1.91ns)   --->   "%exp_6 = add i8 %target_exponent_read, i8 250" [/home/joe/Desktop/Uni/Year_4/Dissertation/Program-Synthesis-for-Efficient-ML/results/cpp/solution_fp32addition_fp32_normalisation.cpp:16]   --->   Operation 131 'add' 'exp_6' <Predicate = (!icmp_ln4 & !tmp & !tmp_1 & !tmp_2 & !tmp_3 & !tmp_4 & !tmp_5 & !tmp_6 & tmp_7)> <Delay = 1.91> <CoreInst = "Adder">   --->   Core 1 'Adder' <Latency = 0> <II = 1> <Delay = 1.91> <FuncUnit> <Opcode : 'add' 'sub'> <InPorts = 2> <OutPorts = 1>
ST_1 : Operation 132 [1/1] (3.20ns)   --->   "%br_ln16 = br void %if.end222" [/home/joe/Desktop/Uni/Year_4/Dissertation/Program-Synthesis-for-Efficient-ML/results/cpp/solution_fp32addition_fp32_normalisation.cpp:16]   --->   Operation 132 'br' 'br_ln16' <Predicate = (!icmp_ln4 & !tmp & !tmp_1 & !tmp_2 & !tmp_3 & !tmp_4 & !tmp_5 & !tmp_6 & tmp_7)> <Delay = 3.20>
ST_1 : Operation 133 [1/1] (0.00ns)   --->   "%trunc_ln15 = trunc i25 %raw_sum_mantissa_read" [/home/joe/Desktop/Uni/Year_4/Dissertation/Program-Synthesis-for-Efficient-ML/results/cpp/solution_fp32addition_fp32_normalisation.cpp:15]   --->   Operation 133 'trunc' 'trunc_ln15' <Predicate = (!icmp_ln4 & !tmp & !tmp_1 & !tmp_2 & !tmp_3 & !tmp_4 & !tmp_5 & tmp_6)> <Delay = 0.00>
ST_1 : Operation 134 [1/1] (0.00ns)   --->   "%norm24_4 = bitconcatenate i23 @_ssdm_op_BitConcatenate.i23.i18.i5, i18 %trunc_ln15, i5 0" [/home/joe/Desktop/Uni/Year_4/Dissertation/Program-Synthesis-for-Efficient-ML/results/cpp/solution_fp32addition_fp32_normalisation.cpp:15]   --->   Operation 134 'bitconcatenate' 'norm24_4' <Predicate = (!icmp_ln4 & !tmp & !tmp_1 & !tmp_2 & !tmp_3 & !tmp_4 & !tmp_5 & tmp_6)> <Delay = 0.00>
ST_1 : Operation 135 [1/1] (1.91ns)   --->   "%exp_5 = add i8 %target_exponent_read, i8 251" [/home/joe/Desktop/Uni/Year_4/Dissertation/Program-Synthesis-for-Efficient-ML/results/cpp/solution_fp32addition_fp32_normalisation.cpp:15]   --->   Operation 135 'add' 'exp_5' <Predicate = (!icmp_ln4 & !tmp & !tmp_1 & !tmp_2 & !tmp_3 & !tmp_4 & !tmp_5 & tmp_6)> <Delay = 1.91> <CoreInst = "Adder">   --->   Core 1 'Adder' <Latency = 0> <II = 1> <Delay = 1.91> <FuncUnit> <Opcode : 'add' 'sub'> <InPorts = 2> <OutPorts = 1>
ST_1 : Operation 136 [1/1] (3.20ns)   --->   "%br_ln15 = br void %if.end222" [/home/joe/Desktop/Uni/Year_4/Dissertation/Program-Synthesis-for-Efficient-ML/results/cpp/solution_fp32addition_fp32_normalisation.cpp:15]   --->   Operation 136 'br' 'br_ln15' <Predicate = (!icmp_ln4 & !tmp & !tmp_1 & !tmp_2 & !tmp_3 & !tmp_4 & !tmp_5 & tmp_6)> <Delay = 3.20>
ST_1 : Operation 137 [1/1] (0.00ns)   --->   "%trunc_ln14 = trunc i25 %raw_sum_mantissa_read" [/home/joe/Desktop/Uni/Year_4/Dissertation/Program-Synthesis-for-Efficient-ML/results/cpp/solution_fp32addition_fp32_normalisation.cpp:14]   --->   Operation 137 'trunc' 'trunc_ln14' <Predicate = (!icmp_ln4 & !tmp & !tmp_1 & !tmp_2 & !tmp_3 & !tmp_4 & tmp_5)> <Delay = 0.00>
ST_1 : Operation 138 [1/1] (0.00ns)   --->   "%norm24_3 = bitconcatenate i23 @_ssdm_op_BitConcatenate.i23.i19.i4, i19 %trunc_ln14, i4 0" [/home/joe/Desktop/Uni/Year_4/Dissertation/Program-Synthesis-for-Efficient-ML/results/cpp/solution_fp32addition_fp32_normalisation.cpp:14]   --->   Operation 138 'bitconcatenate' 'norm24_3' <Predicate = (!icmp_ln4 & !tmp & !tmp_1 & !tmp_2 & !tmp_3 & !tmp_4 & tmp_5)> <Delay = 0.00>
ST_1 : Operation 139 [1/1] (1.91ns)   --->   "%exp_4 = add i8 %target_exponent_read, i8 252" [/home/joe/Desktop/Uni/Year_4/Dissertation/Program-Synthesis-for-Efficient-ML/results/cpp/solution_fp32addition_fp32_normalisation.cpp:14]   --->   Operation 139 'add' 'exp_4' <Predicate = (!icmp_ln4 & !tmp & !tmp_1 & !tmp_2 & !tmp_3 & !tmp_4 & tmp_5)> <Delay = 1.91> <CoreInst = "Adder">   --->   Core 1 'Adder' <Latency = 0> <II = 1> <Delay = 1.91> <FuncUnit> <Opcode : 'add' 'sub'> <InPorts = 2> <OutPorts = 1>
ST_1 : Operation 140 [1/1] (3.20ns)   --->   "%br_ln14 = br void %if.end222" [/home/joe/Desktop/Uni/Year_4/Dissertation/Program-Synthesis-for-Efficient-ML/results/cpp/solution_fp32addition_fp32_normalisation.cpp:14]   --->   Operation 140 'br' 'br_ln14' <Predicate = (!icmp_ln4 & !tmp & !tmp_1 & !tmp_2 & !tmp_3 & !tmp_4 & tmp_5)> <Delay = 3.20>
ST_1 : Operation 141 [1/1] (0.00ns)   --->   "%trunc_ln13 = trunc i25 %raw_sum_mantissa_read" [/home/joe/Desktop/Uni/Year_4/Dissertation/Program-Synthesis-for-Efficient-ML/results/cpp/solution_fp32addition_fp32_normalisation.cpp:13]   --->   Operation 141 'trunc' 'trunc_ln13' <Predicate = (!icmp_ln4 & !tmp & !tmp_1 & !tmp_2 & !tmp_3 & tmp_4)> <Delay = 0.00>
ST_1 : Operation 142 [1/1] (0.00ns)   --->   "%norm24_2 = bitconcatenate i23 @_ssdm_op_BitConcatenate.i23.i20.i3, i20 %trunc_ln13, i3 0" [/home/joe/Desktop/Uni/Year_4/Dissertation/Program-Synthesis-for-Efficient-ML/results/cpp/solution_fp32addition_fp32_normalisation.cpp:13]   --->   Operation 142 'bitconcatenate' 'norm24_2' <Predicate = (!icmp_ln4 & !tmp & !tmp_1 & !tmp_2 & !tmp_3 & tmp_4)> <Delay = 0.00>
ST_1 : Operation 143 [1/1] (1.91ns)   --->   "%exp_3 = add i8 %target_exponent_read, i8 253" [/home/joe/Desktop/Uni/Year_4/Dissertation/Program-Synthesis-for-Efficient-ML/results/cpp/solution_fp32addition_fp32_normalisation.cpp:13]   --->   Operation 143 'add' 'exp_3' <Predicate = (!icmp_ln4 & !tmp & !tmp_1 & !tmp_2 & !tmp_3 & tmp_4)> <Delay = 1.91> <CoreInst = "Adder">   --->   Core 1 'Adder' <Latency = 0> <II = 1> <Delay = 1.91> <FuncUnit> <Opcode : 'add' 'sub'> <InPorts = 2> <OutPorts = 1>
ST_1 : Operation 144 [1/1] (3.20ns)   --->   "%br_ln13 = br void %if.end222" [/home/joe/Desktop/Uni/Year_4/Dissertation/Program-Synthesis-for-Efficient-ML/results/cpp/solution_fp32addition_fp32_normalisation.cpp:13]   --->   Operation 144 'br' 'br_ln13' <Predicate = (!icmp_ln4 & !tmp & !tmp_1 & !tmp_2 & !tmp_3 & tmp_4)> <Delay = 3.20>
ST_1 : Operation 145 [1/1] (0.00ns)   --->   "%trunc_ln12 = trunc i25 %raw_sum_mantissa_read" [/home/joe/Desktop/Uni/Year_4/Dissertation/Program-Synthesis-for-Efficient-ML/results/cpp/solution_fp32addition_fp32_normalisation.cpp:12]   --->   Operation 145 'trunc' 'trunc_ln12' <Predicate = (!icmp_ln4 & !tmp & !tmp_1 & !tmp_2 & tmp_3)> <Delay = 0.00>
ST_1 : Operation 146 [1/1] (0.00ns)   --->   "%norm24_1 = bitconcatenate i23 @_ssdm_op_BitConcatenate.i23.i21.i2, i21 %trunc_ln12, i2 0" [/home/joe/Desktop/Uni/Year_4/Dissertation/Program-Synthesis-for-Efficient-ML/results/cpp/solution_fp32addition_fp32_normalisation.cpp:12]   --->   Operation 146 'bitconcatenate' 'norm24_1' <Predicate = (!icmp_ln4 & !tmp & !tmp_1 & !tmp_2 & tmp_3)> <Delay = 0.00>
ST_1 : Operation 147 [1/1] (1.91ns)   --->   "%exp_2 = add i8 %target_exponent_read, i8 254" [/home/joe/Desktop/Uni/Year_4/Dissertation/Program-Synthesis-for-Efficient-ML/results/cpp/solution_fp32addition_fp32_normalisation.cpp:12]   --->   Operation 147 'add' 'exp_2' <Predicate = (!icmp_ln4 & !tmp & !tmp_1 & !tmp_2 & tmp_3)> <Delay = 1.91> <CoreInst = "Adder">   --->   Core 1 'Adder' <Latency = 0> <II = 1> <Delay = 1.91> <FuncUnit> <Opcode : 'add' 'sub'> <InPorts = 2> <OutPorts = 1>
ST_1 : Operation 148 [1/1] (3.20ns)   --->   "%br_ln12 = br void %if.end222" [/home/joe/Desktop/Uni/Year_4/Dissertation/Program-Synthesis-for-Efficient-ML/results/cpp/solution_fp32addition_fp32_normalisation.cpp:12]   --->   Operation 148 'br' 'br_ln12' <Predicate = (!icmp_ln4 & !tmp & !tmp_1 & !tmp_2 & tmp_3)> <Delay = 3.20>
ST_1 : Operation 149 [1/1] (0.00ns)   --->   "%trunc_ln11 = trunc i25 %raw_sum_mantissa_read" [/home/joe/Desktop/Uni/Year_4/Dissertation/Program-Synthesis-for-Efficient-ML/results/cpp/solution_fp32addition_fp32_normalisation.cpp:11]   --->   Operation 149 'trunc' 'trunc_ln11' <Predicate = (!icmp_ln4 & !tmp & !tmp_1 & tmp_2)> <Delay = 0.00>
ST_1 : Operation 150 [1/1] (0.00ns)   --->   "%norm24 = bitconcatenate i23 @_ssdm_op_BitConcatenate.i23.i22.i1, i22 %trunc_ln11, i1 0" [/home/joe/Desktop/Uni/Year_4/Dissertation/Program-Synthesis-for-Efficient-ML/results/cpp/solution_fp32addition_fp32_normalisation.cpp:11]   --->   Operation 150 'bitconcatenate' 'norm24' <Predicate = (!icmp_ln4 & !tmp & !tmp_1 & tmp_2)> <Delay = 0.00>
ST_1 : Operation 151 [1/1] (1.91ns)   --->   "%exp_1 = add i8 %target_exponent_read, i8 255" [/home/joe/Desktop/Uni/Year_4/Dissertation/Program-Synthesis-for-Efficient-ML/results/cpp/solution_fp32addition_fp32_normalisation.cpp:11]   --->   Operation 151 'add' 'exp_1' <Predicate = (!icmp_ln4 & !tmp & !tmp_1 & tmp_2)> <Delay = 1.91> <CoreInst = "Adder">   --->   Core 1 'Adder' <Latency = 0> <II = 1> <Delay = 1.91> <FuncUnit> <Opcode : 'add' 'sub'> <InPorts = 2> <OutPorts = 1>
ST_1 : Operation 152 [1/1] (3.20ns)   --->   "%br_ln11 = br void %if.end222" [/home/joe/Desktop/Uni/Year_4/Dissertation/Program-Synthesis-for-Efficient-ML/results/cpp/solution_fp32addition_fp32_normalisation.cpp:11]   --->   Operation 152 'br' 'br_ln11' <Predicate = (!icmp_ln4 & !tmp & !tmp_1 & tmp_2)> <Delay = 3.20>
ST_1 : Operation 153 [1/1] (0.00ns)   --->   "%trunc_ln8 = trunc i25 %raw_sum_mantissa_read" [/home/joe/Desktop/Uni/Year_4/Dissertation/Program-Synthesis-for-Efficient-ML/results/cpp/solution_fp32addition_fp32_normalisation.cpp:8]   --->   Operation 153 'trunc' 'trunc_ln8' <Predicate = (!icmp_ln4 & !tmp & tmp_1)> <Delay = 0.00>
ST_1 : Operation 154 [1/1] (3.20ns)   --->   "%br_ln10 = br void %if.end222" [/home/joe/Desktop/Uni/Year_4/Dissertation/Program-Synthesis-for-Efficient-ML/results/cpp/solution_fp32addition_fp32_normalisation.cpp:10]   --->   Operation 154 'br' 'br_ln10' <Predicate = (!icmp_ln4 & !tmp & tmp_1)> <Delay = 3.20>
ST_1 : Operation 155 [1/1] (0.00ns)   --->   "%norm24_cast = partselect i23 @_ssdm_op_PartSelect.i23.i25.i32.i32, i25 %raw_sum_mantissa_read, i32 1, i32 23" [/home/joe/Desktop/Uni/Year_4/Dissertation/Program-Synthesis-for-Efficient-ML/results/cpp/solution_fp32addition_fp32_normalisation.cpp:8]   --->   Operation 155 'partselect' 'norm24_cast' <Predicate = (!icmp_ln4 & tmp)> <Delay = 0.00>
ST_1 : Operation 156 [1/1] (1.91ns)   --->   "%exp = add i8 %target_exponent_read, i8 1" [/home/joe/Desktop/Uni/Year_4/Dissertation/Program-Synthesis-for-Efficient-ML/results/cpp/solution_fp32addition_fp32_normalisation.cpp:9]   --->   Operation 156 'add' 'exp' <Predicate = (!icmp_ln4 & tmp)> <Delay = 1.91> <CoreInst = "Adder">   --->   Core 1 'Adder' <Latency = 0> <II = 1> <Delay = 1.91> <FuncUnit> <Opcode : 'add' 'sub'> <InPorts = 2> <OutPorts = 1>
ST_1 : Operation 157 [1/1] (3.20ns)   --->   "%br_ln9 = br void %if.end222" [/home/joe/Desktop/Uni/Year_4/Dissertation/Program-Synthesis-for-Efficient-ML/results/cpp/solution_fp32addition_fp32_normalisation.cpp:9]   --->   Operation 157 'br' 'br_ln9' <Predicate = (!icmp_ln4 & tmp)> <Delay = 3.20>
ST_1 : Operation 158 [1/1] (0.00ns)   --->   "%exp_23 = phi i8 %exp, void %if.then9, i8 %target_exponent_read, void %if.then15, i8 %exp_1, void %if.then21, i8 %exp_2, void %if.then29, i8 %exp_3, void %if.then37, i8 %exp_4, void %if.then45, i8 %exp_5, void %if.then53, i8 %exp_6, void %if.then61, i8 %exp_7, void %if.then69, i8 %exp_8, void %if.then77, i8 %exp_9, void %if.then85, i8 %exp_10, void %if.then93, i8 %exp_11, void %if.then101, i8 %exp_12, void %if.then109, i8 %exp_13, void %if.then117, i8 %exp_14, void %if.then125, i8 %exp_15, void %if.then133, i8 %exp_16, void %if.then141, i8 %exp_17, void %if.then149, i8 %exp_18, void %if.then157, i8 %exp_19, void %if.then165, i8 %exp_20, void %if.then173, i8 %exp_21, void %if.then181, i8 %exp_22, void %if.then189, i8 %exp_24, void %if.else194"   --->   Operation 158 'phi' 'exp_23' <Predicate = (!icmp_ln4)> <Delay = 0.00>
ST_1 : Operation 159 [1/1] (0.00ns)   --->   "%norm24_22 = phi i23 %norm24_cast, void %if.then9, i23 %trunc_ln8, void %if.then15, i23 %norm24, void %if.then21, i23 %norm24_1, void %if.then29, i23 %norm24_2, void %if.then37, i23 %norm24_3, void %if.then45, i23 %norm24_4, void %if.then53, i23 %norm24_5, void %if.then61, i23 %norm24_6, void %if.then69, i23 %norm24_7, void %if.then77, i23 %norm24_8, void %if.then85, i23 %norm24_9, void %if.then93, i23 %norm24_10, void %if.then101, i23 %norm24_11, void %if.then109, i23 %norm24_12, void %if.then117, i23 %norm24_13, void %if.then125, i23 %norm24_14, void %if.then133, i23 %norm24_15, void %if.then141, i23 %norm24_16, void %if.then149, i23 %norm24_17, void %if.then157, i23 %norm24_18, void %if.then165, i23 %norm24_19, void %if.then173, i23 %norm24_20, void %if.then181, i23 %norm24_21, void %if.then189, i23 0, void %if.else194"   --->   Operation 159 'phi' 'norm24_22' <Predicate = (!icmp_ln4)> <Delay = 0.00>
ST_1 : Operation 160 [1/1] (0.00ns)   --->   "%tmp_s = bitconcatenate i32 @_ssdm_op_BitConcatenate.i32.i1.i8.i23, i1 %raw_sign_read, i8 %exp_23, i23 %norm24_22" [/home/joe/Desktop/Uni/Year_4/Dissertation/Program-Synthesis-for-Efficient-ML/results/cpp/solution_fp32addition_fp32_normalisation.cpp:35]   --->   Operation 160 'bitconcatenate' 'tmp_s' <Predicate = (!icmp_ln4)> <Delay = 0.00>
ST_1 : Operation 161 [1/1] (1.58ns)   --->   "%br_ln0 = br void %return"   --->   Operation 161 'br' 'br_ln0' <Predicate = (!icmp_ln4)> <Delay = 1.58>
ST_1 : Operation 162 [1/1] (0.00ns)   --->   "%retval_0 = phi i32 %tmp_s, void %if.end222, i32 0, void %entry" [/home/joe/Desktop/Uni/Year_4/Dissertation/Program-Synthesis-for-Efficient-ML/results/cpp/solution_fp32addition_fp32_normalisation.cpp:35]   --->   Operation 162 'phi' 'retval_0' <Predicate = true> <Delay = 0.00>
ST_1 : Operation 163 [1/1] (0.00ns)   --->   "%ret_ln36 = ret i32 %retval_0" [/home/joe/Desktop/Uni/Year_4/Dissertation/Program-Synthesis-for-Efficient-ML/results/cpp/solution_fp32addition_fp32_normalisation.cpp:36]   --->   Operation 163 'ret' 'ret_ln36' <Predicate = true> <Delay = 0.00>


============================================================
+ Verbose Summary: Timing violations
============================================================
Target clock period: 50.000ns, clock uncertainty: 13.500ns.

 <State 1>: 7.137ns
The critical path consists of the following:
	wire read operation ('raw_sum_mantissa_read', /home/joe/Desktop/Uni/Year_4/Dissertation/Program-Synthesis-for-Efficient-ML/results/cpp/solution_fp32addition_fp32_normalisation.cpp:3) on port 'raw_sum_mantissa' (/home/joe/Desktop/Uni/Year_4/Dissertation/Program-Synthesis-for-Efficient-ML/results/cpp/solution_fp32addition_fp32_normalisation.cpp:3) [14]  (0.000 ns)
	'icmp' operation 1 bit ('icmp_ln4', /home/joe/Desktop/Uni/Year_4/Dissertation/Program-Synthesis-for-Efficient-ML/results/cpp/solution_fp32addition_fp32_normalisation.cpp:4) [15]  (2.344 ns)
	multiplexor before 'phi' operation 8 bit ('exp') with incoming values : ('target_exponent', /home/joe/Desktop/Uni/Year_4/Dissertation/Program-Synthesis-for-Efficient-ML/results/cpp/solution_fp32addition_fp32_normalisation.cpp:3) ('exp', /home/joe/Desktop/Uni/Year_4/Dissertation/Program-Synthesis-for-Efficient-ML/results/cpp/solution_fp32addition_fp32_normalisation.cpp:33) ('exp', /home/joe/Desktop/Uni/Year_4/Dissertation/Program-Synthesis-for-Efficient-ML/results/cpp/solution_fp32addition_fp32_normalisation.cpp:32) ('exp', /home/joe/Desktop/Uni/Year_4/Dissertation/Program-Synthesis-for-Efficient-ML/results/cpp/solution_fp32addition_fp32_normalisation.cpp:31) ('exp', /home/joe/Desktop/Uni/Year_4/Dissertation/Program-Synthesis-for-Efficient-ML/results/cpp/solution_fp32addition_fp32_normalisation.cpp:30) ('exp', /home/joe/Desktop/Uni/Year_4/Dissertation/Program-Synthesis-for-Efficient-ML/results/cpp/solution_fp32addition_fp32_normalisation.cpp:29) ('exp', /home/joe/Desktop/Uni/Year_4/Dissertation/Program-Synthesis-for-Efficient-ML/results/cpp/solution_fp32addition_fp32_normalisation.cpp:28) ('exp', /home/joe/Desktop/Uni/Year_4/Dissertation/Program-Synthesis-for-Efficient-ML/results/cpp/solution_fp32addition_fp32_normalisation.cpp:27) ('exp', /home/joe/Desktop/Uni/Year_4/Dissertation/Program-Synthesis-for-Efficient-ML/results/cpp/solution_fp32addition_fp32_normalisation.cpp:26) ('exp', /home/joe/Desktop/Uni/Year_4/Dissertation/Program-Synthesis-for-Efficient-ML/results/cpp/solution_fp32addition_fp32_normalisation.cpp:25) ('exp', /home/joe/Desktop/Uni/Year_4/Dissertation/Program-Synthesis-for-Efficient-ML/results/cpp/solution_fp32addition_fp32_normalisation.cpp:24) ('exp', /home/joe/Desktop/Uni/Year_4/Dissertation/Program-Synthesis-for-Efficient-ML/results/cpp/solution_fp32addition_fp32_normalisation.cpp:23) ('exp', /home/joe/Desktop/Uni/Year_4/Dissertation/Program-Synthesis-for-Efficient-ML/results/cpp/solution_fp32addition_fp32_normalisation.cpp:22) ('exp', /home/joe/Desktop/Uni/Year_4/Dissertation/Program-Synthesis-for-Efficient-ML/results/cpp/solution_fp32addition_fp32_normalisation.cpp:21) ('exp', /home/joe/Desktop/Uni/Year_4/Dissertation/Program-Synthesis-for-Efficient-ML/results/cpp/solution_fp32addition_fp32_normalisation.cpp:20) ('exp', /home/joe/Desktop/Uni/Year_4/Dissertation/Program-Synthesis-for-Efficient-ML/results/cpp/solution_fp32addition_fp32_normalisation.cpp:19) ('exp', /home/joe/Desktop/Uni/Year_4/Dissertation/Program-Synthesis-for-Efficient-ML/results/cpp/solution_fp32addition_fp32_normalisation.cpp:18) ('exp', /home/joe/Desktop/Uni/Year_4/Dissertation/Program-Synthesis-for-Efficient-ML/results/cpp/solution_fp32addition_fp32_normalisation.cpp:17) ('exp', /home/joe/Desktop/Uni/Year_4/Dissertation/Program-Synthesis-for-Efficient-ML/results/cpp/solution_fp32addition_fp32_normalisation.cpp:16) ('exp', /home/joe/Desktop/Uni/Year_4/Dissertation/Program-Synthesis-for-Efficient-ML/results/cpp/solution_fp32addition_fp32_normalisation.cpp:15) ('exp', /home/joe/Desktop/Uni/Year_4/Dissertation/Program-Synthesis-for-Efficient-ML/results/cpp/solution_fp32addition_fp32_normalisation.cpp:14) ('exp', /home/joe/Desktop/Uni/Year_4/Dissertation/Program-Synthesis-for-Efficient-ML/results/cpp/solution_fp32addition_fp32_normalisation.cpp:13) ('exp', /home/joe/Desktop/Uni/Year_4/Dissertation/Program-Synthesis-for-Efficient-ML/results/cpp/solution_fp32addition_fp32_normalisation.cpp:12) ('exp', /home/joe/Desktop/Uni/Year_4/Dissertation/Program-Synthesis-for-Efficient-ML/results/cpp/solution_fp32addition_fp32_normalisation.cpp:11) ('exp', /home/joe/Desktop/Uni/Year_4/Dissertation/Program-Synthesis-for-Efficient-ML/results/cpp/solution_fp32addition_fp32_normalisation.cpp:9) [210]  (3.205 ns)
	'phi' operation 8 bit ('exp') with incoming values : ('target_exponent', /home/joe/Desktop/Uni/Year_4/Dissertation/Program-Synthesis-for-Efficient-ML/results/cpp/solution_fp32addition_fp32_normalisation.cpp:3) ('exp', /home/joe/Desktop/Uni/Year_4/Dissertation/Program-Synthesis-for-Efficient-ML/results/cpp/solution_fp32addition_fp32_normalisation.cpp:33) ('exp', /home/joe/Desktop/Uni/Year_4/Dissertation/Program-Synthesis-for-Efficient-ML/results/cpp/solution_fp32addition_fp32_normalisation.cpp:32) ('exp', /home/joe/Desktop/Uni/Year_4/Dissertation/Program-Synthesis-for-Efficient-ML/results/cpp/solution_fp32addition_fp32_normalisation.cpp:31) ('exp', /home/joe/Desktop/Uni/Year_4/Dissertation/Program-Synthesis-for-Efficient-ML/results/cpp/solution_fp32addition_fp32_normalisation.cpp:30) ('exp', /home/joe/Desktop/Uni/Year_4/Dissertation/Program-Synthesis-for-Efficient-ML/results/cpp/solution_fp32addition_fp32_normalisation.cpp:29) ('exp', /home/joe/Desktop/Uni/Year_4/Dissertation/Program-Synthesis-for-Efficient-ML/results/cpp/solution_fp32addition_fp32_normalisation.cpp:28) ('exp', /home/joe/Desktop/Uni/Year_4/Dissertation/Program-Synthesis-for-Efficient-ML/results/cpp/solution_fp32addition_fp32_normalisation.cpp:27) ('exp', /home/joe/Desktop/Uni/Year_4/Dissertation/Program-Synthesis-for-Efficient-ML/results/cpp/solution_fp32addition_fp32_normalisation.cpp:26) ('exp', /home/joe/Desktop/Uni/Year_4/Dissertation/Program-Synthesis-for-Efficient-ML/results/cpp/solution_fp32addition_fp32_normalisation.cpp:25) ('exp', /home/joe/Desktop/Uni/Year_4/Dissertation/Program-Synthesis-for-Efficient-ML/results/cpp/solution_fp32addition_fp32_normalisation.cpp:24) ('exp', /home/joe/Desktop/Uni/Year_4/Dissertation/Program-Synthesis-for-Efficient-ML/results/cpp/solution_fp32addition_fp32_normalisation.cpp:23) ('exp', /home/joe/Desktop/Uni/Year_4/Dissertation/Program-Synthesis-for-Efficient-ML/results/cpp/solution_fp32addition_fp32_normalisation.cpp:22) ('exp', /home/joe/Desktop/Uni/Year_4/Dissertation/Program-Synthesis-for-Efficient-ML/results/cpp/solution_fp32addition_fp32_normalisation.cpp:21) ('exp', /home/joe/Desktop/Uni/Year_4/Dissertation/Program-Synthesis-for-Efficient-ML/results/cpp/solution_fp32addition_fp32_normalisation.cpp:20) ('exp', /home/joe/Desktop/Uni/Year_4/Dissertation/Program-Synthesis-for-Efficient-ML/results/cpp/solution_fp32addition_fp32_normalisation.cpp:19) ('exp', /home/joe/Desktop/Uni/Year_4/Dissertation/Program-Synthesis-for-Efficient-ML/results/cpp/solution_fp32addition_fp32_normalisation.cpp:18) ('exp', /home/joe/Desktop/Uni/Year_4/Dissertation/Program-Synthesis-for-Efficient-ML/results/cpp/solution_fp32addition_fp32_normalisation.cpp:17) ('exp', /home/joe/Desktop/Uni/Year_4/Dissertation/Program-Synthesis-for-Efficient-ML/results/cpp/solution_fp32addition_fp32_normalisation.cpp:16) ('exp', /home/joe/Desktop/Uni/Year_4/Dissertation/Program-Synthesis-for-Efficient-ML/results/cpp/solution_fp32addition_fp32_normalisation.cpp:15) ('exp', /home/joe/Desktop/Uni/Year_4/Dissertation/Program-Synthesis-for-Efficient-ML/results/cpp/solution_fp32addition_fp32_normalisation.cpp:14) ('exp', /home/joe/Desktop/Uni/Year_4/Dissertation/Program-Synthesis-for-Efficient-ML/results/cpp/solution_fp32addition_fp32_normalisation.cpp:13) ('exp', /home/joe/Desktop/Uni/Year_4/Dissertation/Program-Synthesis-for-Efficient-ML/results/cpp/solution_fp32addition_fp32_normalisation.cpp:12) ('exp', /home/joe/Desktop/Uni/Year_4/Dissertation/Program-Synthesis-for-Efficient-ML/results/cpp/solution_fp32addition_fp32_normalisation.cpp:11) ('exp', /home/joe/Desktop/Uni/Year_4/Dissertation/Program-Synthesis-for-Efficient-ML/results/cpp/solution_fp32addition_fp32_normalisation.cpp:9) [210]  (0.000 ns)
	multiplexor before 'phi' operation 32 bit ('retval_0', /home/joe/Desktop/Uni/Year_4/Dissertation/Program-Synthesis-for-Efficient-ML/results/cpp/solution_fp32addition_fp32_normalisation.cpp:35) with incoming values : ('tmp_s', /home/joe/Desktop/Uni/Year_4/Dissertation/Program-Synthesis-for-Efficient-ML/results/cpp/solution_fp32addition_fp32_normalisation.cpp:35) [215]  (1.588 ns)
	'phi' operation 32 bit ('retval_0', /home/joe/Desktop/Uni/Year_4/Dissertation/Program-Synthesis-for-Efficient-ML/results/cpp/solution_fp32addition_fp32_normalisation.cpp:35) with incoming values : ('tmp_s', /home/joe/Desktop/Uni/Year_4/Dissertation/Program-Synthesis-for-Efficient-ML/results/cpp/solution_fp32addition_fp32_normalisation.cpp:35) [215]  (0.000 ns)


============================================================
+ Verbose Summary: Binding
============================================================
N/A
* FSMD analyzer results:
  - Output states:
 - Input state : 
  - Chain level:
	State 1


============================================================
+ Verbose Summary: Datapath Resource usage 
============================================================
N/A
