Copyright 1986-2022 Xilinx, Inc. All Rights Reserved. Copyright 2022-2025 Advanced Micro Devices, Inc. All Rights Reserved.
-----------------------------------------------------------------------------------------------------------------------------------------------------------------------------------
| Tool Version : Vivado v.2025.1 (lin64) Build 6140274 Wed May 21 22:58:25 MDT 2025
| Date         : Wed Feb 11 11:42:07 2026
| Host         : joe running 64-bit Ubuntu 24.04.3 LTS
| Command      : report_timing_summary -file /home/joe/Desktop/Uni/Year_4/Dissertation/Program-Synthesis-for-Efficient-ML/results/FLOPOCO/solution_fp32addition_flopoco/timing.rpt
| Design       : fp32_sum_flopoco
| Device       : 7z020-clg400
| Speed File   : -1  PRODUCTION 1.12 2019-11-22
| Design State : Routed
-----------------------------------------------------------------------------------------------------------------------------------------------------------------------------------

Timing Summary Report

------------------------------------------------------------------------------------------------
| Timer Settings
| --------------
------------------------------------------------------------------------------------------------

  Enable Multi Corner Analysis               :  Yes
  Enable Pessimism Removal                   :  Yes
  Pessimism Removal Resolution               :  Nearest Common Node
  Enable Input Delay Default Clock           :  No
  Enable Preset / Clear Arcs                 :  No
  Disable Flight Delays                      :  No
  Ignore I/O Paths                           :  No
  Timing Early Launch at Borrowing Latches   :  No
  Borrow Time for Max Delay Exceptions       :  Yes
  Merge Timing Exceptions                    :  Yes
  Inter-SLR Compensation                     :  Conservative

  Corner  Analyze    Analyze    
  Name    Max Paths  Min Paths  
  ------  ---------  ---------  
  Slow    Yes        Yes        
  Fast    Yes        Yes        


------------------------------------------------------------------------------------------------
| Report Methodology
| ------------------
------------------------------------------------------------------------------------------------

No report available as report_methodology has not been run prior. Run report_methodology on the current design for the summary of methodology violations.



check_timing report

Table of Contents
-----------------
1. checking no_clock (0)
2. checking constant_clock (0)
3. checking pulse_width_clock (0)
4. checking unconstrained_internal_endpoints (0)
5. checking no_input_delay (66)
6. checking no_output_delay (33)
7. checking multiple_clock (0)
8. checking generated_clocks (0)
9. checking loops (0)
10. checking partial_input_delay (0)
11. checking partial_output_delay (0)
12. checking latch_loops (0)

1. checking no_clock (0)
------------------------
 There are 0 register/latch pins with no clock.


2. checking constant_clock (0)
------------------------------
 There are 0 register/latch pins with constant_clock.


3. checking pulse_width_clock (0)
---------------------------------
 There are 0 register/latch pins which need pulse_width check


4. checking unconstrained_internal_endpoints (0)
------------------------------------------------
 There are 0 pins that are not constrained for maximum delay.

 There are 0 pins that are not constrained for maximum delay due to constant clock.


5. checking no_input_delay (66)
-------------------------------
 There are 66 input ports with no input delay specified. (HIGH)

 There are 0 input ports with no input delay but user has a false path constraint.


6. checking no_output_delay (33)
--------------------------------
 There are 33 ports with no output delay specified. (HIGH)

 There are 0 ports with no output delay but user has a false path constraint

 There are 0 ports with no output delay but with a timing clock defined on it or propagating through it


7. checking multiple_clock (0)
------------------------------
 There are 0 register/latch pins with multiple clocks.


8. checking generated_clocks (0)
--------------------------------
 There are 0 generated clocks that are not connected to a clock source.


9. checking loops (0)
---------------------
 There are 0 combinational loops in the design.


10. checking partial_input_delay (0)
------------------------------------
 There are 0 input ports with partial input delay specified.


11. checking partial_output_delay (0)
-------------------------------------
 There are 0 ports with partial output delay specified.


12. checking latch_loops (0)
----------------------------
 There are 0 combinational latch loops in the design through latch input



------------------------------------------------------------------------------------------------
| Design Timing Summary
| ---------------------
------------------------------------------------------------------------------------------------

    WNS(ns)      TNS(ns)  TNS Failing Endpoints  TNS Total Endpoints      WHS(ns)      THS(ns)  THS Failing Endpoints  THS Total Endpoints     WPWS(ns)     TPWS(ns)  TPWS Failing Endpoints  TPWS Total Endpoints  
    -------      -------  ---------------------  -------------------      -------      -------  ---------------------  -------------------     --------     --------  ----------------------  --------------------  
     -2.189     -104.437                    109                  391        0.075        0.000                      0                  391        1.020        0.000                       0                   439  


Timing constraints are not met.


------------------------------------------------------------------------------------------------
| Clock Summary
| -------------
------------------------------------------------------------------------------------------------

Clock   Waveform(ns)         Period(ns)      Frequency(MHz)
-----   ------------         ----------      --------------
ap_clk  {0.000 2.000}        4.000           250.000         


------------------------------------------------------------------------------------------------
| Intra Clock Table
| -----------------
------------------------------------------------------------------------------------------------

Clock             WNS(ns)      TNS(ns)  TNS Failing Endpoints  TNS Total Endpoints      WHS(ns)      THS(ns)  THS Failing Endpoints  THS Total Endpoints     WPWS(ns)     TPWS(ns)  TPWS Failing Endpoints  TPWS Total Endpoints  
-----             -------      -------  ---------------------  -------------------      -------      -------  ---------------------  -------------------     --------     --------  ----------------------  --------------------  
ap_clk             -2.189     -104.437                    109                  391        0.075        0.000                      0                  391        1.020        0.000                       0                   439  


------------------------------------------------------------------------------------------------
| Inter Clock Table
| -----------------
------------------------------------------------------------------------------------------------

From Clock    To Clock          WNS(ns)      TNS(ns)  TNS Failing Endpoints  TNS Total Endpoints      WHS(ns)      THS(ns)  THS Failing Endpoints  THS Total Endpoints  
----------    --------          -------      -------  ---------------------  -------------------      -------      -------  ---------------------  -------------------  


------------------------------------------------------------------------------------------------
| Other Path Groups Table
| -----------------------
------------------------------------------------------------------------------------------------

Path Group    From Clock    To Clock          WNS(ns)      TNS(ns)  TNS Failing Endpoints  TNS Total Endpoints      WHS(ns)      THS(ns)  THS Failing Endpoints  THS Total Endpoints  
----------    ----------    --------          -------      -------  ---------------------  -------------------      -------      -------  ---------------------  -------------------  


------------------------------------------------------------------------------------------------
| Timing Details
| --------------
------------------------------------------------------------------------------------------------


---------------------------------------------------------------------------------------------------
From Clock:  ap_clk
  To Clock:  ap_clk

Setup :          109  Failing Endpoints,  Worst Slack       -2.189ns,  Total Violation     -104.437ns
Hold  :            0  Failing Endpoints,  Worst Slack        0.075ns,  Total Violation        0.000ns
PW    :            0  Failing Endpoints,  Worst Slack        1.020ns,  Total Violation        0.000ns
---------------------------------------------------------------------------------------------------


Max Delay Paths
--------------------------------------------------------------------------------------
Slack (VIOLATED) :        -2.189ns  (required time - arrival time)
  Source:                 u_fp32_add_flopoco/lzc_d1_reg[0]/C
                            (rising edge-triggered cell FDRE clocked by ap_clk  {rise@0.000ns fall@2.000ns period=4.000ns})
  Destination:            u_fp32_add_flopoco/roundingAdder/X_d1_reg[15]/D
                            (rising edge-triggered cell FDRE clocked by ap_clk  {rise@0.000ns fall@2.000ns period=4.000ns})
  Path Group:             ap_clk
  Path Type:              Setup (Max at Slow Process Corner)
  Requirement:            4.000ns  (ap_clk rise@4.000ns - ap_clk rise@0.000ns)
  Data Path Delay:        5.827ns  (logic 1.698ns (29.140%)  route 4.129ns (70.860%))
  Logic Levels:           6  (CARRY4=1 LUT4=2 LUT5=1 LUT6=2)
  Clock Path Skew:        -0.063ns (DCD - SCD + CPR)
    Destination Clock Delay (DCD):    4.724ns = ( 8.724 - 4.000 ) 
    Source Clock Delay      (SCD):    5.245ns
    Clock Pessimism Removal (CPR):    0.458ns
  Clock Uncertainty:      0.035ns  ((TSJ^2 + TIJ^2)^1/2 + DJ) / 2 + PE
    Total System Jitter     (TSJ):    0.071ns
    Total Input Jitter      (TIJ):    0.000ns
    Discrete Jitter          (DJ):    0.000ns
    Phase Error              (PE):    0.000ns

    Location             Delay type                Incr(ns)  Path(ns)    Netlist Resource(s)
  -------------------------------------------------------------------    -------------------
                         (clock ap_clk rise edge)     0.000     0.000 r  
    U14                                               0.000     0.000 r  ap_clk (IN)
                         net (fo=0)                   0.000     0.000    ap_clk
    U14                  IBUF (Prop_ibuf_I_O)         1.075     1.075 r  ap_clk_IBUF_inst/O
                         net (fo=1, routed)           2.205     3.280    ap_clk_IBUF
    BUFGCTRL_X0Y16       BUFG (Prop_bufg_I_O)         0.101     3.381 r  ap_clk_IBUF_BUFG_inst/O
                         net (fo=438, routed)         1.864     5.245    u_fp32_add_flopoco/ap_clk_IBUF_BUFG
    SLICE_X108Y51        FDRE                                         r  u_fp32_add_flopoco/lzc_d1_reg[0]/C
  -------------------------------------------------------------------    -------------------
    SLICE_X108Y51        FDRE (Prop_fdre_C_Q)         0.518     5.763 r  u_fp32_add_flopoco/lzc_d1_reg[0]/Q
                         net (fo=31, routed)          0.865     6.627    u_fp32_add_flopoco/roundingAdder/Q[0]
    SLICE_X109Y51        LUT4 (Prop_lut4_I0_O)        0.124     6.751 r  u_fp32_add_flopoco/roundingAdder/i__carry_i_7__0/O
                         net (fo=1, routed)           0.000     6.751    u_fp32_add_flopoco/roundingAdder_n_3
    SLICE_X109Y51        CARRY4 (Prop_carry4_S[0]_CO[3])
                                                      0.532     7.283 r  u_fp32_add_flopoco/geqOp_inferred__2/i__carry/CO[3]
                         net (fo=1, routed)           0.610     7.893    u_fp32_add_flopoco/roundingAdder/CO[0]
    SLICE_X109Y50        LUT6 (Prop_lut6_I4_O)        0.124     8.017 r  u_fp32_add_flopoco/roundingAdder/X_d1[12]_i_4/O
                         net (fo=31, routed)          0.549     8.566    u_fp32_add_flopoco/roundingAdder/lzc_d1_reg[1]
    SLICE_X108Y49        LUT4 (Prop_lut4_I2_O)        0.124     8.690 r  u_fp32_add_flopoco/roundingAdder/X_d1[16]_i_2/O
                         net (fo=41, routed)          1.115     9.805    u_fp32_add_flopoco/LeftShifterComponent/S[2]
    SLICE_X111Y50        LUT6 (Prop_lut6_I2_O)        0.124     9.929 r  u_fp32_add_flopoco/LeftShifterComponent/X_d1[15]_i_3/O
                         net (fo=1, routed)           0.797    10.726    u_fp32_add_flopoco/LeftShifterComponent/level3[10]
    SLICE_X112Y51        LUT5 (Prop_lut5_I2_O)        0.152    10.878 r  u_fp32_add_flopoco/LeftShifterComponent/X_d1[15]_i_1/O
                         net (fo=1, routed)           0.193    11.072    u_fp32_add_flopoco/roundingAdder/X_d1_reg[30]_2[2]
    SLICE_X113Y51        FDRE                                         r  u_fp32_add_flopoco/roundingAdder/X_d1_reg[15]/D
  -------------------------------------------------------------------    -------------------

                         (clock ap_clk rise edge)     4.000     4.000 r  
    U14                                               0.000     4.000 r  ap_clk (IN)
                         net (fo=0)                   0.000     4.000    ap_clk
    U14                  IBUF (Prop_ibuf_I_O)         0.940     4.940 r  ap_clk_IBUF_inst/O
                         net (fo=1, routed)           2.006     6.946    ap_clk_IBUF
    BUFGCTRL_X0Y16       BUFG (Prop_bufg_I_O)         0.091     7.037 r  ap_clk_IBUF_BUFG_inst/O
                         net (fo=438, routed)         1.687     8.724    u_fp32_add_flopoco/roundingAdder/ap_clk_IBUF_BUFG
    SLICE_X113Y51        FDRE                                         r  u_fp32_add_flopoco/roundingAdder/X_d1_reg[15]/C
                         clock pessimism              0.458     9.182    
                         clock uncertainty           -0.035     9.146    
    SLICE_X113Y51        FDRE (Setup_fdre_C_D)       -0.264     8.882    u_fp32_add_flopoco/roundingAdder/X_d1_reg[15]
  -------------------------------------------------------------------
                         required time                          8.882    
                         arrival time                         -11.072    
  -------------------------------------------------------------------
                         slack                                 -2.189    





Min Delay Paths
--------------------------------------------------------------------------------------
Slack (MET) :             0.075ns  (arrival time - required time)
  Source:                 u_fp32_add_flopoco/lsb_d1_reg/C
                            (rising edge-triggered cell FDRE clocked by ap_clk  {rise@0.000ns fall@2.000ns period=4.000ns})
  Destination:            u_fp32_add_flopoco/expSigR_d1_reg[1]/D
                            (rising edge-triggered cell FDRE clocked by ap_clk  {rise@0.000ns fall@2.000ns period=4.000ns})
  Path Group:             ap_clk
  Path Type:              Hold (Min at Fast Process Corner)
  Requirement:            0.000ns  (ap_clk rise@0.000ns - ap_clk rise@0.000ns)
  Data Path Delay:        0.457ns  (logic 0.288ns (62.983%)  route 0.169ns (37.017%))
  Logic Levels:           1  (CARRY4=1)
  Clock Path Skew:        0.277ns (DCD - SCD - CPR)
    Destination Clock Delay (DCD):    2.166ns
    Source Clock Delay      (SCD):    1.639ns
    Clock Pessimism Removal (CPR):    0.250ns

    Location             Delay type                Incr(ns)  Path(ns)    Netlist Resource(s)
  -------------------------------------------------------------------    -------------------
                         (clock ap_clk rise edge)     0.000     0.000 r  
    U14                                               0.000     0.000 r  ap_clk (IN)
                         net (fo=0)                   0.000     0.000    ap_clk
    U14                  IBUF (Prop_ibuf_I_O)         0.302     0.302 r  ap_clk_IBUF_inst/O
                         net (fo=1, routed)           0.674     0.976    ap_clk_IBUF
    BUFGCTRL_X0Y16       BUFG (Prop_bufg_I_O)         0.026     1.002 r  ap_clk_IBUF_BUFG_inst/O
                         net (fo=438, routed)         0.637     1.639    u_fp32_add_flopoco/ap_clk_IBUF_BUFG
    SLICE_X112Y50        FDRE                                         r  u_fp32_add_flopoco/lsb_d1_reg/C
  -------------------------------------------------------------------    -------------------
    SLICE_X112Y50        FDRE (Prop_fdre_C_Q)         0.164     1.803 r  u_fp32_add_flopoco/lsb_d1_reg/Q
                         net (fo=2, routed)           0.169     1.972    u_fp32_add_flopoco/roundingAdder/expSigR_d1_reg[3][0]
    SLICE_X110Y48        CARRY4 (Prop_carry4_DI[0]_O[1])
                                                      0.124     2.096 r  u_fp32_add_flopoco/roundingAdder/expSigR_d1_reg[3]_i_1/O[1]
                         net (fo=1, routed)           0.000     2.096    u_fp32_add_flopoco/expSigR[1]
    SLICE_X110Y48        FDRE                                         r  u_fp32_add_flopoco/expSigR_d1_reg[1]/D
  -------------------------------------------------------------------    -------------------

                         (clock ap_clk rise edge)     0.000     0.000 r  
    U14                                               0.000     0.000 r  ap_clk (IN)
                         net (fo=0)                   0.000     0.000    ap_clk
    U14                  IBUF (Prop_ibuf_I_O)         0.492     0.492 r  ap_clk_IBUF_inst/O
                         net (fo=1, routed)           0.731     1.223    ap_clk_IBUF
    BUFGCTRL_X0Y16       BUFG (Prop_bufg_I_O)         0.029     1.252 r  ap_clk_IBUF_BUFG_inst/O
                         net (fo=438, routed)         0.914     2.166    u_fp32_add_flopoco/ap_clk_IBUF_BUFG
    SLICE_X110Y48        FDRE                                         r  u_fp32_add_flopoco/expSigR_d1_reg[1]/C
                         clock pessimism             -0.250     1.916    
    SLICE_X110Y48        FDRE (Hold_fdre_C_D)         0.105     2.021    u_fp32_add_flopoco/expSigR_d1_reg[1]
  -------------------------------------------------------------------
                         required time                         -2.021    
                         arrival time                           2.096    
  -------------------------------------------------------------------
                         slack                                  0.075    





Pulse Width Checks
--------------------------------------------------------------------------------------
Clock Name:         ap_clk
Waveform(ns):       { 0.000 2.000 }
Period(ns):         4.000
Sources:            { ap_clk }

Check Type        Corner  Lib Pin     Reference Pin  Required(ns)  Actual(ns)  Slack(ns)  Location        Pin
Min Period        n/a     BUFG/I      n/a            2.155         4.000       1.845      BUFGCTRL_X0Y16  ap_clk_IBUF_BUFG_inst/I
Low Pulse Width   Slow    SRL16E/CLK  n/a            0.980         2.000       1.020      SLICE_X108Y55   u_fp32_add_flopoco/EffSub_d6_reg_srl2/CLK
High Pulse Width  Slow    SRL16E/CLK  n/a            0.980         2.000       1.020      SLICE_X108Y55   u_fp32_add_flopoco/EffSub_d6_reg_srl2/CLK



