Copyright 1986-2022 Xilinx, Inc. All Rights Reserved. Copyright 2022-2025 Advanced Micro Devices, Inc. All Rights Reserved.
-------------------------------------------------------------------------------------------------------------------------------------------------------------------------------------------------------------------------
| Tool Version : Vivado v.2025.1 (lin64) Build 6140274 Wed May 21 22:58:25 MDT 2025
| Date         : Wed Feb 11 11:42:07 2026
| Host         : joe running 64-bit Ubuntu 24.04.3 LTS
| Command      : report_timing -delay_type max -max_paths 1 -nworst 1 -file /home/joe/Desktop/Uni/Year_4/Dissertation/Program-Synthesis-for-Efficient-ML/results/FLOPOCO/solution_fp32addition_flopoco/timing_detail.rpt
| Design       : fp32_sum_flopoco
| Device       : 7z020-clg400
| Speed File   : -1  PRODUCTION 1.12 2019-11-22
| Design State : Routed
-------------------------------------------------------------------------------------------------------------------------------------------------------------------------------------------------------------------------

Timing Report

Slack (VIOLATED) :        -2.189ns  (required time - arrival time)
  Source:                 u_fp32_add_flopoco/lzc_d1_reg[0]/C
                            (rising edge-triggered cell FDRE clocked by ap_clk  {rise@0.000ns fall@2.000ns period=4.000ns})
  Destination:            u_fp32_add_flopoco/roundingAdder/X_d1_reg[15]/D
                            (rising edge-triggered cell FDRE clocked by ap_clk  {rise@0.000ns fall@2.000ns period=4.000ns})
  Path Group:             ap_clk
  Path Type:              Setup (Max at Slow Process Corner)
  Requirement:            4.000ns  (ap_clk rise@4.000ns - ap_clk rise@0.000ns)
  Data Path Delay:        5.827ns  (logic 1.698ns (29.140%)  route 4.129ns (70.860%))
  Logic Levels:           6  (CARRY4=1 LUT4=2 LUT5=1 LUT6=2)
  Clock Path Skew:        -0.063ns (DCD - SCD + CPR)
    Destination Clock Delay (DCD):    4.724ns = ( 8.724 - 4.000 ) 
    Source Clock Delay      (SCD):    5.245ns
    Clock Pessimism Removal (CPR):    0.458ns
  Clock Uncertainty:      0.035ns  ((TSJ^2 + TIJ^2)^1/2 + DJ) / 2 + PE
    Total System Jitter     (TSJ):    0.071ns
    Total Input Jitter      (TIJ):    0.000ns
    Discrete Jitter          (DJ):    0.000ns
    Phase Error              (PE):    0.000ns

    Location             Delay type                Incr(ns)  Path(ns)    Netlist Resource(s)
  -------------------------------------------------------------------    -------------------
                         (clock ap_clk rise edge)     0.000     0.000 r  
    U14                                               0.000     0.000 r  ap_clk (IN)
                         net (fo=0)                   0.000     0.000    ap_clk
    U14                  IBUF (Prop_ibuf_I_O)         1.075     1.075 r  ap_clk_IBUF_inst/O
                         net (fo=1, routed)           2.205     3.280    ap_clk_IBUF
    BUFGCTRL_X0Y16       BUFG (Prop_bufg_I_O)         0.101     3.381 r  ap_clk_IBUF_BUFG_inst/O
                         net (fo=438, routed)         1.864     5.245    u_fp32_add_flopoco/ap_clk_IBUF_BUFG
    SLICE_X108Y51        FDRE                                         r  u_fp32_add_flopoco/lzc_d1_reg[0]/C
  -------------------------------------------------------------------    -------------------
    SLICE_X108Y51        FDRE (Prop_fdre_C_Q)         0.518     5.763 r  u_fp32_add_flopoco/lzc_d1_reg[0]/Q
                         net (fo=31, routed)          0.865     6.627    u_fp32_add_flopoco/roundingAdder/Q[0]
    SLICE_X109Y51        LUT4 (Prop_lut4_I0_O)        0.124     6.751 r  u_fp32_add_flopoco/roundingAdder/i__carry_i_7__0/O
                         net (fo=1, routed)           0.000     6.751    u_fp32_add_flopoco/roundingAdder_n_3
    SLICE_X109Y51        CARRY4 (Prop_carry4_S[0]_CO[3])
                                                      0.532     7.283 r  u_fp32_add_flopoco/geqOp_inferred__2/i__carry/CO[3]
                         net (fo=1, routed)           0.610     7.893    u_fp32_add_flopoco/roundingAdder/CO[0]
    SLICE_X109Y50        LUT6 (Prop_lut6_I4_O)        0.124     8.017 r  u_fp32_add_flopoco/roundingAdder/X_d1[12]_i_4/O
                         net (fo=31, routed)          0.549     8.566    u_fp32_add_flopoco/roundingAdder/lzc_d1_reg[1]
    SLICE_X108Y49        LUT4 (Prop_lut4_I2_O)        0.124     8.690 r  u_fp32_add_flopoco/roundingAdder/X_d1[16]_i_2/O
                         net (fo=41, routed)          1.115     9.805    u_fp32_add_flopoco/LeftShifterComponent/S[2]
    SLICE_X111Y50        LUT6 (Prop_lut6_I2_O)        0.124     9.929 r  u_fp32_add_flopoco/LeftShifterComponent/X_d1[15]_i_3/O
                         net (fo=1, routed)           0.797    10.726    u_fp32_add_flopoco/LeftShifterComponent/level3[10]
    SLICE_X112Y51        LUT5 (Prop_lut5_I2_O)        0.152    10.878 r  u_fp32_add_flopoco/LeftShifterComponent/X_d1[15]_i_1/O
                         net (fo=1, routed)           0.193    11.072    u_fp32_add_flopoco/roundingAdder/X_d1_reg[30]_2[2]
    SLICE_X113Y51        FDRE                                         r  u_fp32_add_flopoco/roundingAdder/X_d1_reg[15]/D
  -------------------------------------------------------------------    -------------------

                         (clock ap_clk rise edge)     4.000     4.000 r  
    U14                                               0.000     4.000 r  ap_clk (IN)
                         net (fo=0)                   0.000     4.000    ap_clk
    U14                  IBUF (Prop_ibuf_I_O)         0.940     4.940 r  ap_clk_IBUF_inst/O
                         net (fo=1, routed)           2.006     6.946    ap_clk_IBUF
    BUFGCTRL_X0Y16       BUFG (Prop_bufg_I_O)         0.091     7.037 r  ap_clk_IBUF_BUFG_inst/O
                         net (fo=438, routed)         1.687     8.724    u_fp32_add_flopoco/roundingAdder/ap_clk_IBUF_BUFG
    SLICE_X113Y51        FDRE                                         r  u_fp32_add_flopoco/roundingAdder/X_d1_reg[15]/C
                         clock pessimism              0.458     9.182    
                         clock uncertainty           -0.035     9.146    
    SLICE_X113Y51        FDRE (Setup_fdre_C_D)       -0.264     8.882    u_fp32_add_flopoco/roundingAdder/X_d1_reg[15]
  -------------------------------------------------------------------
                         required time                          8.882    
                         arrival time                         -11.072    
  -------------------------------------------------------------------
                         slack                                 -2.189    




