#-----------------------------------------------------------
# Vivado v2025.1 (64-bit)
# SW Build 6140274 on Wed May 21 22:58:25 MDT 2025
# IP Build 6138677 on Thu May 22 03:10:11 MDT 2025
# SharedData Build 6139179 on Tue May 20 17:58:58 MDT 2025
# Start of session at: Wed Feb 11 11:41:02 2026
# Process ID         : 596394
# Current directory  : /home/joe/Desktop/Uni/Year_4/Dissertation/Program-Synthesis-for-Efficient-ML/results/FLOPOCO/solution_fp32addition_flopoco
# Command line       : vivado -mode batch -source vivado.tcl
# Log file           : /home/joe/Desktop/Uni/Year_4/Dissertation/Program-Synthesis-for-Efficient-ML/results/FLOPOCO/solution_fp32addition_flopoco/vivado.log
# Journal file       : /home/joe/Desktop/Uni/Year_4/Dissertation/Program-Synthesis-for-Efficient-ML/results/FLOPOCO/solution_fp32addition_flopoco/vivado.jou
# Running On         : joe
# Platform           : Ubuntu
# Operating System   : Ubuntu 24.04.3 LTS
# Processor Detail   : Intel(R) Core(TM) i7-10870H CPU @ 2.20GHz
# CPU Frequency      : 4598.333 MHz
# CPU Physical cores : 8
# CPU Logical cores  : 16
# Host memory        : 16592 MB
# Swap memory        : 4294 MB
# Total Virtual      : 20887 MB
# Available Virtual  : 8363 MB
#-----------------------------------------------------------
source vivado.tcl
# set rtl_dir "/home/joe/Desktop/Uni/Year_4/Dissertation/Program-Synthesis-for-Efficient-ML/results/FLOPOCO/solution_fp32addition_flopoco/verilog_out"
# set vhd_files [glob -nocomplain "$rtl_dir/*.vhd"]
# if {[llength $vhd_files] == 0} {
#   puts "ERROR: No VHDL files found in $rtl_dir"
#   exit 1
# }
# read_vhdl $vhd_files
# synth_design -top fp32_sum_flopoco -part xc7z020clg400-1
Command: synth_design -top fp32_sum_flopoco -part xc7z020clg400-1
Starting synth_design
Attempting to get a license for feature 'Synthesis' and/or device 'xc7z020'
INFO: [Common 17-349] Got license for feature 'Synthesis' and/or device 'xc7z020'
INFO: [Synth 8-7079] Multithreading enabled for synth_design using a maximum of 7 processes.
INFO: [Synth 8-7078] Launching helper process for spawning children vivado processes
INFO: [Synth 8-7075] Helper process launched with PID 596539
---------------------------------------------------------------------------------
Starting Synthesize : Time (s): cpu = 00:00:04 ; elapsed = 00:00:05 . Memory (MB): peak = 1966.230 ; gain = 419.625 ; free physical = 226 ; free virtual = 7114
---------------------------------------------------------------------------------
INFO: [Synth 8-638] synthesizing module 'fp32_sum_flopoco' [/home/joe/Desktop/Uni/Year_4/Dissertation/Program-Synthesis-for-Efficient-ML/results/FLOPOCO/solution_fp32addition_flopoco/verilog_out/fp32_sum_flopoco.vhd:22]
INFO: [Synth 8-3491] module 'fp32_add_flopoco' declared at '/home/joe/Desktop/Uni/Year_4/Dissertation/Program-Synthesis-for-Efficient-ML/results/FLOPOCO/solution_fp32addition_flopoco/verilog_out/fp32_add_flopoco.vhd:369' bound to instance 'u_fp32_add_flopoco' of component 'fp32_add_flopoco' [/home/joe/Desktop/Uni/Year_4/Dissertation/Program-Synthesis-for-Efficient-ML/results/FLOPOCO/solution_fp32addition_flopoco/verilog_out/fp32_sum_flopoco.vhd:57]
INFO: [Synth 8-638] synthesizing module 'fp32_add_flopoco' [/home/joe/Desktop/Uni/Year_4/Dissertation/Program-Synthesis-for-Efficient-ML/results/FLOPOCO/solution_fp32addition_flopoco/verilog_out/fp32_add_flopoco.vhd:376]
INFO: [Synth 8-3491] module 'RightShifterSticky26_by_max_25_Freq250_uid4' declared at '/home/joe/Desktop/Uni/Year_4/Dissertation/Program-Synthesis-for-Efficient-ML/results/FLOPOCO/solution_fp32addition_flopoco/verilog_out/fp32_add_flopoco.vhd:24' bound to instance 'RightShifterComponent' of component 'RightShifterSticky26_by_max_25_Freq250_uid4' [/home/joe/Desktop/Uni/Year_4/Dissertation/Program-Synthesis-for-Efficient-ML/results/FLOPOCO/solution_fp32addition_flopoco/verilog_out/fp32_add_flopoco.vhd:679]
INFO: [Synth 8-638] synthesizing module 'RightShifterSticky26_by_max_25_Freq250_uid4' [/home/joe/Desktop/Uni/Year_4/Dissertation/Program-Synthesis-for-Efficient-ML/results/FLOPOCO/solution_fp32addition_flopoco/verilog_out/fp32_add_flopoco.vhd:32]
INFO: [Synth 8-256] done synthesizing module 'RightShifterSticky26_by_max_25_Freq250_uid4' (0#1) [/home/joe/Desktop/Uni/Year_4/Dissertation/Program-Synthesis-for-Efficient-ML/results/FLOPOCO/solution_fp32addition_flopoco/verilog_out/fp32_add_flopoco.vhd:32]
INFO: [Synth 8-3491] module 'IntAdder_27_Freq250_uid6' declared at '/home/joe/Desktop/Uni/Year_4/Dissertation/Program-Synthesis-for-Efficient-ML/results/FLOPOCO/solution_fp32addition_flopoco/verilog_out/fp32_add_flopoco.vhd:113' bound to instance 'fracAdder' of component 'IntAdder_27_Freq250_uid6' [/home/joe/Desktop/Uni/Year_4/Dissertation/Program-Synthesis-for-Efficient-ML/results/FLOPOCO/solution_fp32addition_flopoco/verilog_out/fp32_add_flopoco.vhd:691]
INFO: [Synth 8-638] synthesizing module 'IntAdder_27_Freq250_uid6' [/home/joe/Desktop/Uni/Year_4/Dissertation/Program-Synthesis-for-Efficient-ML/results/FLOPOCO/solution_fp32addition_flopoco/verilog_out/fp32_add_flopoco.vhd:121]
INFO: [Synth 8-256] done synthesizing module 'IntAdder_27_Freq250_uid6' (0#1) [/home/joe/Desktop/Uni/Year_4/Dissertation/Program-Synthesis-for-Efficient-ML/results/FLOPOCO/solution_fp32addition_flopoco/verilog_out/fp32_add_flopoco.vhd:121]
INFO: [Synth 8-3491] module 'LZC_26_Freq250_uid8' declared at '/home/joe/Desktop/Uni/Year_4/Dissertation/Program-Synthesis-for-Efficient-ML/results/FLOPOCO/solution_fp32addition_flopoco/verilog_out/fp32_add_flopoco.vhd:173' bound to instance 'IEEEFPAdd_8_23_Freq250_uid2LeadingZeroCounter' of component 'LZC_26_Freq250_uid8' [/home/joe/Desktop/Uni/Year_4/Dissertation/Program-Synthesis-for-Efficient-ML/results/FLOPOCO/solution_fp32addition_flopoco/verilog_out/fp32_add_flopoco.vhd:702]
INFO: [Synth 8-638] synthesizing module 'LZC_26_Freq250_uid8' [/home/joe/Desktop/Uni/Year_4/Dissertation/Program-Synthesis-for-Efficient-ML/results/FLOPOCO/solution_fp32addition_flopoco/verilog_out/fp32_add_flopoco.vhd:179]
INFO: [Synth 8-256] done synthesizing module 'LZC_26_Freq250_uid8' (0#1) [/home/joe/Desktop/Uni/Year_4/Dissertation/Program-Synthesis-for-Efficient-ML/results/FLOPOCO/solution_fp32addition_flopoco/verilog_out/fp32_add_flopoco.vhd:179]
INFO: [Synth 8-3491] module 'LeftShifter27_by_max_26_Freq250_uid10' declared at '/home/joe/Desktop/Uni/Year_4/Dissertation/Program-Synthesis-for-Efficient-ML/results/FLOPOCO/solution_fp32addition_flopoco/verilog_out/fp32_add_flopoco.vhd:250' bound to instance 'LeftShifterComponent' of component 'LeftShifter27_by_max_26_Freq250_uid10' [/home/joe/Desktop/Uni/Year_4/Dissertation/Program-Synthesis-for-Efficient-ML/results/FLOPOCO/solution_fp32addition_flopoco/verilog_out/fp32_add_flopoco.vhd:710]
INFO: [Synth 8-638] synthesizing module 'LeftShifter27_by_max_26_Freq250_uid10' [/home/joe/Desktop/Uni/Year_4/Dissertation/Program-Synthesis-for-Efficient-ML/results/FLOPOCO/solution_fp32addition_flopoco/verilog_out/fp32_add_flopoco.vhd:257]
INFO: [Synth 8-256] done synthesizing module 'LeftShifter27_by_max_26_Freq250_uid10' (0#1) [/home/joe/Desktop/Uni/Year_4/Dissertation/Program-Synthesis-for-Efficient-ML/results/FLOPOCO/solution_fp32addition_flopoco/verilog_out/fp32_add_flopoco.vhd:257]
INFO: [Synth 8-3491] module 'IntAdder_31_Freq250_uid13' declared at '/home/joe/Desktop/Uni/Year_4/Dissertation/Program-Synthesis-for-Efficient-ML/results/FLOPOCO/solution_fp32addition_flopoco/verilog_out/fp32_add_flopoco.vhd:313' bound to instance 'roundingAdder' of component 'IntAdder_31_Freq250_uid13' [/home/joe/Desktop/Uni/Year_4/Dissertation/Program-Synthesis-for-Efficient-ML/results/FLOPOCO/solution_fp32addition_flopoco/verilog_out/fp32_add_flopoco.vhd:729]
INFO: [Synth 8-638] synthesizing module 'IntAdder_31_Freq250_uid13' [/home/joe/Desktop/Uni/Year_4/Dissertation/Program-Synthesis-for-Efficient-ML/results/FLOPOCO/solution_fp32addition_flopoco/verilog_out/fp32_add_flopoco.vhd:321]
INFO: [Synth 8-256] done synthesizing module 'IntAdder_31_Freq250_uid13' (0#1) [/home/joe/Desktop/Uni/Year_4/Dissertation/Program-Synthesis-for-Efficient-ML/results/FLOPOCO/solution_fp32addition_flopoco/verilog_out/fp32_add_flopoco.vhd:321]
INFO: [Synth 8-256] done synthesizing module 'fp32_add_flopoco' (0#1) [/home/joe/Desktop/Uni/Year_4/Dissertation/Program-Synthesis-for-Efficient-ML/results/FLOPOCO/solution_fp32addition_flopoco/verilog_out/fp32_add_flopoco.vhd:376]
INFO: [Synth 8-256] done synthesizing module 'fp32_sum_flopoco' (0#1) [/home/joe/Desktop/Uni/Year_4/Dissertation/Program-Synthesis-for-Efficient-ML/results/FLOPOCO/solution_fp32addition_flopoco/verilog_out/fp32_sum_flopoco.vhd:22]
WARNING: [Synth 8-3936] Found unconnected internal register 'level3_d1_reg' and it is trimmed from '26' to '4' bits. [/home/joe/Desktop/Uni/Year_4/Dissertation/Program-Synthesis-for-Efficient-ML/results/FLOPOCO/solution_fp32addition_flopoco/verilog_out/fp32_add_flopoco.vhd:68]
WARNING: [Synth 8-3936] Found unconnected internal register 'level4_d1_reg' and it is trimmed from '26' to '8' bits. [/home/joe/Desktop/Uni/Year_4/Dissertation/Program-Synthesis-for-Efficient-ML/results/FLOPOCO/solution_fp32addition_flopoco/verilog_out/fp32_add_flopoco.vhd:67]
WARNING: [Synth 8-3936] Found unconnected internal register 'ps_d1_reg' and it is trimmed from '5' to '4' bits. [/home/joe/Desktop/Uni/Year_4/Dissertation/Program-Synthesis-for-Efficient-ML/results/FLOPOCO/solution_fp32addition_flopoco/verilog_out/fp32_add_flopoco.vhd:65]
WARNING: [Synth 8-3936] Found unconnected internal register 'X_1_d2_reg' and it is trimmed from '28' to '27' bits. [/home/joe/Desktop/Uni/Year_4/Dissertation/Program-Synthesis-for-Efficient-ML/results/FLOPOCO/solution_fp32addition_flopoco/verilog_out/fp32_add_flopoco.vhd:138]
WARNING: [Synth 8-3936] Found unconnected internal register 'X_1_d1_reg' and it is trimmed from '28' to '27' bits. [/home/joe/Desktop/Uni/Year_4/Dissertation/Program-Synthesis-for-Efficient-ML/results/FLOPOCO/solution_fp32addition_flopoco/verilog_out/fp32_add_flopoco.vhd:137]
WARNING: [Synth 8-3936] Found unconnected internal register 'Y_1_d1_reg' and it is trimmed from '28' to '27' bits. [/home/joe/Desktop/Uni/Year_4/Dissertation/Program-Synthesis-for-Efficient-ML/results/FLOPOCO/solution_fp32addition_flopoco/verilog_out/fp32_add_flopoco.vhd:139]
WARNING: [Synth 8-3936] Found unconnected internal register 'level5_reg' and it is trimmed from '58' to '53' bits. [/home/joe/Desktop/Uni/Year_4/Dissertation/Program-Synthesis-for-Efficient-ML/results/FLOPOCO/solution_fp32addition_flopoco/verilog_out/fp32_add_flopoco.vhd:286]
WARNING: [Synth 8-3936] Found unconnected internal register 'normalizedSignificand_d1_reg' and it is trimmed from '53' to '2' bits. [/home/joe/Desktop/Uni/Year_4/Dissertation/Program-Synthesis-for-Efficient-ML/results/FLOPOCO/solution_fp32addition_flopoco/verilog_out/fp32_add_flopoco.vhd:617]
WARNING: [Synth 8-3936] Found unconnected internal register 'newY_d3_reg' and it is trimmed from '32' to '23' bits. [/home/joe/Desktop/Uni/Year_4/Dissertation/Program-Synthesis-for-Efficient-ML/results/FLOPOCO/solution_fp32addition_flopoco/verilog_out/fp32_add_flopoco.vhd:549]
WARNING: [Synth 8-3936] Found unconnected internal register 'newY_d2_reg' and it is trimmed from '32' to '23' bits. [/home/joe/Desktop/Uni/Year_4/Dissertation/Program-Synthesis-for-Efficient-ML/results/FLOPOCO/solution_fp32addition_flopoco/verilog_out/fp32_add_flopoco.vhd:548]
WARNING: [Synth 8-3936] Found unconnected internal register 'newY_d1_reg' and it is trimmed from '32' to '23' bits. [/home/joe/Desktop/Uni/Year_4/Dissertation/Program-Synthesis-for-Efficient-ML/results/FLOPOCO/solution_fp32addition_flopoco/verilog_out/fp32_add_flopoco.vhd:547]
WARNING: [Synth 8-3936] Found unconnected internal register 'newX_d3_reg' and it is trimmed from '32' to '23' bits. [/home/joe/Desktop/Uni/Year_4/Dissertation/Program-Synthesis-for-Efficient-ML/results/FLOPOCO/solution_fp32addition_flopoco/verilog_out/fp32_add_flopoco.vhd:546]
WARNING: [Synth 8-3936] Found unconnected internal register 'newX_d2_reg' and it is trimmed from '32' to '23' bits. [/home/joe/Desktop/Uni/Year_4/Dissertation/Program-Synthesis-for-Efficient-ML/results/FLOPOCO/solution_fp32addition_flopoco/verilog_out/fp32_add_flopoco.vhd:545]
WARNING: [Synth 8-3936] Found unconnected internal register 'newX_d1_reg' and it is trimmed from '32' to '23' bits. [/home/joe/Desktop/Uni/Year_4/Dissertation/Program-Synthesis-for-Efficient-ML/results/FLOPOCO/solution_fp32addition_flopoco/verilog_out/fp32_add_flopoco.vhd:544]
WARNING: [Synth 8-3917] design fp32_sum_flopoco has port ap_idle driven by constant 1
WARNING: [Synth 8-3917] design fp32_sum_flopoco has port ap_ready driven by constant 1
---------------------------------------------------------------------------------
Finished Synthesize : Time (s): cpu = 00:00:06 ; elapsed = 00:00:06 . Memory (MB): peak = 2043.168 ; gain = 496.562 ; free physical = 197 ; free virtual = 7022
---------------------------------------------------------------------------------
---------------------------------------------------------------------------------
Finished Constraint Validation : Time (s): cpu = 00:00:06 ; elapsed = 00:00:06 . Memory (MB): peak = 2060.980 ; gain = 514.375 ; free physical = 188 ; free virtual = 7018
---------------------------------------------------------------------------------
---------------------------------------------------------------------------------
Start Loading Part and Timing Information
---------------------------------------------------------------------------------
Loading part: xc7z020clg400-1
---------------------------------------------------------------------------------
Finished Loading Part and Timing Information : Time (s): cpu = 00:00:06 ; elapsed = 00:00:06 . Memory (MB): peak = 2060.980 ; gain = 514.375 ; free physical = 188 ; free virtual = 7018
---------------------------------------------------------------------------------
INFO: [Device 21-403] Loading part xc7z020clg400-1
---------------------------------------------------------------------------------
Finished RTL Optimization Phase 2 : Time (s): cpu = 00:00:07 ; elapsed = 00:00:07 . Memory (MB): peak = 2069.887 ; gain = 523.281 ; free physical = 182 ; free virtual = 7016
---------------------------------------------------------------------------------
No constraint files found.
---------------------------------------------------------------------------------
Start RTL Component Statistics 
---------------------------------------------------------------------------------
Detailed RTL Component Info : 
+---Adders : 
	   3 Input   31 Bit       Adders := 1     
	   3 Input   27 Bit       Adders := 1     
	   3 Input    9 Bit       Adders := 1     
	   2 Input    8 Bit       Adders := 1     
	   3 Input    8 Bit       Adders := 1     
	   3 Input    5 Bit       Adders := 1     
+---XORs : 
	   2 Input     27 Bit         XORs := 1     
	   2 Input      1 Bit         XORs := 1     
+---Registers : 
	               31 Bit    Registers := 22    
	               27 Bit    Registers := 5     
	               26 Bit    Registers := 1     
	               23 Bit    Registers := 6     
	               15 Bit    Registers := 1     
	                9 Bit    Registers := 1     
	                8 Bit    Registers := 9     
	                5 Bit    Registers := 1     
	                4 Bit    Registers := 2     
	                2 Bit    Registers := 1     
	                1 Bit    Registers := 67    
+---Muxes : 
	   2 Input   53 Bit        Muxes := 1     
	   2 Input   42 Bit        Muxes := 1     
	   2 Input   34 Bit        Muxes := 1     
	   2 Input   32 Bit        Muxes := 2     
	   2 Input   31 Bit        Muxes := 2     
	   2 Input   30 Bit        Muxes := 1     
	   2 Input   28 Bit        Muxes := 1     
	   2 Input   26 Bit        Muxes := 6     
	   2 Input   15 Bit        Muxes := 1     
	   2 Input    9 Bit        Muxes := 2     
	   2 Input    8 Bit        Muxes := 1     
	   2 Input    7 Bit        Muxes := 2     
	   2 Input    5 Bit        Muxes := 3     
	   2 Input    3 Bit        Muxes := 2     
	   2 Input    2 Bit        Muxes := 1     
	   4 Input    2 Bit        Muxes := 1     
---------------------------------------------------------------------------------
Finished RTL Component Statistics 
---------------------------------------------------------------------------------
---------------------------------------------------------------------------------
Start Part Resource Summary
---------------------------------------------------------------------------------
Part Resources:
DSPs: 220 (col length:60)
BRAMs: 280 (col length: RAMB18 60 RAMB36 30)
---------------------------------------------------------------------------------
Finished Part Resource Summary
---------------------------------------------------------------------------------
No constraint files found.
---------------------------------------------------------------------------------
Start Cross Boundary and Area Optimization
---------------------------------------------------------------------------------
WARNING: [Synth 8-7080] Parallel synthesis criteria is not met
WARNING: [Synth 8-3936] Found unconnected internal register 'u_fp32_add_flopoco/LeftShifterComponent/level0_d2_reg' and it is trimmed from '27' to '26' bits. [/home/joe/Desktop/Uni/Year_4/Dissertation/Program-Synthesis-for-Efficient-ML/results/FLOPOCO/solution_fp32addition_flopoco/verilog_out/fp32_add_flopoco.vhd:277]
WARNING: [Synth 8-3936] Found unconnected internal register 'u_fp32_add_flopoco/LeftShifterComponent/level0_d1_reg' and it is trimmed from '27' to '26' bits. [/home/joe/Desktop/Uni/Year_4/Dissertation/Program-Synthesis-for-Efficient-ML/results/FLOPOCO/solution_fp32addition_flopoco/verilog_out/fp32_add_flopoco.vhd:276]
WARNING: [Synth 8-3917] design fp32_sum_flopoco has port ap_idle driven by constant 1
WARNING: [Synth 8-3917] design fp32_sum_flopoco has port ap_ready driven by constant 1
---------------------------------------------------------------------------------
Finished Cross Boundary and Area Optimization : Time (s): cpu = 00:00:11 ; elapsed = 00:00:12 . Memory (MB): peak = 2242.801 ; gain = 696.195 ; free physical = 185 ; free virtual = 6876
---------------------------------------------------------------------------------
No constraint files found.
---------------------------------------------------------------------------------
Start Timing Optimization
---------------------------------------------------------------------------------
---------------------------------------------------------------------------------
Finished Timing Optimization : Time (s): cpu = 00:00:11 ; elapsed = 00:00:12 . Memory (MB): peak = 2248.738 ; gain = 702.133 ; free physical = 185 ; free virtual = 6876
---------------------------------------------------------------------------------
---------------------------------------------------------------------------------
Start Technology Mapping
---------------------------------------------------------------------------------
---------------------------------------------------------------------------------
Finished Technology Mapping : Time (s): cpu = 00:00:11 ; elapsed = 00:00:12 . Memory (MB): peak = 2256.746 ; gain = 710.141 ; free physical = 178 ; free virtual = 6868
---------------------------------------------------------------------------------
---------------------------------------------------------------------------------
Start IO Insertion
---------------------------------------------------------------------------------
---------------------------------------------------------------------------------
Start Flattening Before IO Insertion
---------------------------------------------------------------------------------
---------------------------------------------------------------------------------
Finished Flattening Before IO Insertion
---------------------------------------------------------------------------------
---------------------------------------------------------------------------------
Start Final Netlist Cleanup
---------------------------------------------------------------------------------
---------------------------------------------------------------------------------
Finished Final Netlist Cleanup
---------------------------------------------------------------------------------
---------------------------------------------------------------------------------
Finished IO Insertion : Time (s): cpu = 00:00:15 ; elapsed = 00:00:16 . Memory (MB): peak = 2400.559 ; gain = 853.953 ; free physical = 218 ; free virtual = 6743
---------------------------------------------------------------------------------
---------------------------------------------------------------------------------
Start Renaming Generated Instances
---------------------------------------------------------------------------------
---------------------------------------------------------------------------------
Finished Renaming Generated Instances : Time (s): cpu = 00:00:15 ; elapsed = 00:00:16 . Memory (MB): peak = 2400.559 ; gain = 853.953 ; free physical = 218 ; free virtual = 6743
---------------------------------------------------------------------------------
---------------------------------------------------------------------------------
Start Rebuilding User Hierarchy
---------------------------------------------------------------------------------
---------------------------------------------------------------------------------
Finished Rebuilding User Hierarchy : Time (s): cpu = 00:00:15 ; elapsed = 00:00:16 . Memory (MB): peak = 2400.559 ; gain = 853.953 ; free physical = 218 ; free virtual = 6743
---------------------------------------------------------------------------------
---------------------------------------------------------------------------------
Start Renaming Generated Ports
---------------------------------------------------------------------------------
---------------------------------------------------------------------------------
Finished Renaming Generated Ports : Time (s): cpu = 00:00:15 ; elapsed = 00:00:16 . Memory (MB): peak = 2400.559 ; gain = 853.953 ; free physical = 218 ; free virtual = 6743
---------------------------------------------------------------------------------
---------------------------------------------------------------------------------
Start Handling Custom Attributes
---------------------------------------------------------------------------------
---------------------------------------------------------------------------------
Finished Handling Custom Attributes : Time (s): cpu = 00:00:15 ; elapsed = 00:00:16 . Memory (MB): peak = 2400.559 ; gain = 853.953 ; free physical = 218 ; free virtual = 6743
---------------------------------------------------------------------------------
---------------------------------------------------------------------------------
Start Renaming Generated Nets
---------------------------------------------------------------------------------
---------------------------------------------------------------------------------
Finished Renaming Generated Nets : Time (s): cpu = 00:00:15 ; elapsed = 00:00:16 . Memory (MB): peak = 2400.559 ; gain = 853.953 ; free physical = 218 ; free virtual = 6743
---------------------------------------------------------------------------------
---------------------------------------------------------------------------------
Start ROM, RAM, DSP, Shift Register and Retiming Reporting
---------------------------------------------------------------------------------

Static Shift Register Report:
+-----------------+--------------------------------------------+--------+-------+--------------+--------------------+-------------------+--------+---------+
|Module Name      | RTL Name                                   | Length | Width | Reset Signal | Pull out first Reg | Pull out last Reg | SRL16E | SRLC32E | 
+-----------------+--------------------------------------------+--------+-------+--------------+--------------------+-------------------+--------+---------+
|fp32_sum_flopoco | u_fp32_add_flopoco/yExpFieldZero_d3_reg    | 3      | 1     | NO           | NO                 | YES               | 1      | 0       | 
|fp32_sum_flopoco | u_fp32_add_flopoco/yIsZero_d3_reg          | 3      | 1     | NO           | NO                 | YES               | 1      | 0       | 
|fp32_sum_flopoco | u_fp32_add_flopoco/xExpFieldZero_d3_reg    | 3      | 1     | NO           | NO                 | YES               | 1      | 0       | 
|fp32_sum_flopoco | u_fp32_add_flopoco/xIsZero_d3_reg          | 3      | 1     | NO           | NO                 | YES               | 1      | 0       | 
|fp32_sum_flopoco | u_fp32_add_flopoco/expNewX_d4_reg[7]       | 3      | 8     | NO           | NO                 | YES               | 8      | 0       | 
|fp32_sum_flopoco | u_fp32_add_flopoco/EffSub_d7_reg           | 3      | 1     | NO           | NO                 | YES               | 1      | 0       | 
|fp32_sum_flopoco | u_fp32_add_flopoco/yExpFieldAllOnes_d3_reg | 3      | 1     | NO           | NO                 | YES               | 1      | 0       | 
|fp32_sum_flopoco | u_fp32_add_flopoco/xExpFieldAllOnes_d3_reg | 3      | 1     | NO           | NO                 | YES               | 1      | 0       | 
|fp32_sum_flopoco | u_fp32_add_flopoco/resultIsNaN_d3_reg      | 3      | 1     | NO           | NO                 | YES               | 1      | 0       | 
|fp32_sum_flopoco | u_fp32_add_flopoco/yIsInfinity_d3_reg      | 3      | 1     | NO           | NO                 | YES               | 1      | 0       | 
|fp32_sum_flopoco | u_fp32_add_flopoco/xIsInfinity_d3_reg      | 3      | 1     | NO           | NO                 | YES               | 1      | 0       | 
|fp32_sum_flopoco | u_fp32_add_flopoco/signNewX_d7_reg         | 7      | 1     | NO           | NO                 | YES               | 1      | 0       | 
|fp32_sum_flopoco | u_fp32_add_flopoco/signNewY_d7_reg         | 7      | 1     | NO           | NO                 | YES               | 1      | 0       | 
|fp32_sum_flopoco | u_fp32_add_flopoco/stickyLow_d4_reg        | 4      | 1     | NO           | NO                 | YES               | 1      | 0       | 
|fp32_sum_flopoco | u_fp32_add_flopoco/newX_d3_reg[22]         | 3      | 23    | NO           | NO                 | YES               | 23     | 0       | 
+-----------------+--------------------------------------------+--------+-------+--------------+--------------------+-------------------+--------+---------+

---------------------------------------------------------------------------------
Finished ROM, RAM, DSP, Shift Register and Retiming Reporting
---------------------------------------------------------------------------------
---------------------------------------------------------------------------------
Start Writing Synthesis Report
---------------------------------------------------------------------------------

Report BlackBoxes: 
+-+--------------+----------+
| |BlackBox name |Instances |
+-+--------------+----------+
+-+--------------+----------+

Report Cell Usage: 
+------+-------+------+
|      |Cell   |Count |
+------+-------+------+
|1     |BUFG   |     1|
|2     |CARRY4 |    27|
|3     |LUT1   |     3|
|4     |LUT2   |    74|
|5     |LUT3   |   121|
|6     |LUT4   |    74|
|7     |LUT5   |    55|
|8     |LUT6   |   175|
|9     |SRL16E |    44|
|10    |FDRE   |   383|
|11    |IBUF   |    67|
|12    |OBUF   |    35|
+------+-------+------+

Report Instance Areas: 
+------+--------------------------------------------------+--------------------------------------------+------+
|      |Instance                                          |Module                                      |Cells |
+------+--------------------------------------------------+--------------------------------------------+------+
|1     |top                                               |                                            |  1059|
|2     |  u_fp32_add_flopoco                              |fp32_add_flopoco                            |   948|
|3     |    IEEEFPAdd_8_23_Freq250_uid2LeadingZeroCounter |LZC_26_Freq250_uid8                         |    41|
|4     |    LeftShifterComponent                          |LeftShifter27_by_max_26_Freq250_uid10       |   143|
|5     |    RightShifterComponent                         |RightShifterSticky26_by_max_25_Freq250_uid4 |   167|
|6     |    fracAdder                                     |IntAdder_27_Freq250_uid6                    |    89|
|7     |    roundingAdder                                 |IntAdder_31_Freq250_uid13                   |    65|
+------+--------------------------------------------------+--------------------------------------------+------+
---------------------------------------------------------------------------------
Finished Writing Synthesis Report : Time (s): cpu = 00:00:15 ; elapsed = 00:00:16 . Memory (MB): peak = 2400.559 ; gain = 853.953 ; free physical = 218 ; free virtual = 6743
---------------------------------------------------------------------------------
Synthesis finished with 0 errors, 0 critical warnings and 21 warnings.
Synthesis Optimization Runtime : Time (s): cpu = 00:00:15 ; elapsed = 00:00:16 . Memory (MB): peak = 2400.559 ; gain = 853.953 ; free physical = 218 ; free virtual = 6743
Synthesis Optimization Complete : Time (s): cpu = 00:00:15 ; elapsed = 00:00:16 . Memory (MB): peak = 2400.566 ; gain = 853.953 ; free physical = 218 ; free virtual = 6743
INFO: [Project 1-571] Translating synthesized netlist
Netlist sorting complete. Time (s): cpu = 00:00:00.01 ; elapsed = 00:00:00.01 . Memory (MB): peak = 2418.371 ; gain = 0.000 ; free physical = 361 ; free virtual = 6891
INFO: [Netlist 29-17] Analyzing 27 Unisim elements for replacement
INFO: [Netlist 29-28] Unisim Transformation completed in 0 CPU seconds
INFO: [Project 1-570] Preparing netlist for logic optimization
INFO: [Opt 31-138] Pushed 0 inverter(s) to 0 load pin(s).
Netlist sorting complete. Time (s): cpu = 00:00:00 ; elapsed = 00:00:00 . Memory (MB): peak = 2547.984 ; gain = 0.000 ; free physical = 247 ; free virtual = 6783
INFO: [Project 1-111] Unisim Transformation Summary:
No Unisim elements were transformed.

Synth Design complete | Checksum: 8bd557e2
INFO: [Common 17-83] Releasing license: Synthesis
32 Infos, 21 Warnings, 0 Critical Warnings and 0 Errors encountered.
synth_design completed successfully
synth_design: Time (s): cpu = 00:00:21 ; elapsed = 00:00:19 . Memory (MB): peak = 2548.020 ; gain = 1001.414 ; free physical = 245 ; free virtual = 6783
INFO: [Common 17-2834] synth_design peak Physical Memory [PSS] (MB): overall = 1969.187; main = 1969.187; forked = 336.001
INFO: [Common 17-2834] synth_design peak Virtual Memory [VSS] (MB): overall = 3081.910; main = 2547.988; forked = 956.176
# create_clock -name ap_clk -period 4.000 [get_ports ap_clk]
# opt_design
Command: opt_design
Attempting to get a license for feature 'Implementation' and/or device 'xc7z020'
INFO: [Common 17-349] Got license for feature 'Implementation' and/or device 'xc7z020'
Running DRC as a precondition to command opt_design

Starting DRC Task
INFO: [DRC 23-27] Running DRC with 8 threads
INFO: [Project 1-461] DRC finished with 0 Errors
INFO: [Project 1-462] Please refer to the DRC report (report_drc) for more information.

Time (s): cpu = 00:00:00.8 ; elapsed = 00:00:00.36 . Memory (MB): peak = 2623.891 ; gain = 75.871 ; free physical = 244 ; free virtual = 6783

Starting Cache Timing Information Task
INFO: [Timing 38-35] Done setting XDC timing constraints.
Ending Cache Timing Information Task | Checksum: ae62b714

Time (s): cpu = 00:00:05 ; elapsed = 00:00:05 . Memory (MB): peak = 2858.844 ; gain = 234.953 ; free physical = 253 ; free virtual = 6590

Starting Logic Optimization Task

Phase 1 Initialization

Phase 1.1 Core Generation And Design Setup
Phase 1.1 Core Generation And Design Setup | Checksum: ae62b714

Time (s): cpu = 00:00:00 ; elapsed = 00:00:00 . Memory (MB): peak = 3150.750 ; gain = 0.000 ; free physical = 206 ; free virtual = 6255

Phase 1.2 Setup Constraints And Sort Netlist
Phase 1.2 Setup Constraints And Sort Netlist | Checksum: ae62b714

Time (s): cpu = 00:00:00 ; elapsed = 00:00:00 . Memory (MB): peak = 3150.750 ; gain = 0.000 ; free physical = 206 ; free virtual = 6255
Phase 1 Initialization | Checksum: ae62b714

Time (s): cpu = 00:00:00 ; elapsed = 00:00:00 . Memory (MB): peak = 3150.750 ; gain = 0.000 ; free physical = 206 ; free virtual = 6255

Phase 2 Timer Update And Timing Data Collection

Phase 2.1 Timer Update
Phase 2.1 Timer Update | Checksum: ae62b714

Time (s): cpu = 00:00:00.03 ; elapsed = 00:00:00.01 . Memory (MB): peak = 3150.750 ; gain = 0.000 ; free physical = 206 ; free virtual = 6255

Phase 2.2 Timing Data Collection
Phase 2.2 Timing Data Collection | Checksum: ae62b714

Time (s): cpu = 00:00:00.03 ; elapsed = 00:00:00.01 . Memory (MB): peak = 3150.750 ; gain = 0.000 ; free physical = 206 ; free virtual = 6255
Phase 2 Timer Update And Timing Data Collection | Checksum: ae62b714

Time (s): cpu = 00:00:00.03 ; elapsed = 00:00:00.01 . Memory (MB): peak = 3150.750 ; gain = 0.000 ; free physical = 206 ; free virtual = 6255

Phase 3 Retarget
INFO: [Opt 31-1851] Number of loadless carry chains removed were: 0
INFO: [Opt 31-1834] Total Chains To Be Transformed Were: 0 AND Number of Transformed insts Created are: 0
INFO: [Opt 31-1566] Pulled 3 inverters resulting in an inversion of 62 pins
INFO: [Opt 31-138] Pushed 0 inverter(s) to 0 load pin(s).
INFO: [Opt 31-49] Retargeted 0 cell(s).
Phase 3 Retarget | Checksum: 655ef8a3

Time (s): cpu = 00:00:00.13 ; elapsed = 00:00:00.04 . Memory (MB): peak = 3150.750 ; gain = 0.000 ; free physical = 206 ; free virtual = 6255
Retarget | Checksum: 655ef8a3
INFO: [Opt 31-389] Phase Retarget created 0 cells and removed 3 cells

Phase 4 Constant propagation
INFO: [Opt 31-138] Pushed 0 inverter(s) to 0 load pin(s).
Phase 4 Constant propagation | Checksum: 655ef8a3

Time (s): cpu = 00:00:00.14 ; elapsed = 00:00:00.04 . Memory (MB): peak = 3150.750 ; gain = 0.000 ; free physical = 206 ; free virtual = 6255
Constant propagation | Checksum: 655ef8a3
INFO: [Opt 31-389] Phase Constant propagation created 0 cells and removed 0 cells

Phase 5 Sweep
INFO: [Constraints 18-11670] Building netlist checker database with flags, 0x8
Done building netlist checker database: Time (s): cpu = 00:00:00 ; elapsed = 00:00:00 . Memory (MB): peak = 3150.750 ; gain = 0.000 ; free physical = 206 ; free virtual = 6255
Phase 5 Sweep | Checksum: 6adacbd9

Time (s): cpu = 00:00:00.15 ; elapsed = 00:00:00.05 . Memory (MB): peak = 3150.750 ; gain = 0.000 ; free physical = 206 ; free virtual = 6255
Sweep | Checksum: 6adacbd9
INFO: [Opt 31-389] Phase Sweep created 0 cells and removed 0 cells

Phase 6 BUFG optimization
Phase 6 BUFG optimization | Checksum: 6adacbd9

Time (s): cpu = 00:00:00.16 ; elapsed = 00:00:00.06 . Memory (MB): peak = 3182.766 ; gain = 32.016 ; free physical = 206 ; free virtual = 6255
BUFG optimization | Checksum: 6adacbd9
INFO: [Opt 31-662] Phase BUFG optimization created 0 cells of which 0 are BUFGs and removed 0 cells.

Phase 7 Shift Register Optimization
INFO: [Opt 31-1064] SRL Remap converted 0 SRLs to 0 registers and converted 0 registers of register chains to 0 SRLs
Phase 7 Shift Register Optimization | Checksum: 6adacbd9

Time (s): cpu = 00:00:00.16 ; elapsed = 00:00:00.06 . Memory (MB): peak = 3182.766 ; gain = 32.016 ; free physical = 205 ; free virtual = 6254
Shift Register Optimization | Checksum: 6adacbd9
INFO: [Opt 31-389] Phase Shift Register Optimization created 0 cells and removed 0 cells

Phase 8 Post Processing Netlist
Phase 8 Post Processing Netlist | Checksum: 6adacbd9

Time (s): cpu = 00:00:00.16 ; elapsed = 00:00:00.06 . Memory (MB): peak = 3182.766 ; gain = 32.016 ; free physical = 205 ; free virtual = 6254
Post Processing Netlist | Checksum: 6adacbd9
INFO: [Opt 31-389] Phase Post Processing Netlist created 0 cells and removed 0 cells

Phase 9 Finalization

Phase 9.1 Finalizing Design Cores and Updating Shapes
Phase 9.1 Finalizing Design Cores and Updating Shapes | Checksum: c63e0b92

Time (s): cpu = 00:00:00.18 ; elapsed = 00:00:00.07 . Memory (MB): peak = 3182.766 ; gain = 32.016 ; free physical = 205 ; free virtual = 6253

Phase 9.2 Verifying Netlist Connectivity

Starting Connectivity Check Task

Time (s): cpu = 00:00:00 ; elapsed = 00:00:00.01 . Memory (MB): peak = 3182.766 ; gain = 0.000 ; free physical = 205 ; free virtual = 6253
Phase 9.2 Verifying Netlist Connectivity | Checksum: c63e0b92

Time (s): cpu = 00:00:00.18 ; elapsed = 00:00:00.08 . Memory (MB): peak = 3182.766 ; gain = 32.016 ; free physical = 205 ; free virtual = 6253
Phase 9 Finalization | Checksum: c63e0b92

Time (s): cpu = 00:00:00.18 ; elapsed = 00:00:00.08 . Memory (MB): peak = 3182.766 ; gain = 32.016 ; free physical = 205 ; free virtual = 6253
Opt_design Change Summary
=========================


-------------------------------------------------------------------------------------------------------------------------
|  Phase                        |  #Cells created  |  #Cells Removed  |  #Constrained objects preventing optimizations  |
-------------------------------------------------------------------------------------------------------------------------
|  Retarget                     |               0  |               3  |                                              0  |
|  Constant propagation         |               0  |               0  |                                              0  |
|  Sweep                        |               0  |               0  |                                              0  |
|  BUFG optimization            |               0  |               0  |                                              0  |
|  Shift Register Optimization  |               0  |               0  |                                              0  |
|  Post Processing Netlist      |               0  |               0  |                                              0  |
-------------------------------------------------------------------------------------------------------------------------


Ending Logic Optimization Task | Checksum: c63e0b92

Time (s): cpu = 00:00:00.18 ; elapsed = 00:00:00.08 . Memory (MB): peak = 3182.766 ; gain = 32.016 ; free physical = 205 ; free virtual = 6253

Starting Power Optimization Task
INFO: [Pwropt 34-132] Skipping clock gating for clocks with a period < 2.00 ns.
Ending Power Optimization Task | Checksum: c63e0b92

Time (s): cpu = 00:00:00.01 ; elapsed = 00:00:00 . Memory (MB): peak = 3182.766 ; gain = 0.000 ; free physical = 204 ; free virtual = 6253

Starting Final Cleanup Task
Ending Final Cleanup Task | Checksum: c63e0b92

Time (s): cpu = 00:00:00 ; elapsed = 00:00:00 . Memory (MB): peak = 3182.766 ; gain = 0.000 ; free physical = 204 ; free virtual = 6253

Starting Netlist Obfuscation Task
Netlist sorting complete. Time (s): cpu = 00:00:00 ; elapsed = 00:00:00 . Memory (MB): peak = 3182.766 ; gain = 0.000 ; free physical = 204 ; free virtual = 6253
Ending Netlist Obfuscation Task | Checksum: c63e0b92

Time (s): cpu = 00:00:00 ; elapsed = 00:00:00 . Memory (MB): peak = 3182.766 ; gain = 0.000 ; free physical = 204 ; free virtual = 6253
INFO: [Common 17-83] Releasing license: Implementation
21 Infos, 0 Warnings, 0 Critical Warnings and 0 Errors encountered.
opt_design completed successfully
opt_design: Time (s): cpu = 00:00:09 ; elapsed = 00:00:08 . Memory (MB): peak = 3182.766 ; gain = 634.746 ; free physical = 204 ; free virtual = 6253
# place_design
Command: place_design
Attempting to get a license for feature 'Implementation' and/or device 'xc7z020'
INFO: [Common 17-349] Got license for feature 'Implementation' and/or device 'xc7z020'
INFO: [Common 17-83] Releasing license: Implementation
INFO: [DRC 23-27] Running DRC with 8 threads
INFO: [Vivado_Tcl 4-198] DRC finished with 0 Errors
INFO: [Vivado_Tcl 4-199] Please refer to the DRC report (report_drc) for more information.
Running DRC as a precondition to command place_design
INFO: [DRC 23-27] Running DRC with 8 threads
INFO: [Vivado_Tcl 4-198] DRC finished with 0 Errors
INFO: [Vivado_Tcl 4-199] Please refer to the DRC report (report_drc) for more information.
INFO: [Place 30-611] Multithreading enabled for place_design using a maximum of 8 CPUs

Starting Placer Task

Phase 1 Placer Initialization

Phase 1.1 Placer Initialization Netlist Sorting
Netlist sorting complete. Time (s): cpu = 00:00:00 ; elapsed = 00:00:00 . Memory (MB): peak = 3182.766 ; gain = 0.000 ; free physical = 193 ; free virtual = 6242
Phase 1.1 Placer Initialization Netlist Sorting | Checksum: 57b8844d

Time (s): cpu = 00:00:00.01 ; elapsed = 00:00:00 . Memory (MB): peak = 3182.766 ; gain = 0.000 ; free physical = 193 ; free virtual = 6242
Netlist sorting complete. Time (s): cpu = 00:00:00 ; elapsed = 00:00:00 . Memory (MB): peak = 3182.766 ; gain = 0.000 ; free physical = 193 ; free virtual = 6242

Phase 1.2 IO Placement/ Clock Placement/ Build Placer Device
INFO: [Timing 38-35] Done setting XDC timing constraints.
Phase 1.2 IO Placement/ Clock Placement/ Build Placer Device | Checksum: 135fc998f

Time (s): cpu = 00:00:01 ; elapsed = 00:00:00.44 . Memory (MB): peak = 3182.766 ; gain = 0.000 ; free physical = 186 ; free virtual = 6239

Phase 1.3 Build Placer Netlist Model
Phase 1.3 Build Placer Netlist Model | Checksum: 18700f966

Time (s): cpu = 00:00:02 ; elapsed = 00:00:00.65 . Memory (MB): peak = 3221.809 ; gain = 39.043 ; free physical = 303 ; free virtual = 6263

Phase 1.4 Constrain Clocks/Macros
Phase 1.4 Constrain Clocks/Macros | Checksum: 18700f966

Time (s): cpu = 00:00:02 ; elapsed = 00:00:00.65 . Memory (MB): peak = 3221.809 ; gain = 39.043 ; free physical = 303 ; free virtual = 6263
Phase 1 Placer Initialization | Checksum: 18700f966

Time (s): cpu = 00:00:02 ; elapsed = 00:00:00.66 . Memory (MB): peak = 3221.809 ; gain = 39.043 ; free physical = 302 ; free virtual = 6262

Phase 2 Global Placement

Phase 2.1 Floorplanning
Phase 2.1 Floorplanning | Checksum: 1fa3e8cc9

Time (s): cpu = 00:00:02 ; elapsed = 00:00:00.78 . Memory (MB): peak = 3221.809 ; gain = 39.043 ; free physical = 327 ; free virtual = 6272

Phase 2.2 Update Timing before SLR Path Opt
Phase 2.2 Update Timing before SLR Path Opt | Checksum: 1e1c9cc76

Time (s): cpu = 00:00:02 ; elapsed = 00:00:00.83 . Memory (MB): peak = 3221.809 ; gain = 39.043 ; free physical = 376 ; free virtual = 6274

Phase 2.3 Post-Processing in Floorplanning
Phase 2.3 Post-Processing in Floorplanning | Checksum: 193714365

Time (s): cpu = 00:00:02 ; elapsed = 00:00:00.83 . Memory (MB): peak = 3221.809 ; gain = 39.043 ; free physical = 379 ; free virtual = 6272

Phase 2.4 Global Place Phase1
Phase 2.4 Global Place Phase1 | Checksum: 1682af975

Time (s): cpu = 00:00:07 ; elapsed = 00:00:02 . Memory (MB): peak = 3221.809 ; gain = 39.043 ; free physical = 426 ; free virtual = 6221

Phase 2.5 Global Place Phase2

Phase 2.5.1 UpdateTiming Before Physical Synthesis
Phase 2.5.1 UpdateTiming Before Physical Synthesis | Checksum: 17d027d95

Time (s): cpu = 00:00:07 ; elapsed = 00:00:02 . Memory (MB): peak = 3221.809 ; gain = 39.043 ; free physical = 425 ; free virtual = 6219

Phase 2.5.2 Physical Synthesis In Placer
INFO: [Physopt 32-1035] Found 22 LUTNM shape to break, 2 LUT instances to create LUTNM shape
INFO: [Physopt 32-1044] Break lutnm for timing: one critical 1, two critical 21, total 22, new lutff created 5
INFO: [Physopt 32-1138] End 1 Pass. Optimized 22 nets or LUTs. Breaked 22 LUTs, combined 0 existing LUT and moved 0 existing LUT
INFO: [Physopt 32-65] No nets found for high-fanout optimization.
INFO: [Physopt 32-232] Optimized 0 net. Created 0 new instance.
INFO: [Physopt 32-775] End 1 Pass. Optimized 0 net or cell. Created 0 new cell, deleted 0 existing cell and moved 0 existing cell
INFO: [Physopt 32-456] No candidate cells for DSP register optimization found in the design.
INFO: [Physopt 32-775] End 2 Pass. Optimized 0 net or cell. Created 0 new cell, deleted 0 existing cell and moved 0 existing cell
INFO: [Physopt 32-1123] No candidate cells found for Shift Register to Pipeline optimization
INFO: [Physopt 32-775] End 2 Pass. Optimized 0 net or cell. Created 0 new cell, deleted 0 existing cell and moved 0 existing cell
INFO: [Physopt 32-1402] Pass 1: Identified 23 candidate cells for Shift Register optimization.
INFO: [Physopt 32-775] End 1 Pass. Optimized 6 nets or cells. Created 11 new cells, deleted 0 existing cell and moved 0 existing cell
Netlist sorting complete. Time (s): cpu = 00:00:00.01 ; elapsed = 00:00:00 . Memory (MB): peak = 3221.809 ; gain = 0.000 ; free physical = 421 ; free virtual = 6219
INFO: [Physopt 32-526] No candidate cells for BRAM register optimization found in the design
INFO: [Physopt 32-775] End 1 Pass. Optimized 0 net or cell. Created 0 new cell, deleted 0 existing cell and moved 0 existing cell
INFO: [Physopt 32-846] No candidate cells for URAM register optimization found in the design
INFO: [Physopt 32-775] End 1 Pass. Optimized 0 net or cell. Created 0 new cell, deleted 0 existing cell and moved 0 existing cell
INFO: [Physopt 32-846] No candidate cells for URAM register optimization found in the design
INFO: [Physopt 32-775] End 1 Pass. Optimized 0 net or cell. Created 0 new cell, deleted 0 existing cell and moved 0 existing cell
INFO: [Physopt 32-949] No candidate nets found for dynamic/static region interface net replication
INFO: [Physopt 32-775] End 1 Pass. Optimized 0 net or cell. Created 0 new cell, deleted 0 existing cell and moved 0 existing cell
Netlist sorting complete. Time (s): cpu = 00:00:00 ; elapsed = 00:00:00 . Memory (MB): peak = 3221.809 ; gain = 0.000 ; free physical = 421 ; free virtual = 6219

Summary of Physical Synthesis Optimizations
============================================


-----------------------------------------------------------------------------------------------------------------------------------------------------------
|  Optimization                                     |  Added Cells  |  Removed Cells  |  Optimized Cells/Nets  |  Dont Touch  |  Iterations  |  Elapsed   |
-----------------------------------------------------------------------------------------------------------------------------------------------------------
|  LUT Combining                                    |           22  |              0  |                    22  |           0  |           1  |  00:00:00  |
|  Retime                                           |            0  |              0  |                     0  |           0  |           1  |  00:00:00  |
|  Very High Fanout                                 |            0  |              0  |                     0  |           0  |           1  |  00:00:00  |
|  DSP Register                                     |            0  |              0  |                     0  |           0  |           1  |  00:00:00  |
|  Shift Register to Pipeline                       |            0  |              0  |                     0  |           0  |           1  |  00:00:00  |
|  Shift Register                                   |           11  |              0  |                     6  |           0  |           1  |  00:00:00  |
|  BRAM Register                                    |            0  |              0  |                     0  |           0  |           1  |  00:00:00  |
|  URAM Register                                    |            0  |              0  |                     0  |           0  |           1  |  00:00:00  |
|  Dynamic/Static Region Interface Net Replication  |            0  |              0  |                     0  |           0  |           1  |  00:00:00  |
|  Total                                            |           33  |              0  |                    28  |           0  |           9  |  00:00:00  |
-----------------------------------------------------------------------------------------------------------------------------------------------------------


Phase 2.5.2 Physical Synthesis In Placer | Checksum: fae38621

Time (s): cpu = 00:00:08 ; elapsed = 00:00:03 . Memory (MB): peak = 3221.809 ; gain = 39.043 ; free physical = 421 ; free virtual = 6219
Phase 2.5 Global Place Phase2 | Checksum: 109904fed

Time (s): cpu = 00:00:08 ; elapsed = 00:00:03 . Memory (MB): peak = 3221.809 ; gain = 39.043 ; free physical = 421 ; free virtual = 6218
Phase 2 Global Placement | Checksum: 109904fed

Time (s): cpu = 00:00:08 ; elapsed = 00:00:03 . Memory (MB): peak = 3221.809 ; gain = 39.043 ; free physical = 421 ; free virtual = 6218

Phase 3 Detail Placement

Phase 3.1 Commit Multi Column Macros
Phase 3.1 Commit Multi Column Macros | Checksum: 14adeaffa

Time (s): cpu = 00:00:08 ; elapsed = 00:00:03 . Memory (MB): peak = 3221.809 ; gain = 39.043 ; free physical = 423 ; free virtual = 6221

Phase 3.2 Commit Most Macros & LUTRAMs
Phase 3.2 Commit Most Macros & LUTRAMs | Checksum: 213ed812b

Time (s): cpu = 00:00:09 ; elapsed = 00:00:03 . Memory (MB): peak = 3221.809 ; gain = 39.043 ; free physical = 416 ; free virtual = 6215

Phase 3.3 Area Swap Optimization
Phase 3.3 Area Swap Optimization | Checksum: 191aa2bab

Time (s): cpu = 00:00:09 ; elapsed = 00:00:03 . Memory (MB): peak = 3221.809 ; gain = 39.043 ; free physical = 418 ; free virtual = 6216

Phase 3.4 Pipeline Register Optimization
Phase 3.4 Pipeline Register Optimization | Checksum: 1eeed83ec

Time (s): cpu = 00:00:09 ; elapsed = 00:00:03 . Memory (MB): peak = 3221.809 ; gain = 39.043 ; free physical = 418 ; free virtual = 6216

Phase 3.5 Fast Optimization
Phase 3.5 Fast Optimization | Checksum: 1a844dc10

Time (s): cpu = 00:00:09 ; elapsed = 00:00:04 . Memory (MB): peak = 3221.809 ; gain = 39.043 ; free physical = 413 ; free virtual = 6211

Phase 3.6 Small Shape Detail Placement
Phase 3.6 Small Shape Detail Placement | Checksum: 1a4d46732

Time (s): cpu = 00:00:10 ; elapsed = 00:00:04 . Memory (MB): peak = 3221.809 ; gain = 39.043 ; free physical = 408 ; free virtual = 6207

Phase 3.7 Re-assign LUT pins
Phase 3.7 Re-assign LUT pins | Checksum: 11a4e90bb

Time (s): cpu = 00:00:10 ; elapsed = 00:00:04 . Memory (MB): peak = 3221.809 ; gain = 39.043 ; free physical = 408 ; free virtual = 6207

Phase 3.8 Pipeline Register Optimization
Phase 3.8 Pipeline Register Optimization | Checksum: 72836c50

Time (s): cpu = 00:00:10 ; elapsed = 00:00:04 . Memory (MB): peak = 3221.809 ; gain = 39.043 ; free physical = 408 ; free virtual = 6207

Phase 3.9 Fast Optimization
Phase 3.9 Fast Optimization | Checksum: 161fa60c1

Time (s): cpu = 00:00:12 ; elapsed = 00:00:05 . Memory (MB): peak = 3221.809 ; gain = 39.043 ; free physical = 411 ; free virtual = 6208
Phase 3 Detail Placement | Checksum: 161fa60c1

Time (s): cpu = 00:00:12 ; elapsed = 00:00:05 . Memory (MB): peak = 3221.809 ; gain = 39.043 ; free physical = 412 ; free virtual = 6208

Phase 4 Post Placement Optimization and Clean-Up

Phase 4.1 Post Commit Optimization
INFO: [Timing 38-35] Done setting XDC timing constraints.

Phase 4.1.1 Post Placement Optimization
Post Placement Optimization Initialization | Checksum: 2369292cd

Phase 4.1.1.1 BUFG Insertion

Starting Physical Synthesis Task

Phase 1 Physical Synthesis Initialization
INFO: [Physopt 32-721] Multithreading enabled for phys_opt_design using a maximum of 8 CPUs
INFO: [Physopt 32-619] Estimated Timing Summary | WNS=-2.597 | TNS=-113.433 |
Phase 1 Physical Synthesis Initialization | Checksum: 1729a1151

Time (s): cpu = 00:00:00.06 ; elapsed = 00:00:00.01 . Memory (MB): peak = 3221.809 ; gain = 0.000 ; free physical = 411 ; free virtual = 6207
INFO: [Place 46-56] BUFG insertion identified 0 candidate nets. Inserted BUFG: 0, Replicated BUFG Driver: 0, Skipped due to Placement/Routing Conflicts: 0, Skipped due to Timing Degradation: 0, Skipped due to netlist editing failed: 0.
Ending Physical Synthesis Task | Checksum: 1c3b71dad

Time (s): cpu = 00:00:00.06 ; elapsed = 00:00:00.01 . Memory (MB): peak = 3221.809 ; gain = 0.000 ; free physical = 411 ; free virtual = 6207
Phase 4.1.1.1 BUFG Insertion | Checksum: 2369292cd

Time (s): cpu = 00:00:12 ; elapsed = 00:00:06 . Memory (MB): peak = 3221.809 ; gain = 39.043 ; free physical = 411 ; free virtual = 6207

Phase 4.1.1.2 Post Placement Timing Optimization
INFO: [Place 30-746] Post Placement Timing Summary WNS=-2.054. For the most accurate timing information please run report_timing.
Phase 4.1.1.2 Post Placement Timing Optimization | Checksum: 1af6ee29a

Time (s): cpu = 00:00:18 ; elapsed = 00:00:11 . Memory (MB): peak = 3221.809 ; gain = 39.043 ; free physical = 376 ; free virtual = 6187

Time (s): cpu = 00:00:18 ; elapsed = 00:00:11 . Memory (MB): peak = 3221.809 ; gain = 39.043 ; free physical = 376 ; free virtual = 6187
Phase 4.1 Post Commit Optimization | Checksum: 1af6ee29a

Time (s): cpu = 00:00:18 ; elapsed = 00:00:11 . Memory (MB): peak = 3221.809 ; gain = 39.043 ; free physical = 376 ; free virtual = 6187

Phase 4.2 Post Placement Cleanup
Phase 4.2 Post Placement Cleanup | Checksum: 1af6ee29a

Time (s): cpu = 00:00:18 ; elapsed = 00:00:11 . Memory (MB): peak = 3221.809 ; gain = 39.043 ; free physical = 376 ; free virtual = 6187

Phase 4.3 Placer Reporting

Phase 4.3.1 Print Estimated Congestion
INFO: [Place 30-612] Post-Placement Estimated Congestion 
 ____________________________________________________
|           | Global Congestion | Short Congestion  |
| Direction | Region Size       | Region Size       |
|___________|___________________|___________________|
|      North|                1x1|                1x1|
|___________|___________________|___________________|
|      South|                1x1|                1x1|
|___________|___________________|___________________|
|       East|                1x1|                1x1|
|___________|___________________|___________________|
|       West|                1x1|                1x1|
|___________|___________________|___________________|

Phase 4.3.1 Print Estimated Congestion | Checksum: 1af6ee29a

Time (s): cpu = 00:00:18 ; elapsed = 00:00:11 . Memory (MB): peak = 3221.809 ; gain = 39.043 ; free physical = 376 ; free virtual = 6187
Phase 4.3 Placer Reporting | Checksum: 1af6ee29a

Time (s): cpu = 00:00:18 ; elapsed = 00:00:11 . Memory (MB): peak = 3221.809 ; gain = 39.043 ; free physical = 376 ; free virtual = 6187

Phase 4.4 Final Placement Cleanup
Netlist sorting complete. Time (s): cpu = 00:00:00 ; elapsed = 00:00:00 . Memory (MB): peak = 3221.809 ; gain = 0.000 ; free physical = 376 ; free virtual = 6186

Time (s): cpu = 00:00:18 ; elapsed = 00:00:11 . Memory (MB): peak = 3221.809 ; gain = 39.043 ; free physical = 376 ; free virtual = 6186
Phase 4 Post Placement Optimization and Clean-Up | Checksum: 1f0b8309e

Time (s): cpu = 00:00:18 ; elapsed = 00:00:11 . Memory (MB): peak = 3221.809 ; gain = 39.043 ; free physical = 375 ; free virtual = 6186
Ending Placer Task | Checksum: 150b84d40

Time (s): cpu = 00:00:18 ; elapsed = 00:00:11 . Memory (MB): peak = 3221.809 ; gain = 39.043 ; free physical = 375 ; free virtual = 6186
36 Infos, 0 Warnings, 0 Critical Warnings and 0 Errors encountered.
place_design completed successfully
place_design: Time (s): cpu = 00:00:20 ; elapsed = 00:00:12 . Memory (MB): peak = 3221.809 ; gain = 39.043 ; free physical = 375 ; free virtual = 6186
# route_design
Command: route_design
Attempting to get a license for feature 'Implementation' and/or device 'xc7z020'
INFO: [Common 17-349] Got license for feature 'Implementation' and/or device 'xc7z020'


Starting Routing Task
INFO: [Route 35-254] Multithreading enabled for route_design using a maximum of 8 CPUs

Phase 1 Build RT Design
Checksum: PlaceDB: 541c054f ConstDB: 0 ShapeSum: e6a2d501 RouteDB: 15f972f0
Post Restoration Checksum: NetGraph: 11eba53a | NumContArr: 5d4b8a80 | Constraints: c2a8fa9d | Timing: c2a8fa9d
Phase 1 Build RT Design | Checksum: 1f48924f4

Time (s): cpu = 00:00:19 ; elapsed = 00:00:17 . Memory (MB): peak = 3221.809 ; gain = 0.000 ; free physical = 391 ; free virtual = 6196

Phase 2 Router Initialization

Phase 2.1 Fix Topology Constraints
Phase 2.1 Fix Topology Constraints | Checksum: 1f48924f4

Time (s): cpu = 00:00:19 ; elapsed = 00:00:17 . Memory (MB): peak = 3221.809 ; gain = 0.000 ; free physical = 391 ; free virtual = 6196

Phase 2.2 Pre Route Cleanup
Phase 2.2 Pre Route Cleanup | Checksum: 1f48924f4

Time (s): cpu = 00:00:19 ; elapsed = 00:00:17 . Memory (MB): peak = 3221.809 ; gain = 0.000 ; free physical = 391 ; free virtual = 6196
 Number of Nodes with overlaps = 0

Phase 2.3 Update Timing
Phase 2.3 Update Timing | Checksum: 2826f807e

Time (s): cpu = 00:00:20 ; elapsed = 00:00:17 . Memory (MB): peak = 3221.809 ; gain = 0.000 ; free physical = 391 ; free virtual = 6196
INFO: [Route 35-416] Intermediate Timing Summary | WNS=-2.195 | TNS=-90.695| WHS=-0.137 | THS=-2.589 |


Phase 2.4 Soft Constraint Pins - Fast Budgeting
Phase 2.4 Soft Constraint Pins - Fast Budgeting | Checksum: 21ab44929

Time (s): cpu = 00:00:20 ; elapsed = 00:00:17 . Memory (MB): peak = 3221.809 ; gain = 0.000 ; free physical = 390 ; free virtual = 6196

Router Utilization Summary
  Global Vertical Routing Utilization    = 0 %
  Global Horizontal Routing Utilization  = 0 %
  Routable Net Status*
  *Does not include unroutable nets such as driverless and loadless.
  Run report_route_status for detailed report.
  Number of Failed Nets               = 760
    (Failed Nets is the sum of unrouted and partially routed nets)
  Number of Unrouted Nets             = 760
  Number of Partially Routed Nets     = 0
  Number of Node Overlaps             = 0

Phase 2 Router Initialization | Checksum: 25303c306

Time (s): cpu = 00:00:20 ; elapsed = 00:00:17 . Memory (MB): peak = 3221.809 ; gain = 0.000 ; free physical = 386 ; free virtual = 6192

Phase 3 Global Routing
Phase 3 Global Routing | Checksum: 25303c306

Time (s): cpu = 00:00:20 ; elapsed = 00:00:17 . Memory (MB): peak = 3221.809 ; gain = 0.000 ; free physical = 386 ; free virtual = 6192

Phase 4 Initial Routing

Phase 4.1 Initial Net Routing Pass
Phase 4.1 Initial Net Routing Pass | Checksum: 209c73b94

Time (s): cpu = 00:00:21 ; elapsed = 00:00:17 . Memory (MB): peak = 3221.809 ; gain = 0.000 ; free physical = 386 ; free virtual = 6192
Phase 4 Initial Routing | Checksum: 209c73b94

Time (s): cpu = 00:00:21 ; elapsed = 00:00:17 . Memory (MB): peak = 3221.809 ; gain = 0.000 ; free physical = 386 ; free virtual = 6192
INFO: [Route 35-580] Design has 19 pins with tight setup and hold constraints.

The top 5 pins with tight setup and hold constraints:

+====================+===================+=========================================+
| Launch Setup Clock | Launch Hold Clock | Pin                                     |
+====================+===================+=========================================+
| ap_clk             | ap_clk            | u_fp32_add_flopoco/deltaExp_d1_reg[0]/D |
| ap_clk             | ap_clk            | u_fp32_add_flopoco/deltaExp_d1_reg[5]/D |
| ap_clk             | ap_clk            | u_fp32_add_flopoco/deltaExp_d1_reg[4]/D |
| ap_clk             | ap_clk            | u_fp32_add_flopoco/deltaExp_d1_reg[3]/D |
| ap_clk             | ap_clk            | u_fp32_add_flopoco/deltaExp_d1_reg[1]/D |
+--------------------+-------------------+-----------------------------------------+

File with complete list of pins: tight_setup_hold_pins.txt


Phase 5 Rip-up And Reroute

Phase 5.1 Global Iteration 0
 Number of Nodes with overlaps = 156
 Number of Nodes with overlaps = 57
 Number of Nodes with overlaps = 19
 Number of Nodes with overlaps = 7
 Number of Nodes with overlaps = 1
 Number of Nodes with overlaps = 0
INFO: [Route 35-416] Intermediate Timing Summary | WNS=-2.328 | TNS=-117.216| WHS=N/A    | THS=N/A    |

Phase 5.1 Global Iteration 0 | Checksum: 335c8289b

Time (s): cpu = 00:00:22 ; elapsed = 00:00:18 . Memory (MB): peak = 3221.809 ; gain = 0.000 ; free physical = 392 ; free virtual = 6199

Phase 5.2 Global Iteration 1
 Number of Nodes with overlaps = 57
 Number of Nodes with overlaps = 52
 Number of Nodes with overlaps = 37
 Number of Nodes with overlaps = 13
 Number of Nodes with overlaps = 13
 Number of Nodes with overlaps = 9
 Number of Nodes with overlaps = 8
 Number of Nodes with overlaps = 1
 Number of Nodes with overlaps = 1
 Number of Nodes with overlaps = 1
 Number of Nodes with overlaps = 1
 Number of Nodes with overlaps = 1
 Number of Nodes with overlaps = 1
 Number of Nodes with overlaps = 1
 Number of Nodes with overlaps = 0
INFO: [Route 35-416] Intermediate Timing Summary | WNS=-2.329 | TNS=-118.383| WHS=N/A    | THS=N/A    |

Phase 5.2 Global Iteration 1 | Checksum: 2cba012ea

Time (s): cpu = 00:00:23 ; elapsed = 00:00:19 . Memory (MB): peak = 3221.809 ; gain = 0.000 ; free physical = 384 ; free virtual = 6198
Phase 5 Rip-up And Reroute | Checksum: 2cba012ea

Time (s): cpu = 00:00:23 ; elapsed = 00:00:19 . Memory (MB): peak = 3221.809 ; gain = 0.000 ; free physical = 384 ; free virtual = 6198

Phase 6 Delay and Skew Optimization

Phase 6.1 Delay CleanUp

Phase 6.1.1 Update Timing
Phase 6.1.1 Update Timing | Checksum: 2c0ff6c3a

Time (s): cpu = 00:00:23 ; elapsed = 00:00:19 . Memory (MB): peak = 3221.809 ; gain = 0.000 ; free physical = 384 ; free virtual = 6198
INFO: [Route 35-416] Intermediate Timing Summary | WNS=-2.213 | TNS=-107.490| WHS=N/A    | THS=N/A    |

 Number of Nodes with overlaps = 0
Phase 6.1 Delay CleanUp | Checksum: 2375ee55e

Time (s): cpu = 00:00:23 ; elapsed = 00:00:19 . Memory (MB): peak = 3221.809 ; gain = 0.000 ; free physical = 381 ; free virtual = 6194

Phase 6.2 Clock Skew Optimization
Phase 6.2 Clock Skew Optimization | Checksum: 2375ee55e

Time (s): cpu = 00:00:23 ; elapsed = 00:00:19 . Memory (MB): peak = 3221.809 ; gain = 0.000 ; free physical = 381 ; free virtual = 6194
Phase 6 Delay and Skew Optimization | Checksum: 2375ee55e

Time (s): cpu = 00:00:23 ; elapsed = 00:00:19 . Memory (MB): peak = 3221.809 ; gain = 0.000 ; free physical = 381 ; free virtual = 6194

Phase 7 Post Hold Fix

Phase 7.1 Hold Fix Iter
INFO: [Route 35-416] Intermediate Timing Summary | WNS=-2.192 | TNS=-104.673| WHS=0.075  | THS=0.000  |

Phase 7.1 Hold Fix Iter | Checksum: 172a6f092

Time (s): cpu = 00:00:23 ; elapsed = 00:00:19 . Memory (MB): peak = 3221.809 ; gain = 0.000 ; free physical = 381 ; free virtual = 6194
Phase 7 Post Hold Fix | Checksum: 172a6f092

Time (s): cpu = 00:00:23 ; elapsed = 00:00:19 . Memory (MB): peak = 3221.809 ; gain = 0.000 ; free physical = 381 ; free virtual = 6194

Phase 8 Route finalize

Router Utilization Summary
  Global Vertical Routing Utilization    = 0.348245 %
  Global Horizontal Routing Utilization  = 0.320571 %
  Routable Net Status*
  *Does not include unroutable nets such as driverless and loadless.
  Run report_route_status for detailed report.
  Number of Failed Nets               = 0
    (Failed Nets is the sum of unrouted and partially routed nets)
  Number of Unrouted Nets             = 0
  Number of Partially Routed Nets     = 0
  Number of Node Overlaps             = 0


--GLOBAL Congestion:
Utilization threshold used for congestion level computation: 0.85
Congestion Report
North Dir 1x1 Area, Max Cong = 30.6306%, No Congested Regions.
South Dir 1x1 Area, Max Cong = 40.5405%, No Congested Regions.
East Dir 1x1 Area, Max Cong = 39.7059%, No Congested Regions.
West Dir 1x1 Area, Max Cong = 36.7647%, No Congested Regions.

------------------------------
Reporting congestion hotspots
------------------------------
Direction: North
----------------
Congested clusters found at Level 0
Effective congestion level: 0 Aspect Ratio: 1 Sparse Ratio: 0
Direction: South
----------------
Congested clusters found at Level 0
Effective congestion level: 0 Aspect Ratio: 1 Sparse Ratio: 0
Direction: East
----------------
Congested clusters found at Level 0
Effective congestion level: 0 Aspect Ratio: 1 Sparse Ratio: 0
Direction: West
----------------
Congested clusters found at Level 0
Effective congestion level: 0 Aspect Ratio: 1 Sparse Ratio: 0

Phase 8 Route finalize | Checksum: 172a6f092

Time (s): cpu = 00:00:23 ; elapsed = 00:00:19 . Memory (MB): peak = 3221.809 ; gain = 0.000 ; free physical = 381 ; free virtual = 6195

Phase 9 Verifying routed nets

 Verification completed successfully
Phase 9 Verifying routed nets | Checksum: 172a6f092

Time (s): cpu = 00:00:23 ; elapsed = 00:00:19 . Memory (MB): peak = 3221.809 ; gain = 0.000 ; free physical = 381 ; free virtual = 6194

Phase 10 Depositing Routes
Phase 10 Depositing Routes | Checksum: 178be8502

Time (s): cpu = 00:00:24 ; elapsed = 00:00:19 . Memory (MB): peak = 3221.809 ; gain = 0.000 ; free physical = 382 ; free virtual = 6196

Phase 11 Post Process Routing
Phase 11 Post Process Routing | Checksum: 178be8502

Time (s): cpu = 00:00:24 ; elapsed = 00:00:19 . Memory (MB): peak = 3221.809 ; gain = 0.000 ; free physical = 382 ; free virtual = 6196

Phase 12 Post Router Timing
INFO: [Route 35-57] Estimated Timing Summary | WNS=-2.192 | TNS=-104.673| WHS=0.075  | THS=0.000  |

WARNING: [Route 35-328] Router estimated timing not met.
Resolution: For a complete and accurate timing signoff, report_timing_summary must be run after route_design. Alternatively, route_design can be run with the -timing_summary option to enable a complete timing signoff at the end of route_design.
Phase 12 Post Router Timing | Checksum: 178be8502

Time (s): cpu = 00:00:24 ; elapsed = 00:00:19 . Memory (MB): peak = 3221.809 ; gain = 0.000 ; free physical = 382 ; free virtual = 6196
Total Elapsed time in route_design: 19.27 secs

Phase 13 Post-Route Event Processing
Phase 13 Post-Route Event Processing | Checksum: 2a4822f3e

Time (s): cpu = 00:00:24 ; elapsed = 00:00:19 . Memory (MB): peak = 3221.809 ; gain = 0.000 ; free physical = 382 ; free virtual = 6195
INFO: [Route 35-16] Router Completed Successfully
Ending Routing Task | Checksum: 2a4822f3e

Time (s): cpu = 00:00:24 ; elapsed = 00:00:19 . Memory (MB): peak = 3221.809 ; gain = 0.000 ; free physical = 382 ; free virtual = 6195

Routing Is Done.
INFO: [Common 17-83] Releasing license: Implementation
11 Infos, 1 Warnings, 0 Critical Warnings and 0 Errors encountered.
route_design completed successfully
route_design: Time (s): cpu = 00:00:24 ; elapsed = 00:00:19 . Memory (MB): peak = 3221.809 ; gain = 0.000 ; free physical = 382 ; free virtual = 6195
# report_utilization -file /home/joe/Desktop/Uni/Year_4/Dissertation/Program-Synthesis-for-Efficient-ML/results/FLOPOCO/solution_fp32addition_flopoco/utilization.rpt
# report_timing_summary -file /home/joe/Desktop/Uni/Year_4/Dissertation/Program-Synthesis-for-Efficient-ML/results/FLOPOCO/solution_fp32addition_flopoco/timing.rpt
INFO: [Timing 38-91] UpdateTimingParams: Speed grade: -1, Delay Type: min_max.
INFO: [Timing 38-191] Multithreading enabled for timing update using a maximum of 8 CPUs
# report_timing -delay_type max -max_paths 1 -nworst 1 -file /home/joe/Desktop/Uni/Year_4/Dissertation/Program-Synthesis-for-Efficient-ML/results/FLOPOCO/solution_fp32addition_flopoco/timing_detail.rpt
INFO: [Timing 38-91] UpdateTimingParams: Speed grade: -1, Delay Type: max.
INFO: [Timing 38-191] Multithreading enabled for timing update using a maximum of 8 CPUs
INFO: [Timing 38-78] ReportTimingParams: -max_paths 1 -nworst 1 -delay_type max -sort_by slack.
# exit
INFO: [Common 17-206] Exiting Vivado at Wed Feb 11 11:42:07 2026...
