

================================================================
== Vitis HLS Report for 'fp32_raw_summer'
================================================================
* Date:           Wed Nov 26 12:34:55 2025

* Version:        2025.1 (Build 6135595 on May 21 2025)
* Project:        solution_fp32addition_fp32_raw_sum_component
* Solution:       hls (Vivado IP Flow Target)
* Product family: zynq
* Target device:  xc7z020-clg400-1


================================================================
== Performance Estimates
================================================================
+ Timing: 
    * Summary: 
    +--------+----------+----------+------------+
    |  Clock |  Target  | Estimated| Uncertainty|
    +--------+----------+----------+------------+
    |ap_clk  |  50.00 ns|  4.316 ns|    13.50 ns|
    +--------+----------+----------+------------+

+ Latency: 
    * Summary: 
    +---------+---------+----------+----------+-----+-----+---------+
    |  Latency (cycles) |  Latency (absolute) |  Interval | Pipeline|
    |   min   |   max   |    min   |    max   | min | max |   Type  |
    +---------+---------+----------+----------+-----+-----+---------+
    |        0|        0|      0 ns|      0 ns|    1|    1|       no|
    +---------+---------+----------+----------+-----+-----+---------+

    + Detail: 
        * Instance: 
        N/A

        * Loop: 
        N/A

============================================================
+ Verbose Summary: Synthesis Manager
============================================================
InlineROM: 1
ExposeGlobal: 0
============================================================
+ Verbose Summary: CDFG Model
============================================================
IsTopModel: 1
ResetActiveHigh: 1
IsCombinational: 0
IsDatapathOnly: 0
HasWiredReturn: 1
HasMFsm: 0
HasVarLatency: 0
IsPipeline: 0
IsRtlPipelined: 0
IsInstanceOverlapped: 0
IsDontTouch: 0
HasImplIP: 0
IsGatedGlobalClock: 0


============================================================
+ Verbose Summary: Schedule
============================================================
* Number of FSM states : 1
* Pipeline : 0
* Dataflow Pipeline: 0

* FSM state transitions: 
1 --> 

* FSM state operations: 

State 1 <SV = 0> <Delay = 4.31>
ST_1 : Operation 2 [1/1] (0.00ns)   --->   "%specbitsmap_ln0 = specbitsmap void @_ssdm_op_SpecBitsMap, i26 0"   --->   Operation 2 'specbitsmap' 'specbitsmap_ln0' <Predicate = true> <Delay = 0.00>
ST_1 : Operation 3 [1/1] (0.00ns)   --->   "%spectopmodule_ln3 = spectopmodule void @_ssdm_op_SpecTopModule, void @empty_1" [/home/joe/Desktop/Uni/Year_4/Dissertation/Program-Synthesis-for-Efficient-ML/results/cpp/solution_fp32addition_fp32_raw_sum.cpp:3]   --->   Operation 3 'spectopmodule' 'spectopmodule_ln3' <Predicate = true> <Delay = 0.00>
ST_1 : Operation 4 [1/1] (0.00ns)   --->   "%specbitsmap_ln0 = specbitsmap void @_ssdm_op_SpecBitsMap, i1 %s1"   --->   Operation 4 'specbitsmap' 'specbitsmap_ln0' <Predicate = true> <Delay = 0.00>
ST_1 : Operation 5 [1/1] (0.00ns)   --->   "%specinterface_ln0 = specinterface void @_ssdm_op_SpecInterface, i1 %s1, void @empty, i32 0, i32 0, void @empty_0, i32 0, i32 0, void @empty_0, void @empty_0, void @empty_0, i32 0, i32 0, i32 0, i32 0, void @empty_0, void @empty_0, i32 4294967295, i32 0, i32 0"   --->   Operation 5 'specinterface' 'specinterface_ln0' <Predicate = true> <Delay = 0.00>
ST_1 : Operation 6 [1/1] (0.00ns)   --->   "%specbitsmap_ln0 = specbitsmap void @_ssdm_op_SpecBitsMap, i24 %aligned_m1"   --->   Operation 6 'specbitsmap' 'specbitsmap_ln0' <Predicate = true> <Delay = 0.00>
ST_1 : Operation 7 [1/1] (0.00ns)   --->   "%specinterface_ln0 = specinterface void @_ssdm_op_SpecInterface, i24 %aligned_m1, void @empty, i32 0, i32 0, void @empty_0, i32 0, i32 0, void @empty_0, void @empty_0, void @empty_0, i32 0, i32 0, i32 0, i32 0, void @empty_0, void @empty_0, i32 4294967295, i32 0, i32 0"   --->   Operation 7 'specinterface' 'specinterface_ln0' <Predicate = true> <Delay = 0.00>
ST_1 : Operation 8 [1/1] (0.00ns)   --->   "%specbitsmap_ln0 = specbitsmap void @_ssdm_op_SpecBitsMap, i1 %s2"   --->   Operation 8 'specbitsmap' 'specbitsmap_ln0' <Predicate = true> <Delay = 0.00>
ST_1 : Operation 9 [1/1] (0.00ns)   --->   "%specinterface_ln0 = specinterface void @_ssdm_op_SpecInterface, i1 %s2, void @empty, i32 0, i32 0, void @empty_0, i32 0, i32 0, void @empty_0, void @empty_0, void @empty_0, i32 0, i32 0, i32 0, i32 0, void @empty_0, void @empty_0, i32 4294967295, i32 0, i32 0"   --->   Operation 9 'specinterface' 'specinterface_ln0' <Predicate = true> <Delay = 0.00>
ST_1 : Operation 10 [1/1] (0.00ns)   --->   "%specbitsmap_ln0 = specbitsmap void @_ssdm_op_SpecBitsMap, i24 %aligned_m2"   --->   Operation 10 'specbitsmap' 'specbitsmap_ln0' <Predicate = true> <Delay = 0.00>
ST_1 : Operation 11 [1/1] (0.00ns)   --->   "%specinterface_ln0 = specinterface void @_ssdm_op_SpecInterface, i24 %aligned_m2, void @empty, i32 0, i32 0, void @empty_0, i32 0, i32 0, void @empty_0, void @empty_0, void @empty_0, i32 0, i32 0, i32 0, i32 0, void @empty_0, void @empty_0, i32 4294967295, i32 0, i32 0"   --->   Operation 11 'specinterface' 'specinterface_ln0' <Predicate = true> <Delay = 0.00>
ST_1 : Operation 12 [1/1] (0.00ns)   --->   "%aligned_m2_read = read i24 @_ssdm_op_Read.ap_auto.i24, i24 %aligned_m2" [/home/joe/Desktop/Uni/Year_4/Dissertation/Program-Synthesis-for-Efficient-ML/results/cpp/solution_fp32addition_fp32_raw_sum.cpp:3]   --->   Operation 12 'read' 'aligned_m2_read' <Predicate = true> <Delay = 0.00>
ST_1 : Operation 13 [1/1] (0.00ns)   --->   "%s2_read = read i1 @_ssdm_op_Read.ap_auto.i1, i1 %s2" [/home/joe/Desktop/Uni/Year_4/Dissertation/Program-Synthesis-for-Efficient-ML/results/cpp/solution_fp32addition_fp32_raw_sum.cpp:3]   --->   Operation 13 'read' 's2_read' <Predicate = true> <Delay = 0.00>
ST_1 : Operation 14 [1/1] (0.00ns)   --->   "%aligned_m1_read = read i24 @_ssdm_op_Read.ap_auto.i24, i24 %aligned_m1" [/home/joe/Desktop/Uni/Year_4/Dissertation/Program-Synthesis-for-Efficient-ML/results/cpp/solution_fp32addition_fp32_raw_sum.cpp:3]   --->   Operation 14 'read' 'aligned_m1_read' <Predicate = true> <Delay = 0.00>
ST_1 : Operation 15 [1/1] (0.00ns)   --->   "%s1_read = read i1 @_ssdm_op_Read.ap_auto.i1, i1 %s1" [/home/joe/Desktop/Uni/Year_4/Dissertation/Program-Synthesis-for-Efficient-ML/results/cpp/solution_fp32addition_fp32_raw_sum.cpp:3]   --->   Operation 15 'read' 's1_read' <Predicate = true> <Delay = 0.00>
ST_1 : Operation 16 [1/1] (0.97ns)   --->   "%xor_ln4 = xor i1 %s1_read, i1 %s2_read" [/home/joe/Desktop/Uni/Year_4/Dissertation/Program-Synthesis-for-Efficient-ML/results/cpp/solution_fp32addition_fp32_raw_sum.cpp:4]   --->   Operation 16 'xor' 'xor_ln4' <Predicate = true> <Delay = 0.97> <CoreInst = "LogicGate">   --->   Core 74 'LogicGate' <Latency = 0> <II = 1> <Delay = 0.97> <FuncUnit> <Opcode : 'and' 'or' 'xor'> <InPorts = 2> <OutPorts = 1>
ST_1 : Operation 17 [1/1] (2.31ns)   --->   "%icmp_ln4 = icmp_eq  i24 %aligned_m1_read, i24 %aligned_m2_read" [/home/joe/Desktop/Uni/Year_4/Dissertation/Program-Synthesis-for-Efficient-ML/results/cpp/solution_fp32addition_fp32_raw_sum.cpp:4]   --->   Operation 17 'icmp' 'icmp_ln4' <Predicate = true> <Delay = 2.31> <CoreInst = "Cmp">   --->   Core 9 'Cmp' <Latency = 0> <II = 1> <Delay = 2.31> <FuncUnit> <Opcode : 'seteq' 'setne' 'setle' 'setge' 'setlt' 'setgt'> <InPorts = 2> <OutPorts = 1>
ST_1 : Operation 18 [1/1] (0.00ns) (grouped into LUT with out node not_and_ln4)   --->   "%and_ln4 = and i1 %xor_ln4, i1 %icmp_ln4" [/home/joe/Desktop/Uni/Year_4/Dissertation/Program-Synthesis-for-Efficient-ML/results/cpp/solution_fp32addition_fp32_raw_sum.cpp:4]   --->   Operation 18 'and' 'and_ln4' <Predicate = true> <Delay = 0.00> <CoreInst = "LogicGate">   --->   Core 74 'LogicGate' <Latency = 0> <II = 1> <Delay = 0.97> <FuncUnit> <Opcode : 'and' 'or' 'xor'> <InPorts = 2> <OutPorts = 1>
ST_1 : Operation 19 [1/1] (2.31ns)   --->   "%icmp_ln4_1 = icmp_ult  i24 %aligned_m1_read, i24 %aligned_m2_read" [/home/joe/Desktop/Uni/Year_4/Dissertation/Program-Synthesis-for-Efficient-ML/results/cpp/solution_fp32addition_fp32_raw_sum.cpp:4]   --->   Operation 19 'icmp' 'icmp_ln4_1' <Predicate = true> <Delay = 2.31> <CoreInst = "Cmp">   --->   Core 9 'Cmp' <Latency = 0> <II = 1> <Delay = 2.31> <FuncUnit> <Opcode : 'seteq' 'setne' 'setle' 'setge' 'setlt' 'setgt'> <InPorts = 2> <OutPorts = 1>
ST_1 : Operation 20 [1/1] (0.97ns)   --->   "%xor_ln4_1 = xor i1 %icmp_ln4_1, i1 1" [/home/joe/Desktop/Uni/Year_4/Dissertation/Program-Synthesis-for-Efficient-ML/results/cpp/solution_fp32addition_fp32_raw_sum.cpp:4]   --->   Operation 20 'xor' 'xor_ln4_1' <Predicate = true> <Delay = 0.97> <CoreInst = "LogicGate">   --->   Core 74 'LogicGate' <Latency = 0> <II = 1> <Delay = 0.97> <FuncUnit> <Opcode : 'and' 'or' 'xor'> <InPorts = 2> <OutPorts = 1>
ST_1 : Operation 21 [1/1] (0.00ns) (grouped into LUT with out node ref_tmp6_0)   --->   "%select_ln4 = select i1 %xor_ln4_1, i1 %s1_read, i1 %s2_read" [/home/joe/Desktop/Uni/Year_4/Dissertation/Program-Synthesis-for-Efficient-ML/results/cpp/solution_fp32addition_fp32_raw_sum.cpp:4]   --->   Operation 21 'select' 'select_ln4' <Predicate = true> <Delay = 0.00> <CoreInst = "Sel">   --->   Core 73 'Sel' <Latency = 0> <II = 1> <Delay = 0.99> <FuncUnit> <Opcode : 'select'> <InPorts = 3> <OutPorts = 1>
ST_1 : Operation 22 [1/1] (0.00ns) (grouped into LUT with out node ref_tmp6_0)   --->   "%select_ln4_1 = select i1 %xor_ln4, i1 %select_ln4, i1 %s1_read" [/home/joe/Desktop/Uni/Year_4/Dissertation/Program-Synthesis-for-Efficient-ML/results/cpp/solution_fp32addition_fp32_raw_sum.cpp:4]   --->   Operation 22 'select' 'select_ln4_1' <Predicate = true> <Delay = 0.00> <CoreInst = "Sel">   --->   Core 73 'Sel' <Latency = 0> <II = 1> <Delay = 0.99> <FuncUnit> <Opcode : 'select'> <InPorts = 3> <OutPorts = 1>
ST_1 : Operation 23 [1/1] (0.97ns) (out node of the LUT)   --->   "%not_and_ln4 = xor i1 %and_ln4, i1 1" [/home/joe/Desktop/Uni/Year_4/Dissertation/Program-Synthesis-for-Efficient-ML/results/cpp/solution_fp32addition_fp32_raw_sum.cpp:4]   --->   Operation 23 'xor' 'not_and_ln4' <Predicate = true> <Delay = 0.97> <CoreInst = "LogicGate">   --->   Core 74 'LogicGate' <Latency = 0> <II = 1> <Delay = 0.97> <FuncUnit> <Opcode : 'and' 'or' 'xor'> <InPorts = 2> <OutPorts = 1>
ST_1 : Operation 24 [1/1] (0.99ns) (out node of the LUT)   --->   "%ref_tmp6_0 = and i1 %select_ln4_1, i1 %not_and_ln4" [/home/joe/Desktop/Uni/Year_4/Dissertation/Program-Synthesis-for-Efficient-ML/results/cpp/solution_fp32addition_fp32_raw_sum.cpp:4]   --->   Operation 24 'and' 'ref_tmp6_0' <Predicate = true> <Delay = 0.99> <CoreInst = "LogicGate">   --->   Core 74 'LogicGate' <Latency = 0> <II = 1> <Delay = 0.97> <FuncUnit> <Opcode : 'and' 'or' 'xor'> <InPorts = 2> <OutPorts = 1>
ST_1 : Operation 25 [1/1] (0.00ns)   --->   "%trunc_ln4 = trunc i24 %aligned_m1_read" [/home/joe/Desktop/Uni/Year_4/Dissertation/Program-Synthesis-for-Efficient-ML/results/cpp/solution_fp32addition_fp32_raw_sum.cpp:4]   --->   Operation 25 'trunc' 'trunc_ln4' <Predicate = true> <Delay = 0.00>
ST_1 : Operation 26 [1/1] (0.00ns)   --->   "%trunc_ln4_1 = trunc i24 %aligned_m2_read" [/home/joe/Desktop/Uni/Year_4/Dissertation/Program-Synthesis-for-Efficient-ML/results/cpp/solution_fp32addition_fp32_raw_sum.cpp:4]   --->   Operation 26 'trunc' 'trunc_ln4_1' <Predicate = true> <Delay = 0.00>
ST_1 : Operation 27 [1/1] (1.73ns)   --->   "%sub_ln4 = sub i4 %trunc_ln4, i4 %trunc_ln4_1" [/home/joe/Desktop/Uni/Year_4/Dissertation/Program-Synthesis-for-Efficient-ML/results/cpp/solution_fp32addition_fp32_raw_sum.cpp:4]   --->   Operation 27 'sub' 'sub_ln4' <Predicate = (xor_ln4_1 & xor_ln4)> <Delay = 1.73> <CoreInst = "Adder">   --->   Core 1 'Adder' <Latency = 0> <II = 1> <Delay = 1.73> <FuncUnit> <Opcode : 'add' 'sub'> <InPorts = 2> <OutPorts = 1>
ST_1 : Operation 28 [1/1] (1.73ns)   --->   "%sub_ln4_1 = sub i4 %trunc_ln4_1, i4 %trunc_ln4" [/home/joe/Desktop/Uni/Year_4/Dissertation/Program-Synthesis-for-Efficient-ML/results/cpp/solution_fp32addition_fp32_raw_sum.cpp:4]   --->   Operation 28 'sub' 'sub_ln4_1' <Predicate = (!xor_ln4_1 & xor_ln4)> <Delay = 1.73> <CoreInst = "Adder">   --->   Core 1 'Adder' <Latency = 0> <II = 1> <Delay = 1.73> <FuncUnit> <Opcode : 'add' 'sub'> <InPorts = 2> <OutPorts = 1>
ST_1 : Operation 29 [1/1] (0.00ns) (grouped into LUT with out node ref_tmp17_1)   --->   "%select_ln4_2 = select i1 %xor_ln4_1, i4 %sub_ln4, i4 %sub_ln4_1" [/home/joe/Desktop/Uni/Year_4/Dissertation/Program-Synthesis-for-Efficient-ML/results/cpp/solution_fp32addition_fp32_raw_sum.cpp:4]   --->   Operation 29 'select' 'select_ln4_2' <Predicate = (xor_ln4)> <Delay = 0.00> <CoreInst = "Sel">   --->   Core 73 'Sel' <Latency = 0> <II = 1> <Delay = 1.02> <FuncUnit> <Opcode : 'select'> <InPorts = 3> <OutPorts = 1>
ST_1 : Operation 30 [1/1] (1.73ns)   --->   "%add_ln4 = add i4 %trunc_ln4_1, i4 %trunc_ln4" [/home/joe/Desktop/Uni/Year_4/Dissertation/Program-Synthesis-for-Efficient-ML/results/cpp/solution_fp32addition_fp32_raw_sum.cpp:4]   --->   Operation 30 'add' 'add_ln4' <Predicate = (!xor_ln4)> <Delay = 1.73> <CoreInst = "Adder">   --->   Core 1 'Adder' <Latency = 0> <II = 1> <Delay = 1.73> <FuncUnit> <Opcode : 'add' 'sub'> <InPorts = 2> <OutPorts = 1>
ST_1 : Operation 31 [1/1] (1.02ns) (out node of the LUT)   --->   "%ref_tmp17_1 = select i1 %xor_ln4, i4 %select_ln4_2, i4 %add_ln4" [/home/joe/Desktop/Uni/Year_4/Dissertation/Program-Synthesis-for-Efficient-ML/results/cpp/solution_fp32addition_fp32_raw_sum.cpp:4]   --->   Operation 31 'select' 'ref_tmp17_1' <Predicate = true> <Delay = 1.02> <CoreInst = "Sel">   --->   Core 73 'Sel' <Latency = 0> <II = 1> <Delay = 1.02> <FuncUnit> <Opcode : 'select'> <InPorts = 3> <OutPorts = 1>
ST_1 : Operation 32 [1/1] (0.00ns)   --->   "%tmp = bitconcatenate i23 @_ssdm_op_BitConcatenate.i23.i1.i18.i4, i1 %ref_tmp6_0, i18 0, i4 %ref_tmp17_1" [/home/joe/Desktop/Uni/Year_4/Dissertation/Program-Synthesis-for-Efficient-ML/results/cpp/solution_fp32addition_fp32_raw_sum.cpp:4]   --->   Operation 32 'bitconcatenate' 'tmp' <Predicate = true> <Delay = 0.00>
ST_1 : Operation 33 [1/1] (0.00ns)   --->   "%zext_ln4 = zext i23 %tmp" [/home/joe/Desktop/Uni/Year_4/Dissertation/Program-Synthesis-for-Efficient-ML/results/cpp/solution_fp32addition_fp32_raw_sum.cpp:4]   --->   Operation 33 'zext' 'zext_ln4' <Predicate = true> <Delay = 0.00>
ST_1 : Operation 34 [1/1] (0.00ns)   --->   "%ret_ln4 = ret i26 %zext_ln4" [/home/joe/Desktop/Uni/Year_4/Dissertation/Program-Synthesis-for-Efficient-ML/results/cpp/solution_fp32addition_fp32_raw_sum.cpp:4]   --->   Operation 34 'ret' 'ret_ln4' <Predicate = true> <Delay = 0.00>


============================================================
+ Verbose Summary: Binding
============================================================
STG Binding: 
---------------- STG Properties BEGIN ----------------
- Is combinational: 1
- Is one-state seq: 0
- Is datapath-only: 0
- Is pipelined: 0
- Is top level: 1
Port [ Return ] is wired: 1; IO mode=ap_ctrl_hs:ce=0
Port [ s1]:  wired=1; compound=0; hidden=0; nouse=0; global=0; static=0; extern=0; dir=0; type=0; pingpong=0; private_global=0; IO mode=ap_none:ce=0
Port [ aligned_m1]:  wired=1; compound=0; hidden=0; nouse=0; global=0; static=0; extern=0; dir=0; type=0; pingpong=0; private_global=0; IO mode=ap_none:ce=0
Port [ s2]:  wired=1; compound=0; hidden=0; nouse=0; global=0; static=0; extern=0; dir=0; type=0; pingpong=0; private_global=0; IO mode=ap_none:ce=0
Port [ aligned_m2]:  wired=1; compound=0; hidden=0; nouse=0; global=0; static=0; extern=0; dir=0; type=0; pingpong=0; private_global=0; IO mode=ap_none:ce=0
---------------- STG Properties END ------------------

---------------- Datapath Model BEGIN ----------------

<LifeTime>
<method=bitvector/>
specbitsmap_ln0   (specbitsmap   ) [ 00]
spectopmodule_ln3 (spectopmodule ) [ 00]
specbitsmap_ln0   (specbitsmap   ) [ 00]
specinterface_ln0 (specinterface ) [ 00]
specbitsmap_ln0   (specbitsmap   ) [ 00]
specinterface_ln0 (specinterface ) [ 00]
specbitsmap_ln0   (specbitsmap   ) [ 00]
specinterface_ln0 (specinterface ) [ 00]
specbitsmap_ln0   (specbitsmap   ) [ 00]
specinterface_ln0 (specinterface ) [ 00]
aligned_m2_read   (read          ) [ 00]
s2_read           (read          ) [ 00]
aligned_m1_read   (read          ) [ 00]
s1_read           (read          ) [ 00]
xor_ln4           (xor           ) [ 01]
icmp_ln4          (icmp          ) [ 00]
and_ln4           (and           ) [ 00]
icmp_ln4_1        (icmp          ) [ 00]
xor_ln4_1         (xor           ) [ 01]
select_ln4        (select        ) [ 00]
select_ln4_1      (select        ) [ 00]
not_and_ln4       (xor           ) [ 00]
ref_tmp6_0        (and           ) [ 00]
trunc_ln4         (trunc         ) [ 00]
trunc_ln4_1       (trunc         ) [ 00]
sub_ln4           (sub           ) [ 00]
sub_ln4_1         (sub           ) [ 00]
select_ln4_2      (select        ) [ 00]
add_ln4           (add           ) [ 00]
ref_tmp17_1       (select        ) [ 00]
tmp               (bitconcatenate) [ 00]
zext_ln4          (zext          ) [ 00]
ret_ln4           (ret           ) [ 00]
</LifeTime>

<model>

<comp_list>
<comp id="0" class="1000" name="s1">
<pin_list>
<pin id="1" dir="1" index="0" bw="1" slack="0"/>
</pin_list>
<bind>
<StgValue><ssdm name="s1"/></StgValue>
</bind>
</comp>

<comp id="2" class="1000" name="aligned_m1">
<pin_list>
<pin id="3" dir="1" index="0" bw="1" slack="0"/>
</pin_list>
<bind>
<StgValue><ssdm name="aligned_m1"/></StgValue>
</bind>
</comp>

<comp id="4" class="1000" name="s2">
<pin_list>
<pin id="5" dir="1" index="0" bw="1" slack="0"/>
</pin_list>
<bind>
<StgValue><ssdm name="s2"/></StgValue>
</bind>
</comp>

<comp id="6" class="1000" name="aligned_m2">
<pin_list>
<pin id="7" dir="1" index="0" bw="1" slack="0"/>
</pin_list>
<bind>
<StgValue><ssdm name="aligned_m2"/></StgValue>
</bind>
</comp>

<comp id="8" class="1001" name="const_8">
<pin_list>
<pin id="9" dir="1" index="0" bw="1" slack="2147483647"/>
</pin_list>
<bind>
<StgValue><ssdm name="_ssdm_op_SpecBitsMap"/></StgValue>
</bind>
</comp>

<comp id="10" class="1001" name="const_10">
<pin_list>
<pin id="11" dir="1" index="0" bw="1" slack="2147483647"/>
</pin_list>
<bind>
<StgValue><ssdm name=""/></StgValue>
</bind>
</comp>

<comp id="12" class="1001" name="const_12">
<pin_list>
<pin id="13" dir="1" index="0" bw="1" slack="2147483647"/>
</pin_list>
<bind>
<StgValue><ssdm name="_ssdm_op_SpecTopModule"/></StgValue>
</bind>
</comp>

<comp id="14" class="1001" name="const_14">
<pin_list>
<pin id="15" dir="1" index="0" bw="1" slack="2147483647"/>
</pin_list>
<bind>
<StgValue><ssdm name="empty_1"/></StgValue>
</bind>
</comp>

<comp id="16" class="1001" name="const_16">
<pin_list>
<pin id="17" dir="1" index="0" bw="1" slack="2147483647"/>
</pin_list>
<bind>
<StgValue><ssdm name="_ssdm_op_SpecInterface"/></StgValue>
</bind>
</comp>

<comp id="18" class="1001" name="const_18">
<pin_list>
<pin id="19" dir="1" index="0" bw="1" slack="2147483647"/>
</pin_list>
<bind>
<StgValue><ssdm name="empty"/></StgValue>
</bind>
</comp>

<comp id="20" class="1001" name="const_20">
<pin_list>
<pin id="21" dir="1" index="0" bw="1" slack="2147483647"/>
</pin_list>
<bind>
<StgValue><ssdm name=""/></StgValue>
</bind>
</comp>

<comp id="22" class="1001" name="const_22">
<pin_list>
<pin id="23" dir="1" index="0" bw="1" slack="2147483647"/>
</pin_list>
<bind>
<StgValue><ssdm name="empty_0"/></StgValue>
</bind>
</comp>

<comp id="24" class="1001" name="const_24">
<pin_list>
<pin id="25" dir="1" index="0" bw="1" slack="2147483647"/>
</pin_list>
<bind>
<StgValue><ssdm name=""/></StgValue>
</bind>
</comp>

<comp id="26" class="1001" name="const_26">
<pin_list>
<pin id="27" dir="1" index="0" bw="1" slack="0"/>
</pin_list>
<bind>
<StgValue><ssdm name="_ssdm_op_Read.ap_auto.i24"/></StgValue>
</bind>
</comp>

<comp id="28" class="1001" name="const_28">
<pin_list>
<pin id="29" dir="1" index="0" bw="1" slack="0"/>
</pin_list>
<bind>
<StgValue><ssdm name="_ssdm_op_Read.ap_auto.i1"/></StgValue>
</bind>
</comp>

<comp id="30" class="1001" name="const_30">
<pin_list>
<pin id="31" dir="1" index="0" bw="1" slack="0"/>
</pin_list>
<bind>
<StgValue><ssdm name=""/></StgValue>
</bind>
</comp>

<comp id="32" class="1001" name="const_32">
<pin_list>
<pin id="33" dir="1" index="0" bw="1" slack="0"/>
</pin_list>
<bind>
<StgValue><ssdm name="_ssdm_op_BitConcatenate.i23.i1.i18.i4"/></StgValue>
</bind>
</comp>

<comp id="34" class="1001" name="const_34">
<pin_list>
<pin id="35" dir="1" index="0" bw="1" slack="0"/>
</pin_list>
<bind>
<StgValue><ssdm name=""/></StgValue>
</bind>
</comp>

<comp id="36" class="1004" name="aligned_m2_read_read_fu_36">
<pin_list>
<pin id="37" dir="0" index="0" bw="24" slack="0"/>
<pin id="38" dir="0" index="1" bw="24" slack="0"/>
<pin id="39" dir="1" index="2" bw="24" slack="0"/>
</pin_list>
<bind>
<opcode="read(1150) " fcode="read"/>
<opset="aligned_m2_read/1 "/>
</bind>
</comp>

<comp id="42" class="1004" name="s2_read_read_fu_42">
<pin_list>
<pin id="43" dir="0" index="0" bw="1" slack="0"/>
<pin id="44" dir="0" index="1" bw="1" slack="0"/>
<pin id="45" dir="1" index="2" bw="1" slack="0"/>
</pin_list>
<bind>
<opcode="read(1150) " fcode="read"/>
<opset="s2_read/1 "/>
</bind>
</comp>

<comp id="48" class="1004" name="aligned_m1_read_read_fu_48">
<pin_list>
<pin id="49" dir="0" index="0" bw="24" slack="0"/>
<pin id="50" dir="0" index="1" bw="24" slack="0"/>
<pin id="51" dir="1" index="2" bw="24" slack="0"/>
</pin_list>
<bind>
<opcode="read(1150) " fcode="read"/>
<opset="aligned_m1_read/1 "/>
</bind>
</comp>

<comp id="54" class="1004" name="s1_read_read_fu_54">
<pin_list>
<pin id="55" dir="0" index="0" bw="1" slack="0"/>
<pin id="56" dir="0" index="1" bw="1" slack="0"/>
<pin id="57" dir="1" index="2" bw="1" slack="0"/>
</pin_list>
<bind>
<opcode="read(1150) " fcode="read"/>
<opset="s1_read/1 "/>
</bind>
</comp>

<comp id="60" class="1004" name="xor_ln4_fu_60">
<pin_list>
<pin id="61" dir="0" index="0" bw="1" slack="0"/>
<pin id="62" dir="0" index="1" bw="1" slack="0"/>
<pin id="63" dir="1" index="2" bw="1" slack="0"/>
</pin_list>
<bind>
<opcode="xor(25) " fcode="xor"/>
<opset="xor_ln4/1 "/>
</bind>
</comp>

<comp id="66" class="1004" name="icmp_ln4_fu_66">
<pin_list>
<pin id="67" dir="0" index="0" bw="24" slack="0"/>
<pin id="68" dir="0" index="1" bw="24" slack="0"/>
<pin id="69" dir="1" index="2" bw="1" slack="0"/>
</pin_list>
<bind>
<opcode="icmp(45) " fcode="icmp"/>
<opset="icmp_ln4/1 "/>
</bind>
</comp>

<comp id="72" class="1004" name="and_ln4_fu_72">
<pin_list>
<pin id="73" dir="0" index="0" bw="1" slack="0"/>
<pin id="74" dir="0" index="1" bw="1" slack="0"/>
<pin id="75" dir="1" index="2" bw="1" slack="0"/>
</pin_list>
<bind>
<opcode="and(23) " fcode="and"/>
<opset="and_ln4/1 "/>
</bind>
</comp>

<comp id="78" class="1004" name="icmp_ln4_1_fu_78">
<pin_list>
<pin id="79" dir="0" index="0" bw="24" slack="0"/>
<pin id="80" dir="0" index="1" bw="24" slack="0"/>
<pin id="81" dir="1" index="2" bw="1" slack="0"/>
</pin_list>
<bind>
<opcode="icmp(45) " fcode="icmp"/>
<opset="icmp_ln4_1/1 "/>
</bind>
</comp>

<comp id="84" class="1004" name="xor_ln4_1_fu_84">
<pin_list>
<pin id="85" dir="0" index="0" bw="1" slack="0"/>
<pin id="86" dir="0" index="1" bw="1" slack="0"/>
<pin id="87" dir="1" index="2" bw="1" slack="0"/>
</pin_list>
<bind>
<opcode="xor(25) " fcode="xor"/>
<opset="xor_ln4_1/1 "/>
</bind>
</comp>

<comp id="90" class="1004" name="select_ln4_fu_90">
<pin_list>
<pin id="91" dir="0" index="0" bw="1" slack="0"/>
<pin id="92" dir="0" index="1" bw="1" slack="0"/>
<pin id="93" dir="0" index="2" bw="1" slack="0"/>
<pin id="94" dir="1" index="3" bw="1" slack="0"/>
</pin_list>
<bind>
<opcode="select(49) " fcode="select"/>
<opset="select_ln4/1 "/>
</bind>
</comp>

<comp id="98" class="1004" name="select_ln4_1_fu_98">
<pin_list>
<pin id="99" dir="0" index="0" bw="1" slack="0"/>
<pin id="100" dir="0" index="1" bw="1" slack="0"/>
<pin id="101" dir="0" index="2" bw="1" slack="0"/>
<pin id="102" dir="1" index="3" bw="1" slack="0"/>
</pin_list>
<bind>
<opcode="select(49) " fcode="select"/>
<opset="select_ln4_1/1 "/>
</bind>
</comp>

<comp id="106" class="1004" name="not_and_ln4_fu_106">
<pin_list>
<pin id="107" dir="0" index="0" bw="1" slack="0"/>
<pin id="108" dir="0" index="1" bw="1" slack="0"/>
<pin id="109" dir="1" index="2" bw="1" slack="0"/>
</pin_list>
<bind>
<opcode="xor(25) " fcode="xor"/>
<opset="not_and_ln4/1 "/>
</bind>
</comp>

<comp id="112" class="1004" name="ref_tmp6_0_fu_112">
<pin_list>
<pin id="113" dir="0" index="0" bw="1" slack="0"/>
<pin id="114" dir="0" index="1" bw="1" slack="0"/>
<pin id="115" dir="1" index="2" bw="1" slack="0"/>
</pin_list>
<bind>
<opcode="and(23) " fcode="and"/>
<opset="ref_tmp6_0/1 "/>
</bind>
</comp>

<comp id="118" class="1004" name="trunc_ln4_fu_118">
<pin_list>
<pin id="119" dir="0" index="0" bw="24" slack="0"/>
<pin id="120" dir="1" index="1" bw="4" slack="0"/>
</pin_list>
<bind>
<opcode="trunc(33) " fcode="trunc"/>
<opset="trunc_ln4/1 "/>
</bind>
</comp>

<comp id="122" class="1004" name="trunc_ln4_1_fu_122">
<pin_list>
<pin id="123" dir="0" index="0" bw="24" slack="0"/>
<pin id="124" dir="1" index="1" bw="4" slack="0"/>
</pin_list>
<bind>
<opcode="trunc(33) " fcode="trunc"/>
<opset="trunc_ln4_1/1 "/>
</bind>
</comp>

<comp id="126" class="1004" name="sub_ln4_fu_126">
<pin_list>
<pin id="127" dir="0" index="0" bw="4" slack="0"/>
<pin id="128" dir="0" index="1" bw="4" slack="0"/>
<pin id="129" dir="1" index="2" bw="4" slack="0"/>
</pin_list>
<bind>
<opcode="sub(10) " fcode="sub"/>
<opset="sub_ln4/1 "/>
</bind>
</comp>

<comp id="132" class="1004" name="sub_ln4_1_fu_132">
<pin_list>
<pin id="133" dir="0" index="0" bw="4" slack="0"/>
<pin id="134" dir="0" index="1" bw="4" slack="0"/>
<pin id="135" dir="1" index="2" bw="4" slack="0"/>
</pin_list>
<bind>
<opcode="sub(10) " fcode="sub"/>
<opset="sub_ln4_1/1 "/>
</bind>
</comp>

<comp id="138" class="1004" name="select_ln4_2_fu_138">
<pin_list>
<pin id="139" dir="0" index="0" bw="1" slack="0"/>
<pin id="140" dir="0" index="1" bw="4" slack="0"/>
<pin id="141" dir="0" index="2" bw="4" slack="0"/>
<pin id="142" dir="1" index="3" bw="4" slack="0"/>
</pin_list>
<bind>
<opcode="select(49) " fcode="select"/>
<opset="select_ln4_2/1 "/>
</bind>
</comp>

<comp id="146" class="1004" name="add_ln4_fu_146">
<pin_list>
<pin id="147" dir="0" index="0" bw="4" slack="0"/>
<pin id="148" dir="0" index="1" bw="4" slack="0"/>
<pin id="149" dir="1" index="2" bw="4" slack="0"/>
</pin_list>
<bind>
<opcode="add(8) " fcode="add"/>
<opset="add_ln4/1 "/>
</bind>
</comp>

<comp id="152" class="1004" name="ref_tmp17_1_fu_152">
<pin_list>
<pin id="153" dir="0" index="0" bw="1" slack="0"/>
<pin id="154" dir="0" index="1" bw="4" slack="0"/>
<pin id="155" dir="0" index="2" bw="4" slack="0"/>
<pin id="156" dir="1" index="3" bw="4" slack="0"/>
</pin_list>
<bind>
<opcode="select(49) " fcode="select"/>
<opset="ref_tmp17_1/1 "/>
</bind>
</comp>

<comp id="160" class="1004" name="tmp_fu_160">
<pin_list>
<pin id="161" dir="0" index="0" bw="23" slack="0"/>
<pin id="162" dir="0" index="1" bw="1" slack="0"/>
<pin id="163" dir="0" index="2" bw="1" slack="0"/>
<pin id="164" dir="0" index="3" bw="4" slack="0"/>
<pin id="165" dir="1" index="4" bw="23" slack="0"/>
</pin_list>
<bind>
<opcode="bitconcatenate(1004) " fcode="bitconcatenate"/>
<opset="tmp/1 "/>
</bind>
</comp>

<comp id="170" class="1004" name="zext_ln4_fu_170">
<pin_list>
<pin id="171" dir="0" index="0" bw="23" slack="0"/>
<pin id="172" dir="1" index="1" bw="26" slack="2147483647"/>
</pin_list>
<bind>
<opcode="zext(34) " fcode="zext"/>
<opset="zext_ln4/1 "/>
</bind>
</comp>

</comp_list>

<net_list>
<net id="40"><net_src comp="26" pin="0"/><net_sink comp="36" pin=0"/></net>

<net id="41"><net_src comp="6" pin="0"/><net_sink comp="36" pin=1"/></net>

<net id="46"><net_src comp="28" pin="0"/><net_sink comp="42" pin=0"/></net>

<net id="47"><net_src comp="4" pin="0"/><net_sink comp="42" pin=1"/></net>

<net id="52"><net_src comp="26" pin="0"/><net_sink comp="48" pin=0"/></net>

<net id="53"><net_src comp="2" pin="0"/><net_sink comp="48" pin=1"/></net>

<net id="58"><net_src comp="28" pin="0"/><net_sink comp="54" pin=0"/></net>

<net id="59"><net_src comp="0" pin="0"/><net_sink comp="54" pin=1"/></net>

<net id="64"><net_src comp="54" pin="2"/><net_sink comp="60" pin=0"/></net>

<net id="65"><net_src comp="42" pin="2"/><net_sink comp="60" pin=1"/></net>

<net id="70"><net_src comp="48" pin="2"/><net_sink comp="66" pin=0"/></net>

<net id="71"><net_src comp="36" pin="2"/><net_sink comp="66" pin=1"/></net>

<net id="76"><net_src comp="60" pin="2"/><net_sink comp="72" pin=0"/></net>

<net id="77"><net_src comp="66" pin="2"/><net_sink comp="72" pin=1"/></net>

<net id="82"><net_src comp="48" pin="2"/><net_sink comp="78" pin=0"/></net>

<net id="83"><net_src comp="36" pin="2"/><net_sink comp="78" pin=1"/></net>

<net id="88"><net_src comp="78" pin="2"/><net_sink comp="84" pin=0"/></net>

<net id="89"><net_src comp="30" pin="0"/><net_sink comp="84" pin=1"/></net>

<net id="95"><net_src comp="84" pin="2"/><net_sink comp="90" pin=0"/></net>

<net id="96"><net_src comp="54" pin="2"/><net_sink comp="90" pin=1"/></net>

<net id="97"><net_src comp="42" pin="2"/><net_sink comp="90" pin=2"/></net>

<net id="103"><net_src comp="60" pin="2"/><net_sink comp="98" pin=0"/></net>

<net id="104"><net_src comp="90" pin="3"/><net_sink comp="98" pin=1"/></net>

<net id="105"><net_src comp="54" pin="2"/><net_sink comp="98" pin=2"/></net>

<net id="110"><net_src comp="72" pin="2"/><net_sink comp="106" pin=0"/></net>

<net id="111"><net_src comp="30" pin="0"/><net_sink comp="106" pin=1"/></net>

<net id="116"><net_src comp="98" pin="3"/><net_sink comp="112" pin=0"/></net>

<net id="117"><net_src comp="106" pin="2"/><net_sink comp="112" pin=1"/></net>

<net id="121"><net_src comp="48" pin="2"/><net_sink comp="118" pin=0"/></net>

<net id="125"><net_src comp="36" pin="2"/><net_sink comp="122" pin=0"/></net>

<net id="130"><net_src comp="118" pin="1"/><net_sink comp="126" pin=0"/></net>

<net id="131"><net_src comp="122" pin="1"/><net_sink comp="126" pin=1"/></net>

<net id="136"><net_src comp="122" pin="1"/><net_sink comp="132" pin=0"/></net>

<net id="137"><net_src comp="118" pin="1"/><net_sink comp="132" pin=1"/></net>

<net id="143"><net_src comp="84" pin="2"/><net_sink comp="138" pin=0"/></net>

<net id="144"><net_src comp="126" pin="2"/><net_sink comp="138" pin=1"/></net>

<net id="145"><net_src comp="132" pin="2"/><net_sink comp="138" pin=2"/></net>

<net id="150"><net_src comp="122" pin="1"/><net_sink comp="146" pin=0"/></net>

<net id="151"><net_src comp="118" pin="1"/><net_sink comp="146" pin=1"/></net>

<net id="157"><net_src comp="60" pin="2"/><net_sink comp="152" pin=0"/></net>

<net id="158"><net_src comp="138" pin="3"/><net_sink comp="152" pin=1"/></net>

<net id="159"><net_src comp="146" pin="2"/><net_sink comp="152" pin=2"/></net>

<net id="166"><net_src comp="32" pin="0"/><net_sink comp="160" pin=0"/></net>

<net id="167"><net_src comp="112" pin="2"/><net_sink comp="160" pin=1"/></net>

<net id="168"><net_src comp="34" pin="0"/><net_sink comp="160" pin=2"/></net>

<net id="169"><net_src comp="152" pin="3"/><net_sink comp="160" pin=3"/></net>

<net id="173"><net_src comp="160" pin="4"/><net_sink comp="170" pin=0"/></net>

</net_list>

</model> 
---------------- Datapath Model END ------------------

* FSMD analyzer results:
  - Output states:
 - Input state : 
	Port: fp32_raw_summer : s1 | {1 }
	Port: fp32_raw_summer : aligned_m1 | {1 }
	Port: fp32_raw_summer : s2 | {1 }
	Port: fp32_raw_summer : aligned_m2 | {1 }
  - Chain level:
	State 1
		xor_ln4_1 : 1
		select_ln4 : 1
		select_ln4_1 : 2
		ref_tmp6_0 : 3
		sub_ln4 : 1
		sub_ln4_1 : 1
		select_ln4_2 : 2
		add_ln4 : 1
		ref_tmp17_1 : 3
		tmp : 3
		zext_ln4 : 4
		ret_ln4 : 5


============================================================
+ Verbose Summary: Datapath Resource usage 
============================================================

* Functional unit list:
|----------|----------------------------|---------|---------|
| Operation|       Functional Unit      |    FF   |   LUT   |
|----------|----------------------------|---------|---------|
|   icmp   |       icmp_ln4_fu_66       |    0    |    31   |
|          |      icmp_ln4_1_fu_78      |    0    |    31   |
|----------|----------------------------|---------|---------|
|    sub   |       sub_ln4_fu_126       |    0    |    13   |
|          |      sub_ln4_1_fu_132      |    0    |    13   |
|----------|----------------------------|---------|---------|
|    add   |       add_ln4_fu_146       |    0    |    13   |
|----------|----------------------------|---------|---------|
|          |      select_ln4_fu_90      |    0    |    2    |
|  select  |     select_ln4_1_fu_98     |    0    |    2    |
|          |     select_ln4_2_fu_138    |    0    |    4    |
|          |     ref_tmp17_1_fu_152     |    0    |    4    |
|----------|----------------------------|---------|---------|
|          |        xor_ln4_fu_60       |    0    |    2    |
|    xor   |       xor_ln4_1_fu_84      |    0    |    2    |
|          |     not_and_ln4_fu_106     |    0    |    2    |
|----------|----------------------------|---------|---------|
|    and   |        and_ln4_fu_72       |    0    |    2    |
|          |      ref_tmp6_0_fu_112     |    0    |    2    |
|----------|----------------------------|---------|---------|
|          | aligned_m2_read_read_fu_36 |    0    |    0    |
|   read   |     s2_read_read_fu_42     |    0    |    0    |
|          | aligned_m1_read_read_fu_48 |    0    |    0    |
|          |     s1_read_read_fu_54     |    0    |    0    |
|----------|----------------------------|---------|---------|
|   trunc  |      trunc_ln4_fu_118      |    0    |    0    |
|          |     trunc_ln4_1_fu_122     |    0    |    0    |
|----------|----------------------------|---------|---------|
|bitconcatenate|         tmp_fu_160         |    0    |    0    |
|----------|----------------------------|---------|---------|
|   zext   |       zext_ln4_fu_170      |    0    |    0    |
|----------|----------------------------|---------|---------|
|   Total  |                            |    0    |   123   |
|----------|----------------------------|---------|---------|

Memories:
N/A

* Register list:
N/A

* Multiplexer (MUX) list: 
|--------|------|------|------|--------|
|  Comp  |  Pin | Size |  BW  | S x BW |
|--------|------|------|------|--------|
|  Total |      |      |      |    0   |
|--------|------|------|------|--------|



* Summary:
+-----------+--------+--------+
|           |   FF   |   LUT  |
+-----------+--------+--------+
|  Function |    0   |   123  |
|   Memory  |    -   |    -   |
|Multiplexer|    -   |    -   |
|  Register |    -   |    -   |
+-----------+--------+--------+
|   Total   |    0   |   123  |
+-----------+--------+--------+
