[INFO] Target: FP32MultiplicationTarget | Component: full_product_v2
[INFO] NUM_ITERATIONS=30, TIMEOUT=180s, RUN_IMPLEMENTATION=True, DIRECTED_IO=True, RUN_ACCURACY=True, SYNTH_FP32_MUL_MODE=default, SYNTH_FP32_ADD_MODE=default, SYGUS_DUMP=False, SYGUS_FAST_ENUM=False, SYGUS_PBE=True, SYGUS_SYM_BREAK_PBE=True, MXINT8_OUTPUT_MATCH_BITS=8, MXINT8_AUTO_RELAX_OUTPUT_MATCH=False, MXINT8_MIN_OUTPUT_MATCH_BITS=4, MXINT8_STAGE_MANTISSA_BITS=2, FP32_OUTPUT_MATCH_MSB_BITS=28, FP32_AUTO_RELAX_OUTPUT_MATCH=False, FP32_RESET_MSB_PER_SAMPLE=True, FP32_RELAX_ON_TIMEOUT=False, FP32_TIMEOUT_RETRY_ONCE=False, FP32_TIMEOUT_RETRY_MULTIPLIER=4, FP32_RELAX_ON_INFEASIBLE=False, FP32_RELAX_ON_FAIL=False, FP32_RELAX_SCHEDULE=staged, FP32_STAGE_MANTISSA_BITS=15, FP32_MIN_OUTPUT_MATCH_MSB_BITS=28, FP32_OUTPUT_MATCH_STEP=1, RANDOM_SEED=12347
[INFO] FP32 synthesis operand mode=default range=[-10000.0, 10000.0]
--- Starting Synthesis for [FP32MultiplicationTarget -> full_product_v2] ---

--- Iteration 1/30 ---
Generating new constraint with inputs: (1.5, 1.5)
(constraint (= ((_ extract 31 4) (fp32_full_mul #b00111111110000000000000000000000 #b00111111110000000000000000000000)) ((_ extract 31 4) #b01000000000100000000000000000000)))
SUCCESS: accepted (bits = 28). Total constraints: 1

--- Iteration 2/30 ---
Generating new constraint with inputs: (1.25, 1.25)
(constraint (= ((_ extract 31 4) (fp32_full_mul #b00111111101000000000000000000000 #b00111111101000000000000000000000)) ((_ extract 31 4) #b00111111110010000000000000000000)))
[INFO] Not relaxable (status=infeasible); not relaxing further for this sample.
SKIPPED: (1.250, 1.250) could not be added (even after relaxation).

--- Iteration 3/30 ---
Generating new constraint with inputs: (-1.5, 1.5)
(constraint (= ((_ extract 31 4) (fp32_full_mul #b10111111110000000000000000000000 #b00111111110000000000000000000000)) ((_ extract 31 4) #b11000000000100000000000000000000)))
SUCCESS: accepted (bits = 28). Total constraints: 2

--- Iteration 4/30 ---
Generating new constraint with inputs: (1.5, -1.5)
(constraint (= ((_ extract 31 4) (fp32_full_mul #b00111111110000000000000000000000 #b10111111110000000000000000000000)) ((_ extract 31 4) #b11000000000100000000000000000000)))
SUCCESS: accepted (bits = 28). Total constraints: 3

--- Iteration 5/30 ---
Generating new constraint with inputs: (1.0000001192092896, 1.0000001192092896)
(constraint (= ((_ extract 31 4) (fp32_full_mul #b00111111100000000000000000000001 #b00111111100000000000000000000001)) ((_ extract 31 4) #b00111111100000000000000000000010)))
SUCCESS: accepted (bits = 28). Total constraints: 4

--- Iteration 6/30 ---
Generating new constraint with inputs: (-2924.8562455211795, 6556.700927181249)
(constraint (= ((_ extract 31 4) (fp32_full_mul #b11000101001101101100110110110011 #b01000101110011001110010110011011)) ((_ extract 31 4) #b11001011100100100100111111011111)))
[INFO] Not relaxable (status=infeasible); not relaxing further for this sample.
SKIPPED: (-2924.856, 6556.701) could not be added (even after relaxation).

--- Iteration 7/30 ---
Generating new constraint with inputs: (-226.5371507873915, -3161.1832295528266)
(constraint (= ((_ extract 31 4) (fp32_full_mul #b11000011011000101000100110000011 #b11000101010001011001001011101111)) ((_ extract 31 4) #b01001001001011101101010111011000)))
SUCCESS: accepted (bits = 28). Total constraints: 5

--- Iteration 8/30 ---
Generating new constraint with inputs: (-4176.1677078026805, 3270.2591954017953)
(constraint (= ((_ extract 31 4) (fp32_full_mul #b11000101100000101000000101010111 #b01000101010011000110010000100110)) ((_ extract 31 4) #b11001011010100000110010000111110)))
SUCCESS: accepted (bits = 28). Total constraints: 6

--- Iteration 9/30 ---
Generating new constraint with inputs: (-3188.8903757138223, 6696.525732528888)
(constraint (= ((_ extract 31 4) (fp32_full_mul #b11000101010001110100111000111111 #b01000101110100010100010000110101)) ((_ extract 31 4) #b11001011101000101110101111111011)))
SUCCESS: accepted (bits = 28). Total constraints: 7

--- Iteration 10/30 ---
Generating new constraint with inputs: (-1481.1797399126062, -7632.067373377198)
(constraint (= ((_ extract 31 4) (fp32_full_mul #b11000100101110010010010111000000 #b11000101111011101000000010001010)) ((_ extract 31 4) #b01001011001011000111111000001111)))
SUCCESS: accepted (bits = 28). Total constraints: 8

--- Iteration 11/30 ---
Generating new constraint with inputs: (8570.155892729454, 6843.1810497870465)
(constraint (= ((_ extract 31 4) (fp32_full_mul #b01000110000001011110100010100000 #b01000101110101011101100101110011)) ((_ extract 31 4) #b01001100010111111011100010010111)))
SUCCESS: accepted (bits = 28). Total constraints: 9

--- Iteration 12/30 ---
Generating new constraint with inputs: (7506.184221882351, -1633.7055996483032)
(constraint (= ((_ extract 31 4) (fp32_full_mul #b01000101111010101001000101111001 #b11000100110011000011011010010100)) ((_ extract 31 4) #b11001011001110110001110111101111)))
SUCCESS: accepted (bits = 28). Total constraints: 10

--- Iteration 13/30 ---
Generating new constraint with inputs: (-6776.117550635783, -4602.800786431051)
(constraint (= ((_ extract 31 4) (fp32_full_mul #b11000101110100111100000011110001 #b11000101100011111101011001101000)) ((_ extract 31 4) #b01001011111011011111010001000000)))
[CVC5] Solver timed out after 180 seconds.
[INFO] Timeout. No staged fallback; skipping this sample.
SKIPPED: (-6776.118, -4602.801) could not be added (even after relaxation).

--- Iteration 14/30 ---
Generating new constraint with inputs: (-6134.0638591099305, 3615.0806015300623)
(constraint (= ((_ extract 31 4) (fp32_full_mul #b11000101101111111011000010000011 #b01000101011000011111000101001010)) ((_ extract 31 4) #b11001011101010010010111011010000)))
[CVC5] Solver timed out after 180 seconds.
[INFO] Timeout. No staged fallback; skipping this sample.
SKIPPED: (-6134.064, 3615.081) could not be added (even after relaxation).

--- Iteration 15/30 ---
Generating new constraint with inputs: (3442.227652268961, -5651.844730072086)
(constraint (= ((_ extract 31 4) (fp32_full_mul #b01000101010101110010001110100100 #b11000101101100001001111011000010)) ((_ extract 31 4) #b11001011100101000110110111101100)))
SUCCESS: accepted (bits = 28). Total constraints: 11

--- Iteration 16/30 ---
Generating new constraint with inputs: (-1550.1867098088933, 3506.249794004092)
(constraint (= ((_ extract 31 4) (fp32_full_mul #b11000100110000011100010111111010 #b01000101010110110010001111111111)) ((_ extract 31 4) #b11001010101001011101111110011100)))
SUCCESS: accepted (bits = 28). Total constraints: 12

--- Iteration 17/30 ---
Generating new constraint with inputs: (-9798.396046590104, -3323.8071113651667)
(constraint (= ((_ extract 31 4) (fp32_full_mul #b11000110000110010001100110010110 #b11000101010011111011110011101010)) ((_ extract 31 4) #b01001011111110000111100101010110)))
SUCCESS: accepted (bits = 28). Total constraints: 13

--- Iteration 18/30 ---
Generating new constraint with inputs: (1980.4752867380776, 3096.464311858803)
(constraint (= ((_ extract 31 4) (fp32_full_mul #b01000100111101111000111100110110 #b01000101010000011000011101101110)) ((_ extract 31 4) #b01001010101110110010010111101111)))
SUCCESS: accepted (bits = 28). Total constraints: 14

--- Iteration 19/30 ---
Generating new constraint with inputs: (-7917.72970427679, 6430.831271790743)
(constraint (= ((_ extract 31 4) (fp32_full_mul #b11000101111101110110110111010110 #b01000101110010001111011010100110)) ((_ extract 31 4) #b11001100010000100011110000110011)))
[CVC5] Solver timed out after 180 seconds.
[INFO] Timeout. No staged fallback; skipping this sample.
SKIPPED: (-7917.730, 6430.831) could not be added (even after relaxation).

--- Iteration 20/30 ---
Generating new constraint with inputs: (-4610.7856308367, 953.901396192965)
(constraint (= ((_ extract 31 4) (fp32_full_mul #b11000101100100000001011001001001 #b01000100011011100111100110110000)) ((_ extract 31 4) #b11001010100001100011100100110101)))
[CVC5] Solver timed out after 180 seconds.
[INFO] Timeout. No staged fallback; skipping this sample.
SKIPPED: (-4610.786, 953.901) could not be added (even after relaxation).

--- Iteration 21/30 ---
Generating new constraint with inputs: (-7876.298935933257, -5921.8015826470855)
(constraint (= ((_ extract 31 4) (fp32_full_mul #b11000101111101100010001001100100 #b11000101101110010000111001101010)) ((_ extract 31 4) #b01001100001100011110110010110110)))
SUCCESS: accepted (bits = 28). Total constraints: 15

--- Iteration 22/30 ---
Generating new constraint with inputs: (5986.243171398468, -7192.270932355571)
(constraint (= ((_ extract 31 4) (fp32_full_mul #b01000101101110110001000111110010 #b11000101111000001100001000101011)) ((_ extract 31 4) #b11001100001001000011110110010111)))
[CVC5] Solver timed out after 180 seconds.
[INFO] Timeout. No staged fallback; skipping this sample.
SKIPPED: (5986.243, -7192.271) could not be added (even after relaxation).

--- Iteration 23/30 ---
Generating new constraint with inputs: (5755.105763074056, -7807.886353797658)
(constraint (= ((_ extract 31 4) (fp32_full_mul #b01000101101100111101100011011001 #b11000101111100111111111100010111)) ((_ extract 31 4) #b11001100001010110110101000001011)))
[CVC5] Solver timed out after 180 seconds.
[INFO] Timeout. No staged fallback; skipping this sample.
SKIPPED: (5755.106, -7807.886) could not be added (even after relaxation).

--- Iteration 24/30 ---
Generating new constraint with inputs: (-5005.706914630115, -8497.90073052041)
(constraint (= ((_ extract 31 4) (fp32_full_mul #b11000101100111000110110110101000 #b11000110000001001100011110011010)) ((_ extract 31 4) #b01001100001000100100010100000100)))
[CVC5] Solver timed out after 180 seconds.
[INFO] Timeout. No staged fallback; skipping this sample.
SKIPPED: (-5005.707, -8497.901) could not be added (even after relaxation).

--- Iteration 25/30 ---
Generating new constraint with inputs: (-7510.501300957139, 9493.968799339313)
(constraint (= ((_ extract 31 4) (fp32_full_mul #b11000101111010101011010000000011 #b01000110000101000101011111100000)) ((_ extract 31 4) #b11001100100010000000000010100010)))
[CVC5] Solver timed out after 180 seconds.
[INFO] Timeout. No staged fallback; skipping this sample.
SKIPPED: (-7510.501, 9493.969) could not be added (even after relaxation).

--- Iteration 26/30 ---
Generating new constraint with inputs: (-3695.183507299884, 957.1189305877087)
(constraint (= ((_ extract 31 4) (fp32_full_mul #b11000101011001101111001011110000 #b01000100011011110100011110011101)) ((_ extract 31 4) #b11001010010101111101110101101001)))
[CVC5] Solver timed out after 180 seconds.
[INFO] Timeout. No staged fallback; skipping this sample.
SKIPPED: (-3695.184, 957.119) could not be added (even after relaxation).

--- Iteration 27/30 ---
Generating new constraint with inputs: (1673.2025057224218, -5839.183037331332)
(constraint (= ((_ extract 31 4) (fp32_full_mul #b01000100110100010010011001111011 #b11000101101101100111100101110111)) ((_ extract 31 4) #b11001011000101010001010010011000)))
[CVC5] Solver timed out after 180 seconds.
[INFO] Timeout. No staged fallback; skipping this sample.
SKIPPED: (1673.203, -5839.183) could not be added (even after relaxation).

--- Iteration 28/30 ---
Generating new constraint with inputs: (596.3551009759813, -8580.060491136262)
(constraint (= ((_ extract 31 4) (fp32_full_mul #b01000100000101010001011010111010 #b11000110000001100001000000111110)) ((_ extract 31 4) #b11001010100111000010011010110110)))
[CVC5] Solver timed out after 180 seconds.
[INFO] Timeout. No staged fallback; skipping this sample.
SKIPPED: (596.355, -8580.060) could not be added (even after relaxation).

--- Iteration 29/30 ---
Generating new constraint with inputs: (-7090.749807923439, -5519.1226696818485)
(constraint (= ((_ extract 31 4) (fp32_full_mul #b11000101110111011001011000000000 #b11000101101011000111100011111011)) ((_ extract 31 4) #b01001100000101010100100110000000)))
[CVC5] Solver timed out after 180 seconds.
[INFO] Timeout. No staged fallback; skipping this sample.
SKIPPED: (-7090.750, -5519.123) could not be added (even after relaxation).

--- Iteration 30/30 ---
Generating new constraint with inputs: (4855.812953791268, -9217.601182704313)
(constraint (= ((_ extract 31 4) (fp32_full_mul #b01000101100101111011111010000001 #b11000110000100000000011001101000)) ((_ extract 31 4) #b11001100001010101011110111101001)))
[CVC5] Solver timed out after 180 seconds.
[INFO] Timeout. No staged fallback; skipping this sample.
SKIPPED: (4855.813, -9217.601) could not be added (even after relaxation).


--- Synthesis Complete! ---

Constraints accepted: 15/30

--- Final Synthesized Program ---
(define-fun fp32_full_mul ((a (_ BitVec 32)) (b (_ BitVec 32))) (_ BitVec 32) (let ((_let_1 (bvmul ((_ zero_extend 24) (concat #b1 ((_ extract 22 0) a))) ((_ zero_extend 24) (concat #b1 ((_ extract 22 0) b)))))) (let ((_let_2 ((_ extract 47 47) _let_1))) (concat (bvxor ((_ extract 31 31) a) ((_ extract 31 31) b)) (concat (bvadd (bvsub (bvadd ((_ extract 30 23) a) ((_ extract 30 23) b)) #b01111111) ((_ zero_extend 7) _let_2)) ((_ extract 22 0) ((_ extract 46 23) (ite (= _let_2 #b1) (bvlshr _let_1 #b000000000000000000000000000000000000000000000001) _let_1))))))))

 Solution saved to: results/smt2/relaxsweep_fp32_mul_v1_28b_r03.smt2

Translating SMT output to C using smt2c...
[INFO] Found 1 define-fun block(s). Order passed to smt2c:
    - fp32_full_mul
C file saved to: results/c/relaxsweep_fp32_mul_v1_28b_r03.c

Generated C code:

unsigned int fp32_full_mul(unsigned int a, unsigned int b) {
  ap_uint<23> __smt2c_ext_0 = ((ap_uint<32>)a).range(22, 0);
  ap_uint<23> __smt2c_ext_1 = ((ap_uint<32>)b).range(22, 0);
  ap_uint<48> _let_1 = (ap_uint<48>)((ap_uint<24>)1 << 23 | (ap_uint<24>)__smt2c_ext_0) * (ap_uint<48>)((ap_uint<24>)1 << 23 | (ap_uint<24>)__smt2c_ext_1);
  ap_uint<1> __smt2c_ext_2 = ((ap_uint<48>)_let_1).range(47, 47);
  ap_uint<1> _let_2 = __smt2c_ext_2;
  ap_uint<1> __smt2c_ext_3 = ((ap_uint<32>)a).range(31, 31);
  ap_uint<1> __smt2c_ext_4 = ((ap_uint<32>)b).range(31, 31);
  unsigned char __smt2c_ext_5 = ((ap_uint<32>)a).range(30, 23);
  unsigned char __smt2c_ext_6 = ((ap_uint<32>)b).range(30, 23);
  ap_uint<48> __smt2c_src_7 = _let_2 == 1 ? (ap_uint<48>)  _let_1 >> 1 : (ap_uint<48>)  _let_1;
  ap_uint<24> __smt2c_ext_8 = ((ap_uint<48>)__smt2c_src_7).range(46, 23);
  ap_uint<23> __smt2c_ext_9 = ((ap_uint<24>)__smt2c_ext_8).range(22, 0);
  return (unsigned int)(__smt2c_ext_3 ^ __smt2c_ext_4) << 31 | (unsigned int)((ap_uint<31>)(((__smt2c_ext_5 + __smt2c_ext_6) - 127) + (unsigned char)_let_2) << 23 | (ap_uint<31>)__smt2c_ext_9);
}

Converting C output to HLS-compatible C++...

HLS C++ file saved to: /home/josephluke/Program-Synthesis-for-Efficient-ML/results/cpp/relaxsweep_fp32_mul_v1_28b_r03.cpp
Generated HLS-ready C++ code:

#include <ap_int.h>

ap_uint<32> fp32_full_mul(ap_uint<32> a, ap_uint<32> b) {
  ap_uint<23> __smt2c_ext_0 = ((ap_uint<32>)a).range(22, 0);
  ap_uint<23> __smt2c_ext_1 = ((ap_uint<32>)b).range(22, 0);
  ap_uint<48> _let_1 = (ap_uint<48>)((ap_uint<24>)1 << 23 | (ap_uint<24>)__smt2c_ext_0) * (ap_uint<48>)((ap_uint<24>)1 << 23 | (ap_uint<24>)__smt2c_ext_1);
  ap_uint<1> __smt2c_ext_2 = ((ap_uint<48>)_let_1).range(47, 47);
  ap_uint<1> _let_2 = __smt2c_ext_2;
  ap_uint<1> __smt2c_ext_3 = ((ap_uint<32>)a).range(31, 31);
  ap_uint<1> __smt2c_ext_4 = ((ap_uint<32>)b).range(31, 31);
  ap_uint<8> __smt2c_ext_5 = ((ap_uint<32>)a).range(30, 23);
  ap_uint<8> __smt2c_ext_6 = ((ap_uint<32>)b).range(30, 23);
  ap_uint<48> __smt2c_src_7 = _let_2 == 1 ? (ap_uint<48>)((ap_uint<48>)  _let_1 >> 1) : (ap_uint<48>)  _let_1;
  ap_uint<24> __smt2c_ext_8 = ((ap_uint<48>)__smt2c_src_7).range(46, 23);
  ap_uint<23> __smt2c_ext_9 = ((ap_uint<24>)__smt2c_ext_8).range(22, 0);
  return (ap_uint<32>)(__smt2c_ext_3 ^ __smt2c_ext_4) << 31 | (ap_uint<32>)((ap_uint<31>)(((__smt2c_ext_5 + __smt2c_ext_6) - 127) + (ap_uint<8>)_let_2) << 23 | (ap_uint<31>)__smt2c_ext_9);
}

[INFO] Auto-detected top function: fp32_full_mul
[INFO] Generated HLS TCL script: /home/josephluke/Program-Synthesis-for-Efficient-ML/results/HLS/relaxsweep_fp32_mul_v1_28b_r03/hls.tcl
[INFO] Running Vitis HLS synthesis...

[SUCCESS] Vitis HLS run completed successfully.
[INFO] Staged 2 Verilog files into: /home/josephluke/Program-Synthesis-for-Efficient-ML/results/HLS/relaxsweep_fp32_mul_v1_28b_r03/verilog_out
[INFO] Candidate RTL modules: ['fp32_full_mul', 'fp32_full_mul_mul_24ns_24ns_48_1_1']
[INFO] Generated Vivado TCL script: /home/josephluke/Program-Synthesis-for-Efficient-ML/results/HLS/relaxsweep_fp32_mul_v1_28b_r03/vivado.tcl
[INFO] Cleaning up previous Vivado log and journal files...
[INFO] Running Vivado implementation (this will take several minutes)...

[SUCCESS] Vivado implementation completed successfully.

--- Hardware Results ---
{
    "LUTs": 21,
    "FFs": 0,
    "DSPs": 2,
    "BRAMs": 0,
    "Cycles": 0,
    "Fmax_MHz": 87.283,
    "Latency_ns": 11.457
}
[ACC-CMD] FP32_MUL_VARIANT=v2 PYTHON=/home/josephluke/Program-Synthesis-for-Efficient-ML/.venv/bin/python make HLS_BASE=/home/josephluke/Program-Synthesis-for-Efficient-ML/results/HLS HLS_SOLN=relaxsweep_fp32_mul_v1_28b_r03 TOPLEVEL=fp32_full_mul MODULE=tests.multiplication.test_fp32_multiplier TOPLEVEL_LANG=verilog
rm -f results.xml
"make" -f Makefile results.xml
make[1]: Entering directory '/home/josephluke/Program-Synthesis-for-Efficient-ML/accuracy_tests'
/home/josephluke/.conda/pkgs/iverilog-11.0-hd56c0c9_0/bin/iverilog -o /home/josephluke/Program-Synthesis-for-Efficient-ML/accuracy_tests/sim_build/fp32_full_mul_relaxsweep_fp32_mul_v1_28b_r03/sim.vvp -s fp32_full_mul -g2012 -f /home/josephluke/Program-Synthesis-for-Efficient-ML/accuracy_tests/sim_build/fp32_full_mul_relaxsweep_fp32_mul_v1_28b_r03/cmds.f  /home/josephluke/Program-Synthesis-for-Efficient-ML/results/HLS/relaxsweep_fp32_mul_v1_28b_r03/verilog_out/fp32_full_mul_mul_24ns_24ns_48_1_1.v /home/josephluke/Program-Synthesis-for-Efficient-ML/results/HLS/relaxsweep_fp32_mul_v1_28b_r03/verilog_out/fp32_full_mul.v
rm -f results.xml
COCOTB_TEST_MODULES=tests.multiplication.test_fp32_multiplier COCOTB_TESTCASE= COCOTB_TEST_FILTER= COCOTB_TOPLEVEL=fp32_full_mul TOPLEVEL_LANG=verilog \
         /home/josephluke/.conda/pkgs/iverilog-11.0-hd56c0c9_0/bin/vvp -M /home/josephluke/Program-Synthesis-for-Efficient-ML/.venv/lib/python3.11/site-packages/cocotb/libs -m libcocotbvpi_icarus   /home/josephluke/Program-Synthesis-for-Efficient-ML/accuracy_tests/sim_build/fp32_full_mul_relaxsweep_fp32_mul_v1_28b_r03/sim.vvp  -none 
     -.--ns INFO     gpi                                ..mbed/gpi_embed.cpp:93   in _embed_init_python              Using Python 3.11.9 interpreter at /home/josephluke/Program-Synthesis-for-Efficient-ML/.venv/bin/python
     -.--ns INFO     gpi                                ../gpi/GpiCommon.cpp:79   in gpi_print_registered_impl       VPI registered
     0.00ns INFO     cocotb                             Running on Icarus Verilog version 11.0 (stable)
     0.00ns WARNING  gpi                                vpi_iterate returned NULL for type vpiInstance for object NULL
     0.00ns INFO     cocotb                             Seeding Python random module with 1774903252
     0.00ns INFO     cocotb                             Initialized cocotb v2.0.0 from /home/josephluke/Program-Synthesis-for-Efficient-ML/.venv/lib64/python3.11/site-packages/cocotb
     0.00ns INFO     cocotb                             Running tests
     0.00ns INFO     cocotb.regression                  running tests.multiplication.test_fp32_multiplier.fp32_multiplier_accuracy_subcomponents (1/4)
     0.00ns INFO     cocotb.fp32_full_mul               Skipping subcomponents variant (FP32_MUL_VARIANT filter).
     0.00ns INFO     cocotb.regression                  tests.multiplication.test_fp32_multiplier.fp32_multiplier_accuracy_subcomponents passed
     0.00ns INFO     cocotb.regression                  running tests.multiplication.test_fp32_multiplier.fp32_multiplier_accuracy_v2 (2/4)
     0.00ns INFO     cocotb.fp32_full_mul               Starting FP32 multiplier accuracy test (v2)
     0.00ns INFO     cocotb.fp32_full_mul               Random operand sampler mode: normal_full (seed=7)
     1.00ns INFO     cocotb.fp32_full_mul               [DIRECTED] a=0.5 b=0.5 got=0x3E800000 ref=0x3E800000 exact=True
     2.00ns INFO     cocotb.fp32_full_mul               [DIRECTED] a=1.0 b=1.0 got=0x3F800000 ref=0x3F800000 exact=True
     3.00ns INFO     cocotb.fp32_full_mul               [DIRECTED] a=2.0 b=0.5 got=0x3F800000 ref=0x3F800000 exact=True
     4.00ns INFO     cocotb.fp32_full_mul               [DIRECTED] a=1.5 b=2.0 got=0x40400000 ref=0x40400000 exact=True
     5.00ns INFO     cocotb.fp32_full_mul               [DIRECTED] a=0.25 b=4.0 got=0x3F800000 ref=0x3F800000 exact=True
     6.00ns INFO     cocotb.fp32_full_mul               [DIRECTED] a=-0.5 b=0.5 got=0xBE800000 ref=0xBE800000 exact=True
     7.00ns WARNING  py.warnings                        /home/josephluke/Program-Synthesis-for-Efficient-ML/accuracy_tests/tests/multiplication/test_fp32_multiplier.py:151: RuntimeWarning: overflow encountered in scalar multiply
                                                          ref_bits = float_to_uint32(np.float32(uint32_to_float(a)) * np.float32(uint32_to_float(b)))
100006.00ns WARNING  py.warnings                        /home/josephluke/Program-Synthesis-for-Efficient-ML/.venv/lib64/python3.11/site-packages/numpy/lib/_function_base_impl.py:4596: RuntimeWarning: invalid value encountered in scalar subtract
                                                          diff_b_a = b - a
100006.00ns INFO     cocotb.fp32_full_mul               Directed cases run: 6
100006.00ns INFO     cocotb.fp32_full_mul               Ran 82957 cases (skipped 17049). Exact match: 45.16%. Within 5% relative error: 90.46% (avg=inf%, p99=nan%)
100006.00ns INFO     cocotb.fp32_full_mul               Saved per-sample error dump: /home/josephluke/Program-Synthesis-for-Efficient-ML/results/relaxation_sweep/run1_normal_full/error_samples/fp32_mul_v1_28b_r03.npz
100006.00ns INFO     cocotb.regression                  tests.multiplication.test_fp32_multiplier.fp32_multiplier_accuracy_v2 passed
100006.00ns INFO     cocotb.regression                  running tests.multiplication.test_fp32_multiplier.fp32_multiplier_accuracy_v1 (3/4)
100006.00ns INFO     cocotb.fp32_full_mul               Skipping v1 variant (FP32_MUL_VARIANT filter).
100006.00ns INFO     cocotb.regression                  tests.multiplication.test_fp32_multiplier.fp32_multiplier_accuracy_v1 passed
100006.00ns INFO     cocotb.regression                  running tests.multiplication.test_fp32_multiplier.fp32_multiplier_accuracy_flopoco (4/4)
100006.00ns INFO     cocotb.fp32_full_mul               Skipping flopoco variant (FP32_MUL_VARIANT filter).
100006.00ns INFO     cocotb.regression                  tests.multiplication.test_fp32_multiplier.fp32_multiplier_accuracy_flopoco passed
100006.00ns INFO     cocotb.regression                  ******************************************************************************************************************************************
                                                        ** TEST                                                                              STATUS  SIM TIME (ns)  REAL TIME (s)  RATIO (ns/s) **
                                                        ******************************************************************************************************************************************
                                                        ** tests.multiplication.test_fp32_multiplier.fp32_multiplier_accuracy_subcomponents   PASS           0.00           0.00          0.00  **
                                                        ** tests.multiplication.test_fp32_multiplier.fp32_multiplier_accuracy_v2              PASS      100006.00           2.49      40131.17  **
                                                        ** tests.multiplication.test_fp32_multiplier.fp32_multiplier_accuracy_v1              PASS           0.00           0.00          0.00  **
                                                        ** tests.multiplication.test_fp32_multiplier.fp32_multiplier_accuracy_flopoco         PASS           0.00           0.00          0.00  **
                                                        ******************************************************************************************************************************************
                                                        ** TESTS=4 PASS=4 FAIL=0 SKIP=0                                                                 100006.00           2.49      40097.93  **
                                                        ******************************************************************************************************************************************
make[1]: Leaving directory '/home/josephluke/Program-Synthesis-for-Efficient-ML/accuracy_tests'

/home/josephluke/Program-Synthesis-for-Efficient-ML/.venv/lib/python3.11/site-packages/cocotb_tools/makefiles/simulators/Makefile.icarus:66: Using MODULE is deprecated, please use COCOTB_TEST_MODULES instead.
[SUCCESS] Accuracy run completed successfully.
