[INFO] Target: MXINT8AdditionTarget | Component: full_sum_v2
[INFO] NUM_ITERATIONS=30, TIMEOUT=180s, RUN_IMPLEMENTATION=True, DIRECTED_IO=True, RUN_ACCURACY=True, SYNTH_FP32_MUL_MODE=default, SYNTH_FP32_ADD_MODE=default, SYGUS_DUMP=False, SYGUS_FAST_ENUM=False, SYGUS_PBE=True, SYGUS_SYM_BREAK_PBE=True, MXINT8_OUTPUT_MATCH_BITS=8, MXINT8_AUTO_RELAX_OUTPUT_MATCH=True, MXINT8_MIN_OUTPUT_MATCH_BITS=4, MXINT8_STAGE_MANTISSA_BITS=2, FP32_OUTPUT_MATCH_MSB_BITS=32, FP32_AUTO_RELAX_OUTPUT_MATCH=False, FP32_RESET_MSB_PER_SAMPLE=True, FP32_RELAX_ON_TIMEOUT=False, FP32_TIMEOUT_RETRY_ONCE=False, FP32_TIMEOUT_RETRY_MULTIPLIER=4, FP32_RELAX_ON_INFEASIBLE=False, FP32_RELAX_ON_FAIL=False, FP32_RELAX_SCHEDULE=staged, FP32_STAGE_MANTISSA_BITS=15, FP32_MIN_OUTPUT_MATCH_MSB_BITS=24, FP32_OUTPUT_MATCH_STEP=1, RANDOM_SEED=12345
--- Starting Synthesis for [MXINT8AdditionTarget -> full_sum_v2] ---

--- Iteration 1/30 ---
Generating new constraint with inputs: (-11.006176824014965, -64.65766963166698)
(constraint (= (add_full_sum #b1010 #b0100 #b1011 #b0111) #b01111001))
SUCCESS: accepted (bits = 8). Total constraints: 1
[INFO] Final accepted level for this sample: stage-2 strict (bits=8).

--- Iteration 2/30 ---
Generating new constraint with inputs: (42.9272592214941, -26.57953911365375)
(constraint (= (add_full_sum #b0101 #b0110 #b1001 #b0101) #b01000100))
SUCCESS: accepted (bits = 8). Total constraints: 2
[INFO] Final accepted level for this sample: stage-2 strict (bits=8).

--- Iteration 3/30 ---
Generating new constraint with inputs: (-17.36965698752121, -40.4367019260502)
(constraint (= (add_full_sum #b1011 #b0101 #b1010 #b0110) #b01111011))
SUCCESS: accepted (bits = 8). Total constraints: 3
[INFO] Final accepted level for this sample: stage-2 strict (bits=8).

--- Iteration 4/30 ---
Generating new constraint with inputs: (8.713078272209685, -44.6572072413234)
(constraint (= (add_full_sum #b0100 #b0100 #b1010 #b0110) #b01101011))
SUCCESS: accepted (bits = 8). Total constraints: 4
[INFO] Final accepted level for this sample: stage-2 strict (bits=8).

--- Iteration 5/30 ---
Generating new constraint with inputs: (-49.59677127457402, -8.852412622691098)
(constraint (= (add_full_sum #b1001 #b0110 #b1011 #b0100) #b01111011))
SUCCESS: accepted (bits = 8). Total constraints: 5
[INFO] Final accepted level for this sample: stage-2 strict (bits=8).

--- Iteration 6/30 ---
Generating new constraint with inputs: (8.194360426011272, -42.986649984467405)
(constraint (= (add_full_sum #b0100 #b0100 #b1010 #b0110) #b01101011))
SUCCESS: accepted (bits = 8). Total constraints: 6
[INFO] Final accepted level for this sample: stage-2 strict (bits=8).

--- Iteration 7/30 ---
Generating new constraint with inputs: (7.025183295151535, -19.15301700356897)
(constraint (= (add_full_sum #b0111 #b0011 #b1011 #b0101) #b01001010))
[CVC5] Solver timed out after 180 seconds.
[INFO] Timeout at this stage (bits=8). Trying stage-0 fallback...
(constraint (= ((_ extract 7 4) (add_full_sum #b0111 #b0011 #b1011 #b0101)) #b0100))
[CVC5] Solver timed out after 180 seconds.
[INFO] Timeout. No staged fallback; skipping this sample.
SKIPPED: (7.025, -19.153) could not be added (even after relaxation).

--- Iteration 8/30 ---
Generating new constraint with inputs: (60.46455163314042, -53.94917894827096)
(constraint (= (add_full_sum #b0111 #b0110 #b1001 #b0110) #b00000000))
[CVC5] Solver timed out after 180 seconds.
[INFO] Timeout at this stage (bits=8). Trying stage-0 fallback...
(constraint (= ((_ extract 7 4) (add_full_sum #b0111 #b0110 #b1001 #b0110)) #b0000))
[CVC5] Solver timed out after 180 seconds.
[INFO] Timeout. No staged fallback; skipping this sample.
SKIPPED: (60.465, -53.949) could not be added (even after relaxation).

--- Iteration 9/30 ---
Generating new constraint with inputs: (63.180479415294116, -11.600240132012267)
(constraint (= (add_full_sum #b0111 #b0110 #b1010 #b0100) #b01100101))
[CVC5] Solver timed out after 180 seconds.
[INFO] Timeout at this stage (bits=8). Trying stage-0 fallback...
(constraint (= ((_ extract 7 4) (add_full_sum #b0111 #b0110 #b1010 #b0100)) #b0110))
[CVC5] Solver timed out after 180 seconds.
[INFO] Timeout. No staged fallback; skipping this sample.
SKIPPED: (63.180, -11.600) could not be added (even after relaxation).

--- Iteration 10/30 ---
Generating new constraint with inputs: (0.5194685905249514, -46.44470570121503)
(constraint (= (add_full_sum #b0100 #b0000 #b1010 #b0110) #b01101010))
[CVC5] Solver timed out after 180 seconds.
[INFO] Timeout at this stage (bits=8). Trying stage-0 fallback...
(constraint (= ((_ extract 7 4) (add_full_sum #b0100 #b0000 #b1010 #b0110)) #b0110))
[CVC5] Solver timed out after 180 seconds.
[INFO] Timeout. No staged fallback; skipping this sample.
SKIPPED: (0.519, -46.445) could not be added (even after relaxation).

--- Iteration 11/30 ---
Generating new constraint with inputs: (28.903662519716832, -40.923778008719715)
(constraint (= (add_full_sum #b0111 #b0101 #b1010 #b0110) #b01011100))
[CVC5] Solver timed out after 180 seconds.
[INFO] Timeout at this stage (bits=8). Trying stage-0 fallback...
(constraint (= ((_ extract 7 4) (add_full_sum #b0111 #b0101 #b1010 #b0110)) #b0101))
[CVC5] Solver timed out after 180 seconds.
[INFO] Timeout. No staged fallback; skipping this sample.
SKIPPED: (28.904, -40.924) could not be added (even after relaxation).

--- Iteration 12/30 ---
Generating new constraint with inputs: (-20.91402379789111, -62.89519920522953)
(constraint (= (add_full_sum #b1010 #b0101 #b1000 #b0110) #b01111010))
[CVC5] Solver timed out after 180 seconds.
[INFO] Timeout at this stage (bits=8). Trying stage-0 fallback...
(constraint (= ((_ extract 7 4) (add_full_sum #b1010 #b0101 #b1000 #b0110)) #b0111))
[CVC5] Solver timed out after 180 seconds.
[INFO] Timeout. No staged fallback; skipping this sample.
SKIPPED: (-20.914, -62.895) could not be added (even after relaxation).

--- Iteration 13/30 ---
Generating new constraint with inputs: (-21.18365404347447, 61.70768457214302)
(constraint (= (add_full_sum #b1010 #b0101 #b0111 #b0110) #b01010110))
[CVC5] Solver timed out after 180 seconds.
[INFO] Timeout at this stage (bits=8). Trying stage-0 fallback...
(constraint (= ((_ extract 7 4) (add_full_sum #b1010 #b0101 #b0111 #b0110)) #b0101))
[CVC5] Solver timed out after 180 seconds.
[INFO] Timeout. No staged fallback; skipping this sample.
SKIPPED: (-21.184, 61.708) could not be added (even after relaxation).

--- Iteration 14/30 ---
Generating new constraint with inputs: (63.20139595250669, 32.27796529861658)
(constraint (= (add_full_sum #b0111 #b0110 #b0100 #b0110) #b01110101))
[CVC5] Solver timed out after 180 seconds.
[INFO] Timeout at this stage (bits=8). Trying stage-0 fallback...
(constraint (= ((_ extract 7 4) (add_full_sum #b0111 #b0110 #b0100 #b0110)) #b0111))
[CVC5] Solver timed out after 180 seconds.
[INFO] Timeout. No staged fallback; skipping this sample.
SKIPPED: (63.201, 32.278) could not be added (even after relaxation).

--- Iteration 15/30 ---
Generating new constraint with inputs: (-65.54399138032738, 58.11148240890205)
(constraint (= (add_full_sum #b1011 #b0111 #b0111 #b0110) #b01011100))
[CVC5] Solver timed out after 180 seconds.
[INFO] Timeout at this stage (bits=8). Trying stage-0 fallback...
(constraint (= ((_ extract 7 4) (add_full_sum #b1011 #b0111 #b0111 #b0110)) #b0101))
[CVC5] Solver timed out after 180 seconds.
[INFO] Timeout. No staged fallback; skipping this sample.
SKIPPED: (-65.544, 58.111) could not be added (even after relaxation).

--- Iteration 16/30 ---
Generating new constraint with inputs: (48.94123987572287, 35.750132684219025)
(constraint (= (add_full_sum #b0110 #b0110 #b0100 #b0110) #b01110101))
[CVC5] Solver timed out after 180 seconds.
[INFO] Timeout at this stage (bits=8). Trying stage-0 fallback...
(constraint (= ((_ extract 7 4) (add_full_sum #b0110 #b0110 #b0100 #b0110)) #b0111))
[CVC5] Solver timed out after 180 seconds.
[INFO] Timeout. No staged fallback; skipping this sample.
SKIPPED: (48.941, 35.750) could not be added (even after relaxation).

--- Iteration 17/30 ---
Generating new constraint with inputs: (-42.38866306969601, -52.8660484691313)
(constraint (= (add_full_sum #b1010 #b0110 #b1001 #b0110) #b01111001))
[CVC5] Solver timed out after 180 seconds.
[INFO] Timeout at this stage (bits=8). Trying stage-0 fallback...
(constraint (= ((_ extract 7 4) (add_full_sum #b1010 #b0110 #b1001 #b0110)) #b0111))
[CVC5] Solver timed out after 180 seconds.
[INFO] Timeout. No staged fallback; skipping this sample.
SKIPPED: (-42.389, -52.866) could not be added (even after relaxation).

--- Iteration 18/30 ---
Generating new constraint with inputs: (-11.281714156434774, 50.89081366320329)
(constraint (= (add_full_sum #b1010 #b0100 #b0110 #b0110) #b01100100))
[CVC5] Solver timed out after 180 seconds.
[INFO] Timeout at this stage (bits=8). Trying stage-0 fallback...
(constraint (= ((_ extract 7 4) (add_full_sum #b1010 #b0100 #b0110 #b0110)) #b0110))
[CVC5] Solver timed out after 180 seconds.
[INFO] Timeout. No staged fallback; skipping this sample.
SKIPPED: (-11.282, 50.891) could not be added (even after relaxation).

--- Iteration 19/30 ---
Generating new constraint with inputs: (10.307355612354655, 31.22885237261886)
(constraint (= (add_full_sum #b0101 #b0100 #b0111 #b0101) #b01100101))
[CVC5] Solver timed out after 180 seconds.
[INFO] Timeout at this stage (bits=8). Trying stage-0 fallback...
(constraint (= ((_ extract 7 4) (add_full_sum #b0101 #b0100 #b0111 #b0101)) #b0110))
[CVC5] Solver timed out after 180 seconds.
[INFO] Timeout. No staged fallback; skipping this sample.
SKIPPED: (10.307, 31.229) could not be added (even after relaxation).

--- Iteration 20/30 ---
Generating new constraint with inputs: (-35.29401437385019, 3.1148805817349086)
(constraint (= (add_full_sum #b1011 #b0110 #b0110 #b0010) #b01101011))
[CVC5] Solver timed out after 180 seconds.
[INFO] Timeout at this stage (bits=8). Trying stage-0 fallback...
(constraint (= ((_ extract 7 4) (add_full_sum #b1011 #b0110 #b0110 #b0010)) #b0110))
[CVC5] Solver timed out after 180 seconds.
[INFO] Timeout. No staged fallback; skipping this sample.
SKIPPED: (-35.294, 3.115) could not be added (even after relaxation).

--- Iteration 21/30 ---
Generating new constraint with inputs: (27.639009747905376, 42.878080990507044)
(constraint (= (add_full_sum #b0110 #b0101 #b0101 #b0110) #b01110100))
[CVC5] Solver timed out after 180 seconds.
[INFO] Timeout at this stage (bits=8). Trying stage-0 fallback...
(constraint (= ((_ extract 7 4) (add_full_sum #b0110 #b0101 #b0101 #b0110)) #b0111))
[CVC5] Solver timed out after 180 seconds.
[INFO] Timeout. No staged fallback; skipping this sample.
SKIPPED: (27.639, 42.878) could not be added (even after relaxation).

--- Iteration 22/30 ---
Generating new constraint with inputs: (40.54043836379894, -35.335329086975)
(constraint (= (add_full_sum #b0101 #b0110 #b1011 #b0110) #b00000000))
[CVC5] Solver timed out after 180 seconds.
[INFO] Timeout at this stage (bits=8). Trying stage-0 fallback...
(constraint (= ((_ extract 7 4) (add_full_sum #b0101 #b0110 #b1011 #b0110)) #b0000))
[CVC5] Solver timed out after 180 seconds.
[INFO] Timeout. No staged fallback; skipping this sample.
SKIPPED: (40.540, -35.335) could not be added (even after relaxation).

--- Iteration 23/30 ---
Generating new constraint with inputs: (49.261075659824044, -37.4377832017141)
(constraint (= (add_full_sum #b0110 #b0110 #b1011 #b0110) #b01000100))
[CVC5] Solver timed out after 180 seconds.
[INFO] Timeout at this stage (bits=8). Trying stage-0 fallback...
(constraint (= ((_ extract 7 4) (add_full_sum #b0110 #b0110 #b1011 #b0110)) #b0100))
[CVC5] Solver timed out after 180 seconds.
[INFO] Timeout. No staged fallback; skipping this sample.
SKIPPED: (49.261, -37.438) could not be added (even after relaxation).

--- Iteration 24/30 ---
Generating new constraint with inputs: (39.85069936363749, 7.271259459865817)
(constraint (= (add_full_sum #b0100 #b0110 #b0111 #b0011) #b01100101))
[CVC5] Solver timed out after 180 seconds.
[INFO] Timeout at this stage (bits=8). Trying stage-0 fallback...
(constraint (= ((_ extract 7 4) (add_full_sum #b0100 #b0110 #b0111 #b0011)) #b0110))
[CVC5] Solver timed out after 180 seconds.
[INFO] Timeout. No staged fallback; skipping this sample.
SKIPPED: (39.851, 7.271) could not be added (even after relaxation).

--- Iteration 25/30 ---
Generating new constraint with inputs: (-41.4706564991115, 11.696337619760115)
(constraint (= (add_full_sum #b1010 #b0110 #b0101 #b0100) #b01101011))
[CVC5] Solver timed out after 180 seconds.
[INFO] Timeout at this stage (bits=8). Trying stage-0 fallback...
(constraint (= ((_ extract 7 4) (add_full_sum #b1010 #b0110 #b0101 #b0100)) #b0110))
[CVC5] Solver timed out after 180 seconds.
[INFO] Timeout. No staged fallback; skipping this sample.
SKIPPED: (-41.471, 11.696) could not be added (even after relaxation).

--- Iteration 26/30 ---
Generating new constraint with inputs: (2.4075989195390406, 60.54345045345063)
(constraint (= (add_full_sum #b0100 #b0010 #b0111 #b0110) #b01100111))
[CVC5] Solver timed out after 180 seconds.
[INFO] Timeout at this stage (bits=8). Trying stage-0 fallback...
(constraint (= ((_ extract 7 4) (add_full_sum #b0100 #b0010 #b0111 #b0110)) #b0110))
[CVC5] Solver timed out after 180 seconds.
[INFO] Timeout. No staged fallback; skipping this sample.
SKIPPED: (2.408, 60.543) could not be added (even after relaxation).

--- Iteration 27/30 ---
Generating new constraint with inputs: (-60.516822715620236, -44.33374676275908)
(constraint (= (add_full_sum #b1000 #b0110 #b1010 #b0110) #b01111001))
[CVC5] Solver timed out after 180 seconds.
[INFO] Timeout at this stage (bits=8). Trying stage-0 fallback...
(constraint (= ((_ extract 7 4) (add_full_sum #b1000 #b0110 #b1010 #b0110)) #b0111))
[CVC5] Solver timed out after 180 seconds.
[INFO] Timeout. No staged fallback; skipping this sample.
SKIPPED: (-60.517, -44.334) could not be added (even after relaxation).

--- Iteration 28/30 ---
Generating new constraint with inputs: (63.79463021547147, 43.85104493226903)
(constraint (= (add_full_sum #b0111 #b0110 #b0101 #b0110) #b01110110))
[CVC5] Solver timed out after 180 seconds.
[INFO] Timeout at this stage (bits=8). Trying stage-0 fallback...
(constraint (= ((_ extract 7 4) (add_full_sum #b0111 #b0110 #b0101 #b0110)) #b0111))
[CVC5] Solver timed out after 180 seconds.
[INFO] Timeout. No staged fallback; skipping this sample.
SKIPPED: (63.795, 43.851) could not be added (even after relaxation).

--- Iteration 29/30 ---
Generating new constraint with inputs: (-46.164034490426275, -35.75708790001269)
(constraint (= (add_full_sum #b1010 #b0110 #b1011 #b0110) #b01111010))
[CVC5] Solver timed out after 180 seconds.
[INFO] Timeout at this stage (bits=8). Trying stage-0 fallback...
(constraint (= ((_ extract 7 4) (add_full_sum #b1010 #b0110 #b1011 #b0110)) #b0111))
[CVC5] Solver timed out after 180 seconds.
[INFO] Timeout. No staged fallback; skipping this sample.
SKIPPED: (-46.164, -35.757) could not be added (even after relaxation).

--- Iteration 30/30 ---
Generating new constraint with inputs: (5.166252293732953, -45.27853039686589)
(constraint (= (add_full_sum #b0101 #b0011 #b1010 #b0110) #b01101011))
[CVC5] Solver timed out after 180 seconds.
[INFO] Timeout at this stage (bits=8). Trying stage-0 fallback...
(constraint (= ((_ extract 7 4) (add_full_sum #b0101 #b0011 #b1010 #b0110)) #b0110))
[CVC5] Solver timed out after 180 seconds.
[INFO] Timeout. No staged fallback; skipping this sample.
SKIPPED: (5.166, -45.279) could not be added (even after relaxation).


--- Synthesis Complete! ---

Constraints accepted: 6/30

--- Final Synthesized Program ---
(define-fun norm_shifted5 ((raw (_ BitVec 5))) (_ BitVec 5)
  (let ((abs5 (ite (bvslt raw #b00000) (bvneg raw) raw)))
    (ite (= raw #b00000)
         raw
         (ite (= ((_ extract 4 4) abs5) #b1)
              (bvashr raw #b00010)
              (ite (= ((_ extract 3 3) abs5) #b1)
                   (bvashr raw #b00001)
                   (ite (= ((_ extract 2 2) abs5) #b1)
                        raw
                        (ite (= ((_ extract 1 1) abs5) #b1)
                             (bvshl raw #b00001)
                             (bvshl raw #b00010))))))))

(define-fun exp_delta5_from_raw ((raw (_ BitVec 5))) (_ BitVec 5)
  (let ((abs5 (ite (bvslt raw #b00000) (bvneg raw) raw)))
    (ite (= raw #b00000)
         #b00000
         (ite (= ((_ extract 4 4) abs5) #b1)
              #b00010
              (ite (= ((_ extract 3 3) abs5) #b1)
                   #b00001
                   (ite (= ((_ extract 2 2) abs5) #b1)
                        #b00000
                        (ite (= ((_ extract 1 1) abs5) #b1)
                             #b11111
                             #b11110)))))))

(define-fun sat_mant4 ((shifted (_ BitVec 5))) (_ BitVec 4)
  (ite (bvsgt shifted #b00111)
       #b0111
       (ite (bvslt shifted #b11000)
            #b1000
            ((_ extract 3 0) shifted))))

(define-fun clamp_exp4 ((exp_adj (_ BitVec 5))) (_ BitVec 4)
  ((_ extract 3 0)
   (ite (bvsgt exp_adj #b00111)
        #b00111
        (ite (bvslt exp_adj #b11000) #b11000 exp_adj))))

(define-fun add_full_sum ((m1 (_ BitVec 4)) (e1 (_ BitVec 4)) (m2 (_ BitVec 4)) (e2 (_ BitVec 4))) (_ BitVec 8) (let ((_let_1 (bvsgt e1 e2))) (let ((_let_2 ((_ sign_extend 1) (ite _let_1 m1 m2)))) (let ((_let_3 ((_ sign_extend 1) e1))) (let ((_let_4 ((_ sign_extend 1) e2))) (concat ((_ extract 3 0) (bvadd ((_ sign_extend 1) (ite _let_1 e1 e2)) (exp_delta5_from_raw (bvadd _let_2 ((_ sign_extend 1) ((_ extract 3 0) (bvashr ((_ sign_extend 1) (ite _let_1 m2 m1)) (ite _let_1 (bvsub _let_3 _let_4) (bvsub _let_4 _let_3))))))))) (ite (= _let_2 #b00000) #b0000 (sat_mant4 (norm_shifted5 (bvadd _let_2 (bvadd ((_ sign_extend 1) (ite (= e1 e2) m1 m2)) ((_ sign_extend 1) #b0011))))))))))))

 Solution saved to: results/smt2/relaxsweep_mxint8_add_v1_staged_r01.smt2

Translating SMT output to C using smt2c...
[INFO] Found 5 define-fun block(s). Order passed to smt2c:
    - norm_shifted5
    - exp_delta5_from_raw
    - sat_mant4
    - clamp_exp4
    - add_full_sum
C file saved to: results/c/relaxsweep_mxint8_add_v1_staged_r01.c

Generated C code:

ap_uint<5> norm_shifted5(ap_uint<5> raw) {
  ap_uint<5> abs5 = (ap_int<5>)raw < (ap_int<5>)0 ? (ap_uint<5>)  -raw : (ap_uint<5>)  raw;
  ap_uint<1> __smt2c_ext_0 = ((ap_uint<5>)abs5).range(4, 4);
  ap_uint<1> __smt2c_ext_1 = ((ap_uint<5>)abs5).range(3, 3);
  ap_uint<1> __smt2c_ext_2 = ((ap_uint<5>)abs5).range(2, 2);
  ap_uint<1> __smt2c_ext_3 = ((ap_uint<5>)abs5).range(1, 1);
  ap_uint<5> __smt2c_result;
  if(raw == 0) {
    __smt2c_result = raw;
  }
  else if(__smt2c_ext_0 == 1) {
    __smt2c_result = (ap_uint<5>)((ap_int<5>)raw >> (ap_int<5>)2);
  }
  else if(__smt2c_ext_1 == 1) {
    __smt2c_result = (ap_uint<5>)((ap_int<5>)raw >> (ap_int<5>)1);
  }
  else if(__smt2c_ext_2 == 1) {
    __smt2c_result = raw;
  }
  else if(__smt2c_ext_3 == 1) {
    __smt2c_result = raw << 1;
  }
  else {
    __smt2c_result = raw << 2;
  }
  return __smt2c_result;
}

ap_uint<5> exp_delta5_from_raw(ap_uint<5> raw) {
  ap_uint<5> abs5 = (ap_int<5>)raw < (ap_int<5>)0 ? (ap_uint<5>)  -raw : (ap_uint<5>)  raw;
  ap_uint<1> __smt2c_ext_0 = ((ap_uint<5>)abs5).range(4, 4);
  ap_uint<1> __smt2c_ext_1 = ((ap_uint<5>)abs5).range(3, 3);
  ap_uint<1> __smt2c_ext_2 = ((ap_uint<5>)abs5).range(2, 2);
  ap_uint<1> __smt2c_ext_3 = ((ap_uint<5>)abs5).range(1, 1);
  ap_uint<5> __smt2c_result;
  if(raw == 0) {
    __smt2c_result = 0;
  }
  else if(__smt2c_ext_0 == 1) {
    __smt2c_result = 2;
  }
  else if(__smt2c_ext_1 == 1) {
    __smt2c_result = 1;
  }
  else if(__smt2c_ext_2 == 1) {
    __smt2c_result = 0;
  }
  else if(__smt2c_ext_3 == 1) {
    __smt2c_result = 31;
  }
  else {
    __smt2c_result = 30;
  }
  return __smt2c_result;
}

ap_uint<4> sat_mant4(ap_uint<5> shifted) {
  ap_uint<4> __smt2c_ext_0 = ((ap_uint<5>)shifted).range(3, 0);
  ap_uint<4> __smt2c_result;
  if((ap_int<5>)shifted > (ap_int<5>)7) {
    __smt2c_result = 7;
  }
  else if((ap_int<5>)shifted < (ap_int<5>)24) {
    __smt2c_result = 8;
  }
  else {
    __smt2c_result = __smt2c_ext_0;
  }
  return __smt2c_result;
}

ap_uint<4> clamp_exp4(ap_uint<5> exp_adj) {
  ap_uint<5> __smt2c_src_0 = (ap_int<5>)exp_adj > (ap_int<5>)7 ? (ap_uint<5>)  7 : (ap_uint<5>)  ((ap_int<5>)exp_adj < (ap_int<5>)24 ? (ap_uint<5>)  24 : (ap_uint<5>)  exp_adj);
  ap_uint<4> __smt2c_ext_1 = ((ap_uint<5>)__smt2c_src_0).range(3, 0);
  return __smt2c_ext_1;
}

unsigned char add_full_sum(ap_uint<4> m1, ap_uint<4> e1, ap_uint<4> m2, ap_uint<4> e2) {
  __CPROVER_bool _let_1 = (ap_int<4>)e1 > (ap_int<4>)e2;
  ap_uint<5> _let_2 = (ap_uint<5>)(ap_int<5>)(ap_int<4>)(_let_1 ? (ap_uint<4>)  m1 : (ap_uint<4>)  m2);
  ap_uint<5> _let_3 = (ap_uint<5>)(ap_int<5>)(ap_int<4>)e1;
  ap_uint<5> _let_4 = (ap_uint<5>)(ap_int<5>)(ap_int<4>)e2;
  ap_uint<5> __smt2c_src_0 = (ap_uint<5>)((ap_int<5>)(ap_uint<5>)(ap_int<5>)(ap_int<4>)(_let_1 ? (ap_uint<4>)  m2 : (ap_uint<4>)  m1) >> (ap_int<5>)(_let_1 ? (ap_uint<5>)  _let_3 - _let_4 : (ap_uint<5>)  _let_4 - _let_3));
  ap_uint<4> __smt2c_ext_1 = ((ap_uint<5>)__smt2c_src_0).range(3, 0);
  ap_uint<5> __smt2c_src_2 = (ap_uint<5>)(ap_int<5>)(ap_int<4>)(_let_1 ? (ap_uint<4>)  e1 : (ap_uint<4>)  e2) + exp_delta5_from_raw(_let_2 + (ap_uint<5>)(ap_int<5>)(ap_int<4>)__smt2c_ext_1);
  ap_uint<4> __smt2c_ext_3 = ((ap_uint<5>)__smt2c_src_2).range(3, 0);
  return (unsigned char)__smt2c_ext_3 << 4 | (unsigned char)(_let_2 == 0 ? (ap_uint<4>)  0 : (ap_uint<4>)  sat_mant4(norm_shifted5(_let_2 + (ap_uint<5>)(ap_int<5>)(ap_int<4>)(e1 == e2 ? (ap_uint<4>)  m1 : (ap_uint<4>)  m2) + (ap_uint<5>)(ap_int<5>)(ap_int<4>)3)));
}

Converting C output to HLS-compatible C++...

HLS C++ file saved to: /home/josephluke/Program-Synthesis-for-Efficient-ML/results/cpp/relaxsweep_mxint8_add_v1_staged_r01.cpp
Generated HLS-ready C++ code:

#include <ap_int.h>

ap_uint<5> norm_shifted5(ap_uint<5> raw) {
  ap_uint<5> abs5 = (ap_int<5>)raw < (ap_int<5>)0 ? (ap_uint<5>)((ap_uint<5>)  -raw) : (ap_uint<5>)  raw;
  ap_uint<1> __smt2c_ext_0 = ((ap_uint<5>)abs5).range(4, 4);
  ap_uint<1> __smt2c_ext_1 = ((ap_uint<5>)abs5).range(3, 3);
  ap_uint<1> __smt2c_ext_2 = ((ap_uint<5>)abs5).range(2, 2);
  ap_uint<1> __smt2c_ext_3 = ((ap_uint<5>)abs5).range(1, 1);
  ap_uint<5> __smt2c_result;
  if(raw == 0) {
    __smt2c_result = raw;
  }
  else if(__smt2c_ext_0 == 1) {
    __smt2c_result = (ap_uint<5>)((ap_int<5>)raw >> (ap_int<5>)2);
  }
  else if(__smt2c_ext_1 == 1) {
    __smt2c_result = (ap_uint<5>)((ap_int<5>)raw >> (ap_int<5>)1);
  }
  else if(__smt2c_ext_2 == 1) {
    __smt2c_result = raw;
  }
  else if(__smt2c_ext_3 == 1) {
    __smt2c_result = raw << 1;
  }
  else {
    __smt2c_result = raw << 2;
  }
  return __smt2c_result;
}

ap_uint<5> exp_delta5_from_raw(ap_uint<5> raw) {
  ap_uint<5> abs5 = (ap_int<5>)raw < (ap_int<5>)0 ? (ap_uint<5>)((ap_uint<5>)  -raw) : (ap_uint<5>)  raw;
  ap_uint<1> __smt2c_ext_0 = ((ap_uint<5>)abs5).range(4, 4);
  ap_uint<1> __smt2c_ext_1 = ((ap_uint<5>)abs5).range(3, 3);
  ap_uint<1> __smt2c_ext_2 = ((ap_uint<5>)abs5).range(2, 2);
  ap_uint<1> __smt2c_ext_3 = ((ap_uint<5>)abs5).range(1, 1);
  ap_uint<5> __smt2c_result;
  if(raw == 0) {
    __smt2c_result = 0;
  }
  else if(__smt2c_ext_0 == 1) {
    __smt2c_result = 2;
  }
  else if(__smt2c_ext_1 == 1) {
    __smt2c_result = 1;
  }
  else if(__smt2c_ext_2 == 1) {
    __smt2c_result = 0;
  }
  else if(__smt2c_ext_3 == 1) {
    __smt2c_result = 31;
  }
  else {
    __smt2c_result = 30;
  }
  return __smt2c_result;
}

ap_uint<4> sat_mant4(ap_uint<5> shifted) {
  ap_uint<4> __smt2c_ext_0 = ((ap_uint<5>)shifted).range(3, 0);
  ap_uint<4> __smt2c_result;
  if((ap_int<5>)shifted > (ap_int<5>)7) {
    __smt2c_result = 7;
  }
  else if((ap_int<5>)shifted < (ap_int<5>)24) {
    __smt2c_result = 8;
  }
  else {
    __smt2c_result = __smt2c_ext_0;
  }
  return __smt2c_result;
}

ap_uint<4> clamp_exp4(ap_uint<5> exp_adj) {
  ap_uint<5> __smt2c_src_0 = (ap_int<5>)exp_adj > (ap_int<5>)7 ? (ap_uint<5>)((ap_uint<5>)  7) : (ap_uint<5>)  ((ap_int<5>)exp_adj < (ap_int<5>)24 ? (ap_uint<5>)  24 : (ap_uint<5>)  exp_adj);
  ap_uint<4> __smt2c_ext_1 = ((ap_uint<5>)__smt2c_src_0).range(3, 0);
  return __smt2c_ext_1;
}

ap_uint<8> add_full_sum(ap_uint<4> m1, ap_uint<4> e1, ap_uint<4> m2, ap_uint<4> e2) {
  bool _let_1 = (ap_int<4>)e1 > (ap_int<4>)e2;
  ap_uint<5> _let_2 = (ap_uint<5>)(ap_int<5>)(ap_int<4>)(_let_1 ? (ap_uint<4>)  m1 : (ap_uint<4>)  m2);
  ap_uint<5> _let_3 = (ap_uint<5>)(ap_int<5>)(ap_int<4>)e1;
  ap_uint<5> _let_4 = (ap_uint<5>)(ap_int<5>)(ap_int<4>)e2;
  ap_uint<5> __smt2c_src_0 = (ap_uint<5>)((ap_int<5>)(ap_uint<5>)(ap_int<5>)(ap_int<4>)(_let_1 ? (ap_uint<4>)  m2 : (ap_uint<4>)  m1) >> (ap_int<5>)(_let_1 ? ap_uint<5>((_let_3 - _let_4)) : ap_uint<5>((_let_4 - _let_3))));
  ap_uint<4> __smt2c_ext_1 = ((ap_uint<5>)__smt2c_src_0).range(3, 0);
  ap_uint<5> __smt2c_src_2 = (ap_uint<5>)ap_int<5>((ap_int<4>(((_let_1 ? (ap_uint<4>)  e1 : (ap_uint<4>)  e2) + exp_delta5_from_raw(_let_2 + (ap_uint<5>)(ap_int<5>)(ap_int<4>)__smt2c_ext_1)))));
  ap_uint<4> __smt2c_ext_3 = ((ap_uint<5>)__smt2c_src_2).range(3, 0);
  return (ap_uint<8>)__smt2c_ext_3 << 4 | (ap_uint<8>)(_let_2 == 0 ? (ap_uint<4>)  0 : (ap_uint<4>)  sat_mant4(norm_shifted5(_let_2 + (ap_uint<5>)(ap_int<5>)(ap_int<4>)(e1 == e2 ? (ap_uint<4>)  m1 : (ap_uint<4>)  m2) + (ap_uint<5>)(ap_int<5>)(ap_int<4>)3)));
}

[INFO] Auto-detected top function: add_full_sum
[INFO] Generated HLS TCL script: /home/josephluke/Program-Synthesis-for-Efficient-ML/results/HLS/relaxsweep_mxint8_add_v1_staged_r01/hls.tcl
[INFO] Running Vitis HLS synthesis...

[SUCCESS] Vitis HLS run completed successfully.
[INFO] Staged 3 Verilog files into: /home/josephluke/Program-Synthesis-for-Efficient-ML/results/HLS/relaxsweep_mxint8_add_v1_staged_r01/verilog_out
[INFO] Candidate RTL modules: ['add_full_sum', 'add_full_sum_sparsemux_11_4_5_1_1', 'add_full_sum_sparsemux_7_2_4_1_1']
[INFO] Generated Vivado TCL script: /home/josephluke/Program-Synthesis-for-Efficient-ML/results/HLS/relaxsweep_mxint8_add_v1_staged_r01/vivado.tcl
[INFO] Cleaning up previous Vivado log and journal files...
[INFO] Running Vivado implementation (this will take several minutes)...

[SUCCESS] Vivado implementation completed successfully.

--- Hardware Results ---
{
    "LUTs": 76,
    "FFs": 0,
    "DSPs": 0,
    "BRAMs": 0,
    "Cycles": 0,
    "Fmax_MHz": 59.478,
    "Latency_ns": 16.8129
}
[ACC-CMD] MXINT8_ADD_VARIANT=v2 PYTHON=/home/josephluke/Program-Synthesis-for-Efficient-ML/.venv/bin/python make HLS_BASE=/home/josephluke/Program-Synthesis-for-Efficient-ML/results/HLS HLS_SOLN=relaxsweep_mxint8_add_v1_staged_r01 TOPLEVEL=add_full_sum MODULE=tests.addition.test_mxint8_adder TOPLEVEL_LANG=verilog
rm -f results.xml
"make" -f Makefile results.xml
make[1]: Entering directory '/home/josephluke/Program-Synthesis-for-Efficient-ML/accuracy_tests'
rm -f results.xml
COCOTB_TEST_MODULES=tests.addition.test_mxint8_adder COCOTB_TESTCASE= COCOTB_TEST_FILTER= COCOTB_TOPLEVEL=add_full_sum TOPLEVEL_LANG=verilog \
         /home/josephluke/.conda/pkgs/iverilog-11.0-hd56c0c9_0/bin/vvp -M /home/josephluke/Program-Synthesis-for-Efficient-ML/.venv/lib/python3.11/site-packages/cocotb/libs -m libcocotbvpi_icarus   /home/josephluke/Program-Synthesis-for-Efficient-ML/accuracy_tests/sim_build/add_full_sum_relaxsweep_mxint8_add_v1_staged_r01/sim.vvp  -none 
     -.--ns INFO     gpi                                ..mbed/gpi_embed.cpp:93   in _embed_init_python              Using Python 3.11.9 interpreter at /home/josephluke/Program-Synthesis-for-Efficient-ML/.venv/bin/python
     -.--ns INFO     gpi                                ../gpi/GpiCommon.cpp:79   in gpi_print_registered_impl       VPI registered
     0.00ns INFO     cocotb                             Running on Icarus Verilog version 11.0 (stable)
     0.00ns WARNING  gpi                                vpi_iterate returned NULL for type vpiInstance for object NULL
     0.00ns INFO     cocotb                             Seeding Python random module with 1774949270
     0.00ns INFO     cocotb                             Initialized cocotb v2.0.0 from /home/josephluke/Program-Synthesis-for-Efficient-ML/.venv/lib64/python3.11/site-packages/cocotb
     0.00ns INFO     cocotb                             Running tests
     0.00ns INFO     cocotb.regression                  running tests.addition.test_mxint8_adder.mxint8_adder_accuracy_subcomponents (1/3)
     0.00ns INFO     cocotb.add_full_sum                Skipping subcomponents variant (MXINT8_ADD_VARIANT filter).
     0.00ns INFO     cocotb.regression                  tests.addition.test_mxint8_adder.mxint8_adder_accuracy_subcomponents passed
     0.00ns INFO     cocotb.regression                  running tests.addition.test_mxint8_adder.mxint8_adder_accuracy_v2 (2/3)
     0.00ns INFO     cocotb.add_full_sum                Starting MXINT8 adder accuracy test (v2)
     0.00ns INFO     cocotb.add_full_sum                Random operand sampler mode: normal_full
100000.00ns INFO     cocotb.add_full_sum                --- Test Finished ---
100000.00ns INFO     cocotb.add_full_sum                Ran 100000 test cases (skipped 1).
100000.00ns INFO     cocotb.add_full_sum                Exact match (quantized oracle): 17.93%
100000.00ns INFO     cocotb.add_full_sum                Quantized oracle:
100000.00ns INFO     cocotb.add_full_sum                Max Absolute Error: 128.0
100000.00ns INFO     cocotb.add_full_sum                Average Absolute Error: 18.59558984375
100000.00ns INFO     cocotb.add_full_sum                99th Percentile Error: 96.0
100000.00ns INFO     cocotb.add_full_sum                95th Percentile Absolute Error: 64.0
100000.00ns INFO     cocotb.add_full_sum                Percent Within 5.00% Full-Scale Error: 30.47%
100000.00ns INFO     cocotb.add_full_sum                Full-precision oracle:
100000.00ns INFO     cocotb.add_full_sum                Max Absolute Error: 151.32800963282403
100000.00ns INFO     cocotb.add_full_sum                Average Absolute Error: 18.042431169061658
100000.00ns INFO     cocotb.add_full_sum                99th Percentile Error: 96.38224322911442
100000.00ns INFO     cocotb.add_full_sum                95th Percentile Absolute Error: 60.16578772654459
100000.00ns INFO     cocotb.add_full_sum                Percent Within 5.00% Full-Scale Error: 26.43%
100000.00ns INFO     cocotb.add_full_sum                Saved per-sample error dump: /home/josephluke/Program-Synthesis-for-Efficient-ML/results/relaxation_sweep/run1_normal_full/error_samples/mxint8_add_v1_staged_r01.npz
100000.00ns INFO     cocotb.regression                  tests.addition.test_mxint8_adder.mxint8_adder_accuracy_v2 passed
100000.00ns INFO     cocotb.regression                  running tests.addition.test_mxint8_adder.mxint8_adder_accuracy_v1 (3/3)
100000.00ns INFO     cocotb.add_full_sum                Skipping v1 variant (MXINT8_ADD_VARIANT filter).
100000.00ns INFO     cocotb.regression                  tests.addition.test_mxint8_adder.mxint8_adder_accuracy_v1 passed
100000.00ns INFO     cocotb.regression                  ******************************************************************************************************************************
                                                        ** TEST                                                                  STATUS  SIM TIME (ns)  REAL TIME (s)  RATIO (ns/s) **
                                                        ******************************************************************************************************************************
                                                        ** tests.addition.test_mxint8_adder.mxint8_adder_accuracy_subcomponents   PASS           0.00           0.00          0.00  **
                                                        ** tests.addition.test_mxint8_adder.mxint8_adder_accuracy_v2              PASS      100000.00          28.78       3474.43  **
                                                        ** tests.addition.test_mxint8_adder.mxint8_adder_accuracy_v1              PASS           0.00           0.00          0.00  **
                                                        ******************************************************************************************************************************
                                                        ** TESTS=3 PASS=3 FAIL=0 SKIP=0                                                     100000.00          28.78       3474.33  **
                                                        ******************************************************************************************************************************
make[1]: Leaving directory '/home/josephluke/Program-Synthesis-for-Efficient-ML/accuracy_tests'

/home/josephluke/Program-Synthesis-for-Efficient-ML/.venv/lib/python3.11/site-packages/cocotb_tools/makefiles/simulators/Makefile.icarus:66: Using MODULE is deprecated, please use COCOTB_TEST_MODULES instead.
[SUCCESS] Accuracy run completed successfully.
