[INFO] Target: MXINT8AdditionTarget | Component: full_sum_v2
[INFO] NUM_ITERATIONS=30, TIMEOUT=180s, RUN_IMPLEMENTATION=True, DIRECTED_IO=True, RUN_ACCURACY=True, SYNTH_FP32_MUL_MODE=default, SYNTH_FP32_ADD_MODE=default, SYGUS_DUMP=False, SYGUS_FAST_ENUM=False, SYGUS_PBE=True, SYGUS_SYM_BREAK_PBE=True, MXINT8_OUTPUT_MATCH_BITS=8, MXINT8_AUTO_RELAX_OUTPUT_MATCH=True, MXINT8_MIN_OUTPUT_MATCH_BITS=4, MXINT8_STAGE_MANTISSA_BITS=2, FP32_OUTPUT_MATCH_MSB_BITS=32, FP32_AUTO_RELAX_OUTPUT_MATCH=False, FP32_RESET_MSB_PER_SAMPLE=True, FP32_RELAX_ON_TIMEOUT=False, FP32_TIMEOUT_RETRY_ONCE=False, FP32_TIMEOUT_RETRY_MULTIPLIER=4, FP32_RELAX_ON_INFEASIBLE=False, FP32_RELAX_ON_FAIL=False, FP32_RELAX_SCHEDULE=staged, FP32_STAGE_MANTISSA_BITS=15, FP32_MIN_OUTPUT_MATCH_MSB_BITS=24, FP32_OUTPUT_MATCH_STEP=1, RANDOM_SEED=12347
--- Starting Synthesis for [MXINT8AdditionTarget -> full_sum_v2] ---

--- Iteration 1/30 ---
Generating new constraint with inputs: (-19.30405122043978, 43.274226119396246)
(constraint (= (add_full_sum #b1011 #b0101 #b0101 #b0110) #b01010100))
SUCCESS: accepted (bits = 8). Total constraints: 1
[INFO] Final accepted level for this sample: stage-2 strict (bits=8).

--- Iteration 2/30 ---
Generating new constraint with inputs: (-1.495145195196784, -20.863809315048655)
(constraint (= (add_full_sum #b1010 #b0001 #b1010 #b0101) #b01011010))
[INFO] fail at bits = 8. Trying weaker match...
(constraint (= ((_ extract 7 2) (add_full_sum #b1010 #b0001 #b1010 #b0101)) #b010110))
[INFO] infeasible at bits = 6. Trying weaker match...
(constraint (= ((_ extract 7 4) (add_full_sum #b1010 #b0001 #b1010 #b0101)) #b0101))
[INFO] infeasible at bits = 4. Trying weaker match...
SKIPPED: (-1.495, -20.864) could not be added (even after relaxation).

--- Iteration 3/30 ---
Generating new constraint with inputs: (-27.56270687149769, 21.583710689651838)
(constraint (= (add_full_sum #b1001 #b0101 #b0101 #b0101) #b01001100))
[INFO] fail at bits = 8. Trying weaker match...
(constraint (= ((_ extract 7 2) (add_full_sum #b1001 #b0101 #b0101 #b0101)) #b010011))
[INFO] infeasible at bits = 6. Trying weaker match...
(constraint (= ((_ extract 7 4) (add_full_sum #b1001 #b0101 #b0101 #b0101)) #b0100))
[INFO] infeasible at bits = 4. Trying weaker match...
SKIPPED: (-27.563, 21.584) could not be added (even after relaxation).

--- Iteration 4/30 ---
Generating new constraint with inputs: (-21.046676479711223, 44.197069834690666)
(constraint (= (add_full_sum #b1010 #b0101 #b0101 #b0110) #b01000100))
[INFO] fail at bits = 8. Trying weaker match...
(constraint (= ((_ extract 7 2) (add_full_sum #b1010 #b0101 #b0101 #b0110)) #b010001))
[INFO] infeasible at bits = 6. Trying weaker match...
(constraint (= ((_ extract 7 4) (add_full_sum #b1010 #b0101 #b0101 #b0110)) #b0100))
[INFO] infeasible at bits = 4. Trying weaker match...
SKIPPED: (-21.047, 44.197) could not be added (even after relaxation).

--- Iteration 5/30 ---
Generating new constraint with inputs: (-9.775786283423201, -50.371644664289505)
(constraint (= (add_full_sum #b1011 #b0100 #b1001 #b0110) #b01111011))
[INFO] fail at bits = 8. Trying weaker match...
(constraint (= ((_ extract 7 2) (add_full_sum #b1011 #b0100 #b1001 #b0110)) #b011110))
[INFO] infeasible at bits = 6. Trying weaker match...
(constraint (= ((_ extract 7 4) (add_full_sum #b1011 #b0100 #b1001 #b0110)) #b0111))
[INFO] infeasible at bits = 4. Trying weaker match...
SKIPPED: (-9.776, -50.372) could not be added (even after relaxation).

--- Iteration 6/30 ---
Generating new constraint with inputs: (56.56302889201439, 45.16499492859451)
(constraint (= (add_full_sum #b0111 #b0110 #b0101 #b0110) #b01110110))
[INFO] fail at bits = 8. Trying weaker match...
(constraint (= ((_ extract 7 2) (add_full_sum #b0111 #b0110 #b0101 #b0110)) #b011101))
[INFO] infeasible at bits = 6. Trying weaker match...
(constraint (= ((_ extract 7 4) (add_full_sum #b0111 #b0110 #b0101 #b0110)) #b0111))
[INFO] infeasible at bits = 4. Trying weaker match...
SKIPPED: (56.563, 45.165) could not be added (even after relaxation).

--- Iteration 7/30 ---
Generating new constraint with inputs: (49.54081586442351, -10.782456957678797)
(constraint (= (add_full_sum #b0110 #b0110 #b1010 #b0100) #b01100100))
[INFO] fail at bits = 8. Trying weaker match...
(constraint (= ((_ extract 7 2) (add_full_sum #b0110 #b0110 #b1010 #b0100)) #b011001))
[INFO] infeasible at bits = 6. Trying weaker match...
(constraint (= ((_ extract 7 4) (add_full_sum #b0110 #b0110 #b1010 #b0100)) #b0110))
[INFO] infeasible at bits = 4. Trying weaker match...
SKIPPED: (49.541, -10.782) could not be added (even after relaxation).

--- Iteration 8/30 ---
Generating new constraint with inputs: (-44.72237583419617, -30.37848519044494)
(constraint (= (add_full_sum #b1010 #b0110 #b1000 #b0101) #b01111010))
[INFO] fail at bits = 8. Trying weaker match...
(constraint (= ((_ extract 7 2) (add_full_sum #b1010 #b0110 #b1000 #b0101)) #b011110))
[INFO] infeasible at bits = 6. Trying weaker match...
(constraint (= ((_ extract 7 4) (add_full_sum #b1010 #b0110 #b1000 #b0101)) #b0111))
[INFO] infeasible at bits = 4. Trying weaker match...
SKIPPED: (-44.722, -30.378) could not be added (even after relaxation).

--- Iteration 9/30 ---
Generating new constraint with inputs: (-40.48482147012554, 23.859531970098416)
(constraint (= (add_full_sum #b1010 #b0110 #b0101 #b0101) #b01011010))
SUCCESS: accepted (bits = 8). Total constraints: 2
[INFO] Final accepted level for this sample: stage-2 strict (bits=8).

--- Iteration 10/30 ---
Generating new constraint with inputs: (22.71870250497514, -37.30217521847577)
(constraint (= (add_full_sum #b0101 #b0101 #b1011 #b0110) #b01011100))
SUCCESS: accepted (bits = 8). Total constraints: 3
[INFO] Final accepted level for this sample: stage-2 strict (bits=8).

--- Iteration 11/30 ---
Generating new constraint with inputs: (-10.231232284738702, 23.14124864042701)
(constraint (= (add_full_sum #b1010 #b0100 #b0101 #b0101) #b00110100))
[INFO] fail at bits = 8. Trying weaker match...
(constraint (= ((_ extract 7 2) (add_full_sum #b1010 #b0100 #b0101 #b0101)) #b001101))
[INFO] infeasible at bits = 6. Trying weaker match...
(constraint (= ((_ extract 7 4) (add_full_sum #b1010 #b0100 #b0101 #b0101)) #b0011))
[INFO] infeasible at bits = 4. Trying weaker match...
SKIPPED: (-10.231, 23.141) could not be added (even after relaxation).

--- Iteration 12/30 ---
Generating new constraint with inputs: (-64.66941390749469, -21.9371269350101)
(constraint (= (add_full_sum #b1011 #b0111 #b1010 #b0101) #b01111001))
[INFO] fail at bits = 8. Trying weaker match...
(constraint (= ((_ extract 7 2) (add_full_sum #b1011 #b0111 #b1010 #b0101)) #b011110))
[INFO] infeasible at bits = 6. Trying weaker match...
(constraint (= ((_ extract 7 4) (add_full_sum #b1011 #b0111 #b1010 #b0101)) #b0111))
[INFO] infeasible at bits = 4. Trying weaker match...
SKIPPED: (-64.669, -21.937) could not be added (even after relaxation).

--- Iteration 13/30 ---
Generating new constraint with inputs: (13.071136892471316, 20.436664458268098)
(constraint (= (add_full_sum #b0110 #b0100 #b0101 #b0101) #b01100100))
[INFO] fail at bits = 8. Trying weaker match...
(constraint (= ((_ extract 7 2) (add_full_sum #b0110 #b0100 #b0101 #b0101)) #b011001))
[INFO] infeasible at bits = 6. Trying weaker match...
(constraint (= ((_ extract 7 4) (add_full_sum #b0110 #b0100 #b0101 #b0101)) #b0110))
[INFO] infeasible at bits = 4. Trying weaker match...
SKIPPED: (13.071, 20.437) could not be added (even after relaxation).

--- Iteration 14/30 ---
Generating new constraint with inputs: (-52.25701604822682, 42.4434863938189)
(constraint (= (add_full_sum #b1001 #b0110 #b0101 #b0110) #b01011100))
[INFO] fail at bits = 8. Trying weaker match...
(constraint (= ((_ extract 7 2) (add_full_sum #b1001 #b0110 #b0101 #b0110)) #b010111))
[INFO] infeasible at bits = 6. Trying weaker match...
(constraint (= ((_ extract 7 4) (add_full_sum #b1001 #b0110 #b0101 #b0110)) #b0101))
[INFO] infeasible at bits = 4. Trying weaker match...
SKIPPED: (-52.257, 42.443) could not be added (even after relaxation).

--- Iteration 15/30 ---
Generating new constraint with inputs: (-30.431185163522223, 6.295749214873567)
(constraint (= (add_full_sum #b1000 #b0101 #b0110 #b0011) #b01011010))
[INFO] fail at bits = 8. Trying weaker match...
(constraint (= ((_ extract 7 2) (add_full_sum #b1000 #b0101 #b0110 #b0011)) #b010110))
[INFO] infeasible at bits = 6. Trying weaker match...
(constraint (= ((_ extract 7 4) (add_full_sum #b1000 #b0101 #b0110 #b0011)) #b0101))
[INFO] infeasible at bits = 4. Trying weaker match...
SKIPPED: (-30.431, 6.296) could not be added (even after relaxation).

--- Iteration 16/30 ---
Generating new constraint with inputs: (-51.9835729771595, -39.08389044547077)
(constraint (= (add_full_sum #b1001 #b0110 #b1011 #b0110) #b01111010))
[INFO] fail at bits = 8. Trying weaker match...
(constraint (= ((_ extract 7 2) (add_full_sum #b1001 #b0110 #b1011 #b0110)) #b011110))
[INFO] infeasible at bits = 6. Trying weaker match...
(constraint (= ((_ extract 7 4) (add_full_sum #b1001 #b0110 #b1011 #b0110)) #b0111))
[INFO] infeasible at bits = 4. Trying weaker match...
SKIPPED: (-51.984, -39.084) could not be added (even after relaxation).

--- Iteration 17/30 ---
Generating new constraint with inputs: (39.50920493122989, -47.46898815354677)
(constraint (= (add_full_sum #b0100 #b0110 #b1010 #b0110) #b01011100))
[INFO] fail at bits = 8. Trying weaker match...
(constraint (= ((_ extract 7 2) (add_full_sum #b0100 #b0110 #b1010 #b0110)) #b010111))
[INFO] infeasible at bits = 6. Trying weaker match...
(constraint (= ((_ extract 7 4) (add_full_sum #b0100 #b0110 #b1010 #b0110)) #b0101))
[INFO] infeasible at bits = 4. Trying weaker match...
SKIPPED: (39.509, -47.469) could not be added (even after relaxation).

--- Iteration 18/30 ---
Generating new constraint with inputs: (37.98369803628877, -51.532049935064535)
(constraint (= (add_full_sum #b0100 #b0110 #b1001 #b0110) #b01011010))
[INFO] fail at bits = 8. Trying weaker match...
(constraint (= ((_ extract 7 2) (add_full_sum #b0100 #b0110 #b1001 #b0110)) #b010110))
[INFO] infeasible at bits = 6. Trying weaker match...
(constraint (= ((_ extract 7 4) (add_full_sum #b0100 #b0110 #b1001 #b0110)) #b0101))
[INFO] infeasible at bits = 4. Trying weaker match...
SKIPPED: (37.984, -51.532) could not be added (even after relaxation).

--- Iteration 19/30 ---
Generating new constraint with inputs: (-33.037665636558756, -56.086144821434715)
(constraint (= (add_full_sum #b1011 #b0110 #b1000 #b0110) #b01111001))
[INFO] fail at bits = 8. Trying weaker match...
(constraint (= ((_ extract 7 2) (add_full_sum #b1011 #b0110 #b1000 #b0110)) #b011110))
[INFO] infeasible at bits = 6. Trying weaker match...
(constraint (= ((_ extract 7 4) (add_full_sum #b1011 #b0110 #b1000 #b0110)) #b0111))
[INFO] infeasible at bits = 4. Trying weaker match...
SKIPPED: (-33.038, -56.086) could not be added (even after relaxation).

--- Iteration 20/30 ---
Generating new constraint with inputs: (-49.56930858631712, 62.66019407563948)
(constraint (= (add_full_sum #b1001 #b0110 #b0111 #b0110) #b00000000))
[INFO] fail at bits = 8. Trying weaker match...
(constraint (= ((_ extract 7 2) (add_full_sum #b1001 #b0110 #b0111 #b0110)) #b000000))
[INFO] infeasible at bits = 6. Trying weaker match...
(constraint (= ((_ extract 7 4) (add_full_sum #b1001 #b0110 #b0111 #b0110)) #b0000))
[INFO] infeasible at bits = 4. Trying weaker match...
SKIPPED: (-49.569, 62.660) could not be added (even after relaxation).

--- Iteration 21/30 ---
Generating new constraint with inputs: (-24.388211148179238, 6.3169849418788715)
(constraint (= (add_full_sum #b1001 #b0101 #b0110 #b0011) #b01011011))
[INFO] fail at bits = 8. Trying weaker match...
(constraint (= ((_ extract 7 2) (add_full_sum #b1001 #b0101 #b0110 #b0011)) #b010110))
[INFO] infeasible at bits = 6. Trying weaker match...
(constraint (= ((_ extract 7 4) (add_full_sum #b1001 #b0101 #b0110 #b0011)) #b0101))
SUCCESS: accepted (bits = 4). Total constraints: 4
(constraint (= ((_ extract 7 2) (add_full_sum #b1001 #b0101 #b0110 #b0011)) #b010110))
(constraint (= (add_full_sum #b1001 #b0101 #b0110 #b0011) #b01011011))
[INFO] Stage-0 accepted, but no upgrade succeeded for this sample.
[INFO] Final accepted level for this sample: stage-0 (exp only, bits=4).

--- Iteration 22/30 ---
Generating new constraint with inputs: (11.043136537767992, -38.5386080463868)
(constraint (= (add_full_sum #b0101 #b0100 #b1011 #b0110) #b01101100))
SUCCESS: accepted (bits = 8). Total constraints: 5
[INFO] Final accepted level for this sample: stage-2 strict (bits=8).

--- Iteration 23/30 ---
Generating new constraint with inputs: (3.9359436664414744, -56.62839924149934)
(constraint (= (add_full_sum #b0111 #b0010 #b1000 #b0110) #b01111100))
SUCCESS: accepted (bits = 8). Total constraints: 6
[INFO] Final accepted level for this sample: stage-2 strict (bits=8).

--- Iteration 24/30 ---
Generating new constraint with inputs: (-46.798948732294704, -36.4262096199002)
(constraint (= (add_full_sum #b1010 #b0110 #b1011 #b0110) #b01111010))
SUCCESS: accepted (bits = 8). Total constraints: 7
[INFO] Final accepted level for this sample: stage-2 strict (bits=8).

--- Iteration 25/30 ---
Generating new constraint with inputs: (32.04836549502237, -60.83616780584847)
(constraint (= (add_full_sum #b0100 #b0110 #b1000 #b0110) #b01101100))
SUCCESS: accepted (bits = 8). Total constraints: 8
[INFO] Final accepted level for this sample: stage-2 strict (bits=8).

--- Iteration 26/30 ---
Generating new constraint with inputs: (47.33387909472357, -40.852338497329754)
(constraint (= (add_full_sum #b0101 #b0110 #b1010 #b0110) #b01001100))
SUCCESS: accepted (bits = 8). Total constraints: 9
[INFO] Final accepted level for this sample: stage-2 strict (bits=8).

--- Iteration 27/30 ---
Generating new constraint with inputs: (-49.17849441056626, 56.78122824325395)
(constraint (= (add_full_sum #b1001 #b0110 #b0111 #b0110) #b00000000))
[CVC5] Solver timed out after 180 seconds.
[INFO] Timeout at this stage (bits=8). Trying stage-0 fallback...
(constraint (= ((_ extract 7 4) (add_full_sum #b1001 #b0110 #b0111 #b0110)) #b0000))
[CVC5] Solver timed out after 180 seconds.
[INFO] Timeout. No staged fallback; skipping this sample.
SKIPPED: (-49.178, 56.781) could not be added (even after relaxation).

--- Iteration 28/30 ---
Generating new constraint with inputs: (37.22403543020977, -47.316035725205666)
(constraint (= (add_full_sum #b0100 #b0110 #b1010 #b0110) #b01011100))
SUCCESS: accepted (bits = 8). Total constraints: 10
[INFO] Final accepted level for this sample: stage-2 strict (bits=8).

--- Iteration 29/30 ---
Generating new constraint with inputs: (61.89944329620852, 23.37286892671851)
(constraint (= (add_full_sum #b0111 #b0110 #b0101 #b0101) #b01110101))
[CVC5] Solver timed out after 180 seconds.
[INFO] Timeout at this stage (bits=8). Trying stage-0 fallback...
(constraint (= ((_ extract 7 4) (add_full_sum #b0111 #b0110 #b0101 #b0101)) #b0111))
[CVC5] Solver timed out after 180 seconds.
[INFO] Timeout. No staged fallback; skipping this sample.
SKIPPED: (61.899, 23.373) could not be added (even after relaxation).

--- Iteration 30/30 ---
Generating new constraint with inputs: (-34.76011879015889, -15.031276505672821)
(constraint (= (add_full_sum #b1011 #b0110 #b1000 #b0100) #b01111100))
[CVC5] Solver timed out after 180 seconds.
[INFO] Timeout at this stage (bits=8). Trying stage-0 fallback...
(constraint (= ((_ extract 7 4) (add_full_sum #b1011 #b0110 #b1000 #b0100)) #b0111))
[CVC5] Solver timed out after 180 seconds.
[INFO] Timeout. No staged fallback; skipping this sample.
SKIPPED: (-34.760, -15.031) could not be added (even after relaxation).


--- Synthesis Complete! ---

Constraints accepted: 10/30

--- Final Synthesized Program ---
(define-fun norm_shifted5 ((raw (_ BitVec 5))) (_ BitVec 5)
  (let ((abs5 (ite (bvslt raw #b00000) (bvneg raw) raw)))
    (ite (= raw #b00000)
         raw
         (ite (= ((_ extract 4 4) abs5) #b1)
              (bvashr raw #b00010)
              (ite (= ((_ extract 3 3) abs5) #b1)
                   (bvashr raw #b00001)
                   (ite (= ((_ extract 2 2) abs5) #b1)
                        raw
                        (ite (= ((_ extract 1 1) abs5) #b1)
                             (bvshl raw #b00001)
                             (bvshl raw #b00010))))))))

(define-fun exp_delta5_from_raw ((raw (_ BitVec 5))) (_ BitVec 5)
  (let ((abs5 (ite (bvslt raw #b00000) (bvneg raw) raw)))
    (ite (= raw #b00000)
         #b00000
         (ite (= ((_ extract 4 4) abs5) #b1)
              #b00010
              (ite (= ((_ extract 3 3) abs5) #b1)
                   #b00001
                   (ite (= ((_ extract 2 2) abs5) #b1)
                        #b00000
                        (ite (= ((_ extract 1 1) abs5) #b1)
                             #b11111
                             #b11110)))))))

(define-fun sat_mant4 ((shifted (_ BitVec 5))) (_ BitVec 4)
  (ite (bvsgt shifted #b00111)
       #b0111
       (ite (bvslt shifted #b11000)
            #b1000
            ((_ extract 3 0) shifted))))

(define-fun clamp_exp4 ((exp_adj (_ BitVec 5))) (_ BitVec 4)
  ((_ extract 3 0)
   (ite (bvsgt exp_adj #b00111)
        #b00111
        (ite (bvslt exp_adj #b11000) #b11000 exp_adj))))

(define-fun add_full_sum ((m1 (_ BitVec 4)) (e1 (_ BitVec 4)) (m2 (_ BitVec 4)) (e2 (_ BitVec 4))) (_ BitVec 8) (let ((_let_1 (bvsge e1 e2))) (let ((_let_2 ((_ sign_extend 1) (ite _let_1 e1 e2)))) (let ((_let_3 (bvsub _let_2 ((_ sign_extend 1) (ite _let_1 e2 e1))))) (let ((_let_4 ((_ extract 3 0) _let_3))) (let ((_let_5 (ite _let_1 m2 m1))) (let ((_let_6 ((_ sign_extend 1) _let_5))) (let ((_let_7 ((_ sign_extend 1) (ite _let_1 m1 m2)))) (concat ((_ extract 3 0) (bvadd _let_2 (exp_delta5_from_raw (bvadd _let_7 ((_ sign_extend 1) ((_ extract 3 0) (bvashr (bvadd _let_6 ((_ sign_extend 1) _let_4)) _let_3))))))) (ite (= (bvadd _let_7 _let_7) #b00000) #b0000 (sat_mant4 (norm_shifted5 (bvadd _let_7 ((_ sign_extend 1) ((_ extract 3 0) (bvashr (bvadd _let_6 ((_ sign_extend 1) (ite (bvslt _let_5 #b0000) (bvneg #b0000) _let_4))) _let_3))))))))))))))))

 Solution saved to: results/smt2/relaxsweep_mxint8_add_v2_staged_r03.smt2

Translating SMT output to C using smt2c...
[INFO] Found 5 define-fun block(s). Order passed to smt2c:
    - norm_shifted5
    - exp_delta5_from_raw
    - sat_mant4
    - clamp_exp4
    - add_full_sum
C file saved to: results/c/relaxsweep_mxint8_add_v2_staged_r03.c

Generated C code:

ap_uint<5> norm_shifted5(ap_uint<5> raw) {
  ap_uint<5> abs5 = (ap_int<5>)raw < (ap_int<5>)0 ? (ap_uint<5>)  -raw : (ap_uint<5>)  raw;
  ap_uint<1> __smt2c_ext_0 = ((ap_uint<5>)abs5).range(4, 4);
  ap_uint<1> __smt2c_ext_1 = ((ap_uint<5>)abs5).range(3, 3);
  ap_uint<1> __smt2c_ext_2 = ((ap_uint<5>)abs5).range(2, 2);
  ap_uint<1> __smt2c_ext_3 = ((ap_uint<5>)abs5).range(1, 1);
  ap_uint<5> __smt2c_result;
  if(raw == 0) {
    __smt2c_result = raw;
  }
  else if(__smt2c_ext_0 == 1) {
    __smt2c_result = (ap_uint<5>)((ap_int<5>)raw >> (ap_int<5>)2);
  }
  else if(__smt2c_ext_1 == 1) {
    __smt2c_result = (ap_uint<5>)((ap_int<5>)raw >> (ap_int<5>)1);
  }
  else if(__smt2c_ext_2 == 1) {
    __smt2c_result = raw;
  }
  else if(__smt2c_ext_3 == 1) {
    __smt2c_result = raw << 1;
  }
  else {
    __smt2c_result = raw << 2;
  }
  return __smt2c_result;
}

ap_uint<5> exp_delta5_from_raw(ap_uint<5> raw) {
  ap_uint<5> abs5 = (ap_int<5>)raw < (ap_int<5>)0 ? (ap_uint<5>)  -raw : (ap_uint<5>)  raw;
  ap_uint<1> __smt2c_ext_0 = ((ap_uint<5>)abs5).range(4, 4);
  ap_uint<1> __smt2c_ext_1 = ((ap_uint<5>)abs5).range(3, 3);
  ap_uint<1> __smt2c_ext_2 = ((ap_uint<5>)abs5).range(2, 2);
  ap_uint<1> __smt2c_ext_3 = ((ap_uint<5>)abs5).range(1, 1);
  ap_uint<5> __smt2c_result;
  if(raw == 0) {
    __smt2c_result = 0;
  }
  else if(__smt2c_ext_0 == 1) {
    __smt2c_result = 2;
  }
  else if(__smt2c_ext_1 == 1) {
    __smt2c_result = 1;
  }
  else if(__smt2c_ext_2 == 1) {
    __smt2c_result = 0;
  }
  else if(__smt2c_ext_3 == 1) {
    __smt2c_result = 31;
  }
  else {
    __smt2c_result = 30;
  }
  return __smt2c_result;
}

ap_uint<4> sat_mant4(ap_uint<5> shifted) {
  ap_uint<4> __smt2c_ext_0 = ((ap_uint<5>)shifted).range(3, 0);
  ap_uint<4> __smt2c_result;
  if((ap_int<5>)shifted > (ap_int<5>)7) {
    __smt2c_result = 7;
  }
  else if((ap_int<5>)shifted < (ap_int<5>)24) {
    __smt2c_result = 8;
  }
  else {
    __smt2c_result = __smt2c_ext_0;
  }
  return __smt2c_result;
}

ap_uint<4> clamp_exp4(ap_uint<5> exp_adj) {
  ap_uint<5> __smt2c_src_0 = (ap_int<5>)exp_adj > (ap_int<5>)7 ? (ap_uint<5>)  7 : (ap_uint<5>)  ((ap_int<5>)exp_adj < (ap_int<5>)24 ? (ap_uint<5>)  24 : (ap_uint<5>)  exp_adj);
  ap_uint<4> __smt2c_ext_1 = ((ap_uint<5>)__smt2c_src_0).range(3, 0);
  return __smt2c_ext_1;
}

unsigned char add_full_sum(ap_uint<4> m1, ap_uint<4> e1, ap_uint<4> m2, ap_uint<4> e2) {
  __CPROVER_bool _let_1 = (ap_int<4>)e1 >= (ap_int<4>)e2;
  ap_uint<5> _let_2 = (ap_uint<5>)(ap_int<5>)(ap_int<4>)(_let_1 ? (ap_uint<4>)  e1 : (ap_uint<4>)  e2);
  ap_uint<5> _let_3 = _let_2 - (ap_uint<5>)(ap_int<5>)(ap_int<4>)(_let_1 ? (ap_uint<4>)  e2 : (ap_uint<4>)  e1);
  ap_uint<4> __smt2c_ext_0 = ((ap_uint<5>)_let_3).range(3, 0);
  ap_uint<4> _let_4 = __smt2c_ext_0;
  ap_uint<4> _let_5 = _let_1 ? (ap_uint<4>)  m2 : (ap_uint<4>)  m1;
  ap_uint<5> _let_6 = (ap_uint<5>)(ap_int<5>)(ap_int<4>)_let_5;
  ap_uint<5> _let_7 = (ap_uint<5>)(ap_int<5>)(ap_int<4>)(_let_1 ? (ap_uint<4>)  m1 : (ap_uint<4>)  m2);
  ap_uint<5> __smt2c_src_1 = (ap_uint<5>)((ap_int<5>)(_let_6 + (ap_uint<5>)(ap_int<5>)(ap_int<4>)_let_4) >> (ap_int<5>)_let_3);
  ap_uint<4> __smt2c_ext_2 = ((ap_uint<5>)__smt2c_src_1).range(3, 0);
  ap_uint<5> __smt2c_src_3 = _let_2 + exp_delta5_from_raw(_let_7 + (ap_uint<5>)(ap_int<5>)(ap_int<4>)__smt2c_ext_2);
  ap_uint<4> __smt2c_ext_4 = ((ap_uint<5>)__smt2c_src_3).range(3, 0);
  ap_uint<5> __smt2c_src_5 = (ap_uint<5>)((ap_int<5>)(_let_6 + (ap_uint<5>)(ap_int<5>)(ap_int<4>)((ap_int<4>)_let_5 < (ap_int<4>)0 ? (ap_uint<4>)  -0 : (ap_uint<4>)  _let_4)) >> (ap_int<5>)_let_3);
  ap_uint<4> __smt2c_ext_6 = ((ap_uint<5>)__smt2c_src_5).range(3, 0);
  return (unsigned char)__smt2c_ext_4 << 4 | (unsigned char)(_let_7 + _let_7 == 0 ? (ap_uint<4>)  0 : (ap_uint<4>)  sat_mant4(norm_shifted5(_let_7 + (ap_uint<5>)(ap_int<5>)(ap_int<4>)__smt2c_ext_6)));
}

Converting C output to HLS-compatible C++...

HLS C++ file saved to: /home/josephluke/Program-Synthesis-for-Efficient-ML/results/cpp/relaxsweep_mxint8_add_v2_staged_r03.cpp
Generated HLS-ready C++ code:

#include <ap_int.h>

ap_uint<5> norm_shifted5(ap_uint<5> raw) {
  ap_uint<5> abs5 = (ap_int<5>)raw < (ap_int<5>)0 ? (ap_uint<5>)((ap_uint<5>)  -raw) : (ap_uint<5>)  raw;
  ap_uint<1> __smt2c_ext_0 = ((ap_uint<5>)abs5).range(4, 4);
  ap_uint<1> __smt2c_ext_1 = ((ap_uint<5>)abs5).range(3, 3);
  ap_uint<1> __smt2c_ext_2 = ((ap_uint<5>)abs5).range(2, 2);
  ap_uint<1> __smt2c_ext_3 = ((ap_uint<5>)abs5).range(1, 1);
  ap_uint<5> __smt2c_result;
  if(raw == 0) {
    __smt2c_result = raw;
  }
  else if(__smt2c_ext_0 == 1) {
    __smt2c_result = (ap_uint<5>)((ap_int<5>)raw >> (ap_int<5>)2);
  }
  else if(__smt2c_ext_1 == 1) {
    __smt2c_result = (ap_uint<5>)((ap_int<5>)raw >> (ap_int<5>)1);
  }
  else if(__smt2c_ext_2 == 1) {
    __smt2c_result = raw;
  }
  else if(__smt2c_ext_3 == 1) {
    __smt2c_result = raw << 1;
  }
  else {
    __smt2c_result = raw << 2;
  }
  return __smt2c_result;
}

ap_uint<5> exp_delta5_from_raw(ap_uint<5> raw) {
  ap_uint<5> abs5 = (ap_int<5>)raw < (ap_int<5>)0 ? (ap_uint<5>)((ap_uint<5>)  -raw) : (ap_uint<5>)  raw;
  ap_uint<1> __smt2c_ext_0 = ((ap_uint<5>)abs5).range(4, 4);
  ap_uint<1> __smt2c_ext_1 = ((ap_uint<5>)abs5).range(3, 3);
  ap_uint<1> __smt2c_ext_2 = ((ap_uint<5>)abs5).range(2, 2);
  ap_uint<1> __smt2c_ext_3 = ((ap_uint<5>)abs5).range(1, 1);
  ap_uint<5> __smt2c_result;
  if(raw == 0) {
    __smt2c_result = 0;
  }
  else if(__smt2c_ext_0 == 1) {
    __smt2c_result = 2;
  }
  else if(__smt2c_ext_1 == 1) {
    __smt2c_result = 1;
  }
  else if(__smt2c_ext_2 == 1) {
    __smt2c_result = 0;
  }
  else if(__smt2c_ext_3 == 1) {
    __smt2c_result = 31;
  }
  else {
    __smt2c_result = 30;
  }
  return __smt2c_result;
}

ap_uint<4> sat_mant4(ap_uint<5> shifted) {
  ap_uint<4> __smt2c_ext_0 = ((ap_uint<5>)shifted).range(3, 0);
  ap_uint<4> __smt2c_result;
  if((ap_int<5>)shifted > (ap_int<5>)7) {
    __smt2c_result = 7;
  }
  else if((ap_int<5>)shifted < (ap_int<5>)24) {
    __smt2c_result = 8;
  }
  else {
    __smt2c_result = __smt2c_ext_0;
  }
  return __smt2c_result;
}

ap_uint<4> clamp_exp4(ap_uint<5> exp_adj) {
  ap_uint<5> __smt2c_src_0 = (ap_int<5>)exp_adj > (ap_int<5>)7 ? (ap_uint<5>)((ap_uint<5>)  7) : (ap_uint<5>)  ((ap_int<5>)exp_adj < (ap_int<5>)24 ? (ap_uint<5>)  24 : (ap_uint<5>)  exp_adj);
  ap_uint<4> __smt2c_ext_1 = ((ap_uint<5>)__smt2c_src_0).range(3, 0);
  return __smt2c_ext_1;
}

ap_uint<8> add_full_sum(ap_uint<4> m1, ap_uint<4> e1, ap_uint<4> m2, ap_uint<4> e2) {
  bool _let_1 = (ap_int<4>)e1 >= (ap_int<4>)e2;
  ap_uint<5> _let_2 = (ap_uint<5>)(ap_int<5>)(ap_int<4>)(_let_1 ? (ap_uint<4>)  e1 : (ap_uint<4>)  e2);
  ap_uint<5> _let_3 = _let_2 - (ap_uint<5>)(ap_int<5>)(ap_int<4>)(_let_1 ? (ap_uint<4>)  e2 : (ap_uint<4>)  e1);
  ap_uint<4> __smt2c_ext_0 = ((ap_uint<5>)_let_3).range(3, 0);
  ap_uint<4> _let_4 = __smt2c_ext_0;
  ap_uint<4> _let_5 = _let_1 ? (ap_uint<4>)  m2 : (ap_uint<4>)  m1;
  ap_uint<5> _let_6 = (ap_uint<5>)(ap_int<5>)(ap_int<4>)_let_5;
  ap_uint<5> _let_7 = (ap_uint<5>)(ap_int<5>)(ap_int<4>)(_let_1 ? (ap_uint<4>)  m1 : (ap_uint<4>)  m2);
  ap_uint<5> __smt2c_src_1 = (ap_uint<5>)((ap_int<5>)(_let_6 + (ap_uint<5>)(ap_int<5>)(ap_int<4>)_let_4) >> (ap_int<5>)_let_3);
  ap_uint<4> __smt2c_ext_2 = ((ap_uint<5>)__smt2c_src_1).range(3, 0);
  ap_uint<5> __smt2c_src_3 = _let_2 + exp_delta5_from_raw(_let_7 + (ap_uint<5>)(ap_int<5>)(ap_int<4>)__smt2c_ext_2);
  ap_uint<4> __smt2c_ext_4 = ((ap_uint<5>)__smt2c_src_3).range(3, 0);
  ap_uint<5> __smt2c_src_5 = (ap_uint<5>)((ap_int<5>)(_let_6 + (ap_uint<5>)(ap_int<5>)(ap_int<4>)((ap_int<4>)_let_5 < (ap_int<4>)0 ? (ap_uint<4>)  -0 : (ap_uint<4>)  _let_4)) >> (ap_int<5>)_let_3);
  ap_uint<4> __smt2c_ext_6 = ((ap_uint<5>)__smt2c_src_5).range(3, 0);
  return (ap_uint<8>)__smt2c_ext_4 << 4 | (ap_uint<8>)(_let_7 + _let_7 == 0 ? (ap_uint<4>)  0 : (ap_uint<4>)  sat_mant4(norm_shifted5(_let_7 + (ap_uint<5>)(ap_int<5>)(ap_int<4>)__smt2c_ext_6)));
}

[INFO] Auto-detected top function: add_full_sum
[INFO] Generated HLS TCL script: /home/josephluke/Program-Synthesis-for-Efficient-ML/results/HLS/relaxsweep_mxint8_add_v2_staged_r03/hls.tcl
[INFO] Running Vitis HLS synthesis...

[SUCCESS] Vitis HLS run completed successfully.
[INFO] Staged 3 Verilog files into: /home/josephluke/Program-Synthesis-for-Efficient-ML/results/HLS/relaxsweep_mxint8_add_v2_staged_r03/verilog_out
[INFO] Candidate RTL modules: ['add_full_sum', 'add_full_sum_sparsemux_11_4_5_1_1', 'add_full_sum_sparsemux_7_2_4_1_1']
[INFO] Generated Vivado TCL script: /home/josephluke/Program-Synthesis-for-Efficient-ML/results/HLS/relaxsweep_mxint8_add_v2_staged_r03/vivado.tcl
[INFO] Cleaning up previous Vivado log and journal files...
[INFO] Running Vivado implementation (this will take several minutes)...

[SUCCESS] Vivado implementation completed successfully.

--- Hardware Results ---
{
    "LUTs": 69,
    "FFs": 0,
    "DSPs": 0,
    "BRAMs": 0,
    "Cycles": 0,
    "Fmax_MHz": 45.869,
    "Latency_ns": 21.8012
}
[ACC-CMD] MXINT8_ADD_VARIANT=v2 PYTHON=/home/josephluke/Program-Synthesis-for-Efficient-ML/.venv/bin/python make HLS_BASE=/home/josephluke/Program-Synthesis-for-Efficient-ML/results/HLS HLS_SOLN=relaxsweep_mxint8_add_v2_staged_r03 TOPLEVEL=add_full_sum MODULE=tests.addition.test_mxint8_adder TOPLEVEL_LANG=verilog
rm -f results.xml
"make" -f Makefile results.xml
make[1]: Entering directory '/home/josephluke/Program-Synthesis-for-Efficient-ML/accuracy_tests'
/home/josephluke/.conda/pkgs/iverilog-11.0-hd56c0c9_0/bin/iverilog -o /home/josephluke/Program-Synthesis-for-Efficient-ML/accuracy_tests/sim_build/add_full_sum_relaxsweep_mxint8_add_v2_staged_r03/sim.vvp -s add_full_sum -g2012 -f /home/josephluke/Program-Synthesis-for-Efficient-ML/accuracy_tests/sim_build/add_full_sum_relaxsweep_mxint8_add_v2_staged_r03/cmds.f  /home/josephluke/Program-Synthesis-for-Efficient-ML/results/HLS/relaxsweep_mxint8_add_v2_staged_r03/verilog_out/add_full_sum_sparsemux_11_4_5_1_1.v /home/josephluke/Program-Synthesis-for-Efficient-ML/results/HLS/relaxsweep_mxint8_add_v2_staged_r03/verilog_out/add_full_sum_sparsemux_7_2_4_1_1.v /home/josephluke/Program-Synthesis-for-Efficient-ML/results/HLS/relaxsweep_mxint8_add_v2_staged_r03/verilog_out/add_full_sum.v
rm -f results.xml
COCOTB_TEST_MODULES=tests.addition.test_mxint8_adder COCOTB_TESTCASE= COCOTB_TEST_FILTER= COCOTB_TOPLEVEL=add_full_sum TOPLEVEL_LANG=verilog \
         /home/josephluke/.conda/pkgs/iverilog-11.0-hd56c0c9_0/bin/vvp -M /home/josephluke/Program-Synthesis-for-Efficient-ML/.venv/lib/python3.11/site-packages/cocotb/libs -m libcocotbvpi_icarus   /home/josephluke/Program-Synthesis-for-Efficient-ML/accuracy_tests/sim_build/add_full_sum_relaxsweep_mxint8_add_v2_staged_r03/sim.vvp  -none 
     -.--ns INFO     gpi                                ..mbed/gpi_embed.cpp:93   in _embed_init_python              Using Python 3.11.9 interpreter at /home/josephluke/Program-Synthesis-for-Efficient-ML/.venv/bin/python
     -.--ns INFO     gpi                                ../gpi/GpiCommon.cpp:79   in gpi_print_registered_impl       VPI registered
     0.00ns INFO     cocotb                             Running on Icarus Verilog version 11.0 (stable)
     0.00ns WARNING  gpi                                vpi_iterate returned NULL for type vpiInstance for object NULL
     0.00ns INFO     cocotb                             Seeding Python random module with 1774999310
     0.00ns INFO     cocotb                             Initialized cocotb v2.0.0 from /home/josephluke/Program-Synthesis-for-Efficient-ML/.venv/lib64/python3.11/site-packages/cocotb
     0.00ns INFO     cocotb                             Running tests
     0.00ns INFO     cocotb.regression                  running tests.addition.test_mxint8_adder.mxint8_adder_accuracy_subcomponents (1/3)
     0.00ns INFO     cocotb.add_full_sum                Skipping subcomponents variant (MXINT8_ADD_VARIANT filter).
     0.00ns INFO     cocotb.regression                  tests.addition.test_mxint8_adder.mxint8_adder_accuracy_subcomponents passed
     0.00ns INFO     cocotb.regression                  running tests.addition.test_mxint8_adder.mxint8_adder_accuracy_v2 (2/3)
     0.00ns INFO     cocotb.add_full_sum                Starting MXINT8 adder accuracy test (v2)
     0.00ns INFO     cocotb.add_full_sum                Random operand sampler mode: normal_full
100000.00ns INFO     cocotb.add_full_sum                --- Test Finished ---
100000.00ns INFO     cocotb.add_full_sum                Ran 100000 test cases (skipped 0).
100000.00ns INFO     cocotb.add_full_sum                Exact match (quantized oracle): 71.47%
100000.00ns INFO     cocotb.add_full_sum                Quantized oracle:
100000.00ns INFO     cocotb.add_full_sum                Max Absolute Error: 32.0
100000.00ns INFO     cocotb.add_full_sum                Average Absolute Error: 1.75401
100000.00ns INFO     cocotb.add_full_sum                99th Percentile Error: 32.0
100000.00ns INFO     cocotb.add_full_sum                95th Percentile Absolute Error: 8.0
100000.00ns INFO     cocotb.add_full_sum                Percent Within 5.00% Full-Scale Error: 89.15%
100000.00ns INFO     cocotb.add_full_sum                Full-precision oracle:
100000.00ns INFO     cocotb.add_full_sum                Max Absolute Error: 27.519626465212724
100000.00ns INFO     cocotb.add_full_sum                Average Absolute Error: 6.600122007630735
100000.00ns INFO     cocotb.add_full_sum                99th Percentile Error: 21.565649168832277
100000.00ns INFO     cocotb.add_full_sum                95th Percentile Absolute Error: 16.564249573094244
100000.00ns INFO     cocotb.add_full_sum                Percent Within 5.00% Full-Scale Error: 50.28%
100000.00ns INFO     cocotb.add_full_sum                Saved per-sample error dump: /home/josephluke/Program-Synthesis-for-Efficient-ML/results/relaxation_sweep/run1_normal_full/error_samples/mxint8_add_v2_staged_r03.npz
100000.00ns INFO     cocotb.regression                  tests.addition.test_mxint8_adder.mxint8_adder_accuracy_v2 passed
100000.00ns INFO     cocotb.regression                  running tests.addition.test_mxint8_adder.mxint8_adder_accuracy_v1 (3/3)
100000.00ns INFO     cocotb.add_full_sum                Skipping v1 variant (MXINT8_ADD_VARIANT filter).
100000.00ns INFO     cocotb.regression                  tests.addition.test_mxint8_adder.mxint8_adder_accuracy_v1 passed
100000.00ns INFO     cocotb.regression                  ******************************************************************************************************************************
                                                        ** TEST                                                                  STATUS  SIM TIME (ns)  REAL TIME (s)  RATIO (ns/s) **
                                                        ******************************************************************************************************************************
                                                        ** tests.addition.test_mxint8_adder.mxint8_adder_accuracy_subcomponents   PASS           0.00           0.00          0.00  **
                                                        ** tests.addition.test_mxint8_adder.mxint8_adder_accuracy_v2              PASS      100000.00          27.99       3572.19  **
                                                        ** tests.addition.test_mxint8_adder.mxint8_adder_accuracy_v1              PASS           0.00           0.00          0.00  **
                                                        ******************************************************************************************************************************
                                                        ** TESTS=3 PASS=3 FAIL=0 SKIP=0                                                     100000.00          27.99       3572.09  **
                                                        ******************************************************************************************************************************
make[1]: Leaving directory '/home/josephluke/Program-Synthesis-for-Efficient-ML/accuracy_tests'

/home/josephluke/Program-Synthesis-for-Efficient-ML/.venv/lib/python3.11/site-packages/cocotb_tools/makefiles/simulators/Makefile.icarus:66: Using MODULE is deprecated, please use COCOTB_TEST_MODULES instead.
[SUCCESS] Accuracy run completed successfully.
