

================================================================
== Vitis HLS Report for 'detect_overflow'
================================================================
* Date:           Wed Oct 29 00:57:40 2025

* Version:        2025.1 (Build 6135595 on May 21 2025)
* Project:        solution_addition_overflow_component
* Solution:       hls (Vivado IP Flow Target)
* Product family: zynq
* Target device:  xc7z020-clg400-1


================================================================
== Performance Estimates
================================================================
+ Timing: 
    * Summary: 
    +--------+----------+----------+------------+
    |  Clock |  Target  | Estimated| Uncertainty|
    +--------+----------+----------+------------+
    |ap_clk  |  1.00 sec|  2.758 ns|    0.27 sec|
    +--------+----------+----------+------------+

+ Latency: 
    * Summary: 
    +---------+---------+----------+----------+-----+-----+---------+
    |  Latency (cycles) |  Latency (absolute) |  Interval | Pipeline|
    |   min   |   max   |    min   |    max   | min | max |   Type  |
    +---------+---------+----------+----------+-----+-----+---------+
    |        0|        0|      0 ns|      0 ns|    1|    1|       no|
    +---------+---------+----------+----------+-----+-----+---------+

    + Detail: 
        * Instance: 
        N/A

        * Loop: 
        N/A



================================================================
== Utilization Estimates
================================================================
* Summary: 
+-----------------+---------+-----+--------+-------+-----+
|       Name      | BRAM_18K| DSP |   FF   |  LUT  | URAM|
+-----------------+---------+-----+--------+-------+-----+
|DSP              |        -|    -|       -|      -|    -|
|Expression       |        -|    -|       0|     15|    -|
|FIFO             |        -|    -|       -|      -|    -|
|Instance         |        -|    -|       -|      -|    -|
|Memory           |        -|    -|       -|      -|    -|
|Multiplexer      |        -|    -|       -|      -|    -|
|Register         |        -|    -|       -|      -|    -|
+-----------------+---------+-----+--------+-------+-----+
|Total            |        0|    0|       0|     15|    0|
+-----------------+---------+-----+--------+-------+-----+
|Available        |      280|  220|  106400|  53200|    0|
+-----------------+---------+-----+--------+-------+-----+
|Utilization (%)  |        0|    0|       0|     ~0|    0|
+-----------------+---------+-----+--------+-------+-----+

+ Detail: 
    * Instance: 
    N/A

    * DSP: 
    N/A

    * Memory: 
    N/A

    * FIFO: 
    N/A

    * Expression: 
    +------------------+----------+----+---+----+------------+------------+
    |   Variable Name  | Operation| DSP| FF| LUT| Bitwidth P0| Bitwidth P1|
    +------------------+----------+----+---+----+------------+------------+
    |add_ln4_fu_36_p2  |         +|   0|  0|  13|           5|           5|
    |ap_return         |       xor|   0|  0|   2|           1|           2|
    +------------------+----------+----+---+----+------------+------------+
    |Total             |          |   0|  0|  15|           6|           7|
    +------------------+----------+----+---+----+------------+------------+

    * Multiplexer: 
    N/A

    * Register: 
    N/A



================================================================
== Interface
================================================================
* Summary: 
+-----------+-----+-----+------------+-----------------+--------------+
| RTL Ports | Dir | Bits|  Protocol  |  Source Object  |    C Type    |
+-----------+-----+-----+------------+-----------------+--------------+
|ap_start   |   in|    1|  ap_ctrl_hs|  detect_overflow|  return value|
|ap_done    |  out|    1|  ap_ctrl_hs|  detect_overflow|  return value|
|ap_idle    |  out|    1|  ap_ctrl_hs|  detect_overflow|  return value|
|ap_ready   |  out|    1|  ap_ctrl_hs|  detect_overflow|  return value|
|ap_return  |  out|    1|  ap_ctrl_hs|  detect_overflow|  return value|
|ap_rst     |   in|    1|  ap_ctrl_hs|  detect_overflow|  return value|
|raw_sum    |   in|    5|     ap_none|          raw_sum|        scalar|
+-----------+-----+-----+------------+-----------------+--------------+

