

================================================================
== Vitis HLS Report for 'mult_mxint_exp'
================================================================
* Date:           Wed Oct 29 00:55:10 2025

* Version:        2025.1 (Build 6135595 on May 21 2025)
* Project:        solution_multiplication_exp_component
* Solution:       hls (Vivado IP Flow Target)
* Product family: zynq
* Target device:  xc7z020-clg400-1


================================================================
== Performance Estimates
================================================================
+ Timing: 
    * Summary: 
    +--------+----------+----------+------------+
    |  Clock |  Target  | Estimated| Uncertainty|
    +--------+----------+----------+------------+
    |ap_clk  |  1.00 sec|  4.494 ns|    0.27 sec|
    +--------+----------+----------+------------+

+ Latency: 
    * Summary: 
    +---------+---------+----------+----------+-----+-----+---------+
    |  Latency (cycles) |  Latency (absolute) |  Interval | Pipeline|
    |   min   |   max   |    min   |    max   | min | max |   Type  |
    +---------+---------+----------+----------+-----+-----+---------+
    |        0|        0|      0 ns|      0 ns|    1|    1|       no|
    +---------+---------+----------+----------+-----+-----+---------+

    + Detail: 
        * Instance: 
        N/A

        * Loop: 
        N/A



================================================================
== Utilization Estimates
================================================================
* Summary: 
+-----------------+---------+-----+--------+-------+-----+
|       Name      | BRAM_18K| DSP |   FF   |  LUT  | URAM|
+-----------------+---------+-----+--------+-------+-----+
|DSP              |        -|    -|       -|      -|    -|
|Expression       |        -|    -|       0|     30|    -|
|FIFO             |        -|    -|       -|      -|    -|
|Instance         |        -|    -|       -|      -|    -|
|Memory           |        -|    -|       -|      -|    -|
|Multiplexer      |        -|    -|       -|      -|    -|
|Register         |        -|    -|       -|      -|    -|
+-----------------+---------+-----+--------+-------+-----+
|Total            |        0|    0|       0|     30|    0|
+-----------------+---------+-----+--------+-------+-----+
|Available        |      280|  220|  106400|  53200|    0|
+-----------------+---------+-----+--------+-------+-----+
|Utilization (%)  |        0|    0|       0|     ~0|    0|
+-----------------+---------+-----+--------+-------+-----+

+ Detail: 
    * Instance: 
    N/A

    * DSP: 
    N/A

    * Memory: 
    N/A

    * FIFO: 
    N/A

    * Expression: 
    +--------------------+----------+----+---+----+------------+------------+
    |    Variable Name   | Operation| DSP| FF| LUT| Bitwidth P0| Bitwidth P1|
    +--------------------+----------+----+---+----+------------+------------+
    |add_ln4_1_fu_54_p2  |         +|   0|  0|  13|           4|           2|
    |add_ln4_fu_48_p2    |         +|   0|  0|  13|           4|           4|
    |ap_return           |    select|   0|  0|   4|           1|           4|
    +--------------------+----------+----+---+----+------------+------------+
    |Total               |          |   0|  0|  30|           9|          10|
    +--------------------+----------+----+---+----+------------+------------+

    * Multiplexer: 
    N/A

    * Register: 
    N/A



================================================================
== Interface
================================================================
* Summary: 
+-------------+-----+-----+------------+----------------+--------------+
|  RTL Ports  | Dir | Bits|  Protocol  |  Source Object |    C Type    |
+-------------+-----+-----+------------+----------------+--------------+
|ap_start     |   in|    1|  ap_ctrl_hs|  mult_mxint_exp|  return value|
|ap_done      |  out|    1|  ap_ctrl_hs|  mult_mxint_exp|  return value|
|ap_idle      |  out|    1|  ap_ctrl_hs|  mult_mxint_exp|  return value|
|ap_ready     |  out|    1|  ap_ctrl_hs|  mult_mxint_exp|  return value|
|ap_return    |  out|    4|  ap_ctrl_hs|  mult_mxint_exp|  return value|
|ap_rst       |   in|    1|  ap_ctrl_hs|  mult_mxint_exp|  return value|
|e1           |   in|    4|     ap_none|              e1|        scalar|
|e2           |   in|    4|     ap_none|              e2|        scalar|
|renorm_flag  |   in|    1|     ap_none|     renorm_flag|        scalar|
+-------------+-----+-----+------------+----------------+--------------+

