
****** Vivado v2025.1 (64-bit)
  **** SW Build 6140274 on Wed May 21 22:58:25 MDT 2025
  **** IP Build 6138677 on Thu May 22 03:10:11 MDT 2025
  **** SharedData Build 6139179 on Tue May 20 17:58:58 MDT 2025
  **** Start of session at: Tue Nov  4 15:44:21 2025
    ** Copyright 1986-2022 Xilinx, Inc. All Rights Reserved.
    ** Copyright 2022-2025 Advanced Micro Devices, Inc. All Rights Reserved.

source /home/joe/Desktop/Uni/Year_4/Dissertation/Program-Synthesis-for-Efficient-ML/results/HLS/solution_fp32addition_fp32_alignment/vivado.tcl
# set v_files  [glob -nocomplain {/home/joe/Desktop/Uni/Year_4/Dissertation/Program-Synthesis-for-Efficient-ML/results/HLS/solution_fp32addition_fp32_alignment/verilog_out/*.v}]
# set sv_files [glob -nocomplain {/home/joe/Desktop/Uni/Year_4/Dissertation/Program-Synthesis-for-Efficient-ML/results/HLS/solution_fp32addition_fp32_alignment/verilog_out/*.sv}]
# if {[llength $v_files] == 0 && [llength $sv_files] == 0} {
#       puts "ERROR: No RTL files found in /home/joe/Desktop/Uni/Year_4/Dissertation/Program-Synthesis-for-Efficient-ML/results/HLS/solution_fp32addition_fp32_alignment/verilog_out"
#       exit 1
#     }
# if {[llength $v_files]  > 0} { read_verilog $v_files }
# foreach f $sv_files { read_verilog -sv $f }
# synth_design -top fp32_aligner -part xc7z020clg400-1
Command: synth_design -top fp32_aligner -part xc7z020clg400-1
Starting synth_design
Attempting to get a license for feature 'Synthesis' and/or device 'xc7z020'
INFO: [Common 17-349] Got license for feature 'Synthesis' and/or device 'xc7z020'
INFO: [Synth 8-7079] Multithreading enabled for synth_design using a maximum of 7 processes.
INFO: [Synth 8-7078] Launching helper process for spawning children vivado processes
INFO: [Synth 8-7075] Helper process launched with PID 958886
---------------------------------------------------------------------------------
Starting Synthesize : Time (s): cpu = 00:00:04 ; elapsed = 00:00:04 . Memory (MB): peak = 1950.344 ; gain = 413.602 ; free physical = 279 ; free virtual = 3111
---------------------------------------------------------------------------------
INFO: [Synth 8-6157] synthesizing module 'fp32_aligner' [/home/joe/Desktop/Uni/Year_4/Dissertation/Program-Synthesis-for-Efficient-ML/results/HLS/solution_fp32addition_fp32_alignment/verilog_out/fp32_aligner.v:9]
INFO: [Synth 8-6155] done synthesizing module 'fp32_aligner' (0#1) [/home/joe/Desktop/Uni/Year_4/Dissertation/Program-Synthesis-for-Efficient-ML/results/HLS/solution_fp32addition_fp32_alignment/verilog_out/fp32_aligner.v:9]
WARNING: [Synth 8-3917] design fp32_aligner has port ap_idle driven by constant 1
WARNING: [Synth 8-7129] Port ap_rst in module fp32_aligner is either unconnected or has no load
---------------------------------------------------------------------------------
Finished Synthesize : Time (s): cpu = 00:00:05 ; elapsed = 00:00:05 . Memory (MB): peak = 2023.312 ; gain = 486.570 ; free physical = 298 ; free virtual = 3043
---------------------------------------------------------------------------------
---------------------------------------------------------------------------------
Finished Constraint Validation : Time (s): cpu = 00:00:05 ; elapsed = 00:00:05 . Memory (MB): peak = 2041.125 ; gain = 504.383 ; free physical = 289 ; free virtual = 3035
---------------------------------------------------------------------------------
---------------------------------------------------------------------------------
Start Loading Part and Timing Information
---------------------------------------------------------------------------------
Loading part: xc7z020clg400-1
---------------------------------------------------------------------------------
Finished Loading Part and Timing Information : Time (s): cpu = 00:00:05 ; elapsed = 00:00:05 . Memory (MB): peak = 2041.125 ; gain = 504.383 ; free physical = 289 ; free virtual = 3035
---------------------------------------------------------------------------------
INFO: [Device 21-403] Loading part xc7z020clg400-1
---------------------------------------------------------------------------------
Finished RTL Optimization Phase 2 : Time (s): cpu = 00:00:05 ; elapsed = 00:00:05 . Memory (MB): peak = 2050.031 ; gain = 513.289 ; free physical = 287 ; free virtual = 3037
---------------------------------------------------------------------------------
No constraint files found.
---------------------------------------------------------------------------------
Start RTL Component Statistics 
---------------------------------------------------------------------------------
Detailed RTL Component Info : 
+---Adders : 
	   3 Input    9 Bit       Adders := 2     
+---XORs : 
	   2 Input      1 Bit         XORs := 1     
+---Muxes : 
	   2 Input   24 Bit        Muxes := 2     
	   2 Input    8 Bit        Muxes := 1     
---------------------------------------------------------------------------------
Finished RTL Component Statistics 
---------------------------------------------------------------------------------
---------------------------------------------------------------------------------
Start Part Resource Summary
---------------------------------------------------------------------------------
Part Resources:
DSPs: 220 (col length:60)
BRAMs: 280 (col length: RAMB18 60 RAMB36 30)
---------------------------------------------------------------------------------
Finished Part Resource Summary
---------------------------------------------------------------------------------
No constraint files found.
---------------------------------------------------------------------------------
Start Cross Boundary and Area Optimization
---------------------------------------------------------------------------------
WARNING: [Synth 8-7080] Parallel synthesis criteria is not met
WARNING: [Synth 8-3917] design fp32_aligner has port ap_idle driven by constant 1
WARNING: [Synth 8-7129] Port ap_rst in module fp32_aligner is either unconnected or has no load
---------------------------------------------------------------------------------
Finished Cross Boundary and Area Optimization : Time (s): cpu = 00:00:09 ; elapsed = 00:00:09 . Memory (MB): peak = 2211.891 ; gain = 675.148 ; free physical = 275 ; free virtual = 2894
---------------------------------------------------------------------------------
No constraint files found.
---------------------------------------------------------------------------------
Start Timing Optimization
---------------------------------------------------------------------------------
---------------------------------------------------------------------------------
Finished Timing Optimization : Time (s): cpu = 00:00:09 ; elapsed = 00:00:09 . Memory (MB): peak = 2217.828 ; gain = 681.086 ; free physical = 275 ; free virtual = 2895
---------------------------------------------------------------------------------
---------------------------------------------------------------------------------
Start Technology Mapping
---------------------------------------------------------------------------------
---------------------------------------------------------------------------------
Finished Technology Mapping : Time (s): cpu = 00:00:09 ; elapsed = 00:00:09 . Memory (MB): peak = 2217.828 ; gain = 681.086 ; free physical = 270 ; free virtual = 2890
---------------------------------------------------------------------------------
---------------------------------------------------------------------------------
Start IO Insertion
---------------------------------------------------------------------------------
---------------------------------------------------------------------------------
Start Flattening Before IO Insertion
---------------------------------------------------------------------------------
---------------------------------------------------------------------------------
Finished Flattening Before IO Insertion
---------------------------------------------------------------------------------
---------------------------------------------------------------------------------
Start Final Netlist Cleanup
---------------------------------------------------------------------------------
---------------------------------------------------------------------------------
Finished Final Netlist Cleanup
---------------------------------------------------------------------------------
---------------------------------------------------------------------------------
Finished IO Insertion : Time (s): cpu = 00:00:12 ; elapsed = 00:00:13 . Memory (MB): peak = 2379.641 ; gain = 842.898 ; free physical = 293 ; free virtual = 2810
---------------------------------------------------------------------------------
---------------------------------------------------------------------------------
Start Renaming Generated Instances
---------------------------------------------------------------------------------
---------------------------------------------------------------------------------
Finished Renaming Generated Instances : Time (s): cpu = 00:00:12 ; elapsed = 00:00:13 . Memory (MB): peak = 2379.641 ; gain = 842.898 ; free physical = 293 ; free virtual = 2810
---------------------------------------------------------------------------------
---------------------------------------------------------------------------------
Start Rebuilding User Hierarchy
---------------------------------------------------------------------------------
---------------------------------------------------------------------------------
Finished Rebuilding User Hierarchy : Time (s): cpu = 00:00:12 ; elapsed = 00:00:13 . Memory (MB): peak = 2379.641 ; gain = 842.898 ; free physical = 293 ; free virtual = 2810
---------------------------------------------------------------------------------
---------------------------------------------------------------------------------
Start Renaming Generated Ports
---------------------------------------------------------------------------------
---------------------------------------------------------------------------------
Finished Renaming Generated Ports : Time (s): cpu = 00:00:12 ; elapsed = 00:00:13 . Memory (MB): peak = 2379.641 ; gain = 842.898 ; free physical = 293 ; free virtual = 2810
---------------------------------------------------------------------------------
---------------------------------------------------------------------------------
Start Handling Custom Attributes
---------------------------------------------------------------------------------
---------------------------------------------------------------------------------
Finished Handling Custom Attributes : Time (s): cpu = 00:00:12 ; elapsed = 00:00:13 . Memory (MB): peak = 2379.641 ; gain = 842.898 ; free physical = 293 ; free virtual = 2810
---------------------------------------------------------------------------------
---------------------------------------------------------------------------------
Start Renaming Generated Nets
---------------------------------------------------------------------------------
---------------------------------------------------------------------------------
Finished Renaming Generated Nets : Time (s): cpu = 00:00:12 ; elapsed = 00:00:13 . Memory (MB): peak = 2379.641 ; gain = 842.898 ; free physical = 293 ; free virtual = 2810
---------------------------------------------------------------------------------
---------------------------------------------------------------------------------
Start Writing Synthesis Report
---------------------------------------------------------------------------------

Report BlackBoxes: 
+-+--------------+----------+
| |BlackBox name |Instances |
+-+--------------+----------+
+-+--------------+----------+

Report Cell Usage: 
+------+-------+------+
|      |Cell   |Count |
+------+-------+------+
|1     |CARRY4 |     7|
|2     |LUT2   |    16|
|3     |LUT3   |    20|
|4     |LUT4   |    29|
|5     |LUT5   |    35|
|6     |LUT6   |    82|
|7     |IBUF   |    63|
|8     |OBUF   |    59|
+------+-------+------+

Report Instance Areas: 
+------+---------+-------+------+
|      |Instance |Module |Cells |
+------+---------+-------+------+
|1     |top      |       |   311|
+------+---------+-------+------+
---------------------------------------------------------------------------------
Finished Writing Synthesis Report : Time (s): cpu = 00:00:12 ; elapsed = 00:00:13 . Memory (MB): peak = 2379.641 ; gain = 842.898 ; free physical = 292 ; free virtual = 2809
---------------------------------------------------------------------------------
Synthesis finished with 0 errors, 0 critical warnings and 5 warnings.
Synthesis Optimization Runtime : Time (s): cpu = 00:00:12 ; elapsed = 00:00:13 . Memory (MB): peak = 2379.641 ; gain = 842.898 ; free physical = 285 ; free virtual = 2802
Synthesis Optimization Complete : Time (s): cpu = 00:00:12 ; elapsed = 00:00:13 . Memory (MB): peak = 2379.648 ; gain = 842.898 ; free physical = 285 ; free virtual = 2802
INFO: [Project 1-571] Translating synthesized netlist
Netlist sorting complete. Time (s): cpu = 00:00:00 ; elapsed = 00:00:00 . Memory (MB): peak = 2394.516 ; gain = 0.000 ; free physical = 277 ; free virtual = 2767
INFO: [Netlist 29-17] Analyzing 7 Unisim elements for replacement
INFO: [Netlist 29-28] Unisim Transformation completed in 0 CPU seconds
INFO: [Project 1-570] Preparing netlist for logic optimization
INFO: [Opt 31-138] Pushed 0 inverter(s) to 0 load pin(s).
Netlist sorting complete. Time (s): cpu = 00:00:00 ; elapsed = 00:00:00 . Memory (MB): peak = 2529.129 ; gain = 0.000 ; free physical = 322 ; free virtual = 2829
INFO: [Project 1-111] Unisim Transformation Summary:
No Unisim elements were transformed.

Synth Design complete | Checksum: 1cda5717
INFO: [Common 17-83] Releasing license: Synthesis
14 Infos, 5 Warnings, 0 Critical Warnings and 0 Errors encountered.
synth_design completed successfully
synth_design: Time (s): cpu = 00:00:18 ; elapsed = 00:00:16 . Memory (MB): peak = 2529.164 ; gain = 992.422 ; free physical = 313 ; free virtual = 2830
INFO: [Common 17-2834] synth_design peak Physical Memory [PSS] (MB): overall = 1962.772; main = 1962.772; forked = 334.196
INFO: [Common 17-2834] synth_design peak Virtual Memory [VSS] (MB): overall = 3187.008; main = 2529.133; forked = 956.176
# if {[llength [get_ports -quiet ap_clk]]} {
#       create_clock -name ap_clk -period 4.000 [get_ports ap_clk]
#     } else {
#       puts "INFO: No ap_clk port found; skipping create_clock (design appears combinational)."
#     }
INFO: No ap_clk port found; skipping create_clock (design appears combinational).
# opt_design
Command: opt_design
Attempting to get a license for feature 'Implementation' and/or device 'xc7z020'
INFO: [Common 17-349] Got license for feature 'Implementation' and/or device 'xc7z020'
Running DRC as a precondition to command opt_design

Starting DRC Task
INFO: [DRC 23-27] Running DRC with 8 threads
INFO: [Project 1-461] DRC finished with 0 Errors
INFO: [Project 1-462] Please refer to the DRC report (report_drc) for more information.

Time (s): cpu = 00:00:01 ; elapsed = 00:00:00.42 . Memory (MB): peak = 2593.160 ; gain = 63.996 ; free physical = 286 ; free virtual = 2810

Starting Cache Timing Information Task
INFO: [Timing 38-35] Done setting XDC timing constraints.
Ending Cache Timing Information Task | Checksum: d0ef2bf1

Time (s): cpu = 00:00:05 ; elapsed = 00:00:05 . Memory (MB): peak = 2836.113 ; gain = 242.953 ; free physical = 398 ; free virtual = 2747

Starting Logic Optimization Task

Phase 1 Initialization

Phase 1.1 Core Generation And Design Setup
Phase 1.1 Core Generation And Design Setup | Checksum: d0ef2bf1

Time (s): cpu = 00:00:00 ; elapsed = 00:00:00.01 . Memory (MB): peak = 3125.051 ; gain = 0.000 ; free physical = 304 ; free virtual = 2476

Phase 1.2 Setup Constraints And Sort Netlist
Phase 1.2 Setup Constraints And Sort Netlist | Checksum: d0ef2bf1

Time (s): cpu = 00:00:00 ; elapsed = 00:00:00.01 . Memory (MB): peak = 3125.051 ; gain = 0.000 ; free physical = 304 ; free virtual = 2476
Phase 1 Initialization | Checksum: d0ef2bf1

Time (s): cpu = 00:00:00 ; elapsed = 00:00:00.01 . Memory (MB): peak = 3125.051 ; gain = 0.000 ; free physical = 304 ; free virtual = 2476

Phase 2 Timer Update And Timing Data Collection

Phase 2.1 Timer Update
Phase 2.1 Timer Update | Checksum: d0ef2bf1

Time (s): cpu = 00:00:00.01 ; elapsed = 00:00:00.02 . Memory (MB): peak = 3125.051 ; gain = 0.000 ; free physical = 303 ; free virtual = 2478

Phase 2.2 Timing Data Collection
Phase 2.2 Timing Data Collection | Checksum: d0ef2bf1

Time (s): cpu = 00:00:00.01 ; elapsed = 00:00:00.03 . Memory (MB): peak = 3125.051 ; gain = 0.000 ; free physical = 301 ; free virtual = 2477
Phase 2 Timer Update And Timing Data Collection | Checksum: d0ef2bf1

Time (s): cpu = 00:00:00.01 ; elapsed = 00:00:00.03 . Memory (MB): peak = 3125.051 ; gain = 0.000 ; free physical = 301 ; free virtual = 2477

Phase 3 Retarget
INFO: [Opt 31-1851] Number of loadless carry chains removed were: 0
INFO: [Opt 31-1834] Total Chains To Be Transformed Were: 0 AND Number of Transformed insts Created are: 0
INFO: [Opt 31-138] Pushed 0 inverter(s) to 0 load pin(s).
INFO: [Opt 31-49] Retargeted 0 cell(s).
Phase 3 Retarget | Checksum: d0ef2bf1

Time (s): cpu = 00:00:00.02 ; elapsed = 00:00:00.04 . Memory (MB): peak = 3125.051 ; gain = 0.000 ; free physical = 299 ; free virtual = 2478
Retarget | Checksum: d0ef2bf1
INFO: [Opt 31-389] Phase Retarget created 0 cells and removed 0 cells

Phase 4 Constant propagation
INFO: [Opt 31-138] Pushed 0 inverter(s) to 0 load pin(s).
Phase 4 Constant propagation | Checksum: d0ef2bf1

Time (s): cpu = 00:00:00.02 ; elapsed = 00:00:00.05 . Memory (MB): peak = 3125.051 ; gain = 0.000 ; free physical = 299 ; free virtual = 2478
Constant propagation | Checksum: d0ef2bf1
INFO: [Opt 31-389] Phase Constant propagation created 0 cells and removed 0 cells

Phase 5 Sweep
INFO: [Constraints 18-11670] Building netlist checker database with flags, 0x8
Done building netlist checker database: Time (s): cpu = 00:00:00 ; elapsed = 00:00:00 . Memory (MB): peak = 3125.051 ; gain = 0.000 ; free physical = 298 ; free virtual = 2479
Phase 5 Sweep | Checksum: 13c57b986

Time (s): cpu = 00:00:00.03 ; elapsed = 00:00:00.06 . Memory (MB): peak = 3125.051 ; gain = 0.000 ; free physical = 298 ; free virtual = 2479
Sweep | Checksum: 13c57b986
INFO: [Opt 31-389] Phase Sweep created 0 cells and removed 0 cells

Phase 6 BUFG optimization
Phase 6 BUFG optimization | Checksum: 13c57b986

Time (s): cpu = 00:00:00.03 ; elapsed = 00:00:00.07 . Memory (MB): peak = 3157.066 ; gain = 32.016 ; free physical = 297 ; free virtual = 2479
BUFG optimization | Checksum: 13c57b986
INFO: [Opt 31-662] Phase BUFG optimization created 0 cells of which 0 are BUFGs and removed 0 cells.

Phase 7 Shift Register Optimization
INFO: [Opt 31-1064] SRL Remap converted 0 SRLs to 0 registers and converted 0 registers of register chains to 0 SRLs
Phase 7 Shift Register Optimization | Checksum: 13c57b986

Time (s): cpu = 00:00:00.03 ; elapsed = 00:00:00.07 . Memory (MB): peak = 3157.066 ; gain = 32.016 ; free physical = 297 ; free virtual = 2479
Shift Register Optimization | Checksum: 13c57b986
INFO: [Opt 31-389] Phase Shift Register Optimization created 0 cells and removed 0 cells

Phase 8 Post Processing Netlist
Phase 8 Post Processing Netlist | Checksum: 13c57b986

Time (s): cpu = 00:00:00.03 ; elapsed = 00:00:00.07 . Memory (MB): peak = 3157.066 ; gain = 32.016 ; free physical = 297 ; free virtual = 2479
Post Processing Netlist | Checksum: 13c57b986
INFO: [Opt 31-389] Phase Post Processing Netlist created 0 cells and removed 0 cells

Phase 9 Finalization

Phase 9.1 Finalizing Design Cores and Updating Shapes
Phase 9.1 Finalizing Design Cores and Updating Shapes | Checksum: 12e8c44a4

Time (s): cpu = 00:00:00.04 ; elapsed = 00:00:00.08 . Memory (MB): peak = 3157.066 ; gain = 32.016 ; free physical = 293 ; free virtual = 2478

Phase 9.2 Verifying Netlist Connectivity

Starting Connectivity Check Task

Time (s): cpu = 00:00:00 ; elapsed = 00:00:00.01 . Memory (MB): peak = 3157.066 ; gain = 0.000 ; free physical = 293 ; free virtual = 2479
Phase 9.2 Verifying Netlist Connectivity | Checksum: 12e8c44a4

Time (s): cpu = 00:00:00.04 ; elapsed = 00:00:00.09 . Memory (MB): peak = 3157.066 ; gain = 32.016 ; free physical = 293 ; free virtual = 2479
Phase 9 Finalization | Checksum: 12e8c44a4

Time (s): cpu = 00:00:00.04 ; elapsed = 00:00:00.09 . Memory (MB): peak = 3157.066 ; gain = 32.016 ; free physical = 293 ; free virtual = 2479
Opt_design Change Summary
=========================


-------------------------------------------------------------------------------------------------------------------------
|  Phase                        |  #Cells created  |  #Cells Removed  |  #Constrained objects preventing optimizations  |
-------------------------------------------------------------------------------------------------------------------------
|  Retarget                     |               0  |               0  |                                              0  |
|  Constant propagation         |               0  |               0  |                                              0  |
|  Sweep                        |               0  |               0  |                                              0  |
|  BUFG optimization            |               0  |               0  |                                              0  |
|  Shift Register Optimization  |               0  |               0  |                                              0  |
|  Post Processing Netlist      |               0  |               0  |                                              0  |
-------------------------------------------------------------------------------------------------------------------------


Ending Logic Optimization Task | Checksum: 12e8c44a4

Time (s): cpu = 00:00:00.04 ; elapsed = 00:00:00.09 . Memory (MB): peak = 3157.066 ; gain = 32.016 ; free physical = 293 ; free virtual = 2479

Starting Power Optimization Task
INFO: [Pwropt 34-132] Skipping clock gating for clocks with a period < 2.00 ns.
Ending Power Optimization Task | Checksum: 12e8c44a4

Time (s): cpu = 00:00:00.01 ; elapsed = 00:00:00.01 . Memory (MB): peak = 3157.066 ; gain = 0.000 ; free physical = 290 ; free virtual = 2477

Starting Final Cleanup Task
Ending Final Cleanup Task | Checksum: 12e8c44a4

Time (s): cpu = 00:00:00 ; elapsed = 00:00:00 . Memory (MB): peak = 3157.066 ; gain = 0.000 ; free physical = 290 ; free virtual = 2477

Starting Netlist Obfuscation Task
Netlist sorting complete. Time (s): cpu = 00:00:00 ; elapsed = 00:00:00 . Memory (MB): peak = 3157.066 ; gain = 0.000 ; free physical = 290 ; free virtual = 2477
Ending Netlist Obfuscation Task | Checksum: 12e8c44a4

Time (s): cpu = 00:00:00 ; elapsed = 00:00:00 . Memory (MB): peak = 3157.066 ; gain = 0.000 ; free physical = 290 ; free virtual = 2477
INFO: [Common 17-83] Releasing license: Implementation
20 Infos, 0 Warnings, 0 Critical Warnings and 0 Errors encountered.
opt_design completed successfully
opt_design: Time (s): cpu = 00:00:09 ; elapsed = 00:00:08 . Memory (MB): peak = 3157.066 ; gain = 627.902 ; free physical = 290 ; free virtual = 2478
# place_design
Command: place_design
Attempting to get a license for feature 'Implementation' and/or device 'xc7z020'
INFO: [Common 17-349] Got license for feature 'Implementation' and/or device 'xc7z020'
INFO: [Common 17-83] Releasing license: Implementation
INFO: [DRC 23-27] Running DRC with 8 threads
INFO: [Vivado_Tcl 4-198] DRC finished with 0 Errors
INFO: [Vivado_Tcl 4-199] Please refer to the DRC report (report_drc) for more information.
Running DRC as a precondition to command place_design
INFO: [DRC 23-27] Running DRC with 8 threads
INFO: [Vivado_Tcl 4-198] DRC finished with 0 Errors
INFO: [Vivado_Tcl 4-199] Please refer to the DRC report (report_drc) for more information.
INFO: [Place 30-611] Multithreading enabled for place_design using a maximum of 8 CPUs

Starting Placer Task

Phase 1 Placer Initialization

Phase 1.1 Placer Initialization Netlist Sorting
Netlist sorting complete. Time (s): cpu = 00:00:00 ; elapsed = 00:00:00 . Memory (MB): peak = 3157.066 ; gain = 0.000 ; free physical = 313 ; free virtual = 2493
Phase 1.1 Placer Initialization Netlist Sorting | Checksum: 5599e38a

Time (s): cpu = 00:00:00 ; elapsed = 00:00:00 . Memory (MB): peak = 3157.066 ; gain = 0.000 ; free physical = 313 ; free virtual = 2493
Netlist sorting complete. Time (s): cpu = 00:00:00 ; elapsed = 00:00:00 . Memory (MB): peak = 3157.066 ; gain = 0.000 ; free physical = 313 ; free virtual = 2493

Phase 1.2 IO Placement/ Clock Placement/ Build Placer Device
INFO: [Timing 38-35] Done setting XDC timing constraints.
Phase 1.2 IO Placement/ Clock Placement/ Build Placer Device | Checksum: 13fe1ad31

Time (s): cpu = 00:00:00.55 ; elapsed = 00:00:00.29 . Memory (MB): peak = 3157.066 ; gain = 0.000 ; free physical = 293 ; free virtual = 2473

Phase 1.3 Build Placer Netlist Model
Phase 1.3 Build Placer Netlist Model | Checksum: 1d2f81264

Time (s): cpu = 00:00:00.68 ; elapsed = 00:00:00.34 . Memory (MB): peak = 3157.066 ; gain = 0.000 ; free physical = 289 ; free virtual = 2474

Phase 1.4 Constrain Clocks/Macros
Phase 1.4 Constrain Clocks/Macros | Checksum: 1d2f81264

Time (s): cpu = 00:00:00.69 ; elapsed = 00:00:00.35 . Memory (MB): peak = 3157.066 ; gain = 0.000 ; free physical = 289 ; free virtual = 2475
Phase 1 Placer Initialization | Checksum: 1d2f81264

Time (s): cpu = 00:00:00.7 ; elapsed = 00:00:00.35 . Memory (MB): peak = 3157.066 ; gain = 0.000 ; free physical = 287 ; free virtual = 2473

Phase 2 Global Placement

Phase 2.1 Floorplanning
Phase 2.1 Floorplanning | Checksum: 1d2f81264

Time (s): cpu = 00:00:00.7 ; elapsed = 00:00:00.36 . Memory (MB): peak = 3157.066 ; gain = 0.000 ; free physical = 287 ; free virtual = 2474

Phase 2.2 Update Timing before SLR Path Opt
Phase 2.2 Update Timing before SLR Path Opt | Checksum: 1d2f81264

Time (s): cpu = 00:00:00.71 ; elapsed = 00:00:00.36 . Memory (MB): peak = 3157.066 ; gain = 0.000 ; free physical = 287 ; free virtual = 2474

Phase 2.3 Post-Processing in Floorplanning
Phase 2.3 Post-Processing in Floorplanning | Checksum: 1d2f81264

Time (s): cpu = 00:00:00.71 ; elapsed = 00:00:00.36 . Memory (MB): peak = 3157.066 ; gain = 0.000 ; free physical = 287 ; free virtual = 2474

Phase 2.4 Global Place Phase1
Phase 2.4 Global Place Phase1 | Checksum: 168d259d6

Time (s): cpu = 00:00:01 ; elapsed = 00:00:00.54 . Memory (MB): peak = 3189.082 ; gain = 32.016 ; free physical = 313 ; free virtual = 2493

Phase 2.5 Global Place Phase2
WARNING: [Place 46-29] Timing had been disabled during Placer and, therefore, physical synthesis in Placer will be skipped.
Phase 2.5 Global Place Phase2 | Checksum: 16efd7037

Time (s): cpu = 00:00:02 ; elapsed = 00:00:00.61 . Memory (MB): peak = 3189.082 ; gain = 32.016 ; free physical = 319 ; free virtual = 2500
Phase 2 Global Placement | Checksum: 16efd7037

Time (s): cpu = 00:00:02 ; elapsed = 00:00:00.62 . Memory (MB): peak = 3189.082 ; gain = 32.016 ; free physical = 319 ; free virtual = 2500

Phase 3 Detail Placement

Phase 3.1 Commit Multi Column Macros
Phase 3.1 Commit Multi Column Macros | Checksum: 16efd7037

Time (s): cpu = 00:00:02 ; elapsed = 00:00:00.62 . Memory (MB): peak = 3189.082 ; gain = 32.016 ; free physical = 319 ; free virtual = 2500

Phase 3.2 Commit Most Macros & LUTRAMs
Phase 3.2 Commit Most Macros & LUTRAMs | Checksum: 141b1a917

Time (s): cpu = 00:00:02 ; elapsed = 00:00:00.63 . Memory (MB): peak = 3189.082 ; gain = 32.016 ; free physical = 319 ; free virtual = 2500

Phase 3.3 Area Swap Optimization
Phase 3.3 Area Swap Optimization | Checksum: 11bc7aabe

Time (s): cpu = 00:00:02 ; elapsed = 00:00:00.64 . Memory (MB): peak = 3189.082 ; gain = 32.016 ; free physical = 319 ; free virtual = 2500

Phase 3.4 Pipeline Register Optimization
Phase 3.4 Pipeline Register Optimization | Checksum: 11bc7aabe

Time (s): cpu = 00:00:02 ; elapsed = 00:00:00.64 . Memory (MB): peak = 3189.082 ; gain = 32.016 ; free physical = 319 ; free virtual = 2500

Phase 3.5 Small Shape Detail Placement
Phase 3.5 Small Shape Detail Placement | Checksum: 133010107

Time (s): cpu = 00:00:02 ; elapsed = 00:00:00.81 . Memory (MB): peak = 3189.082 ; gain = 32.016 ; free physical = 304 ; free virtual = 2499

Phase 3.6 Re-assign LUT pins
Phase 3.6 Re-assign LUT pins | Checksum: 133010107

Time (s): cpu = 00:00:02 ; elapsed = 00:00:00.82 . Memory (MB): peak = 3189.082 ; gain = 32.016 ; free physical = 302 ; free virtual = 2497

Phase 3.7 Pipeline Register Optimization
Phase 3.7 Pipeline Register Optimization | Checksum: 133010107

Time (s): cpu = 00:00:02 ; elapsed = 00:00:00.82 . Memory (MB): peak = 3189.082 ; gain = 32.016 ; free physical = 302 ; free virtual = 2497
Phase 3 Detail Placement | Checksum: 133010107

Time (s): cpu = 00:00:02 ; elapsed = 00:00:00.83 . Memory (MB): peak = 3189.082 ; gain = 32.016 ; free physical = 302 ; free virtual = 2497

Phase 4 Post Placement Optimization and Clean-Up

Phase 4.1 Post Commit Optimization
Phase 4.1 Post Commit Optimization | Checksum: 133010107

Time (s): cpu = 00:00:03 ; elapsed = 00:00:00.86 . Memory (MB): peak = 3189.082 ; gain = 32.016 ; free physical = 299 ; free virtual = 2498

Phase 4.2 Post Placement Cleanup
Phase 4.2 Post Placement Cleanup | Checksum: 133010107

Time (s): cpu = 00:00:03 ; elapsed = 00:00:00.87 . Memory (MB): peak = 3189.082 ; gain = 32.016 ; free physical = 296 ; free virtual = 2495

Phase 4.3 Placer Reporting

Phase 4.3.1 Print Estimated Congestion
INFO: [Place 30-612] Post-Placement Estimated Congestion 
 ____________________________________________________
|           | Global Congestion | Short Congestion  |
| Direction | Region Size       | Region Size       |
|___________|___________________|___________________|
|      North|                1x1|                1x1|
|___________|___________________|___________________|
|      South|                1x1|                1x1|
|___________|___________________|___________________|
|       East|                1x1|                1x1|
|___________|___________________|___________________|
|       West|                1x1|                1x1|
|___________|___________________|___________________|

Phase 4.3.1 Print Estimated Congestion | Checksum: 133010107

Time (s): cpu = 00:00:03 ; elapsed = 00:00:00.87 . Memory (MB): peak = 3189.082 ; gain = 32.016 ; free physical = 296 ; free virtual = 2495
Phase 4.3 Placer Reporting | Checksum: 133010107

Time (s): cpu = 00:00:03 ; elapsed = 00:00:00.87 . Memory (MB): peak = 3189.082 ; gain = 32.016 ; free physical = 295 ; free virtual = 2494

Phase 4.4 Final Placement Cleanup
Netlist sorting complete. Time (s): cpu = 00:00:00 ; elapsed = 00:00:00.01 . Memory (MB): peak = 3189.082 ; gain = 0.000 ; free physical = 295 ; free virtual = 2494

Time (s): cpu = 00:00:03 ; elapsed = 00:00:00.88 . Memory (MB): peak = 3189.082 ; gain = 32.016 ; free physical = 295 ; free virtual = 2494
Phase 4 Post Placement Optimization and Clean-Up | Checksum: 133010107

Time (s): cpu = 00:00:03 ; elapsed = 00:00:00.88 . Memory (MB): peak = 3189.082 ; gain = 32.016 ; free physical = 295 ; free virtual = 2494
Ending Placer Task | Checksum: 7e1808cd

Time (s): cpu = 00:00:03 ; elapsed = 00:00:00.88 . Memory (MB): peak = 3189.082 ; gain = 32.016 ; free physical = 295 ; free virtual = 2494
11 Infos, 1 Warnings, 0 Critical Warnings and 0 Errors encountered.
place_design completed successfully
# route_design
Command: route_design
Attempting to get a license for feature 'Implementation' and/or device 'xc7z020'
INFO: [Common 17-349] Got license for feature 'Implementation' and/or device 'xc7z020'


Starting Routing Task
INFO: [Route 35-254] Multithreading enabled for route_design using a maximum of 8 CPUs

Phase 1 Build RT Design
Checksum: PlaceDB: 287e2543 ConstDB: 0 ShapeSum: 3fa0709a RouteDB: 15f972f0
Post Restoration Checksum: NetGraph: 75456bca | NumContArr: 163b2d60 | Constraints: c2a8fa9d | Timing: c2a8fa9d
Phase 1 Build RT Design | Checksum: 210d28e64

Time (s): cpu = 00:00:17 ; elapsed = 00:00:15 . Memory (MB): peak = 3189.082 ; gain = 0.000 ; free physical = 344 ; free virtual = 2372

Phase 2 Router Initialization
INFO: [Route 35-64] No timing constraints were detected. The router will operate in resource-optimization mode.

Phase 2.1 Fix Topology Constraints
Phase 2.1 Fix Topology Constraints | Checksum: 210d28e64

Time (s): cpu = 00:00:17 ; elapsed = 00:00:15 . Memory (MB): peak = 3189.082 ; gain = 0.000 ; free physical = 315 ; free virtual = 2347

Phase 2.2 Pre Route Cleanup
Phase 2.2 Pre Route Cleanup | Checksum: 210d28e64

Time (s): cpu = 00:00:17 ; elapsed = 00:00:15 . Memory (MB): peak = 3189.082 ; gain = 0.000 ; free physical = 314 ; free virtual = 2346
 Number of Nodes with overlaps = 0

Router Utilization Summary
  Global Vertical Routing Utilization    = 0 %
  Global Horizontal Routing Utilization  = 0 %
  Routable Net Status*
  *Does not include unroutable nets such as driverless and loadless.
  Run report_route_status for detailed report.
  Number of Failed Nets               = 244
    (Failed Nets is the sum of unrouted and partially routed nets)
  Number of Unrouted Nets             = 244
  Number of Partially Routed Nets     = 0
  Number of Node Overlaps             = 0

Phase 2 Router Initialization | Checksum: 2b1088337

Time (s): cpu = 00:00:18 ; elapsed = 00:00:16 . Memory (MB): peak = 3189.082 ; gain = 0.000 ; free physical = 309 ; free virtual = 2344

Phase 3 Global Routing
Phase 3 Global Routing | Checksum: 2b1088337

Time (s): cpu = 00:00:18 ; elapsed = 00:00:16 . Memory (MB): peak = 3189.082 ; gain = 0.000 ; free physical = 309 ; free virtual = 2344

Phase 4 Initial Routing

Phase 4.1 Initial Net Routing Pass
Phase 4.1 Initial Net Routing Pass | Checksum: 2620dc29a

Time (s): cpu = 00:00:18 ; elapsed = 00:00:16 . Memory (MB): peak = 3189.082 ; gain = 0.000 ; free physical = 309 ; free virtual = 2346
Phase 4 Initial Routing | Checksum: 2620dc29a

Time (s): cpu = 00:00:18 ; elapsed = 00:00:16 . Memory (MB): peak = 3189.082 ; gain = 0.000 ; free physical = 309 ; free virtual = 2346

Phase 5 Rip-up And Reroute

Phase 5.1 Global Iteration 0
 Number of Nodes with overlaps = 15
 Number of Nodes with overlaps = 0
Phase 5.1 Global Iteration 0 | Checksum: 294a83a72

Time (s): cpu = 00:00:19 ; elapsed = 00:00:16 . Memory (MB): peak = 3189.082 ; gain = 0.000 ; free physical = 309 ; free virtual = 2346
Phase 5 Rip-up And Reroute | Checksum: 294a83a72

Time (s): cpu = 00:00:19 ; elapsed = 00:00:16 . Memory (MB): peak = 3189.082 ; gain = 0.000 ; free physical = 309 ; free virtual = 2346

Phase 6 Delay and Skew Optimization
Phase 6 Delay and Skew Optimization | Checksum: 294a83a72

Time (s): cpu = 00:00:19 ; elapsed = 00:00:16 . Memory (MB): peak = 3189.082 ; gain = 0.000 ; free physical = 309 ; free virtual = 2346

Phase 7 Post Hold Fix

Phase 7.1 Hold Fix Iter
Phase 7.1 Hold Fix Iter | Checksum: 294a83a72

Time (s): cpu = 00:00:19 ; elapsed = 00:00:16 . Memory (MB): peak = 3189.082 ; gain = 0.000 ; free physical = 309 ; free virtual = 2346
Phase 7 Post Hold Fix | Checksum: 294a83a72

Time (s): cpu = 00:00:19 ; elapsed = 00:00:16 . Memory (MB): peak = 3189.082 ; gain = 0.000 ; free physical = 309 ; free virtual = 2346

Phase 8 Route finalize

Router Utilization Summary
  Global Vertical Routing Utilization    = 0.234959 %
  Global Horizontal Routing Utilization  = 0.1643 %
  Routable Net Status*
  *Does not include unroutable nets such as driverless and loadless.
  Run report_route_status for detailed report.
  Number of Failed Nets               = 0
    (Failed Nets is the sum of unrouted and partially routed nets)
  Number of Unrouted Nets             = 0
  Number of Partially Routed Nets     = 0
  Number of Node Overlaps             = 0


--GLOBAL Congestion:
Utilization threshold used for congestion level computation: 0.85
Congestion Report
North Dir 1x1 Area, Max Cong = 37.8378%, No Congested Regions.
South Dir 1x1 Area, Max Cong = 22.5225%, No Congested Regions.
East Dir 1x1 Area, Max Cong = 44.1176%, No Congested Regions.
West Dir 1x1 Area, Max Cong = 17.6471%, No Congested Regions.

------------------------------
Reporting congestion hotspots
------------------------------
Direction: North
----------------
Congested clusters found at Level 0
Effective congestion level: 0 Aspect Ratio: 1 Sparse Ratio: 0
Direction: South
----------------
Congested clusters found at Level 0
Effective congestion level: 0 Aspect Ratio: 1 Sparse Ratio: 0
Direction: East
----------------
Congested clusters found at Level 0
Effective congestion level: 0 Aspect Ratio: 1 Sparse Ratio: 0
Direction: West
----------------
Congested clusters found at Level 0
Effective congestion level: 0 Aspect Ratio: 1 Sparse Ratio: 0

Phase 8 Route finalize | Checksum: 294a83a72

Time (s): cpu = 00:00:19 ; elapsed = 00:00:16 . Memory (MB): peak = 3189.082 ; gain = 0.000 ; free physical = 309 ; free virtual = 2346

Phase 9 Verifying routed nets

 Verification completed successfully
Phase 9 Verifying routed nets | Checksum: 294a83a72

Time (s): cpu = 00:00:19 ; elapsed = 00:00:16 . Memory (MB): peak = 3189.082 ; gain = 0.000 ; free physical = 301 ; free virtual = 2338

Phase 10 Depositing Routes
Phase 10 Depositing Routes | Checksum: 2f9ccf637

Time (s): cpu = 00:00:19 ; elapsed = 00:00:16 . Memory (MB): peak = 3189.082 ; gain = 0.000 ; free physical = 301 ; free virtual = 2338

Phase 11 Post Process Routing
Phase 11 Post Process Routing | Checksum: 2f9ccf637

Time (s): cpu = 00:00:19 ; elapsed = 00:00:16 . Memory (MB): peak = 3189.082 ; gain = 0.000 ; free physical = 301 ; free virtual = 2339
Total Elapsed time in route_design: 15.79 secs

Phase 12 Post-Route Event Processing
Phase 12 Post-Route Event Processing | Checksum: 20b14ff4b

Time (s): cpu = 00:00:19 ; elapsed = 00:00:16 . Memory (MB): peak = 3189.082 ; gain = 0.000 ; free physical = 301 ; free virtual = 2339
INFO: [Route 35-16] Router Completed Successfully
Ending Routing Task | Checksum: 20b14ff4b

Time (s): cpu = 00:00:19 ; elapsed = 00:00:16 . Memory (MB): peak = 3189.082 ; gain = 0.000 ; free physical = 301 ; free virtual = 2339

Routing Is Done.
INFO: [Common 17-83] Releasing license: Implementation
5 Infos, 0 Warnings, 0 Critical Warnings and 0 Errors encountered.
route_design completed successfully
route_design: Time (s): cpu = 00:00:19 ; elapsed = 00:00:16 . Memory (MB): peak = 3189.082 ; gain = 0.000 ; free physical = 301 ; free virtual = 2342
# report_utilization    -file /home/joe/Desktop/Uni/Year_4/Dissertation/Program-Synthesis-for-Efficient-ML/results/HLS/solution_fp32addition_fp32_alignment/utilization.rpt
# report_timing_summary -file /home/joe/Desktop/Uni/Year_4/Dissertation/Program-Synthesis-for-Efficient-ML/results/HLS/solution_fp32addition_fp32_alignment/timing.rpt
INFO: [Timing 38-91] UpdateTimingParams: Speed grade: -1, Delay Type: min_max.
INFO: [Timing 38-191] Multithreading enabled for timing update using a maximum of 8 CPUs
# set rpx_path "/home/joe/Desktop/Uni/Year_4/Dissertation/Program-Synthesis-for-Efficient-ML/results/HLS/solution_fp32addition_fp32_alignment/timing.rpx"
# if {[catch {report_timing_summary -rpx $rpx_path} err]} {
#       puts "INFO: RPX timing not available: $err"
#     }
INFO: [Timing 38-91] UpdateTimingParams: Speed grade: -1, Delay Type: min_max.
INFO: [Timing 38-191] Multithreading enabled for timing update using a maximum of 8 CPUs
Copyright 1986-2022 Xilinx, Inc. All Rights Reserved. Copyright 2022-2025 Advanced Micro Devices, Inc. All Rights Reserved.
-------------------------------------------------------------------------------------------------------------------------------------------------------------------------------------
| Tool Version : Vivado v.2025.1 (lin64) Build 6140274 Wed May 21 22:58:25 MDT 2025
| Date         : Tue Nov  4 15:45:07 2025
| Host         : joe running 64-bit Ubuntu 24.04.3 LTS
| Command      : report_timing_summary -rpx /home/joe/Desktop/Uni/Year_4/Dissertation/Program-Synthesis-for-Efficient-ML/results/HLS/solution_fp32addition_fp32_alignment/timing.rpx
| Design       : fp32_aligner
| Device       : 7z020-clg400
| Speed File   : -1  PRODUCTION 1.12 2019-11-22
| Design State : Routed
-------------------------------------------------------------------------------------------------------------------------------------------------------------------------------------

Timing Summary Report

------------------------------------------------------------------------------------------------
| Timer Settings
| --------------
------------------------------------------------------------------------------------------------

  Enable Multi Corner Analysis               :  Yes
  Enable Pessimism Removal                   :  Yes
  Pessimism Removal Resolution               :  Nearest Common Node
  Enable Input Delay Default Clock           :  No
  Enable Preset / Clear Arcs                 :  No
  Disable Flight Delays                      :  No
  Ignore I/O Paths                           :  No
  Timing Early Launch at Borrowing Latches   :  No
  Borrow Time for Max Delay Exceptions       :  Yes
  Merge Timing Exceptions                    :  Yes
  Inter-SLR Compensation                     :  Conservative

  Corner  Analyze    Analyze    
  Name    Max Paths  Min Paths  
  ------  ---------  ---------  
  Slow    Yes        Yes        
  Fast    Yes        Yes        


------------------------------------------------------------------------------------------------
| Report Methodology
| ------------------
------------------------------------------------------------------------------------------------

No report available as report_methodology has not been run prior. Run report_methodology on the current design for the summary of methodology violations.



check_timing report

Table of Contents
-----------------
1. checking no_clock (0)
2. checking constant_clock (0)
3. checking pulse_width_clock (0)
4. checking unconstrained_internal_endpoints (0)
5. checking no_input_delay (0)
6. checking no_output_delay (0)
7. checking multiple_clock (0)
8. checking generated_clocks (0)
9. checking loops (0)
10. checking partial_input_delay (0)
11. checking partial_output_delay (0)
12. checking latch_loops (0)

1. checking no_clock (0)
------------------------
 There are 0 register/latch pins with no clock.


2. checking constant_clock (0)
------------------------------
 There are 0 register/latch pins with constant_clock.


3. checking pulse_width_clock (0)
---------------------------------
 There are 0 register/latch pins which need pulse_width check


4. checking unconstrained_internal_endpoints (0)
------------------------------------------------
 There are 0 pins that are not constrained for maximum delay.

 There are 0 pins that are not constrained for maximum delay due to constant clock.


5. checking no_input_delay (0)
------------------------------
 There are 0 input ports with no input delay specified.

 There are 0 input ports with no input delay but user has a false path constraint.


6. checking no_output_delay (0)
-------------------------------
 There are 0 ports with no output delay specified.

 There are 0 ports with no output delay but user has a false path constraint

 There are 0 ports with no output delay but with a timing clock defined on it or propagating through it


7. checking multiple_clock (0)
------------------------------
 There are 0 register/latch pins with multiple clocks.


8. checking generated_clocks (0)
--------------------------------
 There are 0 generated clocks that are not connected to a clock source.


9. checking loops (0)
---------------------
 There are 0 combinational loops in the design.


10. checking partial_input_delay (0)
------------------------------------
 There are 0 input ports with partial input delay specified.


11. checking partial_output_delay (0)
-------------------------------------
 There are 0 ports with partial output delay specified.


12. checking latch_loops (0)
----------------------------
 There are 0 combinational latch loops in the design through latch input



------------------------------------------------------------------------------------------------
| Design Timing Summary
| ---------------------
------------------------------------------------------------------------------------------------

    WNS(ns)      TNS(ns)  TNS Failing Endpoints  TNS Total Endpoints      WHS(ns)      THS(ns)  THS Failing Endpoints  THS Total Endpoints     WPWS(ns)     TPWS(ns)  TPWS Failing Endpoints  TPWS Total Endpoints  
    -------      -------  ---------------------  -------------------      -------      -------  ---------------------  -------------------     --------     --------  ----------------------  --------------------  
         NA           NA                     NA                   NA           NA           NA                     NA                   NA           NA           NA                      NA                    NA  


There are no user specified timing constraints.


------------------------------------------------------------------------------------------------
| Clock Summary
| -------------
------------------------------------------------------------------------------------------------


------------------------------------------------------------------------------------------------
| Intra Clock Table
| -----------------
------------------------------------------------------------------------------------------------

Clock             WNS(ns)      TNS(ns)  TNS Failing Endpoints  TNS Total Endpoints      WHS(ns)      THS(ns)  THS Failing Endpoints  THS Total Endpoints     WPWS(ns)     TPWS(ns)  TPWS Failing Endpoints  TPWS Total Endpoints  
-----             -------      -------  ---------------------  -------------------      -------      -------  ---------------------  -------------------     --------     --------  ----------------------  --------------------  


------------------------------------------------------------------------------------------------
| Inter Clock Table
| -----------------
------------------------------------------------------------------------------------------------

From Clock    To Clock          WNS(ns)      TNS(ns)  TNS Failing Endpoints  TNS Total Endpoints      WHS(ns)      THS(ns)  THS Failing Endpoints  THS Total Endpoints  
----------    --------          -------      -------  ---------------------  -------------------      -------      -------  ---------------------  -------------------  


------------------------------------------------------------------------------------------------
| Other Path Groups Table
| -----------------------
------------------------------------------------------------------------------------------------

Path Group    From Clock    To Clock          WNS(ns)      TNS(ns)  TNS Failing Endpoints  TNS Total Endpoints      WHS(ns)      THS(ns)  THS Failing Endpoints  THS Total Endpoints  
----------    ----------    --------          -------      -------  ---------------------  -------------------      -------      -------  ---------------------  -------------------  


------------------------------------------------------------------------------------------------
| Timing Details
| --------------
------------------------------------------------------------------------------------------------


INFO: [Common 17-206] Exiting Vivado at Tue Nov  4 15:45:07 2025...
