
****** Vivado v2025.1 (64-bit)
  **** SW Build 6140274 on Wed May 21 22:58:25 MDT 2025
  **** IP Build 6138677 on Thu May 22 03:10:11 MDT 2025
  **** SharedData Build 6139179 on Tue May 20 17:58:58 MDT 2025
  **** Start of session at: Mon Oct 27 12:42:36 2025
    ** Copyright 1986-2022 Xilinx, Inc. All Rights Reserved.
    ** Copyright 2022-2025 Advanced Micro Devices, Inc. All Rights Reserved.

source /home/joe/Desktop/Uni/Year_4/Dissertation/Program-Synthesis-for-Efficient-ML/results/HLS/solution_fp32addition_fp32_alignment/vivado.tcl
# set v_files  [glob -nocomplain {/home/joe/Desktop/Uni/Year_4/Dissertation/Program-Synthesis-for-Efficient-ML/results/HLS/solution_fp32addition_fp32_alignment/verilog_out/*.v}]
# set sv_files [glob -nocomplain {/home/joe/Desktop/Uni/Year_4/Dissertation/Program-Synthesis-for-Efficient-ML/results/HLS/solution_fp32addition_fp32_alignment/verilog_out/*.sv}]
# if {[llength $v_files] == 0 && [llength $sv_files] == 0} {
#       puts "ERROR: No RTL files found in /home/joe/Desktop/Uni/Year_4/Dissertation/Program-Synthesis-for-Efficient-ML/results/HLS/solution_fp32addition_fp32_alignment/verilog_out"
#       exit 1
#     }
# if {[llength $v_files]  > 0} { read_verilog $v_files }
# foreach f $sv_files { read_verilog -sv $f }
# synth_design -top fp32_aligner -part xc7z020clg400-1
Command: synth_design -top fp32_aligner -part xc7z020clg400-1
Starting synth_design
Attempting to get a license for feature 'Synthesis' and/or device 'xc7z020'
INFO: [Common 17-349] Got license for feature 'Synthesis' and/or device 'xc7z020'
INFO: [Synth 8-7079] Multithreading enabled for synth_design using a maximum of 7 processes.
INFO: [Synth 8-7078] Launching helper process for spawning children vivado processes
INFO: [Synth 8-7075] Helper process launched with PID 398463
---------------------------------------------------------------------------------
Starting Synthesize : Time (s): cpu = 00:00:04 ; elapsed = 00:00:04 . Memory (MB): peak = 1950.602 ; gain = 395.758 ; free physical = 234 ; free virtual = 4606
---------------------------------------------------------------------------------
INFO: [Synth 8-6157] synthesizing module 'fp32_aligner' [/home/joe/Desktop/Uni/Year_4/Dissertation/Program-Synthesis-for-Efficient-ML/results/HLS/solution_fp32addition_fp32_alignment/verilog_out/fp32_aligner.v:9]
INFO: [Synth 8-6157] synthesizing module 'fp32_aligner_lshr_24ns_8ns_24_6_1' [/home/joe/Desktop/Uni/Year_4/Dissertation/Program-Synthesis-for-Efficient-ML/results/HLS/solution_fp32addition_fp32_alignment/verilog_out/fp32_aligner_lshr_24ns_8ns_24_6_1.v:8]
	Parameter ID bound to: 1 - type: integer 
	Parameter NUM_STAGE bound to: 6 - type: integer 
	Parameter din0_WIDTH bound to: 24 - type: integer 
	Parameter din1_WIDTH bound to: 8 - type: integer 
	Parameter dout_WIDTH bound to: 24 - type: integer 
	Parameter OP bound to: 1 - type: integer 
INFO: [Synth 8-6155] done synthesizing module 'fp32_aligner_lshr_24ns_8ns_24_6_1' (0#1) [/home/joe/Desktop/Uni/Year_4/Dissertation/Program-Synthesis-for-Efficient-ML/results/HLS/solution_fp32addition_fp32_alignment/verilog_out/fp32_aligner_lshr_24ns_8ns_24_6_1.v:8]
INFO: [Synth 8-6155] done synthesizing module 'fp32_aligner' (0#1) [/home/joe/Desktop/Uni/Year_4/Dissertation/Program-Synthesis-for-Efficient-ML/results/HLS/solution_fp32addition_fp32_alignment/verilog_out/fp32_aligner.v:9]
INFO: [Synth 8-4490] FSM extraction disabled for register 'ap_CS_fsm_reg' through user attribute
---------------------------------------------------------------------------------
Finished Synthesize : Time (s): cpu = 00:00:05 ; elapsed = 00:00:06 . Memory (MB): peak = 2023.570 ; gain = 468.727 ; free physical = 205 ; free virtual = 4508
---------------------------------------------------------------------------------
---------------------------------------------------------------------------------
Finished Constraint Validation : Time (s): cpu = 00:00:06 ; elapsed = 00:00:06 . Memory (MB): peak = 2041.383 ; gain = 486.539 ; free physical = 195 ; free virtual = 4499
---------------------------------------------------------------------------------
---------------------------------------------------------------------------------
Start Loading Part and Timing Information
---------------------------------------------------------------------------------
Loading part: xc7z020clg400-1
---------------------------------------------------------------------------------
Finished Loading Part and Timing Information : Time (s): cpu = 00:00:06 ; elapsed = 00:00:06 . Memory (MB): peak = 2041.383 ; gain = 486.539 ; free physical = 195 ; free virtual = 4499
---------------------------------------------------------------------------------
INFO: [Device 21-403] Loading part xc7z020clg400-1
INFO: [Synth 8-4490] FSM extraction disabled for register 'ap_CS_fsm_reg' through user attribute
INFO: [Synth 8-4490] FSM extraction disabled for register 'ap_CS_fsm_reg' through user attribute
---------------------------------------------------------------------------------
Finished RTL Optimization Phase 2 : Time (s): cpu = 00:00:06 ; elapsed = 00:00:06 . Memory (MB): peak = 2050.289 ; gain = 495.445 ; free physical = 184 ; free virtual = 4491
---------------------------------------------------------------------------------
No constraint files found.
---------------------------------------------------------------------------------
Start RTL Component Statistics 
---------------------------------------------------------------------------------
Detailed RTL Component Info : 
+---Adders : 
	   3 Input    8 Bit       Adders := 2     
+---XORs : 
	   2 Input      1 Bit         XORs := 1     
+---Registers : 
	               24 Bit    Registers := 15    
	               23 Bit    Registers := 1     
	                8 Bit    Registers := 6     
	                1 Bit    Registers := 4     
+---Muxes : 
	   2 Input   24 Bit        Muxes := 2     
	   2 Input    8 Bit        Muxes := 1     
	   2 Input    2 Bit        Muxes := 1     
---------------------------------------------------------------------------------
Finished RTL Component Statistics 
---------------------------------------------------------------------------------
---------------------------------------------------------------------------------
Start Part Resource Summary
---------------------------------------------------------------------------------
Part Resources:
DSPs: 220 (col length:60)
BRAMs: 280 (col length: RAMB18 60 RAMB36 30)
---------------------------------------------------------------------------------
Finished Part Resource Summary
---------------------------------------------------------------------------------
No constraint files found.
---------------------------------------------------------------------------------
Start Cross Boundary and Area Optimization
---------------------------------------------------------------------------------
WARNING: [Synth 8-7080] Parallel synthesis criteria is not met
---------------------------------------------------------------------------------
Finished Cross Boundary and Area Optimization : Time (s): cpu = 00:00:10 ; elapsed = 00:00:11 . Memory (MB): peak = 2220.164 ; gain = 665.320 ; free physical = 189 ; free virtual = 4303
---------------------------------------------------------------------------------
No constraint files found.
---------------------------------------------------------------------------------
Start Timing Optimization
---------------------------------------------------------------------------------
---------------------------------------------------------------------------------
Finished Timing Optimization : Time (s): cpu = 00:00:10 ; elapsed = 00:00:11 . Memory (MB): peak = 2220.164 ; gain = 665.320 ; free physical = 189 ; free virtual = 4303
---------------------------------------------------------------------------------
---------------------------------------------------------------------------------
Start Technology Mapping
---------------------------------------------------------------------------------
---------------------------------------------------------------------------------
Finished Technology Mapping : Time (s): cpu = 00:00:10 ; elapsed = 00:00:11 . Memory (MB): peak = 2220.164 ; gain = 665.320 ; free physical = 188 ; free virtual = 4303
---------------------------------------------------------------------------------
---------------------------------------------------------------------------------
Start IO Insertion
---------------------------------------------------------------------------------
---------------------------------------------------------------------------------
Start Flattening Before IO Insertion
---------------------------------------------------------------------------------
---------------------------------------------------------------------------------
Finished Flattening Before IO Insertion
---------------------------------------------------------------------------------
---------------------------------------------------------------------------------
Start Final Netlist Cleanup
---------------------------------------------------------------------------------
---------------------------------------------------------------------------------
Finished Final Netlist Cleanup
---------------------------------------------------------------------------------
---------------------------------------------------------------------------------
Finished IO Insertion : Time (s): cpu = 00:00:14 ; elapsed = 00:00:15 . Memory (MB): peak = 2379.977 ; gain = 825.133 ; free physical = 189 ; free virtual = 4261
---------------------------------------------------------------------------------
---------------------------------------------------------------------------------
Start Renaming Generated Instances
---------------------------------------------------------------------------------
---------------------------------------------------------------------------------
Finished Renaming Generated Instances : Time (s): cpu = 00:00:14 ; elapsed = 00:00:15 . Memory (MB): peak = 2379.977 ; gain = 825.133 ; free physical = 189 ; free virtual = 4261
---------------------------------------------------------------------------------
---------------------------------------------------------------------------------
Start Rebuilding User Hierarchy
---------------------------------------------------------------------------------
---------------------------------------------------------------------------------
Finished Rebuilding User Hierarchy : Time (s): cpu = 00:00:14 ; elapsed = 00:00:15 . Memory (MB): peak = 2379.977 ; gain = 825.133 ; free physical = 178 ; free virtual = 4249
---------------------------------------------------------------------------------
---------------------------------------------------------------------------------
Start Renaming Generated Ports
---------------------------------------------------------------------------------
---------------------------------------------------------------------------------
Finished Renaming Generated Ports : Time (s): cpu = 00:00:14 ; elapsed = 00:00:15 . Memory (MB): peak = 2379.977 ; gain = 825.133 ; free physical = 182 ; free virtual = 4254
---------------------------------------------------------------------------------
---------------------------------------------------------------------------------
Start Handling Custom Attributes
---------------------------------------------------------------------------------
---------------------------------------------------------------------------------
Finished Handling Custom Attributes : Time (s): cpu = 00:00:14 ; elapsed = 00:00:15 . Memory (MB): peak = 2379.977 ; gain = 825.133 ; free physical = 182 ; free virtual = 4254
---------------------------------------------------------------------------------
---------------------------------------------------------------------------------
Start Renaming Generated Nets
---------------------------------------------------------------------------------
---------------------------------------------------------------------------------
Finished Renaming Generated Nets : Time (s): cpu = 00:00:14 ; elapsed = 00:00:15 . Memory (MB): peak = 2379.977 ; gain = 825.133 ; free physical = 182 ; free virtual = 4254
---------------------------------------------------------------------------------
---------------------------------------------------------------------------------
Start Writing Synthesis Report
---------------------------------------------------------------------------------

Report BlackBoxes: 
+-+--------------+----------+
| |BlackBox name |Instances |
+-+--------------+----------+
+-+--------------+----------+

Report Cell Usage: 
+------+-------+------+
|      |Cell   |Count |
+------+-------+------+
|1     |BUFG   |     1|
|2     |CARRY4 |     5|
|3     |LUT1   |     1|
|4     |LUT2   |    20|
|5     |LUT3   |    70|
|6     |LUT4   |    28|
|7     |LUT5   |    82|
|8     |LUT6   |    36|
|9     |FDRE   |   402|
|10    |FDSE   |     1|
|11    |IBUF   |    65|
|12    |OBUF   |    59|
+------+-------+------+

Report Instance Areas: 
+------+--------------------------+------------------------------------+------+
|      |Instance                  |Module                              |Cells |
+------+--------------------------+------------------------------------+------+
|1     |top                       |                                    |   770|
|2     |  lshr_24ns_8ns_24_6_1_U1 |fp32_aligner_lshr_24ns_8ns_24_6_1   |   201|
|3     |  lshr_24ns_8ns_24_6_1_U2 |fp32_aligner_lshr_24ns_8ns_24_6_1_0 |   202|
+------+--------------------------+------------------------------------+------+
---------------------------------------------------------------------------------
Finished Writing Synthesis Report : Time (s): cpu = 00:00:14 ; elapsed = 00:00:15 . Memory (MB): peak = 2379.977 ; gain = 825.133 ; free physical = 182 ; free virtual = 4254
---------------------------------------------------------------------------------
Synthesis finished with 0 errors, 0 critical warnings and 1 warnings.
Synthesis Optimization Runtime : Time (s): cpu = 00:00:14 ; elapsed = 00:00:15 . Memory (MB): peak = 2379.977 ; gain = 825.133 ; free physical = 182 ; free virtual = 4254
Synthesis Optimization Complete : Time (s): cpu = 00:00:14 ; elapsed = 00:00:15 . Memory (MB): peak = 2379.984 ; gain = 825.133 ; free physical = 183 ; free virtual = 4255
INFO: [Project 1-571] Translating synthesized netlist
Netlist sorting complete. Time (s): cpu = 00:00:00.01 ; elapsed = 00:00:00 . Memory (MB): peak = 2394.852 ; gain = 0.000 ; free physical = 341 ; free virtual = 4414
INFO: [Netlist 29-17] Analyzing 5 Unisim elements for replacement
INFO: [Netlist 29-28] Unisim Transformation completed in 0 CPU seconds
INFO: [Project 1-570] Preparing netlist for logic optimization
INFO: [Opt 31-138] Pushed 0 inverter(s) to 0 load pin(s).
Netlist sorting complete. Time (s): cpu = 00:00:00 ; elapsed = 00:00:00 . Memory (MB): peak = 2529.434 ; gain = 0.000 ; free physical = 229 ; free virtual = 4322
INFO: [Project 1-111] Unisim Transformation Summary:
No Unisim elements were transformed.

Synth Design complete | Checksum: 2e7a0a56
INFO: [Common 17-83] Releasing license: Synthesis
19 Infos, 1 Warnings, 0 Critical Warnings and 0 Errors encountered.
synth_design completed successfully
synth_design: Time (s): cpu = 00:00:20 ; elapsed = 00:00:18 . Memory (MB): peak = 2529.469 ; gain = 974.625 ; free physical = 215 ; free virtual = 4311
INFO: [Common 17-2834] synth_design peak Physical Memory [PSS] (MB): overall = 1969.713; main = 1969.713; forked = 332.740
INFO: [Common 17-2834] synth_design peak Virtual Memory [VSS] (MB): overall = 3094.277; main = 2529.438; forked = 956.172
# if {[llength [get_ports -quiet ap_clk]]} {
#       create_clock -name ap_clk -period 4.000 [get_ports ap_clk]
#     } else {
#       puts "INFO: No ap_clk port found; skipping create_clock (design appears combinational)."
#     }
# opt_design
Command: opt_design
Attempting to get a license for feature 'Implementation' and/or device 'xc7z020'
INFO: [Common 17-349] Got license for feature 'Implementation' and/or device 'xc7z020'
Running DRC as a precondition to command opt_design

Starting DRC Task
INFO: [DRC 23-27] Running DRC with 8 threads
INFO: [Project 1-461] DRC finished with 0 Errors
INFO: [Project 1-462] Please refer to the DRC report (report_drc) for more information.

Time (s): cpu = 00:00:00.91 ; elapsed = 00:00:00.37 . Memory (MB): peak = 2599.402 ; gain = 69.934 ; free physical = 198 ; free virtual = 4297

Starting Cache Timing Information Task
INFO: [Timing 38-35] Done setting XDC timing constraints.
Ending Cache Timing Information Task | Checksum: 512c5204

Time (s): cpu = 00:00:05 ; elapsed = 00:00:05 . Memory (MB): peak = 2839.355 ; gain = 239.953 ; free physical = 274 ; free virtual = 4301

Starting Logic Optimization Task

Phase 1 Initialization

Phase 1.1 Core Generation And Design Setup
Phase 1.1 Core Generation And Design Setup | Checksum: 512c5204

Time (s): cpu = 00:00:00 ; elapsed = 00:00:00 . Memory (MB): peak = 3132.262 ; gain = 0.000 ; free physical = 196 ; free virtual = 3952

Phase 1.2 Setup Constraints And Sort Netlist
Phase 1.2 Setup Constraints And Sort Netlist | Checksum: 512c5204

Time (s): cpu = 00:00:00 ; elapsed = 00:00:00 . Memory (MB): peak = 3132.262 ; gain = 0.000 ; free physical = 196 ; free virtual = 3952
Phase 1 Initialization | Checksum: 512c5204

Time (s): cpu = 00:00:00 ; elapsed = 00:00:00 . Memory (MB): peak = 3132.262 ; gain = 0.000 ; free physical = 196 ; free virtual = 3952

Phase 2 Timer Update And Timing Data Collection

Phase 2.1 Timer Update
Phase 2.1 Timer Update | Checksum: 512c5204

Time (s): cpu = 00:00:00.02 ; elapsed = 00:00:00.01 . Memory (MB): peak = 3132.262 ; gain = 0.000 ; free physical = 196 ; free virtual = 3952

Phase 2.2 Timing Data Collection
Phase 2.2 Timing Data Collection | Checksum: 512c5204

Time (s): cpu = 00:00:00.02 ; elapsed = 00:00:00.01 . Memory (MB): peak = 3132.262 ; gain = 0.000 ; free physical = 196 ; free virtual = 3952
Phase 2 Timer Update And Timing Data Collection | Checksum: 512c5204

Time (s): cpu = 00:00:00.03 ; elapsed = 00:00:00.02 . Memory (MB): peak = 3132.262 ; gain = 0.000 ; free physical = 196 ; free virtual = 3952

Phase 3 Retarget
INFO: [Opt 31-1851] Number of loadless carry chains removed were: 0
INFO: [Opt 31-1834] Total Chains To Be Transformed Were: 0 AND Number of Transformed insts Created are: 0
INFO: [Opt 31-138] Pushed 0 inverter(s) to 0 load pin(s).
INFO: [Opt 31-49] Retargeted 0 cell(s).
Phase 3 Retarget | Checksum: 512c5204

Time (s): cpu = 00:00:00.04 ; elapsed = 00:00:00.03 . Memory (MB): peak = 3132.262 ; gain = 0.000 ; free physical = 196 ; free virtual = 3953
Retarget | Checksum: 512c5204
INFO: [Opt 31-389] Phase Retarget created 0 cells and removed 0 cells

Phase 4 Constant propagation
INFO: [Opt 31-138] Pushed 0 inverter(s) to 0 load pin(s).
Phase 4 Constant propagation | Checksum: 512c5204

Time (s): cpu = 00:00:00.04 ; elapsed = 00:00:00.04 . Memory (MB): peak = 3132.262 ; gain = 0.000 ; free physical = 196 ; free virtual = 3953
Constant propagation | Checksum: 512c5204
INFO: [Opt 31-389] Phase Constant propagation created 0 cells and removed 0 cells

Phase 5 Sweep
INFO: [Constraints 18-11670] Building netlist checker database with flags, 0x8
Done building netlist checker database: Time (s): cpu = 00:00:00 ; elapsed = 00:00:00 . Memory (MB): peak = 3132.262 ; gain = 0.000 ; free physical = 196 ; free virtual = 3953
Phase 5 Sweep | Checksum: 1136b190d

Time (s): cpu = 00:00:00.05 ; elapsed = 00:00:00.04 . Memory (MB): peak = 3132.262 ; gain = 0.000 ; free physical = 195 ; free virtual = 3953
Sweep | Checksum: 1136b190d
INFO: [Opt 31-389] Phase Sweep created 2 cells and removed 0 cells

Phase 6 BUFG optimization
Phase 6 BUFG optimization | Checksum: 1136b190d

Time (s): cpu = 00:00:00.06 ; elapsed = 00:00:00.05 . Memory (MB): peak = 3164.277 ; gain = 32.016 ; free physical = 195 ; free virtual = 3953
BUFG optimization | Checksum: 1136b190d
INFO: [Opt 31-662] Phase BUFG optimization created 0 cells of which 0 are BUFGs and removed 0 cells.

Phase 7 Shift Register Optimization
INFO: [Opt 31-1064] SRL Remap converted 0 SRLs to 0 registers and converted 0 registers of register chains to 0 SRLs
Phase 7 Shift Register Optimization | Checksum: 1136b190d

Time (s): cpu = 00:00:00.06 ; elapsed = 00:00:00.05 . Memory (MB): peak = 3164.277 ; gain = 32.016 ; free physical = 195 ; free virtual = 3953
Shift Register Optimization | Checksum: 1136b190d
INFO: [Opt 31-389] Phase Shift Register Optimization created 0 cells and removed 0 cells

Phase 8 Post Processing Netlist
Phase 8 Post Processing Netlist | Checksum: 1136b190d

Time (s): cpu = 00:00:00.06 ; elapsed = 00:00:00.06 . Memory (MB): peak = 3164.277 ; gain = 32.016 ; free physical = 195 ; free virtual = 3953
Post Processing Netlist | Checksum: 1136b190d
INFO: [Opt 31-389] Phase Post Processing Netlist created 0 cells and removed 0 cells

Phase 9 Finalization

Phase 9.1 Finalizing Design Cores and Updating Shapes
Phase 9.1 Finalizing Design Cores and Updating Shapes | Checksum: 1b239affe

Time (s): cpu = 00:00:00.07 ; elapsed = 00:00:00.06 . Memory (MB): peak = 3164.277 ; gain = 32.016 ; free physical = 195 ; free virtual = 3953

Phase 9.2 Verifying Netlist Connectivity

Starting Connectivity Check Task

Time (s): cpu = 00:00:00 ; elapsed = 00:00:00.01 . Memory (MB): peak = 3164.277 ; gain = 0.000 ; free physical = 195 ; free virtual = 3953
Phase 9.2 Verifying Netlist Connectivity | Checksum: 1b239affe

Time (s): cpu = 00:00:00.07 ; elapsed = 00:00:00.07 . Memory (MB): peak = 3164.277 ; gain = 32.016 ; free physical = 195 ; free virtual = 3953
Phase 9 Finalization | Checksum: 1b239affe

Time (s): cpu = 00:00:00.07 ; elapsed = 00:00:00.07 . Memory (MB): peak = 3164.277 ; gain = 32.016 ; free physical = 195 ; free virtual = 3953
Opt_design Change Summary
=========================


-------------------------------------------------------------------------------------------------------------------------
|  Phase                        |  #Cells created  |  #Cells Removed  |  #Constrained objects preventing optimizations  |
-------------------------------------------------------------------------------------------------------------------------
|  Retarget                     |               0  |               0  |                                              0  |
|  Constant propagation         |               0  |               0  |                                              0  |
|  Sweep                        |               2  |               0  |                                              0  |
|  BUFG optimization            |               0  |               0  |                                              0  |
|  Shift Register Optimization  |               0  |               0  |                                              0  |
|  Post Processing Netlist      |               0  |               0  |                                              0  |
-------------------------------------------------------------------------------------------------------------------------


Ending Logic Optimization Task | Checksum: 1b239affe

Time (s): cpu = 00:00:00.07 ; elapsed = 00:00:00.07 . Memory (MB): peak = 3164.277 ; gain = 32.016 ; free physical = 195 ; free virtual = 3953

Starting Power Optimization Task
INFO: [Pwropt 34-132] Skipping clock gating for clocks with a period < 2.00 ns.
Ending Power Optimization Task | Checksum: 1b239affe

Time (s): cpu = 00:00:00.01 ; elapsed = 00:00:00.01 . Memory (MB): peak = 3164.277 ; gain = 0.000 ; free physical = 195 ; free virtual = 3953

Starting Final Cleanup Task
Ending Final Cleanup Task | Checksum: 1b239affe

Time (s): cpu = 00:00:00 ; elapsed = 00:00:00 . Memory (MB): peak = 3164.277 ; gain = 0.000 ; free physical = 195 ; free virtual = 3953

Starting Netlist Obfuscation Task
Netlist sorting complete. Time (s): cpu = 00:00:00 ; elapsed = 00:00:00 . Memory (MB): peak = 3164.277 ; gain = 0.000 ; free physical = 195 ; free virtual = 3953
Ending Netlist Obfuscation Task | Checksum: 1b239affe

Time (s): cpu = 00:00:00 ; elapsed = 00:00:00 . Memory (MB): peak = 3164.277 ; gain = 0.000 ; free physical = 195 ; free virtual = 3953
INFO: [Common 17-83] Releasing license: Implementation
20 Infos, 0 Warnings, 0 Critical Warnings and 0 Errors encountered.
opt_design completed successfully
opt_design: Time (s): cpu = 00:00:09 ; elapsed = 00:00:08 . Memory (MB): peak = 3164.277 ; gain = 634.809 ; free physical = 195 ; free virtual = 3953
# place_design
Command: place_design
Attempting to get a license for feature 'Implementation' and/or device 'xc7z020'
INFO: [Common 17-349] Got license for feature 'Implementation' and/or device 'xc7z020'
INFO: [Common 17-83] Releasing license: Implementation
INFO: [DRC 23-27] Running DRC with 8 threads
INFO: [Vivado_Tcl 4-198] DRC finished with 0 Errors
INFO: [Vivado_Tcl 4-199] Please refer to the DRC report (report_drc) for more information.
Running DRC as a precondition to command place_design
INFO: [DRC 23-27] Running DRC with 8 threads
INFO: [Vivado_Tcl 4-198] DRC finished with 0 Errors
INFO: [Vivado_Tcl 4-199] Please refer to the DRC report (report_drc) for more information.
INFO: [Place 30-611] Multithreading enabled for place_design using a maximum of 8 CPUs

Starting Placer Task

Phase 1 Placer Initialization

Phase 1.1 Placer Initialization Netlist Sorting
Netlist sorting complete. Time (s): cpu = 00:00:00 ; elapsed = 00:00:00 . Memory (MB): peak = 3164.277 ; gain = 0.000 ; free physical = 206 ; free virtual = 3908
Phase 1.1 Placer Initialization Netlist Sorting | Checksum: f42b27a3

Time (s): cpu = 00:00:00.01 ; elapsed = 00:00:00 . Memory (MB): peak = 3164.277 ; gain = 0.000 ; free physical = 206 ; free virtual = 3908
Netlist sorting complete. Time (s): cpu = 00:00:00 ; elapsed = 00:00:00 . Memory (MB): peak = 3164.277 ; gain = 0.000 ; free physical = 206 ; free virtual = 3908

Phase 1.2 IO Placement/ Clock Placement/ Build Placer Device
INFO: [Timing 38-35] Done setting XDC timing constraints.
Phase 1.2 IO Placement/ Clock Placement/ Build Placer Device | Checksum: 4fddc08f

Time (s): cpu = 00:00:00.89 ; elapsed = 00:00:00.39 . Memory (MB): peak = 3164.277 ; gain = 0.000 ; free physical = 199 ; free virtual = 3852

Phase 1.3 Build Placer Netlist Model
Phase 1.3 Build Placer Netlist Model | Checksum: b4fde4b8

Time (s): cpu = 00:00:01 ; elapsed = 00:00:00.53 . Memory (MB): peak = 3203.320 ; gain = 39.043 ; free physical = 181 ; free virtual = 3837

Phase 1.4 Constrain Clocks/Macros
Phase 1.4 Constrain Clocks/Macros | Checksum: b4fde4b8

Time (s): cpu = 00:00:01 ; elapsed = 00:00:00.53 . Memory (MB): peak = 3203.320 ; gain = 39.043 ; free physical = 181 ; free virtual = 3837
Phase 1 Placer Initialization | Checksum: b4fde4b8

Time (s): cpu = 00:00:01 ; elapsed = 00:00:00.54 . Memory (MB): peak = 3203.320 ; gain = 39.043 ; free physical = 179 ; free virtual = 3836

Phase 2 Global Placement

Phase 2.1 Floorplanning
Phase 2.1 Floorplanning | Checksum: 7ea4e0d7

Time (s): cpu = 00:00:02 ; elapsed = 00:00:00.59 . Memory (MB): peak = 3203.320 ; gain = 39.043 ; free physical = 246 ; free virtual = 3850

Phase 2.2 Update Timing before SLR Path Opt
Phase 2.2 Update Timing before SLR Path Opt | Checksum: 12511232a

Time (s): cpu = 00:00:02 ; elapsed = 00:00:00.63 . Memory (MB): peak = 3203.320 ; gain = 39.043 ; free physical = 245 ; free virtual = 3849

Phase 2.3 Post-Processing in Floorplanning
Phase 2.3 Post-Processing in Floorplanning | Checksum: 12511232a

Time (s): cpu = 00:00:02 ; elapsed = 00:00:00.64 . Memory (MB): peak = 3203.320 ; gain = 39.043 ; free physical = 245 ; free virtual = 3849

Phase 2.4 Global Place Phase1
Phase 2.4 Global Place Phase1 | Checksum: bd20761c

Time (s): cpu = 00:00:04 ; elapsed = 00:00:01 . Memory (MB): peak = 3203.320 ; gain = 39.043 ; free physical = 334 ; free virtual = 3814

Phase 2.5 Global Place Phase2

Phase 2.5.1 UpdateTiming Before Physical Synthesis
Phase 2.5.1 UpdateTiming Before Physical Synthesis | Checksum: ba103d24

Time (s): cpu = 00:00:04 ; elapsed = 00:00:01 . Memory (MB): peak = 3203.320 ; gain = 39.043 ; free physical = 438 ; free virtual = 3918

Phase 2.5.2 Physical Synthesis In Placer
INFO: [Physopt 32-1035] Found 0 LUTNM shape to break, 3 LUT instances to create LUTNM shape
INFO: [Physopt 32-1044] Break lutnm for timing: one critical 0, two critical 0, total 0, new lutff created 0
INFO: [Physopt 32-1138] End 1 Pass. Optimized 1 net or LUT. Breaked 0 LUT, combined 1 existing LUT and moved 0 existing LUT
INFO: [Physopt 32-65] No nets found for high-fanout optimization.
INFO: [Physopt 32-232] Optimized 0 net. Created 0 new instance.
INFO: [Physopt 32-775] End 1 Pass. Optimized 0 net or cell. Created 0 new cell, deleted 0 existing cell and moved 0 existing cell
INFO: [Physopt 32-670] No setup violation found.  DSP Register Optimization was not performed.
INFO: [Physopt 32-670] No setup violation found.  Shift Register to Pipeline Optimization was not performed.
INFO: [Physopt 32-670] No setup violation found.  Shift Register Optimization was not performed.
INFO: [Physopt 32-670] No setup violation found.  BRAM Register Optimization was not performed.
INFO: [Physopt 32-670] No setup violation found.  URAM Register Optimization was not performed.
INFO: [Physopt 32-949] No candidate nets found for dynamic/static region interface net replication
INFO: [Physopt 32-775] End 1 Pass. Optimized 0 net or cell. Created 0 new cell, deleted 0 existing cell and moved 0 existing cell
Netlist sorting complete. Time (s): cpu = 00:00:00 ; elapsed = 00:00:00 . Memory (MB): peak = 3203.320 ; gain = 0.000 ; free physical = 411 ; free virtual = 3896

Summary of Physical Synthesis Optimizations
============================================


-----------------------------------------------------------------------------------------------------------------------------------------------------------
|  Optimization                                     |  Added Cells  |  Removed Cells  |  Optimized Cells/Nets  |  Dont Touch  |  Iterations  |  Elapsed   |
-----------------------------------------------------------------------------------------------------------------------------------------------------------
|  LUT Combining                                    |            0  |              1  |                     1  |           0  |           1  |  00:00:00  |
|  Retime                                           |            0  |              0  |                     0  |           0  |           1  |  00:00:00  |
|  Very High Fanout                                 |            0  |              0  |                     0  |           0  |           1  |  00:00:00  |
|  DSP Register                                     |            0  |              0  |                     0  |           0  |           0  |  00:00:00  |
|  Shift Register to Pipeline                       |            0  |              0  |                     0  |           0  |           0  |  00:00:00  |
|  Shift Register                                   |            0  |              0  |                     0  |           0  |           0  |  00:00:00  |
|  BRAM Register                                    |            0  |              0  |                     0  |           0  |           0  |  00:00:00  |
|  URAM Register                                    |            0  |              0  |                     0  |           0  |           0  |  00:00:00  |
|  Dynamic/Static Region Interface Net Replication  |            0  |              0  |                     0  |           0  |           1  |  00:00:00  |
|  Total                                            |            0  |              1  |                     1  |           0  |           4  |  00:00:00  |
-----------------------------------------------------------------------------------------------------------------------------------------------------------


Phase 2.5.2 Physical Synthesis In Placer | Checksum: 200ab7af8

Time (s): cpu = 00:00:04 ; elapsed = 00:00:02 . Memory (MB): peak = 3203.320 ; gain = 39.043 ; free physical = 418 ; free virtual = 3903
Phase 2.5 Global Place Phase2 | Checksum: 142e1450c

Time (s): cpu = 00:00:05 ; elapsed = 00:00:02 . Memory (MB): peak = 3203.320 ; gain = 39.043 ; free physical = 411 ; free virtual = 3898
Phase 2 Global Placement | Checksum: 142e1450c

Time (s): cpu = 00:00:05 ; elapsed = 00:00:02 . Memory (MB): peak = 3203.320 ; gain = 39.043 ; free physical = 411 ; free virtual = 3898

Phase 3 Detail Placement

Phase 3.1 Commit Multi Column Macros
Phase 3.1 Commit Multi Column Macros | Checksum: 2068c6b81

Time (s): cpu = 00:00:05 ; elapsed = 00:00:02 . Memory (MB): peak = 3203.320 ; gain = 39.043 ; free physical = 410 ; free virtual = 3897

Phase 3.2 Commit Most Macros & LUTRAMs
Phase 3.2 Commit Most Macros & LUTRAMs | Checksum: 1b06067d6

Time (s): cpu = 00:00:05 ; elapsed = 00:00:02 . Memory (MB): peak = 3203.320 ; gain = 39.043 ; free physical = 409 ; free virtual = 3896

Phase 3.3 Area Swap Optimization
Phase 3.3 Area Swap Optimization | Checksum: 1b8613e19

Time (s): cpu = 00:00:05 ; elapsed = 00:00:02 . Memory (MB): peak = 3203.320 ; gain = 39.043 ; free physical = 408 ; free virtual = 3895

Phase 3.4 Pipeline Register Optimization
Phase 3.4 Pipeline Register Optimization | Checksum: 1bf630d95

Time (s): cpu = 00:00:05 ; elapsed = 00:00:02 . Memory (MB): peak = 3203.320 ; gain = 39.043 ; free physical = 408 ; free virtual = 3895

Phase 3.5 Small Shape Detail Placement
Phase 3.5 Small Shape Detail Placement | Checksum: 1ce7c5b63

Time (s): cpu = 00:00:06 ; elapsed = 00:00:02 . Memory (MB): peak = 3203.320 ; gain = 39.043 ; free physical = 412 ; free virtual = 3900

Phase 3.6 Re-assign LUT pins
Phase 3.6 Re-assign LUT pins | Checksum: 242547a01

Time (s): cpu = 00:00:06 ; elapsed = 00:00:02 . Memory (MB): peak = 3203.320 ; gain = 39.043 ; free physical = 411 ; free virtual = 3900

Phase 3.7 Pipeline Register Optimization
Phase 3.7 Pipeline Register Optimization | Checksum: 2211548f1

Time (s): cpu = 00:00:06 ; elapsed = 00:00:02 . Memory (MB): peak = 3203.320 ; gain = 39.043 ; free physical = 411 ; free virtual = 3900
Phase 3 Detail Placement | Checksum: 2211548f1

Time (s): cpu = 00:00:06 ; elapsed = 00:00:02 . Memory (MB): peak = 3203.320 ; gain = 39.043 ; free physical = 411 ; free virtual = 3900

Phase 4 Post Placement Optimization and Clean-Up

Phase 4.1 Post Commit Optimization
INFO: [Timing 38-35] Done setting XDC timing constraints.

Phase 4.1.1 Post Placement Optimization
Post Placement Optimization Initialization | Checksum: 130d89846

Phase 4.1.1.1 BUFG Insertion

Starting Physical Synthesis Task

Phase 1 Physical Synthesis Initialization
INFO: [Physopt 32-721] Multithreading enabled for phys_opt_design using a maximum of 8 CPUs
INFO: [Physopt 32-619] Estimated Timing Summary | WNS=0.211 | TNS=0.000 |
Phase 1 Physical Synthesis Initialization | Checksum: 12464d0bc

Time (s): cpu = 00:00:00.03 ; elapsed = 00:00:00.02 . Memory (MB): peak = 3203.320 ; gain = 0.000 ; free physical = 427 ; free virtual = 3916
INFO: [Place 46-56] BUFG insertion identified 0 candidate nets. Inserted BUFG: 0, Replicated BUFG Driver: 0, Skipped due to Placement/Routing Conflicts: 0, Skipped due to Timing Degradation: 0, Skipped due to netlist editing failed: 0.
Ending Physical Synthesis Task | Checksum: 1da8df5f1

Time (s): cpu = 00:00:00.04 ; elapsed = 00:00:00.02 . Memory (MB): peak = 3203.320 ; gain = 0.000 ; free physical = 427 ; free virtual = 3916
Phase 4.1.1.1 BUFG Insertion | Checksum: 130d89846

Time (s): cpu = 00:00:07 ; elapsed = 00:00:02 . Memory (MB): peak = 3203.320 ; gain = 39.043 ; free physical = 427 ; free virtual = 3916

Phase 4.1.1.2 Post Placement Timing Optimization
INFO: [Place 30-746] Post Placement Timing Summary WNS=0.501. For the most accurate timing information please run report_timing.
Phase 4.1.1.2 Post Placement Timing Optimization | Checksum: 13e7197c4

Time (s): cpu = 00:00:07 ; elapsed = 00:00:03 . Memory (MB): peak = 3203.320 ; gain = 39.043 ; free physical = 417 ; free virtual = 3906

Time (s): cpu = 00:00:07 ; elapsed = 00:00:03 . Memory (MB): peak = 3203.320 ; gain = 39.043 ; free physical = 417 ; free virtual = 3906
Phase 4.1 Post Commit Optimization | Checksum: 13e7197c4

Time (s): cpu = 00:00:07 ; elapsed = 00:00:03 . Memory (MB): peak = 3203.320 ; gain = 39.043 ; free physical = 417 ; free virtual = 3906

Phase 4.2 Post Placement Cleanup
Phase 4.2 Post Placement Cleanup | Checksum: 13e7197c4

Time (s): cpu = 00:00:07 ; elapsed = 00:00:03 . Memory (MB): peak = 3203.320 ; gain = 39.043 ; free physical = 417 ; free virtual = 3906

Phase 4.3 Placer Reporting

Phase 4.3.1 Print Estimated Congestion
INFO: [Place 30-612] Post-Placement Estimated Congestion 
 ____________________________________________________
|           | Global Congestion | Short Congestion  |
| Direction | Region Size       | Region Size       |
|___________|___________________|___________________|
|      North|                1x1|                1x1|
|___________|___________________|___________________|
|      South|                1x1|                1x1|
|___________|___________________|___________________|
|       East|                1x1|                1x1|
|___________|___________________|___________________|
|       West|                1x1|                1x1|
|___________|___________________|___________________|

Phase 4.3.1 Print Estimated Congestion | Checksum: 13e7197c4

Time (s): cpu = 00:00:07 ; elapsed = 00:00:03 . Memory (MB): peak = 3203.320 ; gain = 39.043 ; free physical = 417 ; free virtual = 3906
Phase 4.3 Placer Reporting | Checksum: 13e7197c4

Time (s): cpu = 00:00:07 ; elapsed = 00:00:03 . Memory (MB): peak = 3203.320 ; gain = 39.043 ; free physical = 417 ; free virtual = 3906

Phase 4.4 Final Placement Cleanup
Netlist sorting complete. Time (s): cpu = 00:00:00 ; elapsed = 00:00:00 . Memory (MB): peak = 3203.320 ; gain = 0.000 ; free physical = 417 ; free virtual = 3906

Time (s): cpu = 00:00:07 ; elapsed = 00:00:03 . Memory (MB): peak = 3203.320 ; gain = 39.043 ; free physical = 417 ; free virtual = 3906
Phase 4 Post Placement Optimization and Clean-Up | Checksum: 183056d7c

Time (s): cpu = 00:00:07 ; elapsed = 00:00:03 . Memory (MB): peak = 3203.320 ; gain = 39.043 ; free physical = 417 ; free virtual = 3906
Ending Placer Task | Checksum: 17137ae15

Time (s): cpu = 00:00:07 ; elapsed = 00:00:03 . Memory (MB): peak = 3203.320 ; gain = 39.043 ; free physical = 417 ; free virtual = 3906
29 Infos, 0 Warnings, 0 Critical Warnings and 0 Errors encountered.
place_design completed successfully
# route_design
Command: route_design
Attempting to get a license for feature 'Implementation' and/or device 'xc7z020'
INFO: [Common 17-349] Got license for feature 'Implementation' and/or device 'xc7z020'


Starting Routing Task
INFO: [Route 35-254] Multithreading enabled for route_design using a maximum of 8 CPUs

Phase 1 Build RT Design
Checksum: PlaceDB: c4ad47bc ConstDB: 0 ShapeSum: 9690f369 RouteDB: 15f972f0
Post Restoration Checksum: NetGraph: abcb1600 | NumContArr: 14027ab4 | Constraints: c2a8fa9d | Timing: c2a8fa9d
Phase 1 Build RT Design | Checksum: 2451f85ee

Time (s): cpu = 00:00:21 ; elapsed = 00:00:18 . Memory (MB): peak = 3203.320 ; gain = 0.000 ; free physical = 382 ; free virtual = 3864

Phase 2 Router Initialization

Phase 2.1 Fix Topology Constraints
Phase 2.1 Fix Topology Constraints | Checksum: 2451f85ee

Time (s): cpu = 00:00:21 ; elapsed = 00:00:18 . Memory (MB): peak = 3203.320 ; gain = 0.000 ; free physical = 381 ; free virtual = 3863

Phase 2.2 Pre Route Cleanup
Phase 2.2 Pre Route Cleanup | Checksum: 2451f85ee

Time (s): cpu = 00:00:21 ; elapsed = 00:00:18 . Memory (MB): peak = 3203.320 ; gain = 0.000 ; free physical = 381 ; free virtual = 3864
 Number of Nodes with overlaps = 0

Phase 2.3 Update Timing
Phase 2.3 Update Timing | Checksum: 28147f9c6

Time (s): cpu = 00:00:22 ; elapsed = 00:00:18 . Memory (MB): peak = 3203.320 ; gain = 0.000 ; free physical = 381 ; free virtual = 3864
INFO: [Route 35-416] Intermediate Timing Summary | WNS=0.408  | TNS=0.000  | WHS=-0.144 | THS=-8.181 |


Phase 2.4 Soft Constraint Pins - Fast Budgeting
Phase 2.4 Soft Constraint Pins - Fast Budgeting | Checksum: 249bcb01b

Time (s): cpu = 00:00:22 ; elapsed = 00:00:18 . Memory (MB): peak = 3203.320 ; gain = 0.000 ; free physical = 381 ; free virtual = 3864

Router Utilization Summary
  Global Vertical Routing Utilization    = 0 %
  Global Horizontal Routing Utilization  = 0 %
  Routable Net Status*
  *Does not include unroutable nets such as driverless and loadless.
  Run report_route_status for detailed report.
  Number of Failed Nets               = 622
    (Failed Nets is the sum of unrouted and partially routed nets)
  Number of Unrouted Nets             = 622
  Number of Partially Routed Nets     = 0
  Number of Node Overlaps             = 0

Phase 2 Router Initialization | Checksum: 249bcb01b

Time (s): cpu = 00:00:22 ; elapsed = 00:00:18 . Memory (MB): peak = 3203.320 ; gain = 0.000 ; free physical = 384 ; free virtual = 3867

Phase 3 Global Routing
Phase 3 Global Routing | Checksum: 249bcb01b

Time (s): cpu = 00:00:22 ; elapsed = 00:00:18 . Memory (MB): peak = 3203.320 ; gain = 0.000 ; free physical = 384 ; free virtual = 3867

Phase 4 Initial Routing

Phase 4.1 Initial Net Routing Pass
Phase 4.1 Initial Net Routing Pass | Checksum: 270bca0c8

Time (s): cpu = 00:00:22 ; elapsed = 00:00:19 . Memory (MB): peak = 3203.320 ; gain = 0.000 ; free physical = 376 ; free virtual = 3860
Phase 4 Initial Routing | Checksum: 270bca0c8

Time (s): cpu = 00:00:22 ; elapsed = 00:00:19 . Memory (MB): peak = 3203.320 ; gain = 0.000 ; free physical = 375 ; free virtual = 3858

Phase 5 Rip-up And Reroute

Phase 5.1 Global Iteration 0
 Number of Nodes with overlaps = 136
 Number of Nodes with overlaps = 80
 Number of Nodes with overlaps = 56
 Number of Nodes with overlaps = 51
 Number of Nodes with overlaps = 41
 Number of Nodes with overlaps = 14
 Number of Nodes with overlaps = 10
 Number of Nodes with overlaps = 10
 Number of Nodes with overlaps = 6
 Number of Nodes with overlaps = 4
 Number of Nodes with overlaps = 4
 Number of Nodes with overlaps = 2
 Number of Nodes with overlaps = 3
 Number of Nodes with overlaps = 1
 Number of Nodes with overlaps = 1
 Number of Nodes with overlaps = 2
 Number of Nodes with overlaps = 1
 Number of Nodes with overlaps = 0
INFO: [Route 35-416] Intermediate Timing Summary | WNS=0.330  | TNS=0.000  | WHS=N/A    | THS=N/A    |

Phase 5.1 Global Iteration 0 | Checksum: 2aa1ee861

Time (s): cpu = 00:00:26 ; elapsed = 00:00:21 . Memory (MB): peak = 3203.320 ; gain = 0.000 ; free physical = 381 ; free virtual = 3864
Phase 5 Rip-up And Reroute | Checksum: 2aa1ee861

Time (s): cpu = 00:00:26 ; elapsed = 00:00:21 . Memory (MB): peak = 3203.320 ; gain = 0.000 ; free physical = 381 ; free virtual = 3864

Phase 6 Delay and Skew Optimization

Phase 6.1 Delay CleanUp

Phase 6.1.1 Update Timing
Phase 6.1.1 Update Timing | Checksum: 21d862cea

Time (s): cpu = 00:00:26 ; elapsed = 00:00:21 . Memory (MB): peak = 3203.320 ; gain = 0.000 ; free physical = 381 ; free virtual = 3864
INFO: [Route 35-416] Intermediate Timing Summary | WNS=0.445  | TNS=0.000  | WHS=N/A    | THS=N/A    |

Phase 6.1 Delay CleanUp | Checksum: 21d862cea

Time (s): cpu = 00:00:26 ; elapsed = 00:00:21 . Memory (MB): peak = 3203.320 ; gain = 0.000 ; free physical = 381 ; free virtual = 3864

Phase 6.2 Clock Skew Optimization
Phase 6.2 Clock Skew Optimization | Checksum: 21d862cea

Time (s): cpu = 00:00:26 ; elapsed = 00:00:21 . Memory (MB): peak = 3203.320 ; gain = 0.000 ; free physical = 381 ; free virtual = 3864
Phase 6 Delay and Skew Optimization | Checksum: 21d862cea

Time (s): cpu = 00:00:26 ; elapsed = 00:00:21 . Memory (MB): peak = 3203.320 ; gain = 0.000 ; free physical = 381 ; free virtual = 3864

Phase 7 Post Hold Fix

Phase 7.1 Hold Fix Iter
INFO: [Route 35-416] Intermediate Timing Summary | WNS=0.445  | TNS=0.000  | WHS=0.102  | THS=0.000  |

Phase 7.1 Hold Fix Iter | Checksum: 265f40463

Time (s): cpu = 00:00:26 ; elapsed = 00:00:21 . Memory (MB): peak = 3203.320 ; gain = 0.000 ; free physical = 381 ; free virtual = 3864
Phase 7 Post Hold Fix | Checksum: 265f40463

Time (s): cpu = 00:00:26 ; elapsed = 00:00:21 . Memory (MB): peak = 3203.320 ; gain = 0.000 ; free physical = 381 ; free virtual = 3864

Phase 8 Route finalize

Router Utilization Summary
  Global Vertical Routing Utilization    = 0.300663 %
  Global Horizontal Routing Utilization  = 0.260227 %
  Routable Net Status*
  *Does not include unroutable nets such as driverless and loadless.
  Run report_route_status for detailed report.
  Number of Failed Nets               = 0
    (Failed Nets is the sum of unrouted and partially routed nets)
  Number of Unrouted Nets             = 0
  Number of Partially Routed Nets     = 0
  Number of Node Overlaps             = 0

Phase 8 Route finalize | Checksum: 265f40463

Time (s): cpu = 00:00:26 ; elapsed = 00:00:21 . Memory (MB): peak = 3203.320 ; gain = 0.000 ; free physical = 381 ; free virtual = 3864

Phase 9 Verifying routed nets

 Verification completed successfully
Phase 9 Verifying routed nets | Checksum: 265f40463

Time (s): cpu = 00:00:26 ; elapsed = 00:00:21 . Memory (MB): peak = 3203.320 ; gain = 0.000 ; free physical = 381 ; free virtual = 3864

Phase 10 Depositing Routes
Phase 10 Depositing Routes | Checksum: 231cab95d

Time (s): cpu = 00:00:26 ; elapsed = 00:00:21 . Memory (MB): peak = 3203.320 ; gain = 0.000 ; free physical = 388 ; free virtual = 3872

Phase 11 Post Process Routing
Phase 11 Post Process Routing | Checksum: 231cab95d

Time (s): cpu = 00:00:26 ; elapsed = 00:00:21 . Memory (MB): peak = 3203.320 ; gain = 0.000 ; free physical = 388 ; free virtual = 3872

Phase 12 Post Router Timing
INFO: [Route 35-57] Estimated Timing Summary | WNS=0.445  | TNS=0.000  | WHS=0.102  | THS=0.000  |

INFO: [Route 35-327] The final timing numbers are based on the router estimated timing analysis. For a complete and accurate timing signoff, please run report_timing_summary.
Phase 12 Post Router Timing | Checksum: 231cab95d

Time (s): cpu = 00:00:26 ; elapsed = 00:00:21 . Memory (MB): peak = 3203.320 ; gain = 0.000 ; free physical = 388 ; free virtual = 3872
Total Elapsed time in route_design: 20.9 secs

Phase 13 Post-Route Event Processing
Phase 13 Post-Route Event Processing | Checksum: 1a99337b9

Time (s): cpu = 00:00:26 ; elapsed = 00:00:21 . Memory (MB): peak = 3203.320 ; gain = 0.000 ; free physical = 388 ; free virtual = 3872
INFO: [Route 35-16] Router Completed Successfully
Ending Routing Task | Checksum: 1a99337b9

Time (s): cpu = 00:00:26 ; elapsed = 00:00:21 . Memory (MB): peak = 3203.320 ; gain = 0.000 ; free physical = 388 ; free virtual = 3872

Routing Is Done.
INFO: [Common 17-83] Releasing license: Implementation
10 Infos, 0 Warnings, 0 Critical Warnings and 0 Errors encountered.
route_design completed successfully
route_design: Time (s): cpu = 00:00:26 ; elapsed = 00:00:21 . Memory (MB): peak = 3203.320 ; gain = 0.000 ; free physical = 388 ; free virtual = 3872
# report_utilization    -file /home/joe/Desktop/Uni/Year_4/Dissertation/Program-Synthesis-for-Efficient-ML/results/HLS/solution_fp32addition_fp32_alignment/utilization.rpt
# report_timing_summary -file /home/joe/Desktop/Uni/Year_4/Dissertation/Program-Synthesis-for-Efficient-ML/results/HLS/solution_fp32addition_fp32_alignment/timing.rpt
INFO: [Timing 38-91] UpdateTimingParams: Speed grade: -1, Delay Type: min_max.
INFO: [Timing 38-191] Multithreading enabled for timing update using a maximum of 8 CPUs
# set rpx_path "/home/joe/Desktop/Uni/Year_4/Dissertation/Program-Synthesis-for-Efficient-ML/results/HLS/solution_fp32addition_fp32_alignment/timing.rpx"
# if {[catch {report_timing_summary -rpx $rpx_path} err]} {
#       puts "INFO: RPX timing not available: $err"
#     }
INFO: [Timing 38-91] UpdateTimingParams: Speed grade: -1, Delay Type: min_max.
INFO: [Timing 38-191] Multithreading enabled for timing update using a maximum of 8 CPUs
Copyright 1986-2022 Xilinx, Inc. All Rights Reserved. Copyright 2022-2025 Advanced Micro Devices, Inc. All Rights Reserved.
-------------------------------------------------------------------------------------------------------------------------------------------------------------------------------------
| Tool Version : Vivado v.2025.1 (lin64) Build 6140274 Wed May 21 22:58:25 MDT 2025
| Date         : Mon Oct 27 12:43:32 2025
| Host         : joe running 64-bit Ubuntu 24.04.3 LTS
| Command      : report_timing_summary -rpx /home/joe/Desktop/Uni/Year_4/Dissertation/Program-Synthesis-for-Efficient-ML/results/HLS/solution_fp32addition_fp32_alignment/timing.rpx
| Design       : fp32_aligner
| Device       : 7z020-clg400
| Speed File   : -1  PRODUCTION 1.12 2019-11-22
| Design State : Routed
-------------------------------------------------------------------------------------------------------------------------------------------------------------------------------------

Timing Summary Report

------------------------------------------------------------------------------------------------
| Timer Settings
| --------------
------------------------------------------------------------------------------------------------

  Enable Multi Corner Analysis               :  Yes
  Enable Pessimism Removal                   :  Yes
  Pessimism Removal Resolution               :  Nearest Common Node
  Enable Input Delay Default Clock           :  No
  Enable Preset / Clear Arcs                 :  No
  Disable Flight Delays                      :  No
  Ignore I/O Paths                           :  No
  Timing Early Launch at Borrowing Latches   :  No
  Borrow Time for Max Delay Exceptions       :  Yes
  Merge Timing Exceptions                    :  Yes
  Inter-SLR Compensation                     :  Conservative

  Corner  Analyze    Analyze    
  Name    Max Paths  Min Paths  
  ------  ---------  ---------  
  Slow    Yes        Yes        
  Fast    Yes        Yes        


------------------------------------------------------------------------------------------------
| Report Methodology
| ------------------
------------------------------------------------------------------------------------------------

No report available as report_methodology has not been run prior. Run report_methodology on the current design for the summary of methodology violations.



check_timing report

Table of Contents
-----------------
1. checking no_clock (0)
2. checking constant_clock (0)
3. checking pulse_width_clock (0)
4. checking unconstrained_internal_endpoints (0)
5. checking no_input_delay (64)
6. checking no_output_delay (59)
7. checking multiple_clock (0)
8. checking generated_clocks (0)
9. checking loops (0)
10. checking partial_input_delay (0)
11. checking partial_output_delay (0)
12. checking latch_loops (0)

1. checking no_clock (0)
------------------------
 There are 0 register/latch pins with no clock.


2. checking constant_clock (0)
------------------------------
 There are 0 register/latch pins with constant_clock.


3. checking pulse_width_clock (0)
---------------------------------
 There are 0 register/latch pins which need pulse_width check


4. checking unconstrained_internal_endpoints (0)
------------------------------------------------
 There are 0 pins that are not constrained for maximum delay.

 There are 0 pins that are not constrained for maximum delay due to constant clock.


5. checking no_input_delay (64)
-------------------------------
 There are 64 input ports with no input delay specified. (HIGH)

 There are 0 input ports with no input delay but user has a false path constraint.


6. checking no_output_delay (59)
--------------------------------
 There are 59 ports with no output delay specified. (HIGH)

 There are 0 ports with no output delay but user has a false path constraint

 There are 0 ports with no output delay but with a timing clock defined on it or propagating through it


7. checking multiple_clock (0)
------------------------------
 There are 0 register/latch pins with multiple clocks.


8. checking generated_clocks (0)
--------------------------------
 There are 0 generated clocks that are not connected to a clock source.


9. checking loops (0)
---------------------
 There are 0 combinational loops in the design.


10. checking partial_input_delay (0)
------------------------------------
 There are 0 input ports with partial input delay specified.


11. checking partial_output_delay (0)
-------------------------------------
 There are 0 ports with partial output delay specified.


12. checking latch_loops (0)
----------------------------
 There are 0 combinational latch loops in the design through latch input



------------------------------------------------------------------------------------------------
| Design Timing Summary
| ---------------------
------------------------------------------------------------------------------------------------

    WNS(ns)      TNS(ns)  TNS Failing Endpoints  TNS Total Endpoints      WHS(ns)      THS(ns)  THS Failing Endpoints  THS Total Endpoints     WPWS(ns)     TPWS(ns)  TPWS Failing Endpoints  TPWS Total Endpoints  
    -------      -------  ---------------------  -------------------      -------      -------  ---------------------  -------------------     --------     --------  ----------------------  --------------------  
      0.444        0.000                      0                  463        0.119        0.000                      0                  463        1.500        0.000                       0                   406  


All user specified timing constraints are met.


------------------------------------------------------------------------------------------------
| Clock Summary
| -------------
------------------------------------------------------------------------------------------------

Clock   Waveform(ns)         Period(ns)      Frequency(MHz)
-----   ------------         ----------      --------------
ap_clk  {0.000 2.000}        4.000           250.000         


------------------------------------------------------------------------------------------------
| Intra Clock Table
| -----------------
------------------------------------------------------------------------------------------------

Clock             WNS(ns)      TNS(ns)  TNS Failing Endpoints  TNS Total Endpoints      WHS(ns)      THS(ns)  THS Failing Endpoints  THS Total Endpoints     WPWS(ns)     TPWS(ns)  TPWS Failing Endpoints  TPWS Total Endpoints  
-----             -------      -------  ---------------------  -------------------      -------      -------  ---------------------  -------------------     --------     --------  ----------------------  --------------------  
ap_clk              0.444        0.000                      0                  463        0.119        0.000                      0                  463        1.500        0.000                       0                   406  


------------------------------------------------------------------------------------------------
| Inter Clock Table
| -----------------
------------------------------------------------------------------------------------------------

From Clock    To Clock          WNS(ns)      TNS(ns)  TNS Failing Endpoints  TNS Total Endpoints      WHS(ns)      THS(ns)  THS Failing Endpoints  THS Total Endpoints  
----------    --------          -------      -------  ---------------------  -------------------      -------      -------  ---------------------  -------------------  


------------------------------------------------------------------------------------------------
| Other Path Groups Table
| -----------------------
------------------------------------------------------------------------------------------------

Path Group    From Clock    To Clock          WNS(ns)      TNS(ns)  TNS Failing Endpoints  TNS Total Endpoints      WHS(ns)      THS(ns)  THS Failing Endpoints  THS Total Endpoints  
----------    ----------    --------          -------      -------  ---------------------  -------------------      -------      -------  ---------------------  -------------------  


------------------------------------------------------------------------------------------------
| Timing Details
| --------------
------------------------------------------------------------------------------------------------


---------------------------------------------------------------------------------------------------
From Clock:  ap_clk
  To Clock:  ap_clk

Setup :            0  Failing Endpoints,  Worst Slack        0.444ns,  Total Violation        0.000ns
Hold  :            0  Failing Endpoints,  Worst Slack        0.119ns,  Total Violation        0.000ns
PW    :            0  Failing Endpoints,  Worst Slack        1.500ns,  Total Violation        0.000ns
---------------------------------------------------------------------------------------------------


Max Delay Paths
--------------------------------------------------------------------------------------
Slack (MET) :             0.444ns  (required time - arrival time)
  Source:                 lshr_24ns_8ns_24_6_1_U1/din0_reg_reg[11]/C
                            (rising edge-triggered cell FDRE clocked by ap_clk  {rise@0.000ns fall@2.000ns period=4.000ns})
  Destination:            lshr_24ns_8ns_24_6_1_U1/buff0_reg[0]/D
                            (rising edge-triggered cell FDRE clocked by ap_clk  {rise@0.000ns fall@2.000ns period=4.000ns})
  Path Group:             ap_clk
  Path Type:              Setup (Max at Slow Process Corner)
  Requirement:            4.000ns  (ap_clk rise@4.000ns - ap_clk rise@0.000ns)
  Data Path Delay:        3.536ns  (logic 1.142ns (32.293%)  route 2.394ns (67.707%))
  Logic Levels:           3  (LUT5=2 LUT6=1)
  Clock Path Skew:        -0.063ns (DCD - SCD + CPR)
    Destination Clock Delay (DCD):    4.594ns = ( 8.594 - 4.000 ) 
    Source Clock Delay      (SCD):    5.114ns
    Clock Pessimism Removal (CPR):    0.458ns
  Clock Uncertainty:      0.035ns  ((TSJ^2 + TIJ^2)^1/2 + DJ) / 2 + PE
    Total System Jitter     (TSJ):    0.071ns
    Total Input Jitter      (TIJ):    0.000ns
    Discrete Jitter          (DJ):    0.000ns
    Phase Error              (PE):    0.000ns

    Location             Delay type                Incr(ns)  Path(ns)    Netlist Resource(s)
  -------------------------------------------------------------------    -------------------
                         (clock ap_clk rise edge)     0.000     0.000 r  
    U7                                                0.000     0.000 r  ap_clk (IN)
                         net (fo=0)                   0.000     0.000    ap_clk
    U7                   IBUF (Prop_ibuf_I_O)         1.058     1.058 r  ap_clk_IBUF_inst/O
                         net (fo=1, routed)           2.171     3.229    ap_clk_IBUF
    BUFGCTRL_X0Y0        BUFG (Prop_bufg_I_O)         0.101     3.330 r  ap_clk_IBUF_BUFG_inst/O
                         net (fo=405, routed)         1.784     5.114    lshr_24ns_8ns_24_6_1_U1/ap_clk_IBUF_BUFG
    SLICE_X102Y87        FDRE                                         r  lshr_24ns_8ns_24_6_1_U1/din0_reg_reg[11]/C
  -------------------------------------------------------------------    -------------------
    SLICE_X102Y87        FDRE (Prop_fdre_C_Q)         0.518     5.632 r  lshr_24ns_8ns_24_6_1_U1/din0_reg_reg[11]/Q
                         net (fo=2, routed)           1.101     6.733    lshr_24ns_8ns_24_6_1_U1/din0_reg__0[11]
    SLICE_X102Y87        LUT5 (Prop_lut5_I0_O)        0.152     6.885 r  lshr_24ns_8ns_24_6_1_U1/buff0[3]_i_3/O
                         net (fo=2, routed)           0.660     7.545    lshr_24ns_8ns_24_6_1_U1/buff0[3]_i_3_n_0
    SLICE_X103Y86        LUT6 (Prop_lut6_I1_O)        0.348     7.893 r  lshr_24ns_8ns_24_6_1_U1/buff0[1]_i_2/O
                         net (fo=2, routed)           0.634     8.527    lshr_24ns_8ns_24_6_1_U1/buff0[1]_i_2_n_0
    SLICE_X104Y86        LUT5 (Prop_lut5_I1_O)        0.124     8.651 r  lshr_24ns_8ns_24_6_1_U1/buff0[0]_i_1/O
                         net (fo=1, routed)           0.000     8.651    lshr_24ns_8ns_24_6_1_U1/buff0[0]_i_1_n_0
    SLICE_X104Y86        FDRE                                         r  lshr_24ns_8ns_24_6_1_U1/buff0_reg[0]/D
  -------------------------------------------------------------------    -------------------

                         (clock ap_clk rise edge)     4.000     4.000 r  
    U7                                                0.000     4.000 r  ap_clk (IN)
                         net (fo=0)                   0.000     4.000    ap_clk
    U7                   IBUF (Prop_ibuf_I_O)         0.924     4.924 r  ap_clk_IBUF_inst/O
                         net (fo=1, routed)           1.972     6.896    ap_clk_IBUF
    BUFGCTRL_X0Y0        BUFG (Prop_bufg_I_O)         0.091     6.987 r  ap_clk_IBUF_BUFG_inst/O
                         net (fo=405, routed)         1.607     8.594    lshr_24ns_8ns_24_6_1_U1/ap_clk_IBUF_BUFG
    SLICE_X104Y86        FDRE                                         r  lshr_24ns_8ns_24_6_1_U1/buff0_reg[0]/C
                         clock pessimism              0.458     9.051    
                         clock uncertainty           -0.035     9.016    
    SLICE_X104Y86        FDRE (Setup_fdre_C_D)        0.079     9.095    lshr_24ns_8ns_24_6_1_U1/buff0_reg[0]
  -------------------------------------------------------------------
                         required time                          9.095    
                         arrival time                          -8.651    
  -------------------------------------------------------------------
                         slack                                  0.444    





Min Delay Paths
--------------------------------------------------------------------------------------
Slack (MET) :             0.119ns  (arrival time - required time)
  Source:                 lshr_24ns_8ns_24_6_1_U1/buff1_reg[17]/C
                            (rising edge-triggered cell FDRE clocked by ap_clk  {rise@0.000ns fall@2.000ns period=4.000ns})
  Destination:            lshr_24ns_8ns_24_6_1_U1/buff2_reg[17]/D
                            (rising edge-triggered cell FDRE clocked by ap_clk  {rise@0.000ns fall@2.000ns period=4.000ns})
  Path Group:             ap_clk
  Path Type:              Hold (Min at Fast Process Corner)
  Requirement:            0.000ns  (ap_clk rise@0.000ns - ap_clk rise@0.000ns)
  Data Path Delay:        0.197ns  (logic 0.141ns (71.611%)  route 0.056ns (28.389%))
  Logic Levels:           0  
  Clock Path Skew:        0.000ns (DCD - SCD - CPR)
    Destination Clock Delay (DCD):    2.103ns
    Source Clock Delay      (SCD):    1.584ns
    Clock Pessimism Removal (CPR):    0.519ns

    Location             Delay type                Incr(ns)  Path(ns)    Netlist Resource(s)
  -------------------------------------------------------------------    -------------------
                         (clock ap_clk rise edge)     0.000     0.000 r  
    U7                                                0.000     0.000 r  ap_clk (IN)
                         net (fo=0)                   0.000     0.000    ap_clk
    U7                   IBUF (Prop_ibuf_I_O)         0.286     0.286 r  ap_clk_IBUF_inst/O
                         net (fo=1, routed)           0.663     0.949    ap_clk_IBUF
    BUFGCTRL_X0Y0        BUFG (Prop_bufg_I_O)         0.026     0.975 r  ap_clk_IBUF_BUFG_inst/O
                         net (fo=405, routed)         0.609     1.584    lshr_24ns_8ns_24_6_1_U1/ap_clk_IBUF_BUFG
    SLICE_X103Y90        FDRE                                         r  lshr_24ns_8ns_24_6_1_U1/buff1_reg[17]/C
  -------------------------------------------------------------------    -------------------
    SLICE_X103Y90        FDRE (Prop_fdre_C_Q)         0.141     1.725 r  lshr_24ns_8ns_24_6_1_U1/buff1_reg[17]/Q
                         net (fo=1, routed)           0.056     1.781    lshr_24ns_8ns_24_6_1_U1/buff1[17]
    SLICE_X103Y90        FDRE                                         r  lshr_24ns_8ns_24_6_1_U1/buff2_reg[17]/D
  -------------------------------------------------------------------    -------------------

                         (clock ap_clk rise edge)     0.000     0.000 r  
    U7                                                0.000     0.000 r  ap_clk (IN)
                         net (fo=0)                   0.000     0.000    ap_clk
    U7                   IBUF (Prop_ibuf_I_O)         0.476     0.476 r  ap_clk_IBUF_inst/O
                         net (fo=1, routed)           0.719     1.195    ap_clk_IBUF
    BUFGCTRL_X0Y0        BUFG (Prop_bufg_I_O)         0.029     1.224 r  ap_clk_IBUF_BUFG_inst/O
                         net (fo=405, routed)         0.879     2.103    lshr_24ns_8ns_24_6_1_U1/ap_clk_IBUF_BUFG
    SLICE_X103Y90        FDRE                                         r  lshr_24ns_8ns_24_6_1_U1/buff2_reg[17]/C
                         clock pessimism             -0.519     1.584    
    SLICE_X103Y90        FDRE (Hold_fdre_C_D)         0.078     1.662    lshr_24ns_8ns_24_6_1_U1/buff2_reg[17]
  -------------------------------------------------------------------
                         required time                         -1.662    
                         arrival time                           1.781    
  -------------------------------------------------------------------
                         slack                                  0.119    





Pulse Width Checks
--------------------------------------------------------------------------------------
Clock Name:         ap_clk
Waveform(ns):       { 0.000 2.000 }
Period(ns):         4.000
Sources:            { ap_clk }

Check Type        Corner  Lib Pin  Reference Pin  Required(ns)  Actual(ns)  Slack(ns)  Location       Pin
Min Period        n/a     BUFG/I   n/a            2.155         4.000       1.845      BUFGCTRL_X0Y0  ap_clk_IBUF_BUFG_inst/I
Low Pulse Width   Slow    FDSE/C   n/a            0.500         2.000       1.500      SLICE_X107Y92  ap_CS_fsm_reg[0]/C
High Pulse Width  Slow    FDSE/C   n/a            0.500         2.000       1.500      SLICE_X107Y92  ap_CS_fsm_reg[0]/C



INFO: [Common 17-206] Exiting Vivado at Mon Oct 27 12:43:32 2025...
