#-----------------------------------------------------------
# Vivado v2025.1 (64-bit)
# SW Build 6140274 on Wed May 21 22:58:25 MDT 2025
# IP Build 6138677 on Thu May 22 03:10:11 MDT 2025
# SharedData Build 6139179 on Tue May 20 17:58:58 MDT 2025
# Start of session at: Wed Nov 26 12:33:07 2025
# Process ID         : 246161
# Current directory  : /home/joe/Desktop/Uni/Year_4/Dissertation/Program-Synthesis-for-Efficient-ML/results/HLS/solution_fp32addition_fp32_alignment
# Command line       : vivado -mode batch -source /home/joe/Desktop/Uni/Year_4/Dissertation/Program-Synthesis-for-Efficient-ML/results/HLS/solution_fp32addition_fp32_alignment/vivado.tcl
# Log file           : /home/joe/Desktop/Uni/Year_4/Dissertation/Program-Synthesis-for-Efficient-ML/results/HLS/solution_fp32addition_fp32_alignment/vivado.log
# Journal file       : /home/joe/Desktop/Uni/Year_4/Dissertation/Program-Synthesis-for-Efficient-ML/results/HLS/solution_fp32addition_fp32_alignment/vivado.jou
# Running On         : joe
# Platform           : Ubuntu
# Operating System   : Ubuntu 24.04.3 LTS
# Processor Detail   : Intel(R) Core(TM) i7-10870H CPU @ 2.20GHz
# CPU Frequency      : 4548.700 MHz
# CPU Physical cores : 8
# CPU Logical cores  : 16
# Host memory        : 16592 MB
# Swap memory        : 4294 MB
# Total Virtual      : 20887 MB
# Available Virtual  : 3734 MB
#-----------------------------------------------------------
source /home/joe/Desktop/Uni/Year_4/Dissertation/Program-Synthesis-for-Efficient-ML/results/HLS/solution_fp32addition_fp32_alignment/vivado.tcl
# set v_files  [glob -nocomplain {/home/joe/Desktop/Uni/Year_4/Dissertation/Program-Synthesis-for-Efficient-ML/results/HLS/solution_fp32addition_fp32_alignment/verilog_out/*.v}]
# set sv_files [glob -nocomplain {/home/joe/Desktop/Uni/Year_4/Dissertation/Program-Synthesis-for-Efficient-ML/results/HLS/solution_fp32addition_fp32_alignment/verilog_out/*.sv}]
# if {[llength $v_files] == 0 && [llength $sv_files] == 0} {
#       puts "ERROR: No RTL files found in /home/joe/Desktop/Uni/Year_4/Dissertation/Program-Synthesis-for-Efficient-ML/results/HLS/solution_fp32addition_fp32_alignment/verilog_out"
#       exit 1
#     }
# if {[llength $v_files]  > 0} { read_verilog $v_files }
# foreach f $sv_files { read_verilog -sv $f }
# synth_design -top fp32_aligner -part xc7z020clg400-1
Command: synth_design -top fp32_aligner -part xc7z020clg400-1
Starting synth_design
Attempting to get a license for feature 'Synthesis' and/or device 'xc7z020'
INFO: [Common 17-349] Got license for feature 'Synthesis' and/or device 'xc7z020'
INFO: [Synth 8-7079] Multithreading enabled for synth_design using a maximum of 7 processes.
INFO: [Synth 8-7078] Launching helper process for spawning children vivado processes
INFO: [Synth 8-7075] Helper process launched with PID 246344
---------------------------------------------------------------------------------
Starting Synthesize : Time (s): cpu = 00:00:04 ; elapsed = 00:00:04 . Memory (MB): peak = 1951.871 ; gain = 419.961 ; free physical = 249 ; free virtual = 2681
---------------------------------------------------------------------------------
INFO: [Synth 8-6157] synthesizing module 'fp32_aligner' [/home/joe/Desktop/Uni/Year_4/Dissertation/Program-Synthesis-for-Efficient-ML/results/HLS/solution_fp32addition_fp32_alignment/verilog_out/fp32_aligner.v:9]
INFO: [Synth 8-6155] done synthesizing module 'fp32_aligner' (0#1) [/home/joe/Desktop/Uni/Year_4/Dissertation/Program-Synthesis-for-Efficient-ML/results/HLS/solution_fp32addition_fp32_alignment/verilog_out/fp32_aligner.v:9]
WARNING: [Synth 8-3917] design fp32_aligner has port ap_idle driven by constant 1
WARNING: [Synth 8-3917] design fp32_aligner has port ap_return[51] driven by constant 0
WARNING: [Synth 8-3917] design fp32_aligner has port ap_return[50] driven by constant 0
WARNING: [Synth 8-3917] design fp32_aligner has port ap_return[49] driven by constant 0
WARNING: [Synth 8-3917] design fp32_aligner has port ap_return[48] driven by constant 0
WARNING: [Synth 8-3917] design fp32_aligner has port ap_return[47] driven by constant 0
WARNING: [Synth 8-3917] design fp32_aligner has port ap_return[46] driven by constant 0
WARNING: [Synth 8-3917] design fp32_aligner has port ap_return[45] driven by constant 0
WARNING: [Synth 8-3917] design fp32_aligner has port ap_return[44] driven by constant 0
WARNING: [Synth 8-3917] design fp32_aligner has port ap_return[43] driven by constant 0
WARNING: [Synth 8-3917] design fp32_aligner has port ap_return[42] driven by constant 0
WARNING: [Synth 8-3917] design fp32_aligner has port ap_return[41] driven by constant 0
WARNING: [Synth 8-3917] design fp32_aligner has port ap_return[40] driven by constant 0
WARNING: [Synth 8-3917] design fp32_aligner has port ap_return[39] driven by constant 0
WARNING: [Synth 8-3917] design fp32_aligner has port ap_return[38] driven by constant 0
WARNING: [Synth 8-3917] design fp32_aligner has port ap_return[37] driven by constant 0
WARNING: [Synth 8-3917] design fp32_aligner has port ap_return[36] driven by constant 0
WARNING: [Synth 8-3917] design fp32_aligner has port ap_return[35] driven by constant 0
WARNING: [Synth 8-3917] design fp32_aligner has port ap_return[34] driven by constant 0
WARNING: [Synth 8-3917] design fp32_aligner has port ap_return[33] driven by constant 0
WARNING: [Synth 8-3917] design fp32_aligner has port ap_return[32] driven by constant 0
WARNING: [Synth 8-3917] design fp32_aligner has port ap_return[31] driven by constant 0
WARNING: [Synth 8-3917] design fp32_aligner has port ap_return[30] driven by constant 0
WARNING: [Synth 8-3917] design fp32_aligner has port ap_return[29] driven by constant 0
WARNING: [Synth 8-3917] design fp32_aligner has port ap_return[28] driven by constant 0
WARNING: [Synth 8-3917] design fp32_aligner has port ap_return[27] driven by constant 0
WARNING: [Synth 8-3917] design fp32_aligner has port ap_return[26] driven by constant 0
WARNING: [Synth 8-3917] design fp32_aligner has port ap_return[25] driven by constant 0
WARNING: [Synth 8-3917] design fp32_aligner has port ap_return[24] driven by constant 0
WARNING: [Synth 8-3917] design fp32_aligner has port ap_return[23] driven by constant 0
WARNING: [Synth 8-3917] design fp32_aligner has port ap_return[22] driven by constant 0
WARNING: [Synth 8-3917] design fp32_aligner has port ap_return[21] driven by constant 0
WARNING: [Synth 8-3917] design fp32_aligner has port ap_return[20] driven by constant 0
WARNING: [Synth 8-3917] design fp32_aligner has port ap_return[19] driven by constant 0
WARNING: [Synth 8-3917] design fp32_aligner has port ap_return[18] driven by constant 0
WARNING: [Synth 8-3917] design fp32_aligner has port ap_return[17] driven by constant 0
WARNING: [Synth 8-3917] design fp32_aligner has port ap_return[16] driven by constant 0
WARNING: [Synth 8-3917] design fp32_aligner has port ap_return[15] driven by constant 0
WARNING: [Synth 8-3917] design fp32_aligner has port ap_return[14] driven by constant 0
WARNING: [Synth 8-3917] design fp32_aligner has port ap_return[13] driven by constant 0
WARNING: [Synth 8-3917] design fp32_aligner has port ap_return[12] driven by constant 0
WARNING: [Synth 8-3917] design fp32_aligner has port ap_return[11] driven by constant 0
WARNING: [Synth 8-3917] design fp32_aligner has port ap_return[10] driven by constant 0
WARNING: [Synth 8-3917] design fp32_aligner has port ap_return[9] driven by constant 0
WARNING: [Synth 8-3917] design fp32_aligner has port ap_return[8] driven by constant 0
WARNING: [Synth 8-3917] design fp32_aligner has port ap_return[7] driven by constant 0
WARNING: [Synth 8-3917] design fp32_aligner has port ap_return[6] driven by constant 0
WARNING: [Synth 8-3917] design fp32_aligner has port ap_return[5] driven by constant 0
WARNING: [Synth 8-3917] design fp32_aligner has port ap_return[4] driven by constant 0
WARNING: [Synth 8-7129] Port m2[22] in module fp32_aligner is either unconnected or has no load
WARNING: [Synth 8-7129] Port m2[21] in module fp32_aligner is either unconnected or has no load
WARNING: [Synth 8-7129] Port m2[20] in module fp32_aligner is either unconnected or has no load
WARNING: [Synth 8-7129] Port m2[19] in module fp32_aligner is either unconnected or has no load
WARNING: [Synth 8-7129] Port m2[18] in module fp32_aligner is either unconnected or has no load
WARNING: [Synth 8-7129] Port m2[17] in module fp32_aligner is either unconnected or has no load
WARNING: [Synth 8-7129] Port m2[16] in module fp32_aligner is either unconnected or has no load
WARNING: [Synth 8-7129] Port m2[15] in module fp32_aligner is either unconnected or has no load
WARNING: [Synth 8-7129] Port m2[14] in module fp32_aligner is either unconnected or has no load
WARNING: [Synth 8-7129] Port m2[13] in module fp32_aligner is either unconnected or has no load
WARNING: [Synth 8-7129] Port m2[12] in module fp32_aligner is either unconnected or has no load
WARNING: [Synth 8-7129] Port m2[11] in module fp32_aligner is either unconnected or has no load
WARNING: [Synth 8-7129] Port m2[10] in module fp32_aligner is either unconnected or has no load
WARNING: [Synth 8-7129] Port m2[9] in module fp32_aligner is either unconnected or has no load
WARNING: [Synth 8-7129] Port m2[8] in module fp32_aligner is either unconnected or has no load
WARNING: [Synth 8-7129] Port m2[7] in module fp32_aligner is either unconnected or has no load
WARNING: [Synth 8-7129] Port m2[6] in module fp32_aligner is either unconnected or has no load
WARNING: [Synth 8-7129] Port m2[5] in module fp32_aligner is either unconnected or has no load
WARNING: [Synth 8-7129] Port m2[4] in module fp32_aligner is either unconnected or has no load
WARNING: [Synth 8-7129] Port m2[3] in module fp32_aligner is either unconnected or has no load
WARNING: [Synth 8-7129] Port m2[2] in module fp32_aligner is either unconnected or has no load
WARNING: [Synth 8-7129] Port m2[1] in module fp32_aligner is either unconnected or has no load
WARNING: [Synth 8-7129] Port m2[0] in module fp32_aligner is either unconnected or has no load
WARNING: [Synth 8-7129] Port ap_rst in module fp32_aligner is either unconnected or has no load
---------------------------------------------------------------------------------
Finished Synthesize : Time (s): cpu = 00:00:05 ; elapsed = 00:00:05 . Memory (MB): peak = 2022.840 ; gain = 490.930 ; free physical = 339 ; free virtual = 2664
---------------------------------------------------------------------------------
---------------------------------------------------------------------------------
Finished Constraint Validation : Time (s): cpu = 00:00:05 ; elapsed = 00:00:06 . Memory (MB): peak = 2040.652 ; gain = 508.742 ; free physical = 327 ; free virtual = 2655
---------------------------------------------------------------------------------
---------------------------------------------------------------------------------
Start Loading Part and Timing Information
---------------------------------------------------------------------------------
Loading part: xc7z020clg400-1
---------------------------------------------------------------------------------
Finished Loading Part and Timing Information : Time (s): cpu = 00:00:05 ; elapsed = 00:00:06 . Memory (MB): peak = 2040.652 ; gain = 508.742 ; free physical = 327 ; free virtual = 2655
---------------------------------------------------------------------------------
INFO: [Device 21-403] Loading part xc7z020clg400-1
---------------------------------------------------------------------------------
Finished RTL Optimization Phase 2 : Time (s): cpu = 00:00:06 ; elapsed = 00:00:06 . Memory (MB): peak = 2049.559 ; gain = 517.648 ; free physical = 316 ; free virtual = 2649
---------------------------------------------------------------------------------
No constraint files found.
---------------------------------------------------------------------------------
Start RTL Component Statistics 
---------------------------------------------------------------------------------
Detailed RTL Component Info : 
+---Adders : 
	   3 Input    8 Bit       Adders := 1     
+---XORs : 
	   2 Input      1 Bit         XORs := 1     
+---Muxes : 
	   2 Input    4 Bit        Muxes := 2     
---------------------------------------------------------------------------------
Finished RTL Component Statistics 
---------------------------------------------------------------------------------
---------------------------------------------------------------------------------
Start Part Resource Summary
---------------------------------------------------------------------------------
Part Resources:
DSPs: 220 (col length:60)
BRAMs: 280 (col length: RAMB18 60 RAMB36 30)
---------------------------------------------------------------------------------
Finished Part Resource Summary
---------------------------------------------------------------------------------
No constraint files found.
---------------------------------------------------------------------------------
Start Cross Boundary and Area Optimization
---------------------------------------------------------------------------------
WARNING: [Synth 8-7080] Parallel synthesis criteria is not met
WARNING: [Synth 8-3917] design fp32_aligner has port ap_idle driven by constant 1
WARNING: [Synth 8-3917] design fp32_aligner has port ap_return[51] driven by constant 0
WARNING: [Synth 8-3917] design fp32_aligner has port ap_return[50] driven by constant 0
WARNING: [Synth 8-3917] design fp32_aligner has port ap_return[49] driven by constant 0
WARNING: [Synth 8-3917] design fp32_aligner has port ap_return[48] driven by constant 0
WARNING: [Synth 8-3917] design fp32_aligner has port ap_return[47] driven by constant 0
WARNING: [Synth 8-3917] design fp32_aligner has port ap_return[46] driven by constant 0
WARNING: [Synth 8-3917] design fp32_aligner has port ap_return[45] driven by constant 0
WARNING: [Synth 8-3917] design fp32_aligner has port ap_return[44] driven by constant 0
WARNING: [Synth 8-3917] design fp32_aligner has port ap_return[43] driven by constant 0
WARNING: [Synth 8-3917] design fp32_aligner has port ap_return[42] driven by constant 0
WARNING: [Synth 8-3917] design fp32_aligner has port ap_return[41] driven by constant 0
WARNING: [Synth 8-3917] design fp32_aligner has port ap_return[40] driven by constant 0
WARNING: [Synth 8-3917] design fp32_aligner has port ap_return[39] driven by constant 0
WARNING: [Synth 8-3917] design fp32_aligner has port ap_return[38] driven by constant 0
WARNING: [Synth 8-3917] design fp32_aligner has port ap_return[37] driven by constant 0
WARNING: [Synth 8-3917] design fp32_aligner has port ap_return[36] driven by constant 0
WARNING: [Synth 8-3917] design fp32_aligner has port ap_return[35] driven by constant 0
WARNING: [Synth 8-3917] design fp32_aligner has port ap_return[34] driven by constant 0
WARNING: [Synth 8-3917] design fp32_aligner has port ap_return[33] driven by constant 0
WARNING: [Synth 8-3917] design fp32_aligner has port ap_return[32] driven by constant 0
WARNING: [Synth 8-3917] design fp32_aligner has port ap_return[31] driven by constant 0
WARNING: [Synth 8-3917] design fp32_aligner has port ap_return[30] driven by constant 0
WARNING: [Synth 8-3917] design fp32_aligner has port ap_return[29] driven by constant 0
WARNING: [Synth 8-3917] design fp32_aligner has port ap_return[28] driven by constant 0
WARNING: [Synth 8-3917] design fp32_aligner has port ap_return[27] driven by constant 0
WARNING: [Synth 8-3917] design fp32_aligner has port ap_return[26] driven by constant 0
WARNING: [Synth 8-3917] design fp32_aligner has port ap_return[25] driven by constant 0
WARNING: [Synth 8-3917] design fp32_aligner has port ap_return[24] driven by constant 0
WARNING: [Synth 8-3917] design fp32_aligner has port ap_return[23] driven by constant 0
WARNING: [Synth 8-3917] design fp32_aligner has port ap_return[22] driven by constant 0
WARNING: [Synth 8-3917] design fp32_aligner has port ap_return[21] driven by constant 0
WARNING: [Synth 8-3917] design fp32_aligner has port ap_return[20] driven by constant 0
WARNING: [Synth 8-3917] design fp32_aligner has port ap_return[19] driven by constant 0
WARNING: [Synth 8-3917] design fp32_aligner has port ap_return[18] driven by constant 0
WARNING: [Synth 8-3917] design fp32_aligner has port ap_return[17] driven by constant 0
WARNING: [Synth 8-3917] design fp32_aligner has port ap_return[16] driven by constant 0
WARNING: [Synth 8-3917] design fp32_aligner has port ap_return[15] driven by constant 0
WARNING: [Synth 8-3917] design fp32_aligner has port ap_return[14] driven by constant 0
WARNING: [Synth 8-3917] design fp32_aligner has port ap_return[13] driven by constant 0
WARNING: [Synth 8-3917] design fp32_aligner has port ap_return[12] driven by constant 0
WARNING: [Synth 8-3917] design fp32_aligner has port ap_return[11] driven by constant 0
WARNING: [Synth 8-3917] design fp32_aligner has port ap_return[10] driven by constant 0
WARNING: [Synth 8-3917] design fp32_aligner has port ap_return[9] driven by constant 0
WARNING: [Synth 8-3917] design fp32_aligner has port ap_return[8] driven by constant 0
WARNING: [Synth 8-3917] design fp32_aligner has port ap_return[7] driven by constant 0
WARNING: [Synth 8-3917] design fp32_aligner has port ap_return[6] driven by constant 0
WARNING: [Synth 8-3917] design fp32_aligner has port ap_return[5] driven by constant 0
WARNING: [Synth 8-3917] design fp32_aligner has port ap_return[4] driven by constant 0
WARNING: [Synth 8-7129] Port m2[22] in module fp32_aligner is either unconnected or has no load
WARNING: [Synth 8-7129] Port m2[21] in module fp32_aligner is either unconnected or has no load
WARNING: [Synth 8-7129] Port m2[20] in module fp32_aligner is either unconnected or has no load
WARNING: [Synth 8-7129] Port m2[19] in module fp32_aligner is either unconnected or has no load
WARNING: [Synth 8-7129] Port m2[18] in module fp32_aligner is either unconnected or has no load
WARNING: [Synth 8-7129] Port m2[17] in module fp32_aligner is either unconnected or has no load
WARNING: [Synth 8-7129] Port m2[16] in module fp32_aligner is either unconnected or has no load
WARNING: [Synth 8-7129] Port m2[15] in module fp32_aligner is either unconnected or has no load
WARNING: [Synth 8-7129] Port m2[14] in module fp32_aligner is either unconnected or has no load
WARNING: [Synth 8-7129] Port m2[13] in module fp32_aligner is either unconnected or has no load
WARNING: [Synth 8-7129] Port m2[12] in module fp32_aligner is either unconnected or has no load
WARNING: [Synth 8-7129] Port m2[11] in module fp32_aligner is either unconnected or has no load
WARNING: [Synth 8-7129] Port m2[10] in module fp32_aligner is either unconnected or has no load
WARNING: [Synth 8-7129] Port m2[9] in module fp32_aligner is either unconnected or has no load
WARNING: [Synth 8-7129] Port m2[8] in module fp32_aligner is either unconnected or has no load
WARNING: [Synth 8-7129] Port m2[7] in module fp32_aligner is either unconnected or has no load
WARNING: [Synth 8-7129] Port m2[6] in module fp32_aligner is either unconnected or has no load
WARNING: [Synth 8-7129] Port m2[5] in module fp32_aligner is either unconnected or has no load
WARNING: [Synth 8-7129] Port m2[4] in module fp32_aligner is either unconnected or has no load
WARNING: [Synth 8-7129] Port m2[3] in module fp32_aligner is either unconnected or has no load
WARNING: [Synth 8-7129] Port m2[2] in module fp32_aligner is either unconnected or has no load
WARNING: [Synth 8-7129] Port m2[1] in module fp32_aligner is either unconnected or has no load
WARNING: [Synth 8-7129] Port m2[0] in module fp32_aligner is either unconnected or has no load
WARNING: [Synth 8-7129] Port ap_rst in module fp32_aligner is either unconnected or has no load
---------------------------------------------------------------------------------
Finished Cross Boundary and Area Optimization : Time (s): cpu = 00:00:09 ; elapsed = 00:00:10 . Memory (MB): peak = 2209.402 ; gain = 677.492 ; free physical = 246 ; free virtual = 2451
---------------------------------------------------------------------------------
No constraint files found.
---------------------------------------------------------------------------------
Start Timing Optimization
---------------------------------------------------------------------------------
---------------------------------------------------------------------------------
Finished Timing Optimization : Time (s): cpu = 00:00:09 ; elapsed = 00:00:10 . Memory (MB): peak = 2209.402 ; gain = 677.492 ; free physical = 246 ; free virtual = 2451
---------------------------------------------------------------------------------
---------------------------------------------------------------------------------
Start Technology Mapping
---------------------------------------------------------------------------------
---------------------------------------------------------------------------------
Finished Technology Mapping : Time (s): cpu = 00:00:09 ; elapsed = 00:00:10 . Memory (MB): peak = 2209.402 ; gain = 677.492 ; free physical = 246 ; free virtual = 2452
---------------------------------------------------------------------------------
---------------------------------------------------------------------------------
Start IO Insertion
---------------------------------------------------------------------------------
---------------------------------------------------------------------------------
Start Flattening Before IO Insertion
---------------------------------------------------------------------------------
---------------------------------------------------------------------------------
Finished Flattening Before IO Insertion
---------------------------------------------------------------------------------
---------------------------------------------------------------------------------
Start Final Netlist Cleanup
---------------------------------------------------------------------------------
---------------------------------------------------------------------------------
Finished Final Netlist Cleanup
---------------------------------------------------------------------------------
---------------------------------------------------------------------------------
Finished IO Insertion : Time (s): cpu = 00:00:12 ; elapsed = 00:00:13 . Memory (MB): peak = 2378.215 ; gain = 846.305 ; free physical = 238 ; free virtual = 2326
---------------------------------------------------------------------------------
---------------------------------------------------------------------------------
Start Renaming Generated Instances
---------------------------------------------------------------------------------
---------------------------------------------------------------------------------
Finished Renaming Generated Instances : Time (s): cpu = 00:00:12 ; elapsed = 00:00:13 . Memory (MB): peak = 2378.215 ; gain = 846.305 ; free physical = 238 ; free virtual = 2326
---------------------------------------------------------------------------------
---------------------------------------------------------------------------------
Start Rebuilding User Hierarchy
---------------------------------------------------------------------------------
---------------------------------------------------------------------------------
Finished Rebuilding User Hierarchy : Time (s): cpu = 00:00:12 ; elapsed = 00:00:13 . Memory (MB): peak = 2378.215 ; gain = 846.305 ; free physical = 238 ; free virtual = 2326
---------------------------------------------------------------------------------
---------------------------------------------------------------------------------
Start Renaming Generated Ports
---------------------------------------------------------------------------------
---------------------------------------------------------------------------------
Finished Renaming Generated Ports : Time (s): cpu = 00:00:12 ; elapsed = 00:00:13 . Memory (MB): peak = 2378.215 ; gain = 846.305 ; free physical = 238 ; free virtual = 2326
---------------------------------------------------------------------------------
---------------------------------------------------------------------------------
Start Handling Custom Attributes
---------------------------------------------------------------------------------
---------------------------------------------------------------------------------
Finished Handling Custom Attributes : Time (s): cpu = 00:00:12 ; elapsed = 00:00:13 . Memory (MB): peak = 2378.215 ; gain = 846.305 ; free physical = 238 ; free virtual = 2326
---------------------------------------------------------------------------------
---------------------------------------------------------------------------------
Start Renaming Generated Nets
---------------------------------------------------------------------------------
---------------------------------------------------------------------------------
Finished Renaming Generated Nets : Time (s): cpu = 00:00:12 ; elapsed = 00:00:13 . Memory (MB): peak = 2378.215 ; gain = 846.305 ; free physical = 238 ; free virtual = 2325
---------------------------------------------------------------------------------
---------------------------------------------------------------------------------
Start Writing Synthesis Report
---------------------------------------------------------------------------------

Report BlackBoxes: 
+-+--------------+----------+
| |BlackBox name |Instances |
+-+--------------+----------+
+-+--------------+----------+

Report Cell Usage: 
+------+-------+------+
|      |Cell   |Count |
+------+-------+------+
|1     |CARRY4 |     3|
|2     |LUT2   |     8|
|3     |LUT3   |     5|
|4     |LUT4   |    12|
|5     |LUT5   |     9|
|6     |LUT6   |     9|
|7     |IBUF   |    40|
|8     |OBUF   |    59|
+------+-------+------+

Report Instance Areas: 
+------+---------+-------+------+
|      |Instance |Module |Cells |
+------+---------+-------+------+
|1     |top      |       |   145|
+------+---------+-------+------+
---------------------------------------------------------------------------------
Finished Writing Synthesis Report : Time (s): cpu = 00:00:12 ; elapsed = 00:00:13 . Memory (MB): peak = 2378.215 ; gain = 846.305 ; free physical = 237 ; free virtual = 2325
---------------------------------------------------------------------------------
Synthesis finished with 0 errors, 0 critical warnings and 147 warnings.
Synthesis Optimization Runtime : Time (s): cpu = 00:00:12 ; elapsed = 00:00:13 . Memory (MB): peak = 2378.215 ; gain = 846.305 ; free physical = 233 ; free virtual = 2322
Synthesis Optimization Complete : Time (s): cpu = 00:00:12 ; elapsed = 00:00:13 . Memory (MB): peak = 2378.223 ; gain = 846.305 ; free physical = 232 ; free virtual = 2323
INFO: [Project 1-571] Translating synthesized netlist
Netlist sorting complete. Time (s): cpu = 00:00:00.01 ; elapsed = 00:00:00 . Memory (MB): peak = 2392.090 ; gain = 0.000 ; free physical = 226 ; free virtual = 2299
INFO: [Netlist 29-17] Analyzing 3 Unisim elements for replacement
INFO: [Netlist 29-28] Unisim Transformation completed in 0 CPU seconds
INFO: [Project 1-570] Preparing netlist for logic optimization
INFO: [Opt 31-138] Pushed 0 inverter(s) to 0 load pin(s).
Netlist sorting complete. Time (s): cpu = 00:00:00 ; elapsed = 00:00:00 . Memory (MB): peak = 2526.672 ; gain = 0.000 ; free physical = 257 ; free virtual = 2361
INFO: [Project 1-111] Unisim Transformation Summary:
No Unisim elements were transformed.

Synth Design complete | Checksum: c9d16dcf
INFO: [Common 17-83] Releasing license: Synthesis
14 Infos, 147 Warnings, 0 Critical Warnings and 0 Errors encountered.
synth_design completed successfully
synth_design: Time (s): cpu = 00:00:18 ; elapsed = 00:00:16 . Memory (MB): peak = 2526.707 ; gain = 994.797 ; free physical = 253 ; free virtual = 2363
INFO: [Common 17-2834] synth_design peak Physical Memory [PSS] (MB): overall = 1592.373; main = 1586.900; forked = 266.710
INFO: [Common 17-2834] synth_design peak Virtual Memory [VSS] (MB): overall = 3165.582; main = 2526.676; forked = 956.176
# if {[llength [get_ports -quiet ap_clk]]} {
#       create_clock -name ap_clk -period 4.000 [get_ports ap_clk]
#     } else {
#       puts "INFO: No ap_clk port found; skipping create_clock (design appears combinational)."
#     }
INFO: No ap_clk port found; skipping create_clock (design appears combinational).
# opt_design
Command: opt_design
Attempting to get a license for feature 'Implementation' and/or device 'xc7z020'
INFO: [Common 17-349] Got license for feature 'Implementation' and/or device 'xc7z020'
Running DRC as a precondition to command opt_design

Starting DRC Task
INFO: [DRC 23-27] Running DRC with 8 threads
INFO: [Project 1-461] DRC finished with 0 Errors
INFO: [Project 1-462] Please refer to the DRC report (report_drc) for more information.

Time (s): cpu = 00:00:00.76 ; elapsed = 00:00:00.32 . Memory (MB): peak = 2596.641 ; gain = 69.934 ; free physical = 230 ; free virtual = 2350

Starting Cache Timing Information Task
INFO: [Timing 38-35] Done setting XDC timing constraints.
Ending Cache Timing Information Task | Checksum: 1b5084410

Time (s): cpu = 00:00:05 ; elapsed = 00:00:06 . Memory (MB): peak = 2813.594 ; gain = 216.953 ; free physical = 273 ; free virtual = 2211

Starting Logic Optimization Task

Phase 1 Initialization

Phase 1.1 Core Generation And Design Setup
Phase 1.1 Core Generation And Design Setup | Checksum: 1b5084410

Time (s): cpu = 00:00:00.01 ; elapsed = 00:00:00.08 . Memory (MB): peak = 3105.500 ; gain = 0.000 ; free physical = 193 ; free virtual = 1930

Phase 1.2 Setup Constraints And Sort Netlist
Phase 1.2 Setup Constraints And Sort Netlist | Checksum: 1b5084410

Time (s): cpu = 00:00:00.02 ; elapsed = 00:00:00.12 . Memory (MB): peak = 3105.500 ; gain = 0.000 ; free physical = 184 ; free virtual = 1922
Phase 1 Initialization | Checksum: 1b5084410

Time (s): cpu = 00:00:00.02 ; elapsed = 00:00:00.12 . Memory (MB): peak = 3105.500 ; gain = 0.000 ; free physical = 185 ; free virtual = 1923

Phase 2 Timer Update And Timing Data Collection

Phase 2.1 Timer Update
Phase 2.1 Timer Update | Checksum: 1b5084410

Time (s): cpu = 00:00:00.03 ; elapsed = 00:00:00.26 . Memory (MB): peak = 3105.500 ; gain = 0.000 ; free physical = 167 ; free virtual = 1920

Phase 2.2 Timing Data Collection
Phase 2.2 Timing Data Collection | Checksum: 1b5084410

Time (s): cpu = 00:00:00.04 ; elapsed = 00:00:00.31 . Memory (MB): peak = 3105.500 ; gain = 0.000 ; free physical = 165 ; free virtual = 1914
Phase 2 Timer Update And Timing Data Collection | Checksum: 1b5084410

Time (s): cpu = 00:00:00.04 ; elapsed = 00:00:00.31 . Memory (MB): peak = 3105.500 ; gain = 0.000 ; free physical = 165 ; free virtual = 1914

Phase 3 Retarget
INFO: [Opt 31-1851] Number of loadless carry chains removed were: 0
INFO: [Opt 31-1834] Total Chains To Be Transformed Were: 0 AND Number of Transformed insts Created are: 0
INFO: [Opt 31-138] Pushed 0 inverter(s) to 0 load pin(s).
INFO: [Opt 31-49] Retargeted 0 cell(s).
Phase 3 Retarget | Checksum: 1b5084410

Time (s): cpu = 00:00:00.06 ; elapsed = 00:00:00.48 . Memory (MB): peak = 3105.500 ; gain = 0.000 ; free physical = 152 ; free virtual = 1923
Retarget | Checksum: 1b5084410
INFO: [Opt 31-389] Phase Retarget created 0 cells and removed 0 cells

Phase 4 Constant propagation
INFO: [Opt 31-138] Pushed 0 inverter(s) to 0 load pin(s).
Phase 4 Constant propagation | Checksum: 1b5084410

Time (s): cpu = 00:00:00.06 ; elapsed = 00:00:00.5 . Memory (MB): peak = 3105.500 ; gain = 0.000 ; free physical = 159 ; free virtual = 1925
Constant propagation | Checksum: 1b5084410
INFO: [Opt 31-389] Phase Constant propagation created 0 cells and removed 0 cells

Phase 5 Sweep
INFO: [Constraints 18-11670] Building netlist checker database with flags, 0x8
Done building netlist checker database: Time (s): cpu = 00:00:00 ; elapsed = 00:00:00 . Memory (MB): peak = 3105.500 ; gain = 0.000 ; free physical = 154 ; free virtual = 1919
Phase 5 Sweep | Checksum: fc52b0e2

Time (s): cpu = 00:00:00.06 ; elapsed = 00:00:00.58 . Memory (MB): peak = 3105.500 ; gain = 0.000 ; free physical = 155 ; free virtual = 1926
Sweep | Checksum: fc52b0e2
INFO: [Opt 31-389] Phase Sweep created 0 cells and removed 0 cells

Phase 6 BUFG optimization
Phase 6 BUFG optimization | Checksum: fc52b0e2

Time (s): cpu = 00:00:00.07 ; elapsed = 00:00:00.63 . Memory (MB): peak = 3137.516 ; gain = 32.016 ; free physical = 143 ; free virtual = 1918
BUFG optimization | Checksum: fc52b0e2
INFO: [Opt 31-662] Phase BUFG optimization created 0 cells of which 0 are BUFGs and removed 0 cells.

Phase 7 Shift Register Optimization
INFO: [Opt 31-1064] SRL Remap converted 0 SRLs to 0 registers and converted 0 registers of register chains to 0 SRLs
Phase 7 Shift Register Optimization | Checksum: fc52b0e2

Time (s): cpu = 00:00:00.08 ; elapsed = 00:00:00.64 . Memory (MB): peak = 3137.516 ; gain = 32.016 ; free physical = 155 ; free virtual = 1923
Shift Register Optimization | Checksum: fc52b0e2
INFO: [Opt 31-389] Phase Shift Register Optimization created 0 cells and removed 0 cells

Phase 8 Post Processing Netlist
Phase 8 Post Processing Netlist | Checksum: fc52b0e2

Time (s): cpu = 00:00:00.08 ; elapsed = 00:00:00.64 . Memory (MB): peak = 3137.516 ; gain = 32.016 ; free physical = 134 ; free virtual = 1906
Post Processing Netlist | Checksum: fc52b0e2
INFO: [Opt 31-389] Phase Post Processing Netlist created 0 cells and removed 0 cells

Phase 9 Finalization

Phase 9.1 Finalizing Design Cores and Updating Shapes
Phase 9.1 Finalizing Design Cores and Updating Shapes | Checksum: 13b4f4e06

Time (s): cpu = 00:00:00.08 ; elapsed = 00:00:00.75 . Memory (MB): peak = 3137.516 ; gain = 32.016 ; free physical = 145 ; free virtual = 1921

Phase 9.2 Verifying Netlist Connectivity

Starting Connectivity Check Task

Time (s): cpu = 00:00:00.01 ; elapsed = 00:00:00.05 . Memory (MB): peak = 3137.516 ; gain = 0.000 ; free physical = 146 ; free virtual = 1919
Phase 9.2 Verifying Netlist Connectivity | Checksum: 13b4f4e06

Time (s): cpu = 00:00:00.09 ; elapsed = 00:00:00.8 . Memory (MB): peak = 3137.516 ; gain = 32.016 ; free physical = 145 ; free virtual = 1919
Phase 9 Finalization | Checksum: 13b4f4e06

Time (s): cpu = 00:00:00.09 ; elapsed = 00:00:00.8 . Memory (MB): peak = 3137.516 ; gain = 32.016 ; free physical = 145 ; free virtual = 1919
Opt_design Change Summary
=========================


-------------------------------------------------------------------------------------------------------------------------
|  Phase                        |  #Cells created  |  #Cells Removed  |  #Constrained objects preventing optimizations  |
-------------------------------------------------------------------------------------------------------------------------
|  Retarget                     |               0  |               0  |                                              0  |
|  Constant propagation         |               0  |               0  |                                              0  |
|  Sweep                        |               0  |               0  |                                              0  |
|  BUFG optimization            |               0  |               0  |                                              0  |
|  Shift Register Optimization  |               0  |               0  |                                              0  |
|  Post Processing Netlist      |               0  |               0  |                                              0  |
-------------------------------------------------------------------------------------------------------------------------


Ending Logic Optimization Task | Checksum: 13b4f4e06

Time (s): cpu = 00:00:00.09 ; elapsed = 00:00:00.81 . Memory (MB): peak = 3137.516 ; gain = 32.016 ; free physical = 153 ; free virtual = 1917

Starting Power Optimization Task
INFO: [Pwropt 34-132] Skipping clock gating for clocks with a period < 2.00 ns.
Ending Power Optimization Task | Checksum: 13b4f4e06

Time (s): cpu = 00:00:00 ; elapsed = 00:00:00.08 . Memory (MB): peak = 3137.516 ; gain = 0.000 ; free physical = 149 ; free virtual = 1919

Starting Final Cleanup Task
Ending Final Cleanup Task | Checksum: 13b4f4e06

Time (s): cpu = 00:00:00 ; elapsed = 00:00:00 . Memory (MB): peak = 3137.516 ; gain = 0.000 ; free physical = 149 ; free virtual = 1919

Starting Netlist Obfuscation Task
Netlist sorting complete. Time (s): cpu = 00:00:00.01 ; elapsed = 00:00:00 . Memory (MB): peak = 3137.516 ; gain = 0.000 ; free physical = 140 ; free virtual = 1923
Ending Netlist Obfuscation Task | Checksum: 13b4f4e06

Time (s): cpu = 00:00:00.01 ; elapsed = 00:00:00 . Memory (MB): peak = 3137.516 ; gain = 0.000 ; free physical = 140 ; free virtual = 1923
INFO: [Common 17-83] Releasing license: Implementation
20 Infos, 0 Warnings, 0 Critical Warnings and 0 Errors encountered.
opt_design completed successfully
opt_design: Time (s): cpu = 00:00:09 ; elapsed = 00:00:10 . Memory (MB): peak = 3137.516 ; gain = 610.809 ; free physical = 140 ; free virtual = 1920
# place_design
Command: place_design
Attempting to get a license for feature 'Implementation' and/or device 'xc7z020'
INFO: [Common 17-349] Got license for feature 'Implementation' and/or device 'xc7z020'
INFO: [Common 17-83] Releasing license: Implementation
INFO: [DRC 23-27] Running DRC with 8 threads
INFO: [Vivado_Tcl 4-198] DRC finished with 0 Errors
INFO: [Vivado_Tcl 4-199] Please refer to the DRC report (report_drc) for more information.
Running DRC as a precondition to command place_design
INFO: [DRC 23-27] Running DRC with 8 threads
INFO: [Vivado_Tcl 4-198] DRC finished with 0 Errors
INFO: [Vivado_Tcl 4-199] Please refer to the DRC report (report_drc) for more information.
INFO: [Place 30-611] Multithreading enabled for place_design using a maximum of 8 CPUs

Starting Placer Task

Phase 1 Placer Initialization

Phase 1.1 Placer Initialization Netlist Sorting
Netlist sorting complete. Time (s): cpu = 00:00:00 ; elapsed = 00:00:00 . Memory (MB): peak = 3137.516 ; gain = 0.000 ; free physical = 141 ; free virtual = 1922
Phase 1.1 Placer Initialization Netlist Sorting | Checksum: 101f2d213

Time (s): cpu = 00:00:00.01 ; elapsed = 00:00:00.05 . Memory (MB): peak = 3137.516 ; gain = 0.000 ; free physical = 149 ; free virtual = 1921
Netlist sorting complete. Time (s): cpu = 00:00:00 ; elapsed = 00:00:00 . Memory (MB): peak = 3137.516 ; gain = 0.000 ; free physical = 144 ; free virtual = 1922

Phase 1.2 IO Placement/ Clock Placement/ Build Placer Device
INFO: [Timing 38-35] Done setting XDC timing constraints.
Phase 1.2 IO Placement/ Clock Placement/ Build Placer Device | Checksum: 12fc7d9f1

Time (s): cpu = 00:00:00.64 ; elapsed = 00:00:00.92 . Memory (MB): peak = 3137.516 ; gain = 0.000 ; free physical = 155 ; free virtual = 1919

Phase 1.3 Build Placer Netlist Model
Phase 1.3 Build Placer Netlist Model | Checksum: 1377a2535

Time (s): cpu = 00:00:00.79 ; elapsed = 00:00:01 . Memory (MB): peak = 3137.516 ; gain = 0.000 ; free physical = 148 ; free virtual = 1919

Phase 1.4 Constrain Clocks/Macros
Phase 1.4 Constrain Clocks/Macros | Checksum: 1377a2535

Time (s): cpu = 00:00:00.8 ; elapsed = 00:00:01 . Memory (MB): peak = 3137.516 ; gain = 0.000 ; free physical = 150 ; free virtual = 1920
Phase 1 Placer Initialization | Checksum: 1377a2535

Time (s): cpu = 00:00:00.8 ; elapsed = 00:00:01 . Memory (MB): peak = 3137.516 ; gain = 0.000 ; free physical = 146 ; free virtual = 1917

Phase 2 Global Placement

Phase 2.1 Floorplanning
Phase 2.1 Floorplanning | Checksum: 1377a2535

Time (s): cpu = 00:00:00.8 ; elapsed = 00:00:01 . Memory (MB): peak = 3137.516 ; gain = 0.000 ; free physical = 146 ; free virtual = 1920

Phase 2.2 Update Timing before SLR Path Opt
Phase 2.2 Update Timing before SLR Path Opt | Checksum: 1377a2535

Time (s): cpu = 00:00:00.81 ; elapsed = 00:00:01 . Memory (MB): peak = 3137.516 ; gain = 0.000 ; free physical = 142 ; free virtual = 1920

Phase 2.3 Post-Processing in Floorplanning
Phase 2.3 Post-Processing in Floorplanning | Checksum: 1377a2535

Time (s): cpu = 00:00:00.81 ; elapsed = 00:00:01 . Memory (MB): peak = 3137.516 ; gain = 0.000 ; free physical = 142 ; free virtual = 1921

Phase 2.4 Global Place Phase1
Phase 2.4 Global Place Phase1 | Checksum: 1bc4779f1

Time (s): cpu = 00:00:03 ; elapsed = 00:00:02 . Memory (MB): peak = 3169.531 ; gain = 32.016 ; free physical = 157 ; free virtual = 1914

Phase 2.5 Global Place Phase2
WARNING: [Place 46-29] Timing had been disabled during Placer and, therefore, physical synthesis in Placer will be skipped.
Phase 2.5 Global Place Phase2 | Checksum: 18499f33a

Time (s): cpu = 00:00:03 ; elapsed = 00:00:02 . Memory (MB): peak = 3169.531 ; gain = 32.016 ; free physical = 139 ; free virtual = 1923
Phase 2 Global Placement | Checksum: 18499f33a

Time (s): cpu = 00:00:03 ; elapsed = 00:00:02 . Memory (MB): peak = 3169.531 ; gain = 32.016 ; free physical = 146 ; free virtual = 1929

Phase 3 Detail Placement

Phase 3.1 Commit Multi Column Macros
Phase 3.1 Commit Multi Column Macros | Checksum: 18499f33a

Time (s): cpu = 00:00:03 ; elapsed = 00:00:02 . Memory (MB): peak = 3169.531 ; gain = 32.016 ; free physical = 140 ; free virtual = 1930

Phase 3.2 Commit Most Macros & LUTRAMs
Phase 3.2 Commit Most Macros & LUTRAMs | Checksum: 13ccca86c

Time (s): cpu = 00:00:03 ; elapsed = 00:00:02 . Memory (MB): peak = 3169.531 ; gain = 32.016 ; free physical = 142 ; free virtual = 1926

Phase 3.3 Area Swap Optimization
Phase 3.3 Area Swap Optimization | Checksum: 18f9e5b7f

Time (s): cpu = 00:00:03 ; elapsed = 00:00:03 . Memory (MB): peak = 3169.531 ; gain = 32.016 ; free physical = 140 ; free virtual = 1922

Phase 3.4 Pipeline Register Optimization
Phase 3.4 Pipeline Register Optimization | Checksum: 18f9e5b7f

Time (s): cpu = 00:00:03 ; elapsed = 00:00:03 . Memory (MB): peak = 3169.531 ; gain = 32.016 ; free physical = 143 ; free virtual = 1919

Phase 3.5 Small Shape Detail Placement
Phase 3.5 Small Shape Detail Placement | Checksum: 20ec1f4ac

Time (s): cpu = 00:00:04 ; elapsed = 00:00:03 . Memory (MB): peak = 3169.531 ; gain = 32.016 ; free physical = 163 ; free virtual = 1929

Phase 3.6 Re-assign LUT pins
Phase 3.6 Re-assign LUT pins | Checksum: 20ec1f4ac

Time (s): cpu = 00:00:04 ; elapsed = 00:00:03 . Memory (MB): peak = 3169.531 ; gain = 32.016 ; free physical = 141 ; free virtual = 1923

Phase 3.7 Pipeline Register Optimization
Phase 3.7 Pipeline Register Optimization | Checksum: 20ec1f4ac

Time (s): cpu = 00:00:04 ; elapsed = 00:00:03 . Memory (MB): peak = 3169.531 ; gain = 32.016 ; free physical = 135 ; free virtual = 1919
Phase 3 Detail Placement | Checksum: 20ec1f4ac

Time (s): cpu = 00:00:04 ; elapsed = 00:00:03 . Memory (MB): peak = 3169.531 ; gain = 32.016 ; free physical = 157 ; free virtual = 1925

Phase 4 Post Placement Optimization and Clean-Up

Phase 4.1 Post Commit Optimization
Phase 4.1 Post Commit Optimization | Checksum: 20ec1f4ac

Time (s): cpu = 00:00:04 ; elapsed = 00:00:04 . Memory (MB): peak = 3169.531 ; gain = 32.016 ; free physical = 150 ; free virtual = 1923

Phase 4.2 Post Placement Cleanup
Phase 4.2 Post Placement Cleanup | Checksum: 20ec1f4ac

Time (s): cpu = 00:00:04 ; elapsed = 00:00:04 . Memory (MB): peak = 3169.531 ; gain = 32.016 ; free physical = 141 ; free virtual = 1925

Phase 4.3 Placer Reporting

Phase 4.3.1 Print Estimated Congestion
INFO: [Place 30-612] Post-Placement Estimated Congestion 
 ____________________________________________________
|           | Global Congestion | Short Congestion  |
| Direction | Region Size       | Region Size       |
|___________|___________________|___________________|
|      North|                1x1|                1x1|
|___________|___________________|___________________|
|      South|                1x1|                1x1|
|___________|___________________|___________________|
|       East|                1x1|                1x1|
|___________|___________________|___________________|
|       West|                1x1|                1x1|
|___________|___________________|___________________|

Phase 4.3.1 Print Estimated Congestion | Checksum: 20ec1f4ac

Time (s): cpu = 00:00:04 ; elapsed = 00:00:04 . Memory (MB): peak = 3169.531 ; gain = 32.016 ; free physical = 150 ; free virtual = 1922
Phase 4.3 Placer Reporting | Checksum: 20ec1f4ac

Time (s): cpu = 00:00:04 ; elapsed = 00:00:04 . Memory (MB): peak = 3169.531 ; gain = 32.016 ; free physical = 148 ; free virtual = 1923

Phase 4.4 Final Placement Cleanup
Netlist sorting complete. Time (s): cpu = 00:00:00 ; elapsed = 00:00:00 . Memory (MB): peak = 3169.531 ; gain = 0.000 ; free physical = 141 ; free virtual = 1924

Time (s): cpu = 00:00:04 ; elapsed = 00:00:04 . Memory (MB): peak = 3169.531 ; gain = 32.016 ; free physical = 147 ; free virtual = 1922
Phase 4 Post Placement Optimization and Clean-Up | Checksum: 20ec1f4ac

Time (s): cpu = 00:00:04 ; elapsed = 00:00:04 . Memory (MB): peak = 3169.531 ; gain = 32.016 ; free physical = 148 ; free virtual = 1921
Ending Placer Task | Checksum: 17936b731

Time (s): cpu = 00:00:04 ; elapsed = 00:00:04 . Memory (MB): peak = 3169.531 ; gain = 32.016 ; free physical = 139 ; free virtual = 1921
11 Infos, 1 Warnings, 0 Critical Warnings and 0 Errors encountered.
place_design completed successfully
place_design: Time (s): cpu = 00:00:06 ; elapsed = 00:00:05 . Memory (MB): peak = 3169.531 ; gain = 32.016 ; free physical = 175 ; free virtual = 1922
# route_design
Command: route_design
Attempting to get a license for feature 'Implementation' and/or device 'xc7z020'
INFO: [Common 17-349] Got license for feature 'Implementation' and/or device 'xc7z020'


Starting Routing Task
INFO: [Route 35-254] Multithreading enabled for route_design using a maximum of 8 CPUs

Phase 1 Build RT Design
Checksum: PlaceDB: 7743e51e ConstDB: 0 ShapeSum: ebf95f23 RouteDB: 15f972f0
Post Restoration Checksum: NetGraph: 79577872 | NumContArr: 81f700d8 | Constraints: c2a8fa9d | Timing: c2a8fa9d
Phase 1 Build RT Design | Checksum: 280a06e84

Time (s): cpu = 00:00:22 ; elapsed = 00:00:20 . Memory (MB): peak = 3169.531 ; gain = 0.000 ; free physical = 172 ; free virtual = 2355

Phase 2 Router Initialization
INFO: [Route 35-64] No timing constraints were detected. The router will operate in resource-optimization mode.

Phase 2.1 Fix Topology Constraints
Phase 2.1 Fix Topology Constraints | Checksum: 280a06e84

Time (s): cpu = 00:00:22 ; elapsed = 00:00:20 . Memory (MB): peak = 3169.531 ; gain = 0.000 ; free physical = 157 ; free virtual = 2350

Phase 2.2 Pre Route Cleanup
Phase 2.2 Pre Route Cleanup | Checksum: 280a06e84

Time (s): cpu = 00:00:22 ; elapsed = 00:00:20 . Memory (MB): peak = 3169.531 ; gain = 0.000 ; free physical = 157 ; free virtual = 2351
 Number of Nodes with overlaps = 0

Router Utilization Summary
  Global Vertical Routing Utilization    = 0 %
  Global Horizontal Routing Utilization  = 0 %
  Routable Net Status*
  *Does not include unroutable nets such as driverless and loadless.
  Run report_route_status for detailed report.
  Number of Failed Nets               = 77
    (Failed Nets is the sum of unrouted and partially routed nets)
  Number of Unrouted Nets             = 77
  Number of Partially Routed Nets     = 0
  Number of Node Overlaps             = 0

Phase 2 Router Initialization | Checksum: 1a7be4a38

Time (s): cpu = 00:00:23 ; elapsed = 00:00:20 . Memory (MB): peak = 3169.531 ; gain = 0.000 ; free physical = 189 ; free virtual = 2384

Phase 3 Global Routing
Phase 3 Global Routing | Checksum: 1a7be4a38

Time (s): cpu = 00:00:23 ; elapsed = 00:00:20 . Memory (MB): peak = 3169.531 ; gain = 0.000 ; free physical = 189 ; free virtual = 2384

Phase 4 Initial Routing

Phase 4.1 Initial Net Routing Pass
Phase 4.1 Initial Net Routing Pass | Checksum: 2eb215205

Time (s): cpu = 00:00:23 ; elapsed = 00:00:20 . Memory (MB): peak = 3169.531 ; gain = 0.000 ; free physical = 184 ; free virtual = 2380
Phase 4 Initial Routing | Checksum: 2eb215205

Time (s): cpu = 00:00:23 ; elapsed = 00:00:20 . Memory (MB): peak = 3169.531 ; gain = 0.000 ; free physical = 183 ; free virtual = 2380

Phase 5 Rip-up And Reroute

Phase 5.1 Global Iteration 0
 Number of Nodes with overlaps = 2
 Number of Nodes with overlaps = 0
Phase 5.1 Global Iteration 0 | Checksum: 2c08c6b65

Time (s): cpu = 00:00:23 ; elapsed = 00:00:20 . Memory (MB): peak = 3169.531 ; gain = 0.000 ; free physical = 182 ; free virtual = 2379
Phase 5 Rip-up And Reroute | Checksum: 2c08c6b65

Time (s): cpu = 00:00:23 ; elapsed = 00:00:20 . Memory (MB): peak = 3169.531 ; gain = 0.000 ; free physical = 182 ; free virtual = 2379

Phase 6 Delay and Skew Optimization
Phase 6 Delay and Skew Optimization | Checksum: 2c08c6b65

Time (s): cpu = 00:00:23 ; elapsed = 00:00:20 . Memory (MB): peak = 3169.531 ; gain = 0.000 ; free physical = 182 ; free virtual = 2379

Phase 7 Post Hold Fix

Phase 7.1 Hold Fix Iter
Phase 7.1 Hold Fix Iter | Checksum: 2c08c6b65

Time (s): cpu = 00:00:23 ; elapsed = 00:00:20 . Memory (MB): peak = 3169.531 ; gain = 0.000 ; free physical = 182 ; free virtual = 2379
Phase 7 Post Hold Fix | Checksum: 2c08c6b65

Time (s): cpu = 00:00:23 ; elapsed = 00:00:20 . Memory (MB): peak = 3169.531 ; gain = 0.000 ; free physical = 182 ; free virtual = 2379

Phase 8 Route finalize

Router Utilization Summary
  Global Vertical Routing Utilization    = 0.0498084 %
  Global Horizontal Routing Utilization  = 0.0122549 %
  Routable Net Status*
  *Does not include unroutable nets such as driverless and loadless.
  Run report_route_status for detailed report.
  Number of Failed Nets               = 0
    (Failed Nets is the sum of unrouted and partially routed nets)
  Number of Unrouted Nets             = 0
  Number of Partially Routed Nets     = 0
  Number of Node Overlaps             = 0


--GLOBAL Congestion:
Utilization threshold used for congestion level computation: 0.85
Congestion Report
North Dir 1x1 Area, Max Cong = 23.4234%, No Congested Regions.
South Dir 1x1 Area, Max Cong = 29.7297%, No Congested Regions.
East Dir 1x1 Area, Max Cong = 13.2353%, No Congested Regions.
West Dir 1x1 Area, Max Cong = 10.2941%, No Congested Regions.

------------------------------
Reporting congestion hotspots
------------------------------
Direction: North
----------------
Congested clusters found at Level 0
Effective congestion level: 0 Aspect Ratio: 1 Sparse Ratio: 0
Direction: South
----------------
Congested clusters found at Level 0
Effective congestion level: 0 Aspect Ratio: 1 Sparse Ratio: 0
Direction: East
----------------
Congested clusters found at Level 0
Effective congestion level: 0 Aspect Ratio: 1 Sparse Ratio: 0
Direction: West
----------------
Congested clusters found at Level 0
Effective congestion level: 0 Aspect Ratio: 1 Sparse Ratio: 0

Phase 8 Route finalize | Checksum: 2c08c6b65

Time (s): cpu = 00:00:23 ; elapsed = 00:00:20 . Memory (MB): peak = 3169.531 ; gain = 0.000 ; free physical = 180 ; free virtual = 2379

Phase 9 Verifying routed nets

 Verification completed successfully
Phase 9 Verifying routed nets | Checksum: 2c08c6b65

Time (s): cpu = 00:00:23 ; elapsed = 00:00:20 . Memory (MB): peak = 3169.531 ; gain = 0.000 ; free physical = 180 ; free virtual = 2379

Phase 10 Depositing Routes
Phase 10 Depositing Routes | Checksum: 274abf982

Time (s): cpu = 00:00:23 ; elapsed = 00:00:20 . Memory (MB): peak = 3169.531 ; gain = 0.000 ; free physical = 168 ; free virtual = 2372

Phase 11 Post Process Routing
Phase 11 Post Process Routing | Checksum: 274abf982

Time (s): cpu = 00:00:23 ; elapsed = 00:00:20 . Memory (MB): peak = 3169.531 ; gain = 0.000 ; free physical = 168 ; free virtual = 2373
Total Elapsed time in route_design: 19.97 secs

Phase 12 Post-Route Event Processing
Phase 12 Post-Route Event Processing | Checksum: 20aa6bed7

Time (s): cpu = 00:00:23 ; elapsed = 00:00:20 . Memory (MB): peak = 3169.531 ; gain = 0.000 ; free physical = 168 ; free virtual = 2373
INFO: [Route 35-16] Router Completed Successfully
Ending Routing Task | Checksum: 20aa6bed7

Time (s): cpu = 00:00:23 ; elapsed = 00:00:20 . Memory (MB): peak = 3169.531 ; gain = 0.000 ; free physical = 168 ; free virtual = 2374

Routing Is Done.
INFO: [Common 17-83] Releasing license: Implementation
5 Infos, 0 Warnings, 0 Critical Warnings and 0 Errors encountered.
route_design completed successfully
route_design: Time (s): cpu = 00:00:23 ; elapsed = 00:00:20 . Memory (MB): peak = 3169.531 ; gain = 0.000 ; free physical = 159 ; free virtual = 2376
# report_utilization    -file /home/joe/Desktop/Uni/Year_4/Dissertation/Program-Synthesis-for-Efficient-ML/results/HLS/solution_fp32addition_fp32_alignment/utilization.rpt
# report_timing_summary -file /home/joe/Desktop/Uni/Year_4/Dissertation/Program-Synthesis-for-Efficient-ML/results/HLS/solution_fp32addition_fp32_alignment/timing.rpt
INFO: [Timing 38-91] UpdateTimingParams: Speed grade: -1, Delay Type: min_max.
INFO: [Timing 38-191] Multithreading enabled for timing update using a maximum of 8 CPUs
# set rpx_path "/home/joe/Desktop/Uni/Year_4/Dissertation/Program-Synthesis-for-Efficient-ML/results/HLS/solution_fp32addition_fp32_alignment/timing.rpx"
# if {[catch {report_timing_summary -rpx $rpx_path} err]} {
#       puts "INFO: RPX timing not available: $err"
#     }
INFO: [Timing 38-91] UpdateTimingParams: Speed grade: -1, Delay Type: min_max.
INFO: [Timing 38-191] Multithreading enabled for timing update using a maximum of 8 CPUs
Copyright 1986-2022 Xilinx, Inc. All Rights Reserved. Copyright 2022-2025 Advanced Micro Devices, Inc. All Rights Reserved.
-------------------------------------------------------------------------------------------------------------------------------------------------------------------------------------
| Tool Version : Vivado v.2025.1 (lin64) Build 6140274 Wed May 21 22:58:25 MDT 2025
| Date         : Wed Nov 26 12:34:04 2025
| Host         : joe running 64-bit Ubuntu 24.04.3 LTS
| Command      : report_timing_summary -rpx /home/joe/Desktop/Uni/Year_4/Dissertation/Program-Synthesis-for-Efficient-ML/results/HLS/solution_fp32addition_fp32_alignment/timing.rpx
| Design       : fp32_aligner
| Device       : 7z020-clg400
| Speed File   : -1  PRODUCTION 1.12 2019-11-22
| Design State : Routed
-------------------------------------------------------------------------------------------------------------------------------------------------------------------------------------

Timing Summary Report

------------------------------------------------------------------------------------------------
| Timer Settings
| --------------
------------------------------------------------------------------------------------------------

  Enable Multi Corner Analysis               :  Yes
  Enable Pessimism Removal                   :  Yes
  Pessimism Removal Resolution               :  Nearest Common Node
  Enable Input Delay Default Clock           :  No
  Enable Preset / Clear Arcs                 :  No
  Disable Flight Delays                      :  No
  Ignore I/O Paths                           :  No
  Timing Early Launch at Borrowing Latches   :  No
  Borrow Time for Max Delay Exceptions       :  Yes
  Merge Timing Exceptions                    :  Yes
  Inter-SLR Compensation                     :  Conservative

  Corner  Analyze    Analyze    
  Name    Max Paths  Min Paths  
  ------  ---------  ---------  
  Slow    Yes        Yes        
  Fast    Yes        Yes        


------------------------------------------------------------------------------------------------
| Report Methodology
| ------------------
------------------------------------------------------------------------------------------------

No report available as report_methodology has not been run prior. Run report_methodology on the current design for the summary of methodology violations.



check_timing report

Table of Contents
-----------------
1. checking no_clock (0)
2. checking constant_clock (0)
3. checking pulse_width_clock (0)
4. checking unconstrained_internal_endpoints (0)
5. checking no_input_delay (0)
6. checking no_output_delay (0)
7. checking multiple_clock (0)
8. checking generated_clocks (0)
9. checking loops (0)
10. checking partial_input_delay (0)
11. checking partial_output_delay (0)
12. checking latch_loops (0)

1. checking no_clock (0)
------------------------
 There are 0 register/latch pins with no clock.


2. checking constant_clock (0)
------------------------------
 There are 0 register/latch pins with constant_clock.


3. checking pulse_width_clock (0)
---------------------------------
 There are 0 register/latch pins which need pulse_width check


4. checking unconstrained_internal_endpoints (0)
------------------------------------------------
 There are 0 pins that are not constrained for maximum delay.

 There are 0 pins that are not constrained for maximum delay due to constant clock.


5. checking no_input_delay (0)
------------------------------
 There are 0 input ports with no input delay specified.

 There are 0 input ports with no input delay but user has a false path constraint.


6. checking no_output_delay (0)
-------------------------------
 There are 0 ports with no output delay specified.

 There are 0 ports with no output delay but user has a false path constraint

 There are 0 ports with no output delay but with a timing clock defined on it or propagating through it


7. checking multiple_clock (0)
------------------------------
 There are 0 register/latch pins with multiple clocks.


8. checking generated_clocks (0)
--------------------------------
 There are 0 generated clocks that are not connected to a clock source.


9. checking loops (0)
---------------------
 There are 0 combinational loops in the design.


10. checking partial_input_delay (0)
------------------------------------
 There are 0 input ports with partial input delay specified.


11. checking partial_output_delay (0)
-------------------------------------
 There are 0 ports with partial output delay specified.


12. checking latch_loops (0)
----------------------------
 There are 0 combinational latch loops in the design through latch input



------------------------------------------------------------------------------------------------
| Design Timing Summary
| ---------------------
------------------------------------------------------------------------------------------------

    WNS(ns)      TNS(ns)  TNS Failing Endpoints  TNS Total Endpoints      WHS(ns)      THS(ns)  THS Failing Endpoints  THS Total Endpoints     WPWS(ns)     TPWS(ns)  TPWS Failing Endpoints  TPWS Total Endpoints  
    -------      -------  ---------------------  -------------------      -------      -------  ---------------------  -------------------     --------     --------  ----------------------  --------------------  
         NA           NA                     NA                   NA           NA           NA                     NA                   NA           NA           NA                      NA                    NA  


There are no user specified timing constraints.


------------------------------------------------------------------------------------------------
| Clock Summary
| -------------
------------------------------------------------------------------------------------------------


------------------------------------------------------------------------------------------------
| Intra Clock Table
| -----------------
------------------------------------------------------------------------------------------------

Clock             WNS(ns)      TNS(ns)  TNS Failing Endpoints  TNS Total Endpoints      WHS(ns)      THS(ns)  THS Failing Endpoints  THS Total Endpoints     WPWS(ns)     TPWS(ns)  TPWS Failing Endpoints  TPWS Total Endpoints  
-----             -------      -------  ---------------------  -------------------      -------      -------  ---------------------  -------------------     --------     --------  ----------------------  --------------------  


------------------------------------------------------------------------------------------------
| Inter Clock Table
| -----------------
------------------------------------------------------------------------------------------------

From Clock    To Clock          WNS(ns)      TNS(ns)  TNS Failing Endpoints  TNS Total Endpoints      WHS(ns)      THS(ns)  THS Failing Endpoints  THS Total Endpoints  
----------    --------          -------      -------  ---------------------  -------------------      -------      -------  ---------------------  -------------------  


------------------------------------------------------------------------------------------------
| Other Path Groups Table
| -----------------------
------------------------------------------------------------------------------------------------

Path Group    From Clock    To Clock          WNS(ns)      TNS(ns)  TNS Failing Endpoints  TNS Total Endpoints      WHS(ns)      THS(ns)  THS Failing Endpoints  THS Total Endpoints  
----------    ----------    --------          -------      -------  ---------------------  -------------------      -------      -------  ---------------------  -------------------  


------------------------------------------------------------------------------------------------
| Timing Details
| --------------
------------------------------------------------------------------------------------------------


INFO: [Common 17-206] Exiting Vivado at Wed Nov 26 12:34:04 2025...
